[2026-10-05 10:46:21.212] [lavik] [info] I/O backends: network=kernel storage=uring rings=one-per-worker
[2026-10-05 10:46:21.212] [lavik] [info] mimalloc recovery_purge_delay=1000 online_purge_delay=60000 arena_eager_commit=1 allow_thp=0
[2026-10-05 10:46:21.212] [lavik] [info] lavik version=0.1.0-dev listening on 127.0.0.1:47247 tls_port=0 metrics_port=0 shards=3 maxclients=10000 maxclients_fd_reserve=256 pin_workers=false idle_timeout_ms=-1 busy_poll_us=20 foreground_budget_us=1000 background_budget_us=10 background_warrant_percent=1 spdk_max_completions_per_poll=8 spdk_foreground_pre_poll_us=5 registered_buffer_bytes=67108864 per worker storage_write_buffers=4 storage_read_buffer_bytes=1048576 replication_publish_queue_bytes=16777216 per worker max_memory=0 maxmemory_clients=5% client_query_buffer_limit=1073741824 flush_max_ms=100 flush_size_bytes=131072 defrag_max_active_per_device=8 defrag_sleep_ms=0 defrag_record_sleep_us=0 defrag_paused=false shutdown_checkpoint=false replication_backlog_backpressure=true
[2026-10-05 10:46:21.212] [lavik] [info] memory limit=108048341402 (100.63G) initial_used=0 initial_rss=7876608
[2026-10-05 10:46:21.213] [lavik] [info] storage device id=0 path=/mnt/dev/lavik-complex-iterations-20261004/pr267-overwrite-diagnostics/main-round1/working.data capacity-bytes=805306368 data-blocks=95 foreground-blocks=87 defrag-reserve-blocks=8 data-bytes=796917760
[2026-10-05 10:46:21.213] [lavik] [info] storage capacity: data-blocks=95 foreground-blocks=87 defrag-reserve-blocks=8
[2026-10-05 10:46:21.213] [lavik] [info] storage direct-I/O alignment=4096 bytes
[2026-10-05 10:46:21.213] [lavik] [info] storage flush submission size=131072 bytes
[2026-10-05 10:46:21.489] [lavik] [info] storage device id=0 foreground-weight=87 home-workers=3
[2026-10-05 10:46:21.499] [lavik] [info] runtime workers=4 data_shards=3 control_worker=3 cpus=
[2026-10-05 10:46:21.501] [lavik] [info] runtime cycle-counter=rdtsc frequency-source=absl::NominalCPUFrequency frequency=2596159889 Hz (2596.160 MHz) ticks-per-us=2596.160
[2026-10-05 10:46:21.501] [lavik] [info] provided-buffer ring disabled; using per-connection receive buffers
[2026-10-05 10:46:21.501] [lavik] [info] provided-buffer ring disabled; using per-connection receive buffers
[2026-10-05 10:46:21.501] [lavik] [info] provided-buffer ring disabled; using per-connection receive buffers
[2026-10-05 10:46:21.501] [lavik] [info] provided-buffer ring disabled; using per-connection receive buffers
[2026-10-05 10:46:24.397] [lavik] [info] storage recovery: blocks=91/91 (100.0%) swept=95/95 records=3528 rate=29 blocks/s 0.00M records/s eta=0.0s
[2026-10-05 10:46:41.273] [lavik] [info] mimalloc recovery collection complete; online purge_delay=60000
[2026-10-05 10:46:41.273] [lavik] [info] worker[0] direct-IO storage initialized
[2026-10-05 10:46:41.273] [lavik] [info] worker[2] direct-IO storage initialized
[2026-10-05 10:46:41.273] [lavik] [info] worker[1] direct-IO storage initialized
[2026-10-05 10:46:41.346] [lavik] [info] shutdown requested by signal 2
[2026-10-05 10:46:41.374] [lavik] [info] replication targets quiesced before storage flush
[2026-10-05 10:46:41.374] [lavik] [info] all active requests drained; flushing storage buffers
[2026-10-05 10:46:41.473] [lavik] [info] all storage buffers durably flushed
