2026-10-06 10:13:18 lavik-seed-candidatecaba8203-matched-seed-v2-overlay-dispersed64-hash-104857600-1024-k500-r2-20261006 hash-104857600-1024 fill
2026-10-06 10:13:21 RESTORE fill 10 / 500
2026-10-06 10:13:23 RESTORE fill 20 / 500
2026-10-06 10:13:24 RESTORE fill 30 / 500
2026-10-06 10:13:27 RESTORE fill 40 / 500
2026-10-06 10:13:29 RESTORE fill 50 / 500
2026-10-06 10:13:31 RESTORE fill 60 / 500
2026-10-06 10:13:33 RESTORE fill 70 / 500
2026-10-06 10:13:35 RESTORE fill 80 / 500
2026-10-06 10:13:38 RESTORE fill 90 / 500
2026-10-06 10:13:41 RESTORE fill 100 / 500
2026-10-06 10:13:43 RESTORE fill 110 / 500
2026-10-06 10:13:45 RESTORE fill 120 / 500
2026-10-06 10:13:47 RESTORE fill 130 / 500
2026-10-06 10:13:50 RESTORE fill 140 / 500
2026-10-06 10:13:52 RESTORE fill 150 / 500
2026-10-06 10:13:55 RESTORE fill 160 / 500
2026-10-06 10:13:58 RESTORE fill 170 / 500
2026-10-06 10:14:00 RESTORE fill 180 / 500
2026-10-06 10:14:02 RESTORE fill 190 / 500
2026-10-06 10:14:06 RESTORE fill 200 / 500
2026-10-06 10:14:08 RESTORE fill 210 / 500
2026-10-06 10:14:09 RESTORE fill 220 / 500
2026-10-06 10:14:12 RESTORE fill 230 / 500
2026-10-06 10:14:14 RESTORE fill 240 / 500
2026-10-06 10:14:17 RESTORE fill 250 / 500
2026-10-06 10:14:18 RESTORE fill 260 / 500
2026-10-06 10:14:20 RESTORE fill 270 / 500
2026-10-06 10:14:23 RESTORE fill 280 / 500
2026-10-06 10:14:25 RESTORE fill 290 / 500
2026-10-06 10:14:28 RESTORE fill 300 / 500
2026-10-06 10:14:30 RESTORE fill 310 / 500
2026-10-06 10:14:32 RESTORE fill 320 / 500
2026-10-06 10:14:35 RESTORE fill 330 / 500
2026-10-06 10:14:39 RESTORE fill 340 / 500
2026-10-06 10:14:41 RESTORE fill 350 / 500
2026-10-06 10:14:43 RESTORE fill 360 / 500
2026-10-06 10:14:45 RESTORE fill 370 / 500
2026-10-06 10:14:48 RESTORE fill 380 / 500
2026-10-06 10:14:49 RESTORE fill 390 / 500
2026-10-06 10:14:51 RESTORE fill 400 / 500
2026-10-06 10:14:54 RESTORE fill 410 / 500
2026-10-06 10:14:55 RESTORE fill 420 / 500
2026-10-06 10:14:57 RESTORE fill 430 / 500
2026-10-06 10:14:59 RESTORE fill 440 / 500
2026-10-06 10:15:01 RESTORE fill 450 / 500
2026-10-06 10:15:03 RESTORE fill 460 / 500
2026-10-06 10:15:05 RESTORE fill 470 / 500
2026-10-06 10:15:07 RESTORE fill 480 / 500
2026-10-06 10:15:10 RESTORE fill 490 / 500
2026-10-06 10:15:13 RESTORE fill 500 / 500
2026-10-06 10:15:13 RESTORE settle 2211721600 backlog bytes 0 queued commits
2026-10-06 10:15:20 lavik-seed-candidatecaba8203-matched-seed-v2-overlay-dispersed64-hash-104857600-1024-k500-r2-20261006 hash-104857600-1024-hgetall-c1 1 QPS p99=1286.14 ms
2026-10-06 10:15:40 lavik-candidatecaba8203-matched-seed-v2-overlay-dispersed64-hash-104857600-1024-k500-r2-20261006 hash-104857600-1024 fill
2026-10-06 10:16:12 lavik-candidatecaba8203-matched-seed-v2-overlay-dispersed64-hash-104857600-1024-k500-r2-20261006 hash-104857600-1024-hget-c320 542242 QPS p99=1.93 ms
2026-10-06 10:16:44 lavik-candidatecaba8203-matched-seed-v2-overlay-dispersed64-hash-104857600-1024-k500-r2-20261006 hash-104857600-1024-hset-c320 115214 QPS p99=25.73 ms
2026-10-06 10:17:16 lavik-candidatecaba8203-matched-seed-v2-overlay-dispersed64-hash-104857600-1024-k500-r2-20261006 hash-104857600-1024-hget_after_write-c320 518434 QPS p99=2.86 ms
