2026-10-06 10:54:11 lavik-seed-candidatecaba8203-matched-seed-v2-overlay-standard-hash-104857600-1024-k500-r3-20261006 hash-104857600-1024 fill
2026-10-06 10:54:13 RESTORE fill 10 / 500
2026-10-06 10:54:14 RESTORE fill 20 / 500
2026-10-06 10:54:17 RESTORE fill 30 / 500
2026-10-06 10:54:18 RESTORE fill 40 / 500
2026-10-06 10:54:21 RESTORE fill 50 / 500
2026-10-06 10:54:23 RESTORE fill 60 / 500
2026-10-06 10:54:26 RESTORE fill 70 / 500
2026-10-06 10:54:27 RESTORE fill 80 / 500
2026-10-06 10:54:30 RESTORE fill 90 / 500
2026-10-06 10:54:31 RESTORE fill 100 / 500
2026-10-06 10:54:33 RESTORE fill 110 / 500
2026-10-06 10:54:36 RESTORE fill 120 / 500
2026-10-06 10:54:38 RESTORE fill 130 / 500
2026-10-06 10:54:42 RESTORE fill 140 / 500
2026-10-06 10:54:44 RESTORE fill 150 / 500
2026-10-06 10:54:46 RESTORE fill 160 / 500
2026-10-06 10:54:48 RESTORE fill 170 / 500
2026-10-06 10:54:50 RESTORE fill 180 / 500
2026-10-06 10:54:53 RESTORE fill 190 / 500
2026-10-06 10:54:54 RESTORE fill 200 / 500
2026-10-06 10:54:57 RESTORE fill 210 / 500
2026-10-06 10:54:59 RESTORE fill 220 / 500
2026-10-06 10:55:02 RESTORE fill 230 / 500
2026-10-06 10:55:04 RESTORE fill 240 / 500
2026-10-06 10:55:06 RESTORE fill 250 / 500
2026-10-06 10:55:09 RESTORE fill 260 / 500
2026-10-06 10:55:11 RESTORE fill 270 / 500
2026-10-06 10:55:13 RESTORE fill 280 / 500
2026-10-06 10:55:16 RESTORE fill 290 / 500
2026-10-06 10:55:18 RESTORE fill 300 / 500
2026-10-06 10:55:21 RESTORE fill 310 / 500
2026-10-06 10:55:25 RESTORE fill 320 / 500
2026-10-06 10:55:27 RESTORE fill 330 / 500
2026-10-06 10:55:28 RESTORE fill 340 / 500
2026-10-06 10:55:31 RESTORE fill 350 / 500
2026-10-06 10:55:32 RESTORE fill 360 / 500
2026-10-06 10:55:35 RESTORE fill 370 / 500
2026-10-06 10:55:37 RESTORE fill 380 / 500
2026-10-06 10:55:39 RESTORE fill 390 / 500
2026-10-06 10:55:41 RESTORE fill 400 / 500
2026-10-06 10:55:43 RESTORE fill 410 / 500
2026-10-06 10:55:45 RESTORE fill 420 / 500
2026-10-06 10:55:48 RESTORE fill 430 / 500
2026-10-06 10:55:49 RESTORE fill 440 / 500
2026-10-06 10:55:51 RESTORE fill 450 / 500
2026-10-06 10:55:53 RESTORE fill 460 / 500
2026-10-06 10:55:55 RESTORE fill 470 / 500
2026-10-06 10:55:57 RESTORE fill 480 / 500
2026-10-06 10:55:59 RESTORE fill 490 / 500
2026-10-06 10:56:04 RESTORE fill 500 / 500
2026-10-06 10:56:04 RESTORE settle 217823992 backlog bytes 0 queued commits
2026-10-06 10:56:11 lavik-seed-candidatecaba8203-matched-seed-v2-overlay-standard-hash-104857600-1024-k500-r3-20261006 hash-104857600-1024-hgetall-c1 1 QPS p99=1318.91 ms
2026-10-06 10:56:31 lavik-candidatecaba8203-matched-seed-v2-overlay-standard-hash-104857600-1024-k500-r3-20261006 hash-104857600-1024 fill
2026-10-06 10:57:03 lavik-candidatecaba8203-matched-seed-v2-overlay-standard-hash-104857600-1024-k500-r3-20261006 hash-104857600-1024-hget-c320 588552 QPS p99=1.33 ms
2026-10-06 10:57:35 lavik-candidatecaba8203-matched-seed-v2-overlay-standard-hash-104857600-1024-k500-r3-20261006 hash-104857600-1024-hset-c320 197148 QPS p99=26.62 ms
2026-10-06 10:58:06 lavik-candidatecaba8203-matched-seed-v2-overlay-standard-hash-104857600-1024-k500-r3-20261006 hash-104857600-1024-hget_after_write-c320 676998 QPS p99=0.96 ms
