2026-10-06 11:11:51 lavik-seed-candidatecaba8203-matched-seed-v2-overlay-dispersed64-hash-104857600-1024-k500-r3-20261006 hash-104857600-1024 fill
2026-10-06 11:11:53 RESTORE fill 10 / 500
2026-10-06 11:11:56 RESTORE fill 20 / 500
2026-10-06 11:11:58 RESTORE fill 30 / 500
2026-10-06 11:12:00 RESTORE fill 40 / 500
2026-10-06 11:12:02 RESTORE fill 50 / 500
2026-10-06 11:12:04 RESTORE fill 60 / 500
2026-10-06 11:12:06 RESTORE fill 70 / 500
2026-10-06 11:12:08 RESTORE fill 80 / 500
2026-10-06 11:12:11 RESTORE fill 90 / 500
2026-10-06 11:12:13 RESTORE fill 100 / 500
2026-10-06 11:12:15 RESTORE fill 110 / 500
2026-10-06 11:12:17 RESTORE fill 120 / 500
2026-10-06 11:12:19 RESTORE fill 130 / 500
2026-10-06 11:12:21 RESTORE fill 140 / 500
2026-10-06 11:12:24 RESTORE fill 150 / 500
2026-10-06 11:12:25 RESTORE fill 160 / 500
2026-10-06 11:12:30 RESTORE fill 170 / 500
2026-10-06 11:12:32 RESTORE fill 180 / 500
2026-10-06 11:12:35 RESTORE fill 190 / 500
2026-10-06 11:12:37 RESTORE fill 200 / 500
2026-10-06 11:12:39 RESTORE fill 210 / 500
2026-10-06 11:12:42 RESTORE fill 220 / 500
2026-10-06 11:12:45 RESTORE fill 230 / 500
2026-10-06 11:12:48 RESTORE fill 240 / 500
2026-10-06 11:12:50 RESTORE fill 250 / 500
2026-10-06 11:12:53 RESTORE fill 260 / 500
2026-10-06 11:12:54 RESTORE fill 270 / 500
2026-10-06 11:12:58 RESTORE fill 280 / 500
2026-10-06 11:13:00 RESTORE fill 290 / 500
2026-10-06 11:13:02 RESTORE fill 300 / 500
2026-10-06 11:13:05 RESTORE fill 310 / 500
2026-10-06 11:13:08 RESTORE fill 320 / 500
2026-10-06 11:13:10 RESTORE fill 330 / 500
2026-10-06 11:13:12 RESTORE fill 340 / 500
2026-10-06 11:13:14 RESTORE fill 350 / 500
2026-10-06 11:13:16 RESTORE fill 360 / 500
2026-10-06 11:13:19 RESTORE fill 370 / 500
2026-10-06 11:13:22 RESTORE fill 380 / 500
2026-10-06 11:13:23 RESTORE fill 390 / 500
2026-10-06 11:13:26 RESTORE fill 400 / 500
2026-10-06 11:13:29 RESTORE fill 410 / 500
2026-10-06 11:13:30 RESTORE fill 420 / 500
2026-10-06 11:13:33 RESTORE fill 430 / 500
2026-10-06 11:13:35 RESTORE fill 440 / 500
2026-10-06 11:13:37 RESTORE fill 450 / 500
2026-10-06 11:13:40 RESTORE fill 460 / 500
2026-10-06 11:13:43 RESTORE fill 470 / 500
2026-10-06 11:13:45 RESTORE fill 480 / 500
2026-10-06 11:13:48 RESTORE fill 490 / 500
2026-10-06 11:13:52 RESTORE fill 500 / 500
2026-10-06 11:13:52 RESTORE settle 217817584 backlog bytes 0 queued commits
2026-10-06 11:13:59 lavik-seed-candidatecaba8203-matched-seed-v2-overlay-dispersed64-hash-104857600-1024-k500-r3-20261006 hash-104857600-1024-hgetall-c1 1 QPS p99=1294.34 ms
2026-10-06 11:14:20 lavik-candidatecaba8203-matched-seed-v2-overlay-dispersed64-hash-104857600-1024-k500-r3-20261006 hash-104857600-1024 fill
2026-10-06 11:14:53 lavik-candidatecaba8203-matched-seed-v2-overlay-dispersed64-hash-104857600-1024-k500-r3-20261006 hash-104857600-1024-hget-c320 541683 QPS p99=2.13 ms
2026-10-06 11:15:25 lavik-candidatecaba8203-matched-seed-v2-overlay-dispersed64-hash-104857600-1024-k500-r3-20261006 hash-104857600-1024-hset-c320 117492 QPS p99=25.86 ms
2026-10-06 11:15:57 lavik-candidatecaba8203-matched-seed-v2-overlay-dispersed64-hash-104857600-1024-k500-r3-20261006 hash-104857600-1024-hget_after_write-c320 518068 QPS p99=2.98 ms
