2026-10-06 06:56:04 lavik-seed-candidate258c216c-route-overlay-standard-hash-104857600-1024-k500-r1-20261006 hash-104857600-1024 fill
2026-10-06 06:56:07 RESTORE fill 10 / 500
2026-10-06 06:56:09 RESTORE fill 20 / 500
2026-10-06 06:56:11 RESTORE fill 30 / 500
2026-10-06 06:56:14 RESTORE fill 40 / 500
2026-10-06 06:56:15 RESTORE fill 50 / 500
2026-10-06 06:56:17 RESTORE fill 60 / 500
2026-10-06 06:56:19 RESTORE fill 70 / 500
2026-10-06 06:56:21 RESTORE fill 80 / 500
2026-10-06 06:56:24 RESTORE fill 90 / 500
2026-10-06 06:56:26 RESTORE fill 100 / 500
2026-10-06 06:56:28 RESTORE fill 110 / 500
2026-10-06 06:56:29 RESTORE fill 120 / 500
2026-10-06 06:56:32 RESTORE fill 130 / 500
2026-10-06 06:56:33 RESTORE fill 140 / 500
2026-10-06 06:56:37 RESTORE fill 150 / 500
2026-10-06 06:56:40 RESTORE fill 160 / 500
2026-10-06 06:56:41 RESTORE fill 170 / 500
2026-10-06 06:56:43 RESTORE fill 180 / 500
2026-10-06 06:56:46 RESTORE fill 190 / 500
2026-10-06 06:56:48 RESTORE fill 200 / 500
2026-10-06 06:56:51 RESTORE fill 210 / 500
2026-10-06 06:56:53 RESTORE fill 220 / 500
2026-10-06 06:56:55 RESTORE fill 230 / 500
2026-10-06 06:56:59 RESTORE fill 240 / 500
2026-10-06 06:57:01 RESTORE fill 250 / 500
2026-10-06 06:57:04 RESTORE fill 260 / 500
2026-10-06 06:57:05 RESTORE fill 270 / 500
2026-10-06 06:57:06 RESTORE fill 280 / 500
2026-10-06 06:57:08 RESTORE fill 290 / 500
2026-10-06 06:57:12 RESTORE fill 300 / 500
2026-10-06 06:57:13 RESTORE fill 310 / 500
2026-10-06 06:57:15 RESTORE fill 320 / 500
2026-10-06 06:57:17 RESTORE fill 330 / 500
2026-10-06 06:57:19 RESTORE fill 340 / 500
2026-10-06 06:57:21 RESTORE fill 350 / 500
2026-10-06 06:57:24 RESTORE fill 360 / 500
2026-10-06 06:57:27 RESTORE fill 370 / 500
2026-10-06 06:57:28 RESTORE fill 380 / 500
2026-10-06 06:57:30 RESTORE fill 390 / 500
2026-10-06 06:57:32 RESTORE fill 400 / 500
2026-10-06 06:57:34 RESTORE fill 410 / 500
2026-10-06 06:57:36 RESTORE fill 420 / 500
2026-10-06 06:57:39 RESTORE fill 430 / 500
2026-10-06 06:57:41 RESTORE fill 440 / 500
2026-10-06 06:57:43 RESTORE fill 450 / 500
2026-10-06 06:57:46 RESTORE fill 460 / 500
2026-10-06 06:57:48 RESTORE fill 470 / 500
2026-10-06 06:57:50 RESTORE fill 480 / 500
2026-10-06 06:57:53 RESTORE fill 490 / 500
2026-10-06 06:57:58 RESTORE fill 500 / 500
2026-10-06 06:57:58 RESTORE settle 226187224 backlog bytes 0 queued commits
2026-10-06 06:58:05 lavik-seed-candidate258c216c-route-overlay-standard-hash-104857600-1024-k500-r1-20261006 hash-104857600-1024-hgetall-c1 1 QPS p99=1384.45 ms
2026-10-06 06:58:25 lavik-candidate258c216c-route-overlay-standard-hash-104857600-1024-k500-r1-20261006 hash-104857600-1024 fill
2026-10-06 06:58:57 lavik-candidate258c216c-route-overlay-standard-hash-104857600-1024-k500-r1-20261006 hash-104857600-1024-hget-c320 563589 QPS p99=1.85 ms
2026-10-06 06:59:29 lavik-candidate258c216c-route-overlay-standard-hash-104857600-1024-k500-r1-20261006 hash-104857600-1024-hset-c320 209202 QPS p99=25.60 ms
2026-10-06 07:00:01 lavik-candidate258c216c-route-overlay-standard-hash-104857600-1024-k500-r1-20261006 hash-104857600-1024-hget_after_write-c320 684792 QPS p99=0.92 ms
