2026-10-06 09:06:15 lavik-seed-candidatecaba8203-matched-seed-v2-overlay-standard-hash-104857600-1024-k500-r1-20261006 hash-104857600-1024 fill
2026-10-06 09:06:17 RESTORE fill 10 / 500
2026-10-06 09:06:19 RESTORE fill 20 / 500
2026-10-06 09:06:20 RESTORE fill 30 / 500
2026-10-06 09:06:23 RESTORE fill 40 / 500
2026-10-06 09:06:25 RESTORE fill 50 / 500
2026-10-06 09:06:27 RESTORE fill 60 / 500
2026-10-06 09:06:29 RESTORE fill 70 / 500
2026-10-06 09:06:31 RESTORE fill 80 / 500
2026-10-06 09:06:33 RESTORE fill 90 / 500
2026-10-06 09:06:35 RESTORE fill 100 / 500
2026-10-06 09:06:37 RESTORE fill 110 / 500
2026-10-06 09:06:39 RESTORE fill 120 / 500
2026-10-06 09:06:42 RESTORE fill 130 / 500
2026-10-06 09:06:45 RESTORE fill 140 / 500
2026-10-06 09:06:47 RESTORE fill 150 / 500
2026-10-06 09:06:49 RESTORE fill 160 / 500
2026-10-06 09:06:51 RESTORE fill 170 / 500
2026-10-06 09:06:54 RESTORE fill 180 / 500
2026-10-06 09:06:57 RESTORE fill 190 / 500
2026-10-06 09:07:00 RESTORE fill 200 / 500
2026-10-06 09:07:03 RESTORE fill 210 / 500
2026-10-06 09:07:05 RESTORE fill 220 / 500
2026-10-06 09:07:08 RESTORE fill 230 / 500
2026-10-06 09:07:11 RESTORE fill 240 / 500
2026-10-06 09:07:12 RESTORE fill 250 / 500
2026-10-06 09:07:14 RESTORE fill 260 / 500
2026-10-06 09:07:16 RESTORE fill 270 / 500
2026-10-06 09:07:19 RESTORE fill 280 / 500
2026-10-06 09:07:21 RESTORE fill 290 / 500
2026-10-06 09:07:22 RESTORE fill 300 / 500
2026-10-06 09:07:25 RESTORE fill 310 / 500
2026-10-06 09:07:28 RESTORE fill 320 / 500
2026-10-06 09:07:29 RESTORE fill 330 / 500
2026-10-06 09:07:31 RESTORE fill 340 / 500
2026-10-06 09:07:33 RESTORE fill 350 / 500
2026-10-06 09:07:34 RESTORE fill 360 / 500
2026-10-06 09:07:37 RESTORE fill 370 / 500
2026-10-06 09:07:39 RESTORE fill 380 / 500
2026-10-06 09:07:41 RESTORE fill 390 / 500
2026-10-06 09:07:43 RESTORE fill 400 / 500
2026-10-06 09:07:45 RESTORE fill 410 / 500
2026-10-06 09:07:48 RESTORE fill 420 / 500
2026-10-06 09:07:50 RESTORE fill 430 / 500
2026-10-06 09:07:52 RESTORE fill 440 / 500
2026-10-06 09:07:55 RESTORE fill 450 / 500
2026-10-06 09:07:57 RESTORE fill 460 / 500
2026-10-06 09:08:00 RESTORE fill 470 / 500
2026-10-06 09:08:02 RESTORE fill 480 / 500
2026-10-06 09:08:05 RESTORE fill 490 / 500
2026-10-06 09:08:11 RESTORE fill 500 / 500
2026-10-06 09:08:11 RESTORE settle 217811192 backlog bytes 0 queued commits
2026-10-06 09:08:17 lavik-seed-candidatecaba8203-matched-seed-v2-overlay-standard-hash-104857600-1024-k500-r1-20261006 hash-104857600-1024-hgetall-c1 1 QPS p99=1335.30 ms
2026-10-06 09:08:39 lavik-candidatecaba8203-matched-seed-v2-overlay-standard-hash-104857600-1024-k500-r1-20261006 hash-104857600-1024 fill
2026-10-06 09:09:11 lavik-candidatecaba8203-matched-seed-v2-overlay-standard-hash-104857600-1024-k500-r1-20261006 hash-104857600-1024-hget-c320 602654 QPS p99=1.15 ms
2026-10-06 09:09:43 lavik-candidatecaba8203-matched-seed-v2-overlay-standard-hash-104857600-1024-k500-r1-20261006 hash-104857600-1024-hset-c320 200401 QPS p99=25.60 ms
2026-10-06 09:10:15 lavik-candidatecaba8203-matched-seed-v2-overlay-standard-hash-104857600-1024-k500-r1-20261006 hash-104857600-1024-hget_after_write-c320 684609 QPS p99=0.92 ms
