2026-10-06 07:23:03 lavik-seed-candidate258c216c-route-overlay-dispersed64-set-104857600-1024-k500-r1-20261006 set-104857600-1024 fill
2026-10-06 07:23:06 RESTORE fill 10 / 500
2026-10-06 07:23:08 RESTORE fill 20 / 500
2026-10-06 07:23:10 RESTORE fill 30 / 500
2026-10-06 07:23:12 RESTORE fill 40 / 500
2026-10-06 07:23:15 RESTORE fill 50 / 500
2026-10-06 07:23:17 RESTORE fill 60 / 500
2026-10-06 07:23:19 RESTORE fill 70 / 500
2026-10-06 07:23:23 RESTORE fill 80 / 500
2026-10-06 07:23:25 RESTORE fill 90 / 500
2026-10-06 07:23:27 RESTORE fill 100 / 500
2026-10-06 07:23:30 RESTORE fill 110 / 500
2026-10-06 07:23:33 RESTORE fill 120 / 500
2026-10-06 07:23:39 RESTORE fill 130 / 500
2026-10-06 07:23:41 RESTORE fill 140 / 500
2026-10-06 07:23:44 RESTORE fill 150 / 500
2026-10-06 07:23:47 RESTORE fill 160 / 500
2026-10-06 07:23:49 RESTORE fill 170 / 500
2026-10-06 07:23:52 RESTORE fill 180 / 500
2026-10-06 07:23:55 RESTORE fill 190 / 500
2026-10-06 07:23:59 RESTORE fill 200 / 500
2026-10-06 07:24:03 RESTORE fill 210 / 500
2026-10-06 07:24:05 RESTORE fill 220 / 500
2026-10-06 07:24:08 RESTORE fill 230 / 500
2026-10-06 07:24:09 RESTORE fill 240 / 500
2026-10-06 07:24:11 RESTORE fill 250 / 500
2026-10-06 07:24:14 RESTORE fill 260 / 500
2026-10-06 07:24:17 RESTORE fill 270 / 500
2026-10-06 07:24:19 RESTORE fill 280 / 500
2026-10-06 07:24:21 RESTORE fill 290 / 500
2026-10-06 07:24:24 RESTORE fill 300 / 500
2026-10-06 07:24:26 RESTORE fill 310 / 500
2026-10-06 07:24:28 RESTORE fill 320 / 500
2026-10-06 07:24:30 RESTORE fill 330 / 500
2026-10-06 07:24:34 RESTORE fill 340 / 500
2026-10-06 07:24:36 RESTORE fill 350 / 500
2026-10-06 07:24:38 RESTORE fill 360 / 500
2026-10-06 07:24:43 RESTORE fill 370 / 500
2026-10-06 07:24:45 RESTORE fill 380 / 500
2026-10-06 07:24:47 RESTORE fill 390 / 500
2026-10-06 07:24:50 RESTORE fill 400 / 500
2026-10-06 07:24:52 RESTORE fill 410 / 500
2026-10-06 07:24:55 RESTORE fill 420 / 500
2026-10-06 07:24:57 RESTORE fill 430 / 500
2026-10-06 07:24:59 RESTORE fill 440 / 500
2026-10-06 07:25:01 RESTORE fill 450 / 500
2026-10-06 07:25:05 RESTORE fill 460 / 500
2026-10-06 07:25:06 RESTORE fill 470 / 500
2026-10-06 07:25:10 RESTORE fill 480 / 500
2026-10-06 07:25:14 RESTORE fill 490 / 500
2026-10-06 07:25:20 RESTORE fill 500 / 500
2026-10-06 07:25:20 RESTORE settle 217807792 backlog bytes 0 queued commits
2026-10-06 07:25:27 lavik-seed-candidate258c216c-route-overlay-dispersed64-set-104857600-1024-k500-r1-20261006 set-104857600-1024-smembers-c1 1 QPS p99=1327.10 ms
2026-10-06 07:25:47 lavik-candidate258c216c-route-overlay-dispersed64-set-104857600-1024-k500-r1-20261006 set-104857600-1024 fill
2026-10-06 07:26:19 lavik-candidate258c216c-route-overlay-dispersed64-set-104857600-1024-k500-r1-20261006 set-104857600-1024-sismember-c320 518915 QPS p99=2.03 ms
2026-10-06 07:26:51 lavik-candidate258c216c-route-overlay-dispersed64-set-104857600-1024-k500-r1-20261006 set-104857600-1024-sadd_srem-c320 164282 QPS p99=18.18 ms
2026-10-06 07:27:23 lavik-candidate258c216c-route-overlay-dispersed64-set-104857600-1024-k500-r1-20261006 set-104857600-1024-sismember_after_write-c320 488853 QPS p99=2.69 ms
