2026-10-06 09:15:05 lavik-seed-candidatecaba8203-matched-seed-v2-overlay-standard-set-104857600-1024-k500-r1-20261006 set-104857600-1024 fill
2026-10-06 09:15:08 RESTORE fill 10 / 500
2026-10-06 09:15:10 RESTORE fill 20 / 500
2026-10-06 09:15:11 RESTORE fill 30 / 500
2026-10-06 09:15:13 RESTORE fill 40 / 500
2026-10-06 09:15:15 RESTORE fill 50 / 500
2026-10-06 09:15:18 RESTORE fill 60 / 500
2026-10-06 09:15:20 RESTORE fill 70 / 500
2026-10-06 09:15:22 RESTORE fill 80 / 500
2026-10-06 09:15:25 RESTORE fill 90 / 500
2026-10-06 09:15:27 RESTORE fill 100 / 500
2026-10-06 09:15:30 RESTORE fill 110 / 500
2026-10-06 09:15:32 RESTORE fill 120 / 500
2026-10-06 09:15:35 RESTORE fill 130 / 500
2026-10-06 09:15:39 RESTORE fill 140 / 500
2026-10-06 09:15:42 RESTORE fill 150 / 500
2026-10-06 09:15:45 RESTORE fill 160 / 500
2026-10-06 09:15:47 RESTORE fill 170 / 500
2026-10-06 09:15:51 RESTORE fill 180 / 500
2026-10-06 09:15:53 RESTORE fill 190 / 500
2026-10-06 09:15:56 RESTORE fill 200 / 500
2026-10-06 09:15:58 RESTORE fill 210 / 500
2026-10-06 09:16:01 RESTORE fill 220 / 500
2026-10-06 09:16:03 RESTORE fill 230 / 500
2026-10-06 09:16:05 RESTORE fill 240 / 500
2026-10-06 09:16:09 RESTORE fill 250 / 500
2026-10-06 09:16:11 RESTORE fill 260 / 500
2026-10-06 09:16:15 RESTORE fill 270 / 500
2026-10-06 09:16:18 RESTORE fill 280 / 500
2026-10-06 09:16:20 RESTORE fill 290 / 500
2026-10-06 09:16:22 RESTORE fill 300 / 500
2026-10-06 09:16:24 RESTORE fill 310 / 500
2026-10-06 09:16:27 RESTORE fill 320 / 500
2026-10-06 09:16:29 RESTORE fill 330 / 500
2026-10-06 09:16:33 RESTORE fill 340 / 500
2026-10-06 09:16:36 RESTORE fill 350 / 500
2026-10-06 09:16:39 RESTORE fill 360 / 500
2026-10-06 09:16:41 RESTORE fill 370 / 500
2026-10-06 09:16:43 RESTORE fill 380 / 500
2026-10-06 09:16:46 RESTORE fill 390 / 500
2026-10-06 09:16:48 RESTORE fill 400 / 500
2026-10-06 09:16:50 RESTORE fill 410 / 500
2026-10-06 09:16:53 RESTORE fill 420 / 500
2026-10-06 09:16:55 RESTORE fill 430 / 500
2026-10-06 09:16:59 RESTORE fill 440 / 500
2026-10-06 09:17:02 RESTORE fill 450 / 500
2026-10-06 09:17:05 RESTORE fill 460 / 500
2026-10-06 09:17:08 RESTORE fill 470 / 500
2026-10-06 09:17:11 RESTORE fill 480 / 500
2026-10-06 09:17:14 RESTORE fill 490 / 500
2026-10-06 09:17:21 RESTORE fill 500 / 500
2026-10-06 09:17:21 RESTORE settle 335085576 backlog bytes 0 queued commits
2026-10-06 09:17:28 lavik-seed-candidatecaba8203-matched-seed-v2-overlay-standard-set-104857600-1024-k500-r1-20261006 set-104857600-1024-smembers-c1 1 QPS p99=1392.64 ms
2026-10-06 09:17:50 lavik-candidatecaba8203-matched-seed-v2-overlay-standard-set-104857600-1024-k500-r1-20261006 set-104857600-1024 fill
2026-10-06 09:18:22 lavik-candidatecaba8203-matched-seed-v2-overlay-standard-set-104857600-1024-k500-r1-20261006 set-104857600-1024-sismember-c320 568984 QPS p99=1.51 ms
2026-10-06 09:18:54 lavik-candidatecaba8203-matched-seed-v2-overlay-standard-set-104857600-1024-k500-r1-20261006 set-104857600-1024-sadd_srem-c320 345025 QPS p99=7.20 ms
2026-10-06 09:19:25 lavik-candidatecaba8203-matched-seed-v2-overlay-standard-set-104857600-1024-k500-r1-20261006 set-104857600-1024-sismember_after_write-c320 556527 QPS p99=1.74 ms
