2026-10-06 11:02:55 lavik-seed-candidatecaba8203-matched-seed-v2-overlay-standard-set-104857600-1024-k500-r3-20261006 set-104857600-1024 fill
2026-10-06 11:02:57 RESTORE fill 10 / 500
2026-10-06 11:03:01 RESTORE fill 20 / 500
2026-10-06 11:03:03 RESTORE fill 30 / 500
2026-10-06 11:03:06 RESTORE fill 40 / 500
2026-10-06 11:03:09 RESTORE fill 50 / 500
2026-10-06 11:03:11 RESTORE fill 60 / 500
2026-10-06 11:03:14 RESTORE fill 70 / 500
2026-10-06 11:03:16 RESTORE fill 80 / 500
2026-10-06 11:03:20 RESTORE fill 90 / 500
2026-10-06 11:03:22 RESTORE fill 100 / 500
2026-10-06 11:03:26 RESTORE fill 110 / 500
2026-10-06 11:03:28 RESTORE fill 120 / 500
2026-10-06 11:03:31 RESTORE fill 130 / 500
2026-10-06 11:03:33 RESTORE fill 140 / 500
2026-10-06 11:03:37 RESTORE fill 150 / 500
2026-10-06 11:03:39 RESTORE fill 160 / 500
2026-10-06 11:03:41 RESTORE fill 170 / 500
2026-10-06 11:03:43 RESTORE fill 180 / 500
2026-10-06 11:03:46 RESTORE fill 190 / 500
2026-10-06 11:03:49 RESTORE fill 200 / 500
2026-10-06 11:03:51 RESTORE fill 210 / 500
2026-10-06 11:03:54 RESTORE fill 220 / 500
2026-10-06 11:03:56 RESTORE fill 230 / 500
2026-10-06 11:03:59 RESTORE fill 240 / 500
2026-10-06 11:04:02 RESTORE fill 250 / 500
2026-10-06 11:04:05 RESTORE fill 260 / 500
2026-10-06 11:04:07 RESTORE fill 270 / 500
2026-10-06 11:04:09 RESTORE fill 280 / 500
2026-10-06 11:04:12 RESTORE fill 290 / 500
2026-10-06 11:04:14 RESTORE fill 300 / 500
2026-10-06 11:04:16 RESTORE fill 310 / 500
2026-10-06 11:04:19 RESTORE fill 320 / 500
2026-10-06 11:04:21 RESTORE fill 330 / 500
2026-10-06 11:04:25 RESTORE fill 340 / 500
2026-10-06 11:04:27 RESTORE fill 350 / 500
2026-10-06 11:04:29 RESTORE fill 360 / 500
2026-10-06 11:04:30 RESTORE fill 370 / 500
2026-10-06 11:04:32 RESTORE fill 380 / 500
2026-10-06 11:04:35 RESTORE fill 390 / 500
2026-10-06 11:04:37 RESTORE fill 400 / 500
2026-10-06 11:04:40 RESTORE fill 410 / 500
2026-10-06 11:04:43 RESTORE fill 420 / 500
2026-10-06 11:04:46 RESTORE fill 430 / 500
2026-10-06 11:04:49 RESTORE fill 440 / 500
2026-10-06 11:04:51 RESTORE fill 450 / 500
2026-10-06 11:04:54 RESTORE fill 460 / 500
2026-10-06 11:04:59 RESTORE fill 470 / 500
2026-10-06 11:05:01 RESTORE fill 480 / 500
2026-10-06 11:05:05 RESTORE fill 490 / 500
2026-10-06 11:05:10 RESTORE fill 500 / 500
2026-10-06 11:05:10 RESTORE settle 326736920 backlog bytes 0 queued commits
2026-10-06 11:05:17 lavik-seed-candidatecaba8203-matched-seed-v2-overlay-standard-set-104857600-1024-k500-r3-20261006 set-104857600-1024-smembers-c1 1 QPS p99=1384.45 ms
2026-10-06 11:05:38 lavik-candidatecaba8203-matched-seed-v2-overlay-standard-set-104857600-1024-k500-r3-20261006 set-104857600-1024 fill
2026-10-06 11:06:10 lavik-candidatecaba8203-matched-seed-v2-overlay-standard-set-104857600-1024-k500-r3-20261006 set-104857600-1024-sismember-c320 568437 QPS p99=1.35 ms
2026-10-06 11:06:42 lavik-candidatecaba8203-matched-seed-v2-overlay-standard-set-104857600-1024-k500-r3-20261006 set-104857600-1024-sadd_srem-c320 333170 QPS p99=7.23 ms
2026-10-06 11:07:13 lavik-candidatecaba8203-matched-seed-v2-overlay-standard-set-104857600-1024-k500-r3-20261006 set-104857600-1024-sismember_after_write-c320 553992 QPS p99=1.89 ms
