2026-10-06 07:45:25 lavik-seed-candidate258c216c-route-overlay-standard-hash-104857600-1024-k500-r2-20261006 hash-104857600-1024 fill
2026-10-06 07:45:27 RESTORE fill 10 / 500
2026-10-06 07:45:29 RESTORE fill 20 / 500
2026-10-06 07:45:33 RESTORE fill 30 / 500
2026-10-06 07:45:36 RESTORE fill 40 / 500
2026-10-06 07:45:38 RESTORE fill 50 / 500
2026-10-06 07:45:40 RESTORE fill 60 / 500
2026-10-06 07:45:42 RESTORE fill 70 / 500
2026-10-06 07:45:43 RESTORE fill 80 / 500
2026-10-06 07:45:45 RESTORE fill 90 / 500
2026-10-06 07:45:47 RESTORE fill 100 / 500
2026-10-06 07:45:50 RESTORE fill 110 / 500
2026-10-06 07:45:52 RESTORE fill 120 / 500
2026-10-06 07:45:54 RESTORE fill 130 / 500
2026-10-06 07:45:55 RESTORE fill 140 / 500
2026-10-06 07:45:58 RESTORE fill 150 / 500
2026-10-06 07:46:00 RESTORE fill 160 / 500
2026-10-06 07:46:02 RESTORE fill 170 / 500
2026-10-06 07:46:04 RESTORE fill 180 / 500
2026-10-06 07:46:07 RESTORE fill 190 / 500
2026-10-06 07:46:09 RESTORE fill 200 / 500
2026-10-06 07:46:12 RESTORE fill 210 / 500
2026-10-06 07:46:15 RESTORE fill 220 / 500
2026-10-06 07:46:17 RESTORE fill 230 / 500
2026-10-06 07:46:20 RESTORE fill 240 / 500
2026-10-06 07:46:22 RESTORE fill 250 / 500
2026-10-06 07:46:24 RESTORE fill 260 / 500
2026-10-06 07:46:26 RESTORE fill 270 / 500
2026-10-06 07:46:28 RESTORE fill 280 / 500
2026-10-06 07:46:30 RESTORE fill 290 / 500
2026-10-06 07:46:33 RESTORE fill 300 / 500
2026-10-06 07:46:36 RESTORE fill 310 / 500
2026-10-06 07:46:39 RESTORE fill 320 / 500
2026-10-06 07:46:41 RESTORE fill 330 / 500
2026-10-06 07:46:42 RESTORE fill 340 / 500
2026-10-06 07:46:44 RESTORE fill 350 / 500
2026-10-06 07:46:47 RESTORE fill 360 / 500
2026-10-06 07:46:50 RESTORE fill 370 / 500
2026-10-06 07:46:52 RESTORE fill 380 / 500
2026-10-06 07:46:55 RESTORE fill 390 / 500
2026-10-06 07:46:58 RESTORE fill 400 / 500
2026-10-06 07:47:00 RESTORE fill 410 / 500
2026-10-06 07:47:02 RESTORE fill 420 / 500
2026-10-06 07:47:03 RESTORE fill 430 / 500
2026-10-06 07:47:05 RESTORE fill 440 / 500
2026-10-06 07:47:08 RESTORE fill 450 / 500
2026-10-06 07:47:10 RESTORE fill 460 / 500
2026-10-06 07:47:12 RESTORE fill 470 / 500
2026-10-06 07:47:15 RESTORE fill 480 / 500
2026-10-06 07:47:17 RESTORE fill 490 / 500
2026-10-06 07:47:23 RESTORE fill 500 / 500
2026-10-06 07:47:23 RESTORE settle 217818792 backlog bytes 0 queued commits
2026-10-06 07:47:29 lavik-seed-candidate258c216c-route-overlay-standard-hash-104857600-1024-k500-r2-20261006 hash-104857600-1024-hgetall-c1 1 QPS p99=1294.34 ms
2026-10-06 07:47:50 lavik-candidate258c216c-route-overlay-standard-hash-104857600-1024-k500-r2-20261006 hash-104857600-1024 fill
2026-10-06 07:48:21 lavik-candidate258c216c-route-overlay-standard-hash-104857600-1024-k500-r2-20261006 hash-104857600-1024-hget-c320 575547 QPS p99=1.64 ms
2026-10-06 07:48:53 lavik-candidate258c216c-route-overlay-standard-hash-104857600-1024-k500-r2-20261006 hash-104857600-1024-hset-c320 205530 QPS p99=25.34 ms
2026-10-06 07:49:25 lavik-candidate258c216c-route-overlay-standard-hash-104857600-1024-k500-r2-20261006 hash-104857600-1024-hget_after_write-c320 700168 QPS p99=0.91 ms
