2026-10-06 09:23:58 lavik-seed-candidatecaba8203-matched-seed-v2-overlay-dispersed64-hash-104857600-1024-k500-r1-20261006 hash-104857600-1024 fill
2026-10-06 09:24:00 RESTORE fill 10 / 500
2026-10-06 09:24:03 RESTORE fill 20 / 500
2026-10-06 09:24:04 RESTORE fill 30 / 500
2026-10-06 09:24:08 RESTORE fill 40 / 500
2026-10-06 09:24:09 RESTORE fill 50 / 500
2026-10-06 09:24:11 RESTORE fill 60 / 500
2026-10-06 09:24:14 RESTORE fill 70 / 500
2026-10-06 09:24:16 RESTORE fill 80 / 500
2026-10-06 09:24:19 RESTORE fill 90 / 500
2026-10-06 09:24:21 RESTORE fill 100 / 500
2026-10-06 09:24:23 RESTORE fill 110 / 500
2026-10-06 09:24:26 RESTORE fill 120 / 500
2026-10-06 09:24:28 RESTORE fill 130 / 500
2026-10-06 09:24:31 RESTORE fill 140 / 500
2026-10-06 09:24:34 RESTORE fill 150 / 500
2026-10-06 09:24:36 RESTORE fill 160 / 500
2026-10-06 09:24:38 RESTORE fill 170 / 500
2026-10-06 09:24:40 RESTORE fill 180 / 500
2026-10-06 09:24:43 RESTORE fill 190 / 500
2026-10-06 09:24:45 RESTORE fill 200 / 500
2026-10-06 09:24:47 RESTORE fill 210 / 500
2026-10-06 09:24:50 RESTORE fill 220 / 500
2026-10-06 09:24:52 RESTORE fill 230 / 500
2026-10-06 09:24:54 RESTORE fill 240 / 500
2026-10-06 09:24:57 RESTORE fill 250 / 500
2026-10-06 09:25:00 RESTORE fill 260 / 500
2026-10-06 09:25:03 RESTORE fill 270 / 500
2026-10-06 09:25:04 RESTORE fill 280 / 500
2026-10-06 09:25:07 RESTORE fill 290 / 500
2026-10-06 09:25:10 RESTORE fill 300 / 500
2026-10-06 09:25:12 RESTORE fill 310 / 500
2026-10-06 09:25:14 RESTORE fill 320 / 500
2026-10-06 09:25:17 RESTORE fill 330 / 500
2026-10-06 09:25:20 RESTORE fill 340 / 500
2026-10-06 09:25:22 RESTORE fill 350 / 500
2026-10-06 09:25:25 RESTORE fill 360 / 500
2026-10-06 09:25:26 RESTORE fill 370 / 500
2026-10-06 09:25:29 RESTORE fill 380 / 500
2026-10-06 09:25:32 RESTORE fill 390 / 500
2026-10-06 09:25:34 RESTORE fill 400 / 500
2026-10-06 09:25:37 RESTORE fill 410 / 500
2026-10-06 09:25:39 RESTORE fill 420 / 500
2026-10-06 09:25:42 RESTORE fill 430 / 500
2026-10-06 09:25:44 RESTORE fill 440 / 500
2026-10-06 09:25:47 RESTORE fill 450 / 500
2026-10-06 09:25:49 RESTORE fill 460 / 500
2026-10-06 09:25:51 RESTORE fill 470 / 500
2026-10-06 09:25:53 RESTORE fill 480 / 500
2026-10-06 09:25:55 RESTORE fill 490 / 500
2026-10-06 09:26:01 RESTORE fill 500 / 500
2026-10-06 09:26:01 RESTORE settle 217834408 backlog bytes 0 queued commits
2026-10-06 09:26:08 lavik-seed-candidatecaba8203-matched-seed-v2-overlay-dispersed64-hash-104857600-1024-k500-r1-20261006 hash-104857600-1024-hgetall-c1 1 QPS p99=1343.49 ms
2026-10-06 09:26:29 lavik-candidatecaba8203-matched-seed-v2-overlay-dispersed64-hash-104857600-1024-k500-r1-20261006 hash-104857600-1024 fill
2026-10-06 09:27:01 lavik-candidatecaba8203-matched-seed-v2-overlay-dispersed64-hash-104857600-1024-k500-r1-20261006 hash-104857600-1024-hget-c320 543648 QPS p99=1.93 ms
2026-10-06 09:27:34 lavik-candidatecaba8203-matched-seed-v2-overlay-dispersed64-hash-104857600-1024-k500-r1-20261006 hash-104857600-1024-hset-c320 117178 QPS p99=24.45 ms
2026-10-06 09:28:06 lavik-candidatecaba8203-matched-seed-v2-overlay-dispersed64-hash-104857600-1024-k500-r1-20261006 hash-104857600-1024-hget_after_write-c320 551737 QPS p99=1.74 ms
