2026-10-06 10:04:03 lavik-seed-candidatecaba8203-matched-seed-v2-overlay-standard-set-104857600-1024-k500-r2-20261006 set-104857600-1024 fill
2026-10-06 10:04:05 RESTORE fill 10 / 500
2026-10-06 10:04:09 RESTORE fill 20 / 500
2026-10-06 10:04:11 RESTORE fill 30 / 500
2026-10-06 10:04:13 RESTORE fill 40 / 500
2026-10-06 10:04:15 RESTORE fill 50 / 500
2026-10-06 10:04:19 RESTORE fill 60 / 500
2026-10-06 10:04:20 RESTORE fill 70 / 500
2026-10-06 10:04:23 RESTORE fill 80 / 500
2026-10-06 10:04:26 RESTORE fill 90 / 500
2026-10-06 10:04:29 RESTORE fill 100 / 500
2026-10-06 10:04:31 RESTORE fill 110 / 500
2026-10-06 10:04:34 RESTORE fill 120 / 500
2026-10-06 10:04:36 RESTORE fill 130 / 500
2026-10-06 10:04:38 RESTORE fill 140 / 500
2026-10-06 10:04:40 RESTORE fill 150 / 500
2026-10-06 10:04:43 RESTORE fill 160 / 500
2026-10-06 10:04:46 RESTORE fill 170 / 500
2026-10-06 10:04:49 RESTORE fill 180 / 500
2026-10-06 10:04:52 RESTORE fill 190 / 500
2026-10-06 10:04:55 RESTORE fill 200 / 500
2026-10-06 10:04:57 RESTORE fill 210 / 500
2026-10-06 10:05:02 RESTORE fill 220 / 500
2026-10-06 10:05:04 RESTORE fill 230 / 500
2026-10-06 10:05:06 RESTORE fill 240 / 500
2026-10-06 10:05:10 RESTORE fill 250 / 500
2026-10-06 10:05:13 RESTORE fill 260 / 500
2026-10-06 10:05:15 RESTORE fill 270 / 500
2026-10-06 10:05:17 RESTORE fill 280 / 500
2026-10-06 10:05:19 RESTORE fill 290 / 500
2026-10-06 10:05:21 RESTORE fill 300 / 500
2026-10-06 10:05:25 RESTORE fill 310 / 500
2026-10-06 10:05:30 RESTORE fill 320 / 500
2026-10-06 10:05:32 RESTORE fill 330 / 500
2026-10-06 10:05:34 RESTORE fill 340 / 500
2026-10-06 10:05:37 RESTORE fill 350 / 500
2026-10-06 10:05:40 RESTORE fill 360 / 500
2026-10-06 10:05:44 RESTORE fill 370 / 500
2026-10-06 10:05:45 RESTORE fill 380 / 500
2026-10-06 10:05:48 RESTORE fill 390 / 500
2026-10-06 10:05:51 RESTORE fill 400 / 500
2026-10-06 10:05:53 RESTORE fill 410 / 500
2026-10-06 10:05:56 RESTORE fill 420 / 500
2026-10-06 10:06:00 RESTORE fill 430 / 500
2026-10-06 10:06:02 RESTORE fill 440 / 500
2026-10-06 10:06:04 RESTORE fill 450 / 500
2026-10-06 10:06:06 RESTORE fill 460 / 500
2026-10-06 10:06:09 RESTORE fill 470 / 500
2026-10-06 10:06:12 RESTORE fill 480 / 500
2026-10-06 10:06:15 RESTORE fill 490 / 500
2026-10-06 10:06:24 RESTORE fill 500 / 500
2026-10-06 10:06:24 RESTORE settle 217836208 backlog bytes 0 queued commits
2026-10-06 10:06:30 lavik-seed-candidatecaba8203-matched-seed-v2-overlay-standard-set-104857600-1024-k500-r2-20261006 set-104857600-1024-smembers-c1 1 QPS p99=1327.10 ms
2026-10-06 10:06:51 lavik-candidatecaba8203-matched-seed-v2-overlay-standard-set-104857600-1024-k500-r2-20261006 set-104857600-1024 fill
2026-10-06 10:07:23 lavik-candidatecaba8203-matched-seed-v2-overlay-standard-set-104857600-1024-k500-r2-20261006 set-104857600-1024-sismember-c320 564584 QPS p99=1.41 ms
2026-10-06 10:07:54 lavik-candidatecaba8203-matched-seed-v2-overlay-standard-set-104857600-1024-k500-r2-20261006 set-104857600-1024-sadd_srem-c320 345314 QPS p99=7.07 ms
2026-10-06 10:08:26 lavik-candidatecaba8203-matched-seed-v2-overlay-standard-set-104857600-1024-k500-r2-20261006 set-104857600-1024-sismember_after_write-c320 567429 QPS p99=1.45 ms
