2026-10-06 09:32:59 lavik-seed-candidatecaba8203-matched-seed-v2-overlay-dispersed64-set-104857600-1024-k500-r1-20261006 set-104857600-1024 fill
2026-10-06 09:33:02 RESTORE fill 10 / 500
2026-10-06 09:33:03 RESTORE fill 20 / 500
2026-10-06 09:33:06 RESTORE fill 30 / 500
2026-10-06 09:33:08 RESTORE fill 40 / 500
2026-10-06 09:33:11 RESTORE fill 50 / 500
2026-10-06 09:33:14 RESTORE fill 60 / 500
2026-10-06 09:33:16 RESTORE fill 70 / 500
2026-10-06 09:33:19 RESTORE fill 80 / 500
2026-10-06 09:33:21 RESTORE fill 90 / 500
2026-10-06 09:33:24 RESTORE fill 100 / 500
2026-10-06 09:33:26 RESTORE fill 110 / 500
2026-10-06 09:33:28 RESTORE fill 120 / 500
2026-10-06 09:33:30 RESTORE fill 130 / 500
2026-10-06 09:33:33 RESTORE fill 140 / 500
2026-10-06 09:33:36 RESTORE fill 150 / 500
2026-10-06 09:33:39 RESTORE fill 160 / 500
2026-10-06 09:33:41 RESTORE fill 170 / 500
2026-10-06 09:33:44 RESTORE fill 180 / 500
2026-10-06 09:33:47 RESTORE fill 190 / 500
2026-10-06 09:33:49 RESTORE fill 200 / 500
2026-10-06 09:33:51 RESTORE fill 210 / 500
2026-10-06 09:33:56 RESTORE fill 220 / 500
2026-10-06 09:33:59 RESTORE fill 230 / 500
2026-10-06 09:34:01 RESTORE fill 240 / 500
2026-10-06 09:34:04 RESTORE fill 250 / 500
2026-10-06 09:34:07 RESTORE fill 260 / 500
2026-10-06 09:34:09 RESTORE fill 270 / 500
2026-10-06 09:34:11 RESTORE fill 280 / 500
2026-10-06 09:34:13 RESTORE fill 290 / 500
2026-10-06 09:34:15 RESTORE fill 300 / 500
2026-10-06 09:34:17 RESTORE fill 310 / 500
2026-10-06 09:34:20 RESTORE fill 320 / 500
2026-10-06 09:34:23 RESTORE fill 330 / 500
2026-10-06 09:34:27 RESTORE fill 340 / 500
2026-10-06 09:34:29 RESTORE fill 350 / 500
2026-10-06 09:34:31 RESTORE fill 360 / 500
2026-10-06 09:34:34 RESTORE fill 370 / 500
2026-10-06 09:34:36 RESTORE fill 380 / 500
2026-10-06 09:34:39 RESTORE fill 390 / 500
2026-10-06 09:34:41 RESTORE fill 400 / 500
2026-10-06 09:34:43 RESTORE fill 410 / 500
2026-10-06 09:34:46 RESTORE fill 420 / 500
2026-10-06 09:34:49 RESTORE fill 430 / 500
2026-10-06 09:34:51 RESTORE fill 440 / 500
2026-10-06 09:34:53 RESTORE fill 450 / 500
2026-10-06 09:34:55 RESTORE fill 460 / 500
2026-10-06 09:34:58 RESTORE fill 470 / 500
2026-10-06 09:35:00 RESTORE fill 480 / 500
2026-10-06 09:35:03 RESTORE fill 490 / 500
2026-10-06 09:35:07 RESTORE fill 500 / 500
2026-10-06 09:35:07 RESTORE settle 1759319648 backlog bytes 0 queued commits
2026-10-06 09:35:13 lavik-seed-candidatecaba8203-matched-seed-v2-overlay-dispersed64-set-104857600-1024-k500-r1-20261006 set-104857600-1024-smembers-c1 1 QPS p99=1343.49 ms
2026-10-06 09:35:35 lavik-candidatecaba8203-matched-seed-v2-overlay-dispersed64-set-104857600-1024-k500-r1-20261006 set-104857600-1024 fill
2026-10-06 09:36:07 lavik-candidatecaba8203-matched-seed-v2-overlay-dispersed64-set-104857600-1024-k500-r1-20261006 set-104857600-1024-sismember-c320 516507 QPS p99=2.33 ms
2026-10-06 09:36:40 lavik-candidatecaba8203-matched-seed-v2-overlay-dispersed64-set-104857600-1024-k500-r1-20261006 set-104857600-1024-sadd_srem-c320 159292 QPS p99=19.84 ms
2026-10-06 09:37:12 lavik-candidatecaba8203-matched-seed-v2-overlay-dispersed64-set-104857600-1024-k500-r1-20261006 set-104857600-1024-sismember_after_write-c320 489072 QPS p99=3.01 ms
