2026-10-06 10:21:54 lavik-seed-candidatecaba8203-matched-seed-v2-overlay-dispersed64-set-104857600-1024-k500-r2-20261006 set-104857600-1024 fill
2026-10-06 10:21:56 RESTORE fill 10 / 500
2026-10-06 10:21:59 RESTORE fill 20 / 500
2026-10-06 10:22:02 RESTORE fill 30 / 500
2026-10-06 10:22:04 RESTORE fill 40 / 500
2026-10-06 10:22:06 RESTORE fill 50 / 500
2026-10-06 10:22:09 RESTORE fill 60 / 500
2026-10-06 10:22:11 RESTORE fill 70 / 500
2026-10-06 10:22:13 RESTORE fill 80 / 500
2026-10-06 10:22:17 RESTORE fill 90 / 500
2026-10-06 10:22:19 RESTORE fill 100 / 500
2026-10-06 10:22:22 RESTORE fill 110 / 500
2026-10-06 10:22:24 RESTORE fill 120 / 500
2026-10-06 10:22:27 RESTORE fill 130 / 500
2026-10-06 10:22:31 RESTORE fill 140 / 500
2026-10-06 10:22:33 RESTORE fill 150 / 500
2026-10-06 10:22:35 RESTORE fill 160 / 500
2026-10-06 10:22:38 RESTORE fill 170 / 500
2026-10-06 10:22:41 RESTORE fill 180 / 500
2026-10-06 10:22:43 RESTORE fill 190 / 500
2026-10-06 10:22:47 RESTORE fill 200 / 500
2026-10-06 10:22:51 RESTORE fill 210 / 500
2026-10-06 10:22:53 RESTORE fill 220 / 500
2026-10-06 10:22:56 RESTORE fill 230 / 500
2026-10-06 10:22:59 RESTORE fill 240 / 500
2026-10-06 10:23:02 RESTORE fill 250 / 500
2026-10-06 10:23:05 RESTORE fill 260 / 500
2026-10-06 10:23:08 RESTORE fill 270 / 500
2026-10-06 10:23:10 RESTORE fill 280 / 500
2026-10-06 10:23:12 RESTORE fill 290 / 500
2026-10-06 10:23:15 RESTORE fill 300 / 500
2026-10-06 10:23:17 RESTORE fill 310 / 500
2026-10-06 10:23:20 RESTORE fill 320 / 500
2026-10-06 10:23:22 RESTORE fill 330 / 500
2026-10-06 10:23:25 RESTORE fill 340 / 500
2026-10-06 10:23:26 RESTORE fill 350 / 500
2026-10-06 10:23:30 RESTORE fill 360 / 500
2026-10-06 10:23:31 RESTORE fill 370 / 500
2026-10-06 10:23:35 RESTORE fill 380 / 500
2026-10-06 10:23:37 RESTORE fill 390 / 500
2026-10-06 10:23:39 RESTORE fill 400 / 500
2026-10-06 10:23:40 RESTORE fill 410 / 500
2026-10-06 10:23:43 RESTORE fill 420 / 500
2026-10-06 10:23:45 RESTORE fill 430 / 500
2026-10-06 10:23:48 RESTORE fill 440 / 500
2026-10-06 10:23:50 RESTORE fill 450 / 500
2026-10-06 10:23:52 RESTORE fill 460 / 500
2026-10-06 10:23:55 RESTORE fill 470 / 500
2026-10-06 10:23:58 RESTORE fill 480 / 500
2026-10-06 10:24:02 RESTORE fill 490 / 500
2026-10-06 10:24:08 RESTORE fill 500 / 500
2026-10-06 10:24:08 RESTORE settle 217833592 backlog bytes 0 queued commits
2026-10-06 10:24:15 lavik-seed-candidatecaba8203-matched-seed-v2-overlay-dispersed64-set-104857600-1024-k500-r2-20261006 set-104857600-1024-smembers-c1 1 QPS p99=1318.91 ms
2026-10-06 10:24:36 lavik-candidatecaba8203-matched-seed-v2-overlay-dispersed64-set-104857600-1024-k500-r2-20261006 set-104857600-1024 fill
2026-10-06 10:25:08 lavik-candidatecaba8203-matched-seed-v2-overlay-dispersed64-set-104857600-1024-k500-r2-20261006 set-104857600-1024-sismember-c320 527664 QPS p99=1.91 ms
2026-10-06 10:25:41 lavik-candidatecaba8203-matched-seed-v2-overlay-dispersed64-set-104857600-1024-k500-r2-20261006 set-104857600-1024-sadd_srem-c320 158017 QPS p99=19.33 ms
2026-10-06 10:26:13 lavik-candidatecaba8203-matched-seed-v2-overlay-dispersed64-set-104857600-1024-k500-r2-20261006 set-104857600-1024-sismember_after_write-c320 507938 QPS p99=2.35 ms
