2026-10-06 07:13:29 lavik-seed-candidate258c216c-route-overlay-dispersed64-hash-104857600-1024-k500-r1-20261006 hash-104857600-1024 fill
2026-10-06 07:13:31 RESTORE fill 10 / 500
2026-10-06 07:13:34 RESTORE fill 20 / 500
2026-10-06 07:13:36 RESTORE fill 30 / 500
2026-10-06 07:13:38 RESTORE fill 40 / 500
2026-10-06 07:13:39 RESTORE fill 50 / 500
2026-10-06 07:13:42 RESTORE fill 60 / 500
2026-10-06 07:13:44 RESTORE fill 70 / 500
2026-10-06 07:13:46 RESTORE fill 80 / 500
2026-10-06 07:13:47 RESTORE fill 90 / 500
2026-10-06 07:13:51 RESTORE fill 100 / 500
2026-10-06 07:13:54 RESTORE fill 110 / 500
2026-10-06 07:13:56 RESTORE fill 120 / 500
2026-10-06 07:13:58 RESTORE fill 130 / 500
2026-10-06 07:14:00 RESTORE fill 140 / 500
2026-10-06 07:14:02 RESTORE fill 150 / 500
2026-10-06 07:14:05 RESTORE fill 160 / 500
2026-10-06 07:14:09 RESTORE fill 170 / 500
2026-10-06 07:14:11 RESTORE fill 180 / 500
2026-10-06 07:14:14 RESTORE fill 190 / 500
2026-10-06 07:14:15 RESTORE fill 200 / 500
2026-10-06 07:14:17 RESTORE fill 210 / 500
2026-10-06 07:14:21 RESTORE fill 220 / 500
2026-10-06 07:14:23 RESTORE fill 230 / 500
2026-10-06 07:14:25 RESTORE fill 240 / 500
2026-10-06 07:14:28 RESTORE fill 250 / 500
2026-10-06 07:14:31 RESTORE fill 260 / 500
2026-10-06 07:14:33 RESTORE fill 270 / 500
2026-10-06 07:14:36 RESTORE fill 280 / 500
2026-10-06 07:14:38 RESTORE fill 290 / 500
2026-10-06 07:14:40 RESTORE fill 300 / 500
2026-10-06 07:14:42 RESTORE fill 310 / 500
2026-10-06 07:14:45 RESTORE fill 320 / 500
2026-10-06 07:14:46 RESTORE fill 330 / 500
2026-10-06 07:14:49 RESTORE fill 340 / 500
2026-10-06 07:14:51 RESTORE fill 350 / 500
2026-10-06 07:14:53 RESTORE fill 360 / 500
2026-10-06 07:14:54 RESTORE fill 370 / 500
2026-10-06 07:14:56 RESTORE fill 380 / 500
2026-10-06 07:14:59 RESTORE fill 390 / 500
2026-10-06 07:15:01 RESTORE fill 400 / 500
2026-10-06 07:15:02 RESTORE fill 410 / 500
2026-10-06 07:15:04 RESTORE fill 420 / 500
2026-10-06 07:15:07 RESTORE fill 430 / 500
2026-10-06 07:15:08 RESTORE fill 440 / 500
2026-10-06 07:15:11 RESTORE fill 450 / 500
2026-10-06 07:15:13 RESTORE fill 460 / 500
2026-10-06 07:15:15 RESTORE fill 470 / 500
2026-10-06 07:15:17 RESTORE fill 480 / 500
2026-10-06 07:15:21 RESTORE fill 490 / 500
2026-10-06 07:15:28 RESTORE fill 500 / 500
2026-10-06 07:15:28 RESTORE settle 108906720 backlog bytes 0 queued commits
2026-10-06 07:16:19 lavik-seed-candidate258c216c-route-overlay-dispersed64-hash-104857600-1024-k500-r1-20261006 hash-104857600-1024-hgetall-c1 1 QPS p99=1368.06 ms
2026-10-06 07:16:40 lavik-candidate258c216c-route-overlay-dispersed64-hash-104857600-1024-k500-r1-20261006 hash-104857600-1024 fill
2026-10-06 07:17:12 lavik-candidate258c216c-route-overlay-dispersed64-hash-104857600-1024-k500-r1-20261006 hash-104857600-1024-hget-c320 527193 QPS p99=2.33 ms
2026-10-06 07:17:44 lavik-candidate258c216c-route-overlay-dispersed64-hash-104857600-1024-k500-r1-20261006 hash-104857600-1024-hset-c320 123926 QPS p99=23.68 ms
2026-10-06 07:18:16 lavik-candidate258c216c-route-overlay-dispersed64-hash-104857600-1024-k500-r1-20261006 hash-104857600-1024-hget_after_write-c320 541199 QPS p99=2.10 ms
