2026-10-06 11:20:49 lavik-seed-candidatecaba8203-matched-seed-v2-overlay-dispersed64-set-104857600-1024-k500-r3-20261006 set-104857600-1024 fill
2026-10-06 11:20:52 RESTORE fill 10 / 500
2026-10-06 11:20:54 RESTORE fill 20 / 500
2026-10-06 11:20:56 RESTORE fill 30 / 500
2026-10-06 11:20:59 RESTORE fill 40 / 500
2026-10-06 11:21:02 RESTORE fill 50 / 500
2026-10-06 11:21:04 RESTORE fill 60 / 500
2026-10-06 11:21:05 RESTORE fill 70 / 500
2026-10-06 11:21:08 RESTORE fill 80 / 500
2026-10-06 11:21:11 RESTORE fill 90 / 500
2026-10-06 11:21:14 RESTORE fill 100 / 500
2026-10-06 11:21:17 RESTORE fill 110 / 500
2026-10-06 11:21:19 RESTORE fill 120 / 500
2026-10-06 11:21:22 RESTORE fill 130 / 500
2026-10-06 11:21:25 RESTORE fill 140 / 500
2026-10-06 11:21:27 RESTORE fill 150 / 500
2026-10-06 11:21:31 RESTORE fill 160 / 500
2026-10-06 11:21:33 RESTORE fill 170 / 500
2026-10-06 11:21:38 RESTORE fill 180 / 500
2026-10-06 11:21:40 RESTORE fill 190 / 500
2026-10-06 11:21:42 RESTORE fill 200 / 500
2026-10-06 11:21:46 RESTORE fill 210 / 500
2026-10-06 11:21:50 RESTORE fill 220 / 500
2026-10-06 11:21:52 RESTORE fill 230 / 500
2026-10-06 11:21:57 RESTORE fill 240 / 500
2026-10-06 11:21:59 RESTORE fill 250 / 500
2026-10-06 11:22:02 RESTORE fill 260 / 500
2026-10-06 11:22:05 RESTORE fill 270 / 500
2026-10-06 11:22:08 RESTORE fill 280 / 500
2026-10-06 11:22:10 RESTORE fill 290 / 500
2026-10-06 11:22:12 RESTORE fill 300 / 500
2026-10-06 11:22:15 RESTORE fill 310 / 500
2026-10-06 11:22:17 RESTORE fill 320 / 500
2026-10-06 11:22:20 RESTORE fill 330 / 500
2026-10-06 11:22:22 RESTORE fill 340 / 500
2026-10-06 11:22:24 RESTORE fill 350 / 500
2026-10-06 11:22:27 RESTORE fill 360 / 500
2026-10-06 11:22:29 RESTORE fill 370 / 500
2026-10-06 11:22:32 RESTORE fill 380 / 500
2026-10-06 11:22:34 RESTORE fill 390 / 500
2026-10-06 11:22:37 RESTORE fill 400 / 500
2026-10-06 11:22:39 RESTORE fill 410 / 500
2026-10-06 11:22:42 RESTORE fill 420 / 500
2026-10-06 11:22:45 RESTORE fill 430 / 500
2026-10-06 11:22:48 RESTORE fill 440 / 500
2026-10-06 11:22:51 RESTORE fill 450 / 500
2026-10-06 11:22:53 RESTORE fill 460 / 500
2026-10-06 11:22:55 RESTORE fill 470 / 500
2026-10-06 11:22:58 RESTORE fill 480 / 500
2026-10-06 11:23:01 RESTORE fill 490 / 500
2026-10-06 11:23:05 RESTORE fill 500 / 500
2026-10-06 11:23:05 RESTORE settle 326731216 backlog bytes 0 queued commits
2026-10-06 11:23:11 lavik-seed-candidatecaba8203-matched-seed-v2-overlay-dispersed64-set-104857600-1024-k500-r3-20261006 set-104857600-1024-smembers-c1 1 QPS p99=1327.10 ms
2026-10-06 11:23:32 lavik-candidatecaba8203-matched-seed-v2-overlay-dispersed64-set-104857600-1024-k500-r3-20261006 set-104857600-1024 fill
2026-10-06 11:24:04 lavik-candidatecaba8203-matched-seed-v2-overlay-dispersed64-set-104857600-1024-k500-r3-20261006 set-104857600-1024-sismember-c320 511904 QPS p99=2.30 ms
2026-10-06 11:24:37 lavik-candidatecaba8203-matched-seed-v2-overlay-dispersed64-set-104857600-1024-k500-r3-20261006 set-104857600-1024-sadd_srem-c320 157579 QPS p99=18.82 ms
2026-10-06 11:25:09 lavik-candidatecaba8203-matched-seed-v2-overlay-dispersed64-set-104857600-1024-k500-r3-20261006 set-104857600-1024-sismember_after_write-c320 501938 QPS p99=2.42 ms
