2026-10-06 09:55:24 lavik-seed-candidatecaba8203-matched-seed-v2-overlay-standard-hash-104857600-1024-k500-r2-20261006 hash-104857600-1024 fill
2026-10-06 09:55:27 RESTORE fill 10 / 500
2026-10-06 09:55:29 RESTORE fill 20 / 500
2026-10-06 09:55:30 RESTORE fill 30 / 500
2026-10-06 09:55:33 RESTORE fill 40 / 500
2026-10-06 09:55:35 RESTORE fill 50 / 500
2026-10-06 09:55:38 RESTORE fill 60 / 500
2026-10-06 09:55:39 RESTORE fill 70 / 500
2026-10-06 09:55:42 RESTORE fill 80 / 500
2026-10-06 09:55:46 RESTORE fill 90 / 500
2026-10-06 09:55:48 RESTORE fill 100 / 500
2026-10-06 09:55:50 RESTORE fill 110 / 500
2026-10-06 09:55:52 RESTORE fill 120 / 500
2026-10-06 09:55:54 RESTORE fill 130 / 500
2026-10-06 09:55:57 RESTORE fill 140 / 500
2026-10-06 09:56:00 RESTORE fill 150 / 500
2026-10-06 09:56:02 RESTORE fill 160 / 500
2026-10-06 09:56:04 RESTORE fill 170 / 500
2026-10-06 09:56:06 RESTORE fill 180 / 500
2026-10-06 09:56:08 RESTORE fill 190 / 500
2026-10-06 09:56:11 RESTORE fill 200 / 500
2026-10-06 09:56:14 RESTORE fill 210 / 500
2026-10-06 09:56:16 RESTORE fill 220 / 500
2026-10-06 09:56:18 RESTORE fill 230 / 500
2026-10-06 09:56:20 RESTORE fill 240 / 500
2026-10-06 09:56:23 RESTORE fill 250 / 500
2026-10-06 09:56:25 RESTORE fill 260 / 500
2026-10-06 09:56:26 RESTORE fill 270 / 500
2026-10-06 09:56:28 RESTORE fill 280 / 500
2026-10-06 09:56:31 RESTORE fill 290 / 500
2026-10-06 09:56:33 RESTORE fill 300 / 500
2026-10-06 09:56:36 RESTORE fill 310 / 500
2026-10-06 09:56:38 RESTORE fill 320 / 500
2026-10-06 09:56:41 RESTORE fill 330 / 500
2026-10-06 09:56:45 RESTORE fill 340 / 500
2026-10-06 09:56:47 RESTORE fill 350 / 500
2026-10-06 09:56:49 RESTORE fill 360 / 500
2026-10-06 09:56:51 RESTORE fill 370 / 500
2026-10-06 09:56:53 RESTORE fill 380 / 500
2026-10-06 09:56:55 RESTORE fill 390 / 500
2026-10-06 09:56:57 RESTORE fill 400 / 500
2026-10-06 09:56:59 RESTORE fill 410 / 500
2026-10-06 09:57:03 RESTORE fill 420 / 500
2026-10-06 09:57:05 RESTORE fill 430 / 500
2026-10-06 09:57:08 RESTORE fill 440 / 500
2026-10-06 09:57:09 RESTORE fill 450 / 500
2026-10-06 09:57:11 RESTORE fill 460 / 500
2026-10-06 09:57:14 RESTORE fill 470 / 500
2026-10-06 09:57:17 RESTORE fill 480 / 500
2026-10-06 09:57:20 RESTORE fill 490 / 500
2026-10-06 09:57:25 RESTORE fill 500 / 500
2026-10-06 09:57:25 RESTORE settle 326731360 backlog bytes 0 queued commits
2026-10-06 09:57:32 lavik-seed-candidatecaba8203-matched-seed-v2-overlay-standard-hash-104857600-1024-k500-r2-20261006 hash-104857600-1024-hgetall-c1 1 QPS p99=1335.30 ms
2026-10-06 09:57:53 lavik-candidatecaba8203-matched-seed-v2-overlay-standard-hash-104857600-1024-k500-r2-20261006 hash-104857600-1024 fill
2026-10-06 09:58:24 lavik-candidatecaba8203-matched-seed-v2-overlay-standard-hash-104857600-1024-k500-r2-20261006 hash-104857600-1024-hget-c320 591612 QPS p99=1.27 ms
2026-10-06 09:58:56 lavik-candidatecaba8203-matched-seed-v2-overlay-standard-hash-104857600-1024-k500-r2-20261006 hash-104857600-1024-hset-c320 202276 QPS p99=25.73 ms
2026-10-06 09:59:28 lavik-candidatecaba8203-matched-seed-v2-overlay-standard-hash-104857600-1024-k500-r2-20261006 hash-104857600-1024-hget_after_write-c320 674664 QPS p99=0.94 ms
