2026-10-06 11:32:17 lavik-seed-diagnostic-parent5a3903d9-matched-seed-hashset-write-set-104857600-1024-k500-c320-20261006 set-104857600-1024 fill
2026-10-06 11:32:20 RESTORE fill 10 / 500
2026-10-06 11:32:22 RESTORE fill 20 / 500
2026-10-06 11:32:23 RESTORE fill 30 / 500
2026-10-06 11:32:26 RESTORE fill 40 / 500
2026-10-06 11:32:29 RESTORE fill 50 / 500
2026-10-06 11:32:31 RESTORE fill 60 / 500
2026-10-06 11:32:33 RESTORE fill 70 / 500
2026-10-06 11:32:37 RESTORE fill 80 / 500
2026-10-06 11:32:39 RESTORE fill 90 / 500
2026-10-06 11:32:42 RESTORE fill 100 / 500
2026-10-06 11:32:44 RESTORE fill 110 / 500
2026-10-06 11:32:48 RESTORE fill 120 / 500
2026-10-06 11:32:50 RESTORE fill 130 / 500
2026-10-06 11:32:54 RESTORE fill 140 / 500
2026-10-06 11:32:57 RESTORE fill 150 / 500
2026-10-06 11:32:59 RESTORE fill 160 / 500
2026-10-06 11:33:02 RESTORE fill 170 / 500
2026-10-06 11:33:05 RESTORE fill 180 / 500
2026-10-06 11:33:07 RESTORE fill 190 / 500
2026-10-06 11:33:11 RESTORE fill 200 / 500
2026-10-06 11:33:14 RESTORE fill 210 / 500
2026-10-06 11:33:18 RESTORE fill 220 / 500
2026-10-06 11:33:20 RESTORE fill 230 / 500
2026-10-06 11:33:22 RESTORE fill 240 / 500
2026-10-06 11:33:25 RESTORE fill 250 / 500
2026-10-06 11:33:27 RESTORE fill 260 / 500
2026-10-06 11:33:29 RESTORE fill 270 / 500
2026-10-06 11:33:32 RESTORE fill 280 / 500
2026-10-06 11:33:34 RESTORE fill 290 / 500
2026-10-06 11:33:37 RESTORE fill 300 / 500
2026-10-06 11:33:40 RESTORE fill 310 / 500
2026-10-06 11:33:42 RESTORE fill 320 / 500
2026-10-06 11:33:46 RESTORE fill 330 / 500
2026-10-06 11:33:48 RESTORE fill 340 / 500
2026-10-06 11:33:49 RESTORE fill 350 / 500
2026-10-06 11:33:52 RESTORE fill 360 / 500
2026-10-06 11:33:57 RESTORE fill 370 / 500
2026-10-06 11:33:59 RESTORE fill 380 / 500
2026-10-06 11:34:02 RESTORE fill 390 / 500
2026-10-06 11:34:05 RESTORE fill 400 / 500
2026-10-06 11:34:08 RESTORE fill 410 / 500
2026-10-06 11:34:10 RESTORE fill 420 / 500
2026-10-06 11:34:13 RESTORE fill 430 / 500
2026-10-06 11:34:16 RESTORE fill 440 / 500
2026-10-06 11:34:19 RESTORE fill 450 / 500
2026-10-06 11:34:22 RESTORE fill 460 / 500
2026-10-06 11:34:25 RESTORE fill 470 / 500
2026-10-06 11:34:28 RESTORE fill 480 / 500
2026-10-06 11:34:31 RESTORE fill 490 / 500
2026-10-06 11:34:36 RESTORE fill 500 / 500
2026-10-06 11:34:36 RESTORE settle 217814352 backlog bytes 0 queued commits
2026-10-06 11:34:42 lavik-seed-diagnostic-parent5a3903d9-matched-seed-hashset-write-set-104857600-1024-k500-c320-20261006 set-104857600-1024-smembers-c1 1 QPS p99=1384.45 ms
2026-10-06 11:35:03 lavik-diagnostic-parent5a3903d9-matched-seed-hashset-write-set-104857600-1024-k500-c320-20261006 set-104857600-1024 fill
2026-10-06 11:35:35 diagnostic-c320 set-104857600-1024-sadd_srem-c320 312532 QPS p99=7.20 ms
Error:
The /mnt/dev/lavik-complex-refresh-20261004/perf_reports/lavik-complex-structures-2026-09-26/raw/lavik-diagnostic-parent5a3903d9-matched-seed-hashset-write-set-104857600-1024-k500-c320-20261006/diagnostic-c320/cpu-1234182.perf data has no samples!
