2026-10-06 06:07:49 lavik-seed-diagnostic-parent5a3903d9-hashset-write-hash-104857600-1024-k500-c320-20261006 hash-104857600-1024 fill
2026-10-06 06:07:52 RESTORE fill 10 / 500
2026-10-06 06:07:53 RESTORE fill 20 / 500
2026-10-06 06:07:56 RESTORE fill 30 / 500
2026-10-06 06:07:58 RESTORE fill 40 / 500
2026-10-06 06:08:00 RESTORE fill 50 / 500
2026-10-06 06:08:02 RESTORE fill 60 / 500
2026-10-06 06:08:04 RESTORE fill 70 / 500
2026-10-06 06:08:06 RESTORE fill 80 / 500
2026-10-06 06:08:08 RESTORE fill 90 / 500
2026-10-06 06:08:10 RESTORE fill 100 / 500
2026-10-06 06:08:14 RESTORE fill 110 / 500
2026-10-06 06:08:16 RESTORE fill 120 / 500
2026-10-06 06:08:19 RESTORE fill 130 / 500
2026-10-06 06:08:21 RESTORE fill 140 / 500
2026-10-06 06:08:25 RESTORE fill 150 / 500
2026-10-06 06:08:27 RESTORE fill 160 / 500
2026-10-06 06:08:30 RESTORE fill 170 / 500
2026-10-06 06:08:32 RESTORE fill 180 / 500
2026-10-06 06:08:34 RESTORE fill 190 / 500
2026-10-06 06:08:36 RESTORE fill 200 / 500
2026-10-06 06:08:38 RESTORE fill 210 / 500
2026-10-06 06:08:41 RESTORE fill 220 / 500
2026-10-06 06:08:44 RESTORE fill 230 / 500
2026-10-06 06:08:47 RESTORE fill 240 / 500
2026-10-06 06:08:49 RESTORE fill 250 / 500
2026-10-06 06:08:51 RESTORE fill 260 / 500
2026-10-06 06:08:54 RESTORE fill 270 / 500
2026-10-06 06:08:57 RESTORE fill 280 / 500
2026-10-06 06:08:58 RESTORE fill 290 / 500
2026-10-06 06:09:00 RESTORE fill 300 / 500
2026-10-06 06:09:03 RESTORE fill 310 / 500
2026-10-06 06:09:05 RESTORE fill 320 / 500
2026-10-06 06:09:08 RESTORE fill 330 / 500
2026-10-06 06:09:11 RESTORE fill 340 / 500
2026-10-06 06:09:13 RESTORE fill 350 / 500
2026-10-06 06:09:15 RESTORE fill 360 / 500
2026-10-06 06:09:17 RESTORE fill 370 / 500
2026-10-06 06:09:19 RESTORE fill 380 / 500
2026-10-06 06:09:23 RESTORE fill 390 / 500
2026-10-06 06:09:24 RESTORE fill 400 / 500
2026-10-06 06:09:27 RESTORE fill 410 / 500
2026-10-06 06:09:30 RESTORE fill 420 / 500
2026-10-06 06:09:32 RESTORE fill 430 / 500
2026-10-06 06:09:35 RESTORE fill 440 / 500
2026-10-06 06:09:36 RESTORE fill 450 / 500
2026-10-06 06:09:38 RESTORE fill 460 / 500
2026-10-06 06:09:40 RESTORE fill 470 / 500
2026-10-06 06:09:42 RESTORE fill 480 / 500
2026-10-06 06:09:46 RESTORE fill 490 / 500
2026-10-06 06:09:50 RESTORE fill 500 / 500
2026-10-06 06:09:50 RESTORE settle 217815168 backlog bytes 0 queued commits
2026-10-06 06:09:56 lavik-seed-diagnostic-parent5a3903d9-hashset-write-hash-104857600-1024-k500-c320-20261006 hash-104857600-1024-hgetall-c1 1 QPS p99=1359.87 ms
2026-10-06 06:10:18 lavik-diagnostic-parent5a3903d9-hashset-write-hash-104857600-1024-k500-c320-20261006 hash-104857600-1024 fill
2026-10-06 06:10:49 diagnostic-c320 hash-104857600-1024-hset-c320 186668 QPS p99=24.32 ms
Error:
The /mnt/dev/lavik-complex-refresh-20261004/perf_reports/lavik-complex-structures-2026-09-26/raw/lavik-diagnostic-parent5a3903d9-hashset-write-hash-104857600-1024-k500-c320-20261006/diagnostic-c320/cpu-1142748.perf data has no samples!
