2026-10-06 11:25:26 lavik-seed-diagnostic-parent5a3903d9-matched-seed-hashset-write-hash-104857600-1024-k500-c320-20261006 hash-104857600-1024 fill
2026-10-06 11:25:28 RESTORE fill 10 / 500
2026-10-06 11:25:30 RESTORE fill 20 / 500
2026-10-06 11:25:33 RESTORE fill 30 / 500
2026-10-06 11:25:35 RESTORE fill 40 / 500
2026-10-06 11:25:37 RESTORE fill 50 / 500
2026-10-06 11:25:39 RESTORE fill 60 / 500
2026-10-06 11:25:41 RESTORE fill 70 / 500
2026-10-06 11:25:44 RESTORE fill 80 / 500
2026-10-06 11:25:46 RESTORE fill 90 / 500
2026-10-06 11:25:49 RESTORE fill 100 / 500
2026-10-06 11:25:50 RESTORE fill 110 / 500
2026-10-06 11:25:52 RESTORE fill 120 / 500
2026-10-06 11:25:54 RESTORE fill 130 / 500
2026-10-06 11:25:56 RESTORE fill 140 / 500
2026-10-06 11:25:57 RESTORE fill 150 / 500
2026-10-06 11:26:00 RESTORE fill 160 / 500
2026-10-06 11:26:03 RESTORE fill 170 / 500
2026-10-06 11:26:05 RESTORE fill 180 / 500
2026-10-06 11:26:08 RESTORE fill 190 / 500
2026-10-06 11:26:10 RESTORE fill 200 / 500
2026-10-06 11:26:13 RESTORE fill 210 / 500
2026-10-06 11:26:14 RESTORE fill 220 / 500
2026-10-06 11:26:16 RESTORE fill 230 / 500
2026-10-06 11:26:19 RESTORE fill 240 / 500
2026-10-06 11:26:21 RESTORE fill 250 / 500
2026-10-06 11:26:24 RESTORE fill 260 / 500
2026-10-06 11:26:26 RESTORE fill 270 / 500
2026-10-06 11:26:29 RESTORE fill 280 / 500
2026-10-06 11:26:31 RESTORE fill 290 / 500
2026-10-06 11:26:33 RESTORE fill 300 / 500
2026-10-06 11:26:35 RESTORE fill 310 / 500
2026-10-06 11:26:37 RESTORE fill 320 / 500
2026-10-06 11:26:39 RESTORE fill 330 / 500
2026-10-06 11:26:41 RESTORE fill 340 / 500
2026-10-06 11:26:44 RESTORE fill 350 / 500
2026-10-06 11:26:45 RESTORE fill 360 / 500
2026-10-06 11:26:48 RESTORE fill 370 / 500
2026-10-06 11:26:50 RESTORE fill 380 / 500
2026-10-06 11:26:54 RESTORE fill 390 / 500
2026-10-06 11:26:57 RESTORE fill 400 / 500
2026-10-06 11:26:59 RESTORE fill 410 / 500
2026-10-06 11:27:01 RESTORE fill 420 / 500
2026-10-06 11:27:03 RESTORE fill 430 / 500
2026-10-06 11:27:05 RESTORE fill 440 / 500
2026-10-06 11:27:07 RESTORE fill 450 / 500
2026-10-06 11:27:11 RESTORE fill 460 / 500
2026-10-06 11:27:12 RESTORE fill 470 / 500
2026-10-06 11:27:15 RESTORE fill 480 / 500
2026-10-06 11:27:18 RESTORE fill 490 / 500
2026-10-06 11:27:22 RESTORE fill 500 / 500
2026-10-06 11:27:22 RESTORE settle 544568760 backlog bytes 0 queued commits
2026-10-06 11:27:29 lavik-seed-diagnostic-parent5a3903d9-matched-seed-hashset-write-hash-104857600-1024-k500-c320-20261006 hash-104857600-1024-hgetall-c1 1 QPS p99=1310.72 ms
2026-10-06 11:27:50 lavik-diagnostic-parent5a3903d9-matched-seed-hashset-write-hash-104857600-1024-k500-c320-20261006 hash-104857600-1024 fill
2026-10-06 11:28:22 diagnostic-c320 hash-104857600-1024-hset-c320 179702 QPS p99=28.67 ms
Error:
The /mnt/dev/lavik-complex-refresh-20261004/perf_reports/lavik-complex-structures-2026-09-26/raw/lavik-diagnostic-parent5a3903d9-matched-seed-hashset-write-hash-104857600-1024-k500-c320-20261006/diagnostic-c320/cpu-1232537.perf data has no samples!
