2026-10-06 06:11:18 lavik-seed-diagnostic-parent5a3903d9-hashset-write-set-104857600-1024-k500-c320-20261006 set-104857600-1024 fill
2026-10-06 06:11:20 RESTORE fill 10 / 500
2026-10-06 06:11:22 RESTORE fill 20 / 500
2026-10-06 06:11:24 RESTORE fill 30 / 500
2026-10-06 06:11:28 RESTORE fill 40 / 500
2026-10-06 06:11:30 RESTORE fill 50 / 500
2026-10-06 06:11:32 RESTORE fill 60 / 500
2026-10-06 06:11:35 RESTORE fill 70 / 500
2026-10-06 06:11:37 RESTORE fill 80 / 500
2026-10-06 06:11:39 RESTORE fill 90 / 500
2026-10-06 06:11:42 RESTORE fill 100 / 500
2026-10-06 06:11:45 RESTORE fill 110 / 500
2026-10-06 06:11:47 RESTORE fill 120 / 500
2026-10-06 06:11:49 RESTORE fill 130 / 500
2026-10-06 06:11:51 RESTORE fill 140 / 500
2026-10-06 06:11:54 RESTORE fill 150 / 500
2026-10-06 06:11:56 RESTORE fill 160 / 500
2026-10-06 06:11:58 RESTORE fill 170 / 500
2026-10-06 06:12:02 RESTORE fill 180 / 500
2026-10-06 06:12:05 RESTORE fill 190 / 500
2026-10-06 06:12:08 RESTORE fill 200 / 500
2026-10-06 06:12:09 RESTORE fill 210 / 500
2026-10-06 06:12:12 RESTORE fill 220 / 500
2026-10-06 06:12:15 RESTORE fill 230 / 500
2026-10-06 06:12:17 RESTORE fill 240 / 500
2026-10-06 06:12:20 RESTORE fill 250 / 500
2026-10-06 06:12:23 RESTORE fill 260 / 500
2026-10-06 06:12:25 RESTORE fill 270 / 500
2026-10-06 06:12:28 RESTORE fill 280 / 500
2026-10-06 06:12:31 RESTORE fill 290 / 500
2026-10-06 06:12:33 RESTORE fill 300 / 500
2026-10-06 06:12:35 RESTORE fill 310 / 500
2026-10-06 06:12:39 RESTORE fill 320 / 500
2026-10-06 06:12:42 RESTORE fill 330 / 500
2026-10-06 06:12:44 RESTORE fill 340 / 500
2026-10-06 06:12:48 RESTORE fill 350 / 500
2026-10-06 06:12:51 RESTORE fill 360 / 500
2026-10-06 06:12:53 RESTORE fill 370 / 500
2026-10-06 06:12:56 RESTORE fill 380 / 500
2026-10-06 06:12:58 RESTORE fill 390 / 500
2026-10-06 06:13:02 RESTORE fill 400 / 500
2026-10-06 06:13:04 RESTORE fill 410 / 500
2026-10-06 06:13:07 RESTORE fill 420 / 500
2026-10-06 06:13:09 RESTORE fill 430 / 500
2026-10-06 06:13:11 RESTORE fill 440 / 500
2026-10-06 06:13:14 RESTORE fill 450 / 500
2026-10-06 06:13:15 RESTORE fill 460 / 500
2026-10-06 06:13:18 RESTORE fill 470 / 500
2026-10-06 06:13:23 RESTORE fill 480 / 500
2026-10-06 06:13:27 RESTORE fill 490 / 500
2026-10-06 06:13:32 RESTORE fill 500 / 500
2026-10-06 06:13:32 RESTORE settle 443994256 backlog bytes 0 queued commits
2026-10-06 06:13:38 lavik-seed-diagnostic-parent5a3903d9-hashset-write-set-104857600-1024-k500-c320-20261006 set-104857600-1024-smembers-c1 1 QPS p99=1318.91 ms
2026-10-06 06:13:58 lavik-diagnostic-parent5a3903d9-hashset-write-set-104857600-1024-k500-c320-20261006 set-104857600-1024 fill
2026-10-06 06:14:29 diagnostic-c320 set-104857600-1024-sadd_srem-c320 313455 QPS p99=7.46 ms
Error:
The /mnt/dev/lavik-complex-refresh-20261004/perf_reports/lavik-complex-structures-2026-09-26/raw/lavik-diagnostic-parent5a3903d9-hashset-write-set-104857600-1024-k500-c320-20261006/diagnostic-c320/cpu-1143843.perf data has no samples!
