2026-10-06 11:28:50 lavik-seed-diagnostic-candidatecaba8203-matched-seed-hashset-write-hash-104857600-1024-k500-c320-20261006 hash-104857600-1024 fill
2026-10-06 11:28:53 RESTORE fill 10 / 500
2026-10-06 11:28:55 RESTORE fill 20 / 500
2026-10-06 11:28:57 RESTORE fill 30 / 500
2026-10-06 11:29:00 RESTORE fill 40 / 500
2026-10-06 11:29:02 RESTORE fill 50 / 500
2026-10-06 11:29:03 RESTORE fill 60 / 500
2026-10-06 11:29:06 RESTORE fill 70 / 500
2026-10-06 11:29:09 RESTORE fill 80 / 500
2026-10-06 11:29:10 RESTORE fill 90 / 500
2026-10-06 11:29:13 RESTORE fill 100 / 500
2026-10-06 11:29:15 RESTORE fill 110 / 500
2026-10-06 11:29:17 RESTORE fill 120 / 500
2026-10-06 11:29:20 RESTORE fill 130 / 500
2026-10-06 11:29:23 RESTORE fill 140 / 500
2026-10-06 11:29:25 RESTORE fill 150 / 500
2026-10-06 11:29:28 RESTORE fill 160 / 500
2026-10-06 11:29:30 RESTORE fill 170 / 500
2026-10-06 11:29:31 RESTORE fill 180 / 500
2026-10-06 11:29:34 RESTORE fill 190 / 500
2026-10-06 11:29:37 RESTORE fill 200 / 500
2026-10-06 11:29:39 RESTORE fill 210 / 500
2026-10-06 11:29:42 RESTORE fill 220 / 500
2026-10-06 11:29:44 RESTORE fill 230 / 500
2026-10-06 11:29:47 RESTORE fill 240 / 500
2026-10-06 11:29:49 RESTORE fill 250 / 500
2026-10-06 11:29:52 RESTORE fill 260 / 500
2026-10-06 11:29:54 RESTORE fill 270 / 500
2026-10-06 11:29:56 RESTORE fill 280 / 500
2026-10-06 11:29:58 RESTORE fill 290 / 500
2026-10-06 11:29:59 RESTORE fill 300 / 500
2026-10-06 11:30:03 RESTORE fill 310 / 500
2026-10-06 11:30:06 RESTORE fill 320 / 500
2026-10-06 11:30:09 RESTORE fill 330 / 500
2026-10-06 11:30:10 RESTORE fill 340 / 500
2026-10-06 11:30:14 RESTORE fill 350 / 500
2026-10-06 11:30:16 RESTORE fill 360 / 500
2026-10-06 11:30:17 RESTORE fill 370 / 500
2026-10-06 11:30:19 RESTORE fill 380 / 500
2026-10-06 11:30:22 RESTORE fill 390 / 500
2026-10-06 11:30:23 RESTORE fill 400 / 500
2026-10-06 11:30:26 RESTORE fill 410 / 500
2026-10-06 11:30:28 RESTORE fill 420 / 500
2026-10-06 11:30:30 RESTORE fill 430 / 500
2026-10-06 11:30:32 RESTORE fill 440 / 500
2026-10-06 11:30:33 RESTORE fill 450 / 500
2026-10-06 11:30:36 RESTORE fill 460 / 500
2026-10-06 11:30:39 RESTORE fill 470 / 500
2026-10-06 11:30:41 RESTORE fill 480 / 500
2026-10-06 11:30:43 RESTORE fill 490 / 500
2026-10-06 11:30:48 RESTORE fill 500 / 500
2026-10-06 11:30:48 RESTORE settle 217811192 backlog bytes 0 queued commits
2026-10-06 11:30:55 lavik-seed-diagnostic-candidatecaba8203-matched-seed-hashset-write-hash-104857600-1024-k500-c320-20261006 hash-104857600-1024-hgetall-c1 1 QPS p99=1318.91 ms
2026-10-06 11:31:16 lavik-diagnostic-candidatecaba8203-matched-seed-hashset-write-hash-104857600-1024-k500-c320-20261006 hash-104857600-1024 fill
2026-10-06 11:31:48 diagnostic-c320 hash-104857600-1024-hset-c320 196784 QPS p99=27.39 ms
Error:
The /mnt/dev/lavik-complex-refresh-20261004/perf_reports/lavik-complex-structures-2026-09-26/raw/lavik-diagnostic-candidatecaba8203-matched-seed-hashset-write-hash-104857600-1024-k500-c320-20261006/diagnostic-c320/cpu-1233384.perf data has no samples!
