WAIT_FOR_HOST_LOCK hashset-routing-overlay-native 1193779 1791275272.4166248
HOST_LOCK_ACQUIRED hashset-routing-overlay-native 1193779 1791275272.4166746
START checkout 1791275272.4242532
PASS checkout 1791275272.4399657
START configure-tests 1791275272.440001
PASS configure-tests 1791275277.3136942
START build-tests 1791275277.313739
PASS build-tests 1791275526.0879323
START unit-tests 1791275526.088055
PASS unit-tests 1791275528.8089395
START configure-production 1791275528.9097297
PASS configure-production 1791275533.382993
START build-production 1791275533.383041
PASS build-production 1791275533.447085
START parent-hash-native 1791275534.1824737
PASS parent-hash-native 1791275551.08139
START candidate-hash-native 1791275551.3251183
PASS candidate-hash-native 1791275580.6516047
START candidate-ordered-native 1791275580.6519496
PASS candidate-ordered-native 1791276109.174742
ALL_HASHSET_OVERLAY_NATIVE_TESTS_PASS 1791276109.424308
