2026-10-06 07:49:41 lavik-seed-parent5a3903d9-route-overlay-standard-hash-104857600-1024-k500-r2-20261006 hash-104857600-1024 fill
2026-10-06 07:49:44 RESTORE fill 10 / 500
2026-10-06 07:49:45 RESTORE fill 20 / 500
2026-10-06 07:49:47 RESTORE fill 30 / 500
2026-10-06 07:49:50 RESTORE fill 40 / 500
2026-10-06 07:49:52 RESTORE fill 50 / 500
2026-10-06 07:49:54 RESTORE fill 60 / 500
2026-10-06 07:49:56 RESTORE fill 70 / 500
2026-10-06 07:49:58 RESTORE fill 80 / 500
2026-10-06 07:50:01 RESTORE fill 90 / 500
2026-10-06 07:50:03 RESTORE fill 100 / 500
2026-10-06 07:50:05 RESTORE fill 110 / 500
2026-10-06 07:50:08 RESTORE fill 120 / 500
2026-10-06 07:50:10 RESTORE fill 130 / 500
2026-10-06 07:50:12 RESTORE fill 140 / 500
2026-10-06 07:50:15 RESTORE fill 150 / 500
2026-10-06 07:50:17 RESTORE fill 160 / 500
2026-10-06 07:50:19 RESTORE fill 170 / 500
2026-10-06 07:50:22 RESTORE fill 180 / 500
2026-10-06 07:50:24 RESTORE fill 190 / 500
2026-10-06 07:50:26 RESTORE fill 200 / 500
2026-10-06 07:50:28 RESTORE fill 210 / 500
2026-10-06 07:50:32 RESTORE fill 220 / 500
2026-10-06 07:50:34 RESTORE fill 230 / 500
2026-10-06 07:50:36 RESTORE fill 240 / 500
2026-10-06 07:50:38 RESTORE fill 250 / 500
2026-10-06 07:50:40 RESTORE fill 260 / 500
2026-10-06 07:50:42 RESTORE fill 270 / 500
2026-10-06 07:50:44 RESTORE fill 280 / 500
2026-10-06 07:50:47 RESTORE fill 290 / 500
2026-10-06 07:50:50 RESTORE fill 300 / 500
2026-10-06 07:50:52 RESTORE fill 310 / 500
2026-10-06 07:50:54 RESTORE fill 320 / 500
2026-10-06 07:50:57 RESTORE fill 330 / 500
2026-10-06 07:50:59 RESTORE fill 340 / 500
2026-10-06 07:51:02 RESTORE fill 350 / 500
2026-10-06 07:51:04 RESTORE fill 360 / 500
2026-10-06 07:51:07 RESTORE fill 370 / 500
2026-10-06 07:51:08 RESTORE fill 380 / 500
2026-10-06 07:51:11 RESTORE fill 390 / 500
2026-10-06 07:51:13 RESTORE fill 400 / 500
2026-10-06 07:51:14 RESTORE fill 410 / 500
2026-10-06 07:51:17 RESTORE fill 420 / 500
2026-10-06 07:51:19 RESTORE fill 430 / 500
2026-10-06 07:51:22 RESTORE fill 440 / 500
2026-10-06 07:51:23 RESTORE fill 450 / 500
2026-10-06 07:51:26 RESTORE fill 460 / 500
2026-10-06 07:51:29 RESTORE fill 470 / 500
2026-10-06 07:51:31 RESTORE fill 480 / 500
2026-10-06 07:51:34 RESTORE fill 490 / 500
2026-10-06 07:51:39 RESTORE fill 500 / 500
2026-10-06 07:51:39 RESTORE settle 435618064 backlog bytes 0 queued commits
2026-10-06 07:51:46 lavik-seed-parent5a3903d9-route-overlay-standard-hash-104857600-1024-k500-r2-20261006 hash-104857600-1024-hgetall-c1 1 QPS p99=1318.91 ms
2026-10-06 07:52:05 lavik-parent5a3903d9-route-overlay-standard-hash-104857600-1024-k500-r2-20261006 hash-104857600-1024 fill
2026-10-06 07:52:37 lavik-parent5a3903d9-route-overlay-standard-hash-104857600-1024-k500-r2-20261006 hash-104857600-1024-hget-c320 589701 QPS p99=1.20 ms
2026-10-06 07:53:09 lavik-parent5a3903d9-route-overlay-standard-hash-104857600-1024-k500-r2-20261006 hash-104857600-1024-hset-c320 181042 QPS p99=29.44 ms
2026-10-06 07:53:40 lavik-parent5a3903d9-route-overlay-standard-hash-104857600-1024-k500-r2-20261006 hash-104857600-1024-hget_after_write-c320 688324 QPS p99=1.08 ms
