2026-10-06 07:00:17 lavik-seed-parent5a3903d9-route-overlay-standard-set-104857600-1024-k500-r1-20261006 set-104857600-1024 fill
2026-10-06 07:00:20 RESTORE fill 10 / 500
2026-10-06 07:00:22 RESTORE fill 20 / 500
2026-10-06 07:00:25 RESTORE fill 30 / 500
2026-10-06 07:00:26 RESTORE fill 40 / 500
2026-10-06 07:00:29 RESTORE fill 50 / 500
2026-10-06 07:00:31 RESTORE fill 60 / 500
2026-10-06 07:00:33 RESTORE fill 70 / 500
2026-10-06 07:00:36 RESTORE fill 80 / 500
2026-10-06 07:00:38 RESTORE fill 90 / 500
2026-10-06 07:00:40 RESTORE fill 100 / 500
2026-10-06 07:00:43 RESTORE fill 110 / 500
2026-10-06 07:00:46 RESTORE fill 120 / 500
2026-10-06 07:00:49 RESTORE fill 130 / 500
2026-10-06 07:00:52 RESTORE fill 140 / 500
2026-10-06 07:00:55 RESTORE fill 150 / 500
2026-10-06 07:00:58 RESTORE fill 160 / 500
2026-10-06 07:01:00 RESTORE fill 170 / 500
2026-10-06 07:01:04 RESTORE fill 180 / 500
2026-10-06 07:01:06 RESTORE fill 190 / 500
2026-10-06 07:01:09 RESTORE fill 200 / 500
2026-10-06 07:01:11 RESTORE fill 210 / 500
2026-10-06 07:01:13 RESTORE fill 220 / 500
2026-10-06 07:01:16 RESTORE fill 230 / 500
2026-10-06 07:01:20 RESTORE fill 240 / 500
2026-10-06 07:01:22 RESTORE fill 250 / 500
2026-10-06 07:01:26 RESTORE fill 260 / 500
2026-10-06 07:01:28 RESTORE fill 270 / 500
2026-10-06 07:01:31 RESTORE fill 280 / 500
2026-10-06 07:01:33 RESTORE fill 290 / 500
2026-10-06 07:01:35 RESTORE fill 300 / 500
2026-10-06 07:01:38 RESTORE fill 310 / 500
2026-10-06 07:01:42 RESTORE fill 320 / 500
2026-10-06 07:01:44 RESTORE fill 330 / 500
2026-10-06 07:01:47 RESTORE fill 340 / 500
2026-10-06 07:01:49 RESTORE fill 350 / 500
2026-10-06 07:01:51 RESTORE fill 360 / 500
2026-10-06 07:01:54 RESTORE fill 370 / 500
2026-10-06 07:01:58 RESTORE fill 380 / 500
2026-10-06 07:02:00 RESTORE fill 390 / 500
2026-10-06 07:02:04 RESTORE fill 400 / 500
2026-10-06 07:02:06 RESTORE fill 410 / 500
2026-10-06 07:02:10 RESTORE fill 420 / 500
2026-10-06 07:02:11 RESTORE fill 430 / 500
2026-10-06 07:02:14 RESTORE fill 440 / 500
2026-10-06 07:02:17 RESTORE fill 450 / 500
2026-10-06 07:02:21 RESTORE fill 460 / 500
2026-10-06 07:02:24 RESTORE fill 470 / 500
2026-10-06 07:02:26 RESTORE fill 480 / 500
2026-10-06 07:02:29 RESTORE fill 490 / 500
2026-10-06 07:02:33 RESTORE fill 500 / 500
2026-10-06 07:02:33 RESTORE settle 326729840 backlog bytes 0 queued commits
2026-10-06 07:02:40 lavik-seed-parent5a3903d9-route-overlay-standard-set-104857600-1024-k500-r1-20261006 set-104857600-1024-smembers-c1 1 QPS p99=1318.91 ms
2026-10-06 07:02:59 lavik-parent5a3903d9-route-overlay-standard-set-104857600-1024-k500-r1-20261006 set-104857600-1024 fill
2026-10-06 07:03:31 lavik-parent5a3903d9-route-overlay-standard-set-104857600-1024-k500-r1-20261006 set-104857600-1024-sismember-c320 534234 QPS p99=2.14 ms
2026-10-06 07:04:02 lavik-parent5a3903d9-route-overlay-standard-set-104857600-1024-k500-r1-20261006 set-104857600-1024-sadd_srem-c320 329181 QPS p99=7.26 ms
2026-10-06 07:04:34 lavik-parent5a3903d9-route-overlay-standard-set-104857600-1024-k500-r1-20261006 set-104857600-1024-sismember_after_write-c320 541525 QPS p99=2.16 ms
