2026-10-06 11:07:29 lavik-seed-parent5a3903d9-matched-seed-v2-overlay-dispersed64-hash-104857600-1024-k500-r3-20261006 hash-104857600-1024 fill
2026-10-06 11:07:32 RESTORE fill 10 / 500
2026-10-06 11:07:33 RESTORE fill 20 / 500
2026-10-06 11:07:37 RESTORE fill 30 / 500
2026-10-06 11:07:39 RESTORE fill 40 / 500
2026-10-06 11:07:40 RESTORE fill 50 / 500
2026-10-06 11:07:42 RESTORE fill 60 / 500
2026-10-06 11:07:45 RESTORE fill 70 / 500
2026-10-06 11:07:48 RESTORE fill 80 / 500
2026-10-06 11:07:49 RESTORE fill 90 / 500
2026-10-06 11:07:51 RESTORE fill 100 / 500
2026-10-06 11:07:53 RESTORE fill 110 / 500
2026-10-06 11:07:57 RESTORE fill 120 / 500
2026-10-06 11:07:59 RESTORE fill 130 / 500
2026-10-06 11:08:02 RESTORE fill 140 / 500
2026-10-06 11:08:04 RESTORE fill 150 / 500
2026-10-06 11:08:08 RESTORE fill 160 / 500
2026-10-06 11:08:09 RESTORE fill 170 / 500
2026-10-06 11:08:12 RESTORE fill 180 / 500
2026-10-06 11:08:14 RESTORE fill 190 / 500
2026-10-06 11:08:18 RESTORE fill 200 / 500
2026-10-06 11:08:19 RESTORE fill 210 / 500
2026-10-06 11:08:22 RESTORE fill 220 / 500
2026-10-06 11:08:24 RESTORE fill 230 / 500
2026-10-06 11:08:27 RESTORE fill 240 / 500
2026-10-06 11:08:30 RESTORE fill 250 / 500
2026-10-06 11:08:32 RESTORE fill 260 / 500
2026-10-06 11:08:34 RESTORE fill 270 / 500
2026-10-06 11:08:36 RESTORE fill 280 / 500
2026-10-06 11:08:38 RESTORE fill 290 / 500
2026-10-06 11:08:41 RESTORE fill 300 / 500
2026-10-06 11:08:43 RESTORE fill 310 / 500
2026-10-06 11:08:44 RESTORE fill 320 / 500
2026-10-06 11:08:46 RESTORE fill 330 / 500
2026-10-06 11:08:49 RESTORE fill 340 / 500
2026-10-06 11:08:50 RESTORE fill 350 / 500
2026-10-06 11:08:52 RESTORE fill 360 / 500
2026-10-06 11:08:55 RESTORE fill 370 / 500
2026-10-06 11:08:57 RESTORE fill 380 / 500
2026-10-06 11:08:59 RESTORE fill 390 / 500
2026-10-06 11:09:01 RESTORE fill 400 / 500
2026-10-06 11:09:04 RESTORE fill 410 / 500
2026-10-06 11:09:07 RESTORE fill 420 / 500
2026-10-06 11:09:09 RESTORE fill 430 / 500
2026-10-06 11:09:11 RESTORE fill 440 / 500
2026-10-06 11:09:14 RESTORE fill 450 / 500
2026-10-06 11:09:16 RESTORE fill 460 / 500
2026-10-06 11:09:19 RESTORE fill 470 / 500
2026-10-06 11:09:21 RESTORE fill 480 / 500
2026-10-06 11:09:24 RESTORE fill 490 / 500
2026-10-06 11:09:30 RESTORE fill 500 / 500
2026-10-06 11:09:30 RESTORE settle 217817688 backlog bytes 0 queued commits
2026-10-06 11:09:37 lavik-seed-parent5a3903d9-matched-seed-v2-overlay-dispersed64-hash-104857600-1024-k500-r3-20261006 hash-104857600-1024-hgetall-c1 1 QPS p99=1343.49 ms
2026-10-06 11:09:58 lavik-parent5a3903d9-matched-seed-v2-overlay-dispersed64-hash-104857600-1024-k500-r3-20261006 hash-104857600-1024 fill
2026-10-06 11:10:30 lavik-parent5a3903d9-matched-seed-v2-overlay-dispersed64-hash-104857600-1024-k500-r3-20261006 hash-104857600-1024-hget-c320 550486 QPS p99=1.66 ms
2026-10-06 11:11:02 lavik-parent5a3903d9-matched-seed-v2-overlay-dispersed64-hash-104857600-1024-k500-r3-20261006 hash-104857600-1024-hset-c320 117262 QPS p99=25.21 ms
2026-10-06 11:11:34 lavik-parent5a3903d9-matched-seed-v2-overlay-dispersed64-hash-104857600-1024-k500-r3-20261006 hash-104857600-1024-hget_after_write-c320 555716 QPS p99=1.81 ms
