2026-10-06 09:28:22 lavik-seed-parent5a3903d9-matched-seed-v2-overlay-dispersed64-set-104857600-1024-k500-r1-20261006 set-104857600-1024 fill
2026-10-06 09:28:25 RESTORE fill 10 / 500
2026-10-06 09:28:27 RESTORE fill 20 / 500
2026-10-06 09:28:29 RESTORE fill 30 / 500
2026-10-06 09:28:32 RESTORE fill 40 / 500
2026-10-06 09:28:34 RESTORE fill 50 / 500
2026-10-06 09:28:36 RESTORE fill 60 / 500
2026-10-06 09:28:39 RESTORE fill 70 / 500
2026-10-06 09:28:43 RESTORE fill 80 / 500
2026-10-06 09:28:44 RESTORE fill 90 / 500
2026-10-06 09:28:47 RESTORE fill 100 / 500
2026-10-06 09:28:50 RESTORE fill 110 / 500
2026-10-06 09:28:53 RESTORE fill 120 / 500
2026-10-06 09:28:55 RESTORE fill 130 / 500
2026-10-06 09:28:58 RESTORE fill 140 / 500
2026-10-06 09:29:01 RESTORE fill 150 / 500
2026-10-06 09:29:04 RESTORE fill 160 / 500
2026-10-06 09:29:07 RESTORE fill 170 / 500
2026-10-06 09:29:10 RESTORE fill 180 / 500
2026-10-06 09:29:12 RESTORE fill 190 / 500
2026-10-06 09:29:15 RESTORE fill 200 / 500
2026-10-06 09:29:16 RESTORE fill 210 / 500
2026-10-06 09:29:18 RESTORE fill 220 / 500
2026-10-06 09:29:21 RESTORE fill 230 / 500
2026-10-06 09:29:24 RESTORE fill 240 / 500
2026-10-06 09:29:26 RESTORE fill 250 / 500
2026-10-06 09:29:28 RESTORE fill 260 / 500
2026-10-06 09:29:31 RESTORE fill 270 / 500
2026-10-06 09:29:34 RESTORE fill 280 / 500
2026-10-06 09:29:36 RESTORE fill 290 / 500
2026-10-06 09:29:37 RESTORE fill 300 / 500
2026-10-06 09:29:40 RESTORE fill 310 / 500
2026-10-06 09:29:43 RESTORE fill 320 / 500
2026-10-06 09:29:46 RESTORE fill 330 / 500
2026-10-06 09:29:48 RESTORE fill 340 / 500
2026-10-06 09:29:51 RESTORE fill 350 / 500
2026-10-06 09:29:53 RESTORE fill 360 / 500
2026-10-06 09:29:55 RESTORE fill 370 / 500
2026-10-06 09:29:57 RESTORE fill 380 / 500
2026-10-06 09:30:00 RESTORE fill 390 / 500
2026-10-06 09:30:03 RESTORE fill 400 / 500
2026-10-06 09:30:06 RESTORE fill 410 / 500
2026-10-06 09:30:08 RESTORE fill 420 / 500
2026-10-06 09:30:10 RESTORE fill 430 / 500
2026-10-06 09:30:13 RESTORE fill 440 / 500
2026-10-06 09:30:16 RESTORE fill 450 / 500
2026-10-06 09:30:19 RESTORE fill 460 / 500
2026-10-06 09:30:21 RESTORE fill 470 / 500
2026-10-06 09:30:25 RESTORE fill 480 / 500
2026-10-06 09:30:31 RESTORE fill 490 / 500
2026-10-06 09:30:37 RESTORE fill 500 / 500
2026-10-06 09:30:37 RESTORE settle 217813680 backlog bytes 0 queued commits
2026-10-06 09:30:44 lavik-seed-parent5a3903d9-matched-seed-v2-overlay-dispersed64-set-104857600-1024-k500-r1-20261006 set-104857600-1024-smembers-c1 1 QPS p99=1327.10 ms
2026-10-06 09:31:05 lavik-parent5a3903d9-matched-seed-v2-overlay-dispersed64-set-104857600-1024-k500-r1-20261006 set-104857600-1024 fill
2026-10-06 09:31:37 lavik-parent5a3903d9-matched-seed-v2-overlay-dispersed64-set-104857600-1024-k500-r1-20261006 set-104857600-1024-sismember-c320 518585 QPS p99=2.14 ms
2026-10-06 09:32:10 lavik-parent5a3903d9-matched-seed-v2-overlay-dispersed64-set-104857600-1024-k500-r1-20261006 set-104857600-1024-sadd_srem-c320 156632 QPS p99=18.82 ms
2026-10-06 09:32:42 lavik-parent5a3903d9-matched-seed-v2-overlay-dispersed64-set-104857600-1024-k500-r1-20261006 set-104857600-1024-sismember_after_write-c320 480467 QPS p99=3.10 ms
