2026-10-06 10:26:29 lavik-seed-parent5a3903d9-matched-seed-v2-overlay-dispersed64-set-104857600-1024-k500-r2-20261006 set-104857600-1024 fill
2026-10-06 10:26:32 RESTORE fill 10 / 500
2026-10-06 10:26:35 RESTORE fill 20 / 500
2026-10-06 10:26:36 RESTORE fill 30 / 500
2026-10-06 10:26:39 RESTORE fill 40 / 500
2026-10-06 10:26:41 RESTORE fill 50 / 500
2026-10-06 10:26:44 RESTORE fill 60 / 500
2026-10-06 10:26:46 RESTORE fill 70 / 500
2026-10-06 10:26:48 RESTORE fill 80 / 500
2026-10-06 10:26:50 RESTORE fill 90 / 500
2026-10-06 10:26:52 RESTORE fill 100 / 500
2026-10-06 10:26:56 RESTORE fill 110 / 500
2026-10-06 10:26:58 RESTORE fill 120 / 500
2026-10-06 10:27:02 RESTORE fill 130 / 500
2026-10-06 10:27:04 RESTORE fill 140 / 500
2026-10-06 10:27:07 RESTORE fill 150 / 500
2026-10-06 10:27:11 RESTORE fill 160 / 500
2026-10-06 10:27:12 RESTORE fill 170 / 500
2026-10-06 10:27:15 RESTORE fill 180 / 500
2026-10-06 10:27:18 RESTORE fill 190 / 500
2026-10-06 10:27:21 RESTORE fill 200 / 500
2026-10-06 10:27:23 RESTORE fill 210 / 500
2026-10-06 10:27:26 RESTORE fill 220 / 500
2026-10-06 10:27:31 RESTORE fill 230 / 500
2026-10-06 10:27:34 RESTORE fill 240 / 500
2026-10-06 10:27:36 RESTORE fill 250 / 500
2026-10-06 10:27:39 RESTORE fill 260 / 500
2026-10-06 10:27:41 RESTORE fill 270 / 500
2026-10-06 10:27:43 RESTORE fill 280 / 500
2026-10-06 10:27:46 RESTORE fill 290 / 500
2026-10-06 10:27:50 RESTORE fill 300 / 500
2026-10-06 10:27:53 RESTORE fill 310 / 500
2026-10-06 10:27:55 RESTORE fill 320 / 500
2026-10-06 10:27:58 RESTORE fill 330 / 500
2026-10-06 10:28:01 RESTORE fill 340 / 500
2026-10-06 10:28:04 RESTORE fill 350 / 500
2026-10-06 10:28:07 RESTORE fill 360 / 500
2026-10-06 10:28:08 RESTORE fill 370 / 500
2026-10-06 10:28:11 RESTORE fill 380 / 500
2026-10-06 10:28:12 RESTORE fill 390 / 500
2026-10-06 10:28:14 RESTORE fill 400 / 500
2026-10-06 10:28:17 RESTORE fill 410 / 500
2026-10-06 10:28:18 RESTORE fill 420 / 500
2026-10-06 10:28:22 RESTORE fill 430 / 500
2026-10-06 10:28:24 RESTORE fill 440 / 500
2026-10-06 10:28:26 RESTORE fill 450 / 500
2026-10-06 10:28:30 RESTORE fill 460 / 500
2026-10-06 10:28:32 RESTORE fill 470 / 500
2026-10-06 10:28:36 RESTORE fill 480 / 500
2026-10-06 10:28:39 RESTORE fill 490 / 500
2026-10-06 10:28:46 RESTORE fill 500 / 500
2026-10-06 10:28:46 RESTORE settle 217820568 backlog bytes 0 queued commits
2026-10-06 10:28:53 lavik-seed-parent5a3903d9-matched-seed-v2-overlay-dispersed64-set-104857600-1024-k500-r2-20261006 set-104857600-1024-smembers-c1 1 QPS p99=1392.64 ms
2026-10-06 10:29:14 lavik-parent5a3903d9-matched-seed-v2-overlay-dispersed64-set-104857600-1024-k500-r2-20261006 set-104857600-1024 fill
2026-10-06 10:29:46 lavik-parent5a3903d9-matched-seed-v2-overlay-dispersed64-set-104857600-1024-k500-r2-20261006 set-104857600-1024-sismember-c320 514477 QPS p99=2.10 ms
2026-10-06 10:30:19 lavik-parent5a3903d9-matched-seed-v2-overlay-dispersed64-set-104857600-1024-k500-r2-20261006 set-104857600-1024-sadd_srem-c320 155064 QPS p99=19.33 ms
2026-10-06 10:30:51 lavik-parent5a3903d9-matched-seed-v2-overlay-dispersed64-set-104857600-1024-k500-r2-20261006 set-104857600-1024-sismember_after_write-c320 482845 QPS p99=2.98 ms
