2026-10-06 09:02:01 lavik-seed-parent5a3903d9-matched-seed-v2-overlay-standard-hash-104857600-1024-k500-r1-20261006 hash-104857600-1024 fill
2026-10-06 09:02:03 RESTORE fill 10 / 500
2026-10-06 09:02:05 RESTORE fill 20 / 500
2026-10-06 09:02:07 RESTORE fill 30 / 500
2026-10-06 09:02:09 RESTORE fill 40 / 500
2026-10-06 09:02:12 RESTORE fill 50 / 500
2026-10-06 09:02:14 RESTORE fill 60 / 500
2026-10-06 09:02:16 RESTORE fill 70 / 500
2026-10-06 09:02:18 RESTORE fill 80 / 500
2026-10-06 09:02:20 RESTORE fill 90 / 500
2026-10-06 09:02:23 RESTORE fill 100 / 500
2026-10-06 09:02:26 RESTORE fill 110 / 500
2026-10-06 09:02:28 RESTORE fill 120 / 500
2026-10-06 09:02:30 RESTORE fill 130 / 500
2026-10-06 09:02:32 RESTORE fill 140 / 500
2026-10-06 09:02:35 RESTORE fill 150 / 500
2026-10-06 09:02:37 RESTORE fill 160 / 500
2026-10-06 09:02:41 RESTORE fill 170 / 500
2026-10-06 09:02:42 RESTORE fill 180 / 500
2026-10-06 09:02:44 RESTORE fill 190 / 500
2026-10-06 09:02:47 RESTORE fill 200 / 500
2026-10-06 09:02:48 RESTORE fill 210 / 500
2026-10-06 09:02:51 RESTORE fill 220 / 500
2026-10-06 09:02:53 RESTORE fill 230 / 500
2026-10-06 09:02:55 RESTORE fill 240 / 500
2026-10-06 09:02:59 RESTORE fill 250 / 500
2026-10-06 09:03:01 RESTORE fill 260 / 500
2026-10-06 09:03:03 RESTORE fill 270 / 500
2026-10-06 09:03:05 RESTORE fill 280 / 500
2026-10-06 09:03:07 RESTORE fill 290 / 500
2026-10-06 09:03:09 RESTORE fill 300 / 500
2026-10-06 09:03:11 RESTORE fill 310 / 500
2026-10-06 09:03:14 RESTORE fill 320 / 500
2026-10-06 09:03:15 RESTORE fill 330 / 500
2026-10-06 09:03:17 RESTORE fill 340 / 500
2026-10-06 09:03:19 RESTORE fill 350 / 500
2026-10-06 09:03:21 RESTORE fill 360 / 500
2026-10-06 09:03:23 RESTORE fill 370 / 500
2026-10-06 09:03:25 RESTORE fill 380 / 500
2026-10-06 09:03:27 RESTORE fill 390 / 500
2026-10-06 09:03:29 RESTORE fill 400 / 500
2026-10-06 09:03:30 RESTORE fill 410 / 500
2026-10-06 09:03:33 RESTORE fill 420 / 500
2026-10-06 09:03:34 RESTORE fill 430 / 500
2026-10-06 09:03:37 RESTORE fill 440 / 500
2026-10-06 09:03:39 RESTORE fill 450 / 500
2026-10-06 09:03:41 RESTORE fill 460 / 500
2026-10-06 09:03:43 RESTORE fill 470 / 500
2026-10-06 09:03:47 RESTORE fill 480 / 500
2026-10-06 09:03:49 RESTORE fill 490 / 500
2026-10-06 09:03:55 RESTORE fill 500 / 500
2026-10-06 09:03:55 RESTORE settle 217814464 backlog bytes 0 queued commits
2026-10-06 09:04:02 lavik-seed-parent5a3903d9-matched-seed-v2-overlay-standard-hash-104857600-1024-k500-r1-20261006 hash-104857600-1024-hgetall-c1 1 QPS p99=1294.34 ms
2026-10-06 09:04:23 lavik-parent5a3903d9-matched-seed-v2-overlay-standard-hash-104857600-1024-k500-r1-20261006 hash-104857600-1024 fill
2026-10-06 09:04:55 lavik-parent5a3903d9-matched-seed-v2-overlay-standard-hash-104857600-1024-k500-r1-20261006 hash-104857600-1024-hget-c320 581251 QPS p99=1.50 ms
2026-10-06 09:05:27 lavik-parent5a3903d9-matched-seed-v2-overlay-standard-hash-104857600-1024-k500-r1-20261006 hash-104857600-1024-hset-c320 184734 QPS p99=26.24 ms
2026-10-06 09:05:58 lavik-parent5a3903d9-matched-seed-v2-overlay-standard-hash-104857600-1024-k500-r1-20261006 hash-104857600-1024-hget_after_write-c320 703035 QPS p99=0.91 ms
