2026-10-06 10:48:59 lavik-seed-parent5a3903d9-matched-seed-v2-overlay-standard-hash-104857600-1024-k500-r3-20261006 hash-104857600-1024 fill
2026-10-06 10:49:01 RESTORE fill 10 / 500
2026-10-06 10:49:03 RESTORE fill 20 / 500
2026-10-06 10:49:06 RESTORE fill 30 / 500
2026-10-06 10:49:09 RESTORE fill 40 / 500
2026-10-06 10:49:11 RESTORE fill 50 / 500
2026-10-06 10:49:13 RESTORE fill 60 / 500
2026-10-06 10:49:15 RESTORE fill 70 / 500
2026-10-06 10:49:17 RESTORE fill 80 / 500
2026-10-06 10:49:20 RESTORE fill 90 / 500
2026-10-06 10:49:22 RESTORE fill 100 / 500
2026-10-06 10:49:24 RESTORE fill 110 / 500
2026-10-06 10:49:27 RESTORE fill 120 / 500
2026-10-06 10:49:30 RESTORE fill 130 / 500
2026-10-06 10:49:32 RESTORE fill 140 / 500
2026-10-06 10:49:35 RESTORE fill 150 / 500
2026-10-06 10:49:39 RESTORE fill 160 / 500
2026-10-06 10:49:41 RESTORE fill 170 / 500
2026-10-06 10:49:44 RESTORE fill 180 / 500
2026-10-06 10:49:46 RESTORE fill 190 / 500
2026-10-06 10:49:51 RESTORE fill 200 / 500
2026-10-06 10:49:53 RESTORE fill 210 / 500
2026-10-06 10:49:55 RESTORE fill 220 / 500
2026-10-06 10:49:58 RESTORE fill 230 / 500
2026-10-06 10:50:01 RESTORE fill 240 / 500
2026-10-06 10:50:02 RESTORE fill 250 / 500
2026-10-06 10:50:04 RESTORE fill 260 / 500
2026-10-06 10:50:06 RESTORE fill 270 / 500
2026-10-06 10:50:09 RESTORE fill 280 / 500
2026-10-06 10:50:12 RESTORE fill 290 / 500
2026-10-06 10:50:15 RESTORE fill 300 / 500
2026-10-06 10:50:17 RESTORE fill 310 / 500
2026-10-06 10:50:20 RESTORE fill 320 / 500
2026-10-06 10:50:22 RESTORE fill 330 / 500
2026-10-06 10:50:24 RESTORE fill 340 / 500
2026-10-06 10:50:26 RESTORE fill 350 / 500
2026-10-06 10:50:28 RESTORE fill 360 / 500
2026-10-06 10:50:31 RESTORE fill 370 / 500
2026-10-06 10:50:33 RESTORE fill 380 / 500
2026-10-06 10:50:35 RESTORE fill 390 / 500
2026-10-06 10:50:38 RESTORE fill 400 / 500
2026-10-06 10:50:40 RESTORE fill 410 / 500
2026-10-06 10:50:42 RESTORE fill 420 / 500
2026-10-06 10:50:46 RESTORE fill 430 / 500
2026-10-06 10:50:48 RESTORE fill 440 / 500
2026-10-06 10:50:50 RESTORE fill 450 / 500
2026-10-06 10:50:52 RESTORE fill 460 / 500
2026-10-06 10:50:55 RESTORE fill 470 / 500
2026-10-06 10:50:57 RESTORE fill 480 / 500
2026-10-06 10:50:59 RESTORE fill 490 / 500
2026-10-06 10:51:04 RESTORE fill 500 / 500
2026-10-06 10:51:04 RESTORE settle 326734528 backlog bytes 0 queued commits
2026-10-06 10:51:59 lavik-seed-parent5a3903d9-matched-seed-v2-overlay-standard-hash-104857600-1024-k500-r3-20261006 hash-104857600-1024-hgetall-c1 1 QPS p99=1392.64 ms
2026-10-06 10:52:20 lavik-parent5a3903d9-matched-seed-v2-overlay-standard-hash-104857600-1024-k500-r3-20261006 hash-104857600-1024 fill
2026-10-06 10:52:52 lavik-parent5a3903d9-matched-seed-v2-overlay-standard-hash-104857600-1024-k500-r3-20261006 hash-104857600-1024-hget-c320 564606 QPS p99=1.84 ms
2026-10-06 10:53:24 lavik-parent5a3903d9-matched-seed-v2-overlay-standard-hash-104857600-1024-k500-r3-20261006 hash-104857600-1024-hset-c320 177204 QPS p99=29.44 ms
2026-10-06 10:53:54 lavik-parent5a3903d9-matched-seed-v2-overlay-standard-hash-104857600-1024-k500-r3-20261006 hash-104857600-1024-hget_after_write-c320 679408 QPS p99=1.00 ms
