2026-10-06 06:51:52 lavik-seed-parent5a3903d9-route-overlay-standard-hash-104857600-1024-k500-r1-20261006 hash-104857600-1024 fill
2026-10-06 06:51:54 RESTORE fill 10 / 500
2026-10-06 06:51:57 RESTORE fill 20 / 500
2026-10-06 06:51:59 RESTORE fill 30 / 500
2026-10-06 06:52:00 RESTORE fill 40 / 500
2026-10-06 06:52:03 RESTORE fill 50 / 500
2026-10-06 06:52:05 RESTORE fill 60 / 500
2026-10-06 06:52:07 RESTORE fill 70 / 500
2026-10-06 06:52:09 RESTORE fill 80 / 500
2026-10-06 06:52:11 RESTORE fill 90 / 500
2026-10-06 06:52:14 RESTORE fill 100 / 500
2026-10-06 06:52:15 RESTORE fill 110 / 500
2026-10-06 06:52:18 RESTORE fill 120 / 500
2026-10-06 06:52:20 RESTORE fill 130 / 500
2026-10-06 06:52:22 RESTORE fill 140 / 500
2026-10-06 06:52:24 RESTORE fill 150 / 500
2026-10-06 06:52:27 RESTORE fill 160 / 500
2026-10-06 06:52:28 RESTORE fill 170 / 500
2026-10-06 06:52:30 RESTORE fill 180 / 500
2026-10-06 06:52:32 RESTORE fill 190 / 500
2026-10-06 06:52:34 RESTORE fill 200 / 500
2026-10-06 06:52:37 RESTORE fill 210 / 500
2026-10-06 06:52:41 RESTORE fill 220 / 500
2026-10-06 06:52:43 RESTORE fill 230 / 500
2026-10-06 06:52:45 RESTORE fill 240 / 500
2026-10-06 06:52:47 RESTORE fill 250 / 500
2026-10-06 06:52:48 RESTORE fill 260 / 500
2026-10-06 06:52:51 RESTORE fill 270 / 500
2026-10-06 06:52:52 RESTORE fill 280 / 500
2026-10-06 06:52:55 RESTORE fill 290 / 500
2026-10-06 06:52:57 RESTORE fill 300 / 500
2026-10-06 06:52:58 RESTORE fill 310 / 500
2026-10-06 06:53:00 RESTORE fill 320 / 500
2026-10-06 06:53:02 RESTORE fill 330 / 500
2026-10-06 06:53:06 RESTORE fill 340 / 500
2026-10-06 06:53:08 RESTORE fill 350 / 500
2026-10-06 06:53:10 RESTORE fill 360 / 500
2026-10-06 06:53:12 RESTORE fill 370 / 500
2026-10-06 06:53:15 RESTORE fill 380 / 500
2026-10-06 06:53:16 RESTORE fill 390 / 500
2026-10-06 06:53:19 RESTORE fill 400 / 500
2026-10-06 06:53:21 RESTORE fill 410 / 500
2026-10-06 06:53:23 RESTORE fill 420 / 500
2026-10-06 06:53:26 RESTORE fill 430 / 500
2026-10-06 06:53:28 RESTORE fill 440 / 500
2026-10-06 06:53:31 RESTORE fill 450 / 500
2026-10-06 06:53:33 RESTORE fill 460 / 500
2026-10-06 06:53:36 RESTORE fill 470 / 500
2026-10-06 06:53:38 RESTORE fill 480 / 500
2026-10-06 06:53:41 RESTORE fill 490 / 500
2026-10-06 06:53:45 RESTORE fill 500 / 500
2026-10-06 06:53:45 RESTORE settle 1231496368 backlog bytes 0 queued commits
2026-10-06 06:53:52 lavik-seed-parent5a3903d9-route-overlay-standard-hash-104857600-1024-k500-r1-20261006 hash-104857600-1024-hgetall-c1 1 QPS p99=1302.53 ms
2026-10-06 06:54:13 lavik-parent5a3903d9-route-overlay-standard-hash-104857600-1024-k500-r1-20261006 hash-104857600-1024 fill
2026-10-06 06:54:45 lavik-parent5a3903d9-route-overlay-standard-hash-104857600-1024-k500-r1-20261006 hash-104857600-1024-hget-c320 572865 QPS p99=1.76 ms
2026-10-06 06:55:16 lavik-parent5a3903d9-route-overlay-standard-hash-104857600-1024-k500-r1-20261006 hash-104857600-1024-hset-c320 182677 QPS p99=27.90 ms
2026-10-06 06:55:48 lavik-parent5a3903d9-route-overlay-standard-hash-104857600-1024-k500-r1-20261006 hash-104857600-1024-hget_after_write-c320 702215 QPS p99=0.90 ms
