2026-10-06 11:16:14 lavik-seed-parent5a3903d9-matched-seed-v2-overlay-dispersed64-set-104857600-1024-k500-r3-20261006 set-104857600-1024 fill
2026-10-06 11:16:16 RESTORE fill 10 / 500
2026-10-06 11:16:19 RESTORE fill 20 / 500
2026-10-06 11:16:21 RESTORE fill 30 / 500
2026-10-06 11:16:25 RESTORE fill 40 / 500
2026-10-06 11:16:27 RESTORE fill 50 / 500
2026-10-06 11:16:30 RESTORE fill 60 / 500
2026-10-06 11:16:33 RESTORE fill 70 / 500
2026-10-06 11:16:35 RESTORE fill 80 / 500
2026-10-06 11:16:37 RESTORE fill 90 / 500
2026-10-06 11:16:40 RESTORE fill 100 / 500
2026-10-06 11:16:42 RESTORE fill 110 / 500
2026-10-06 11:16:45 RESTORE fill 120 / 500
2026-10-06 11:16:48 RESTORE fill 130 / 500
2026-10-06 11:16:50 RESTORE fill 140 / 500
2026-10-06 11:16:53 RESTORE fill 150 / 500
2026-10-06 11:16:56 RESTORE fill 160 / 500
2026-10-06 11:16:58 RESTORE fill 170 / 500
2026-10-06 11:17:01 RESTORE fill 180 / 500
2026-10-06 11:17:05 RESTORE fill 190 / 500
2026-10-06 11:17:09 RESTORE fill 200 / 500
2026-10-06 11:17:13 RESTORE fill 210 / 500
2026-10-06 11:17:15 RESTORE fill 220 / 500
2026-10-06 11:17:17 RESTORE fill 230 / 500
2026-10-06 11:17:20 RESTORE fill 240 / 500
2026-10-06 11:17:23 RESTORE fill 250 / 500
2026-10-06 11:17:26 RESTORE fill 260 / 500
2026-10-06 11:17:28 RESTORE fill 270 / 500
2026-10-06 11:17:31 RESTORE fill 280 / 500
2026-10-06 11:17:33 RESTORE fill 290 / 500
2026-10-06 11:17:36 RESTORE fill 300 / 500
2026-10-06 11:17:38 RESTORE fill 310 / 500
2026-10-06 11:17:42 RESTORE fill 320 / 500
2026-10-06 11:17:44 RESTORE fill 330 / 500
2026-10-06 11:17:48 RESTORE fill 340 / 500
2026-10-06 11:17:50 RESTORE fill 350 / 500
2026-10-06 11:17:53 RESTORE fill 360 / 500
2026-10-06 11:17:55 RESTORE fill 370 / 500
2026-10-06 11:17:57 RESTORE fill 380 / 500
2026-10-06 11:18:00 RESTORE fill 390 / 500
2026-10-06 11:18:02 RESTORE fill 400 / 500
2026-10-06 11:18:04 RESTORE fill 410 / 500
2026-10-06 11:18:06 RESTORE fill 420 / 500
2026-10-06 11:18:10 RESTORE fill 430 / 500
2026-10-06 11:18:12 RESTORE fill 440 / 500
2026-10-06 11:18:14 RESTORE fill 450 / 500
2026-10-06 11:18:17 RESTORE fill 460 / 500
2026-10-06 11:18:19 RESTORE fill 470 / 500
2026-10-06 11:18:22 RESTORE fill 480 / 500
2026-10-06 11:18:24 RESTORE fill 490 / 500
2026-10-06 11:18:29 RESTORE fill 500 / 500
2026-10-06 11:18:29 RESTORE settle 326719656 backlog bytes 0 queued commits
2026-10-06 11:18:36 lavik-seed-parent5a3903d9-matched-seed-v2-overlay-dispersed64-set-104857600-1024-k500-r3-20261006 set-104857600-1024-smembers-c1 1 QPS p99=1310.72 ms
2026-10-06 11:18:56 lavik-parent5a3903d9-matched-seed-v2-overlay-dispersed64-set-104857600-1024-k500-r3-20261006 set-104857600-1024 fill
2026-10-06 11:19:28 lavik-parent5a3903d9-matched-seed-v2-overlay-dispersed64-set-104857600-1024-k500-r3-20261006 set-104857600-1024-sismember-c320 528402 QPS p99=1.74 ms
2026-10-06 11:20:00 lavik-parent5a3903d9-matched-seed-v2-overlay-dispersed64-set-104857600-1024-k500-r3-20261006 set-104857600-1024-sadd_srem-c320 158386 QPS p99=18.82 ms
2026-10-06 11:20:32 lavik-parent5a3903d9-matched-seed-v2-overlay-dispersed64-set-104857600-1024-k500-r3-20261006 set-104857600-1024-sismember_after_write-c320 485149 QPS p99=2.98 ms
