2026-10-06 10:58:22 lavik-seed-parent5a3903d9-matched-seed-v2-overlay-standard-set-104857600-1024-k500-r3-20261006 set-104857600-1024 fill
2026-10-06 10:58:25 RESTORE fill 10 / 500
2026-10-06 10:58:28 RESTORE fill 20 / 500
2026-10-06 10:58:30 RESTORE fill 30 / 500
2026-10-06 10:58:33 RESTORE fill 40 / 500
2026-10-06 10:58:36 RESTORE fill 50 / 500
2026-10-06 10:58:39 RESTORE fill 60 / 500
2026-10-06 10:58:40 RESTORE fill 70 / 500
2026-10-06 10:58:43 RESTORE fill 80 / 500
2026-10-06 10:58:46 RESTORE fill 90 / 500
2026-10-06 10:58:48 RESTORE fill 100 / 500
2026-10-06 10:58:52 RESTORE fill 110 / 500
2026-10-06 10:58:53 RESTORE fill 120 / 500
2026-10-06 10:58:57 RESTORE fill 130 / 500
2026-10-06 10:58:59 RESTORE fill 140 / 500
2026-10-06 10:59:01 RESTORE fill 150 / 500
2026-10-06 10:59:03 RESTORE fill 160 / 500
2026-10-06 10:59:05 RESTORE fill 170 / 500
2026-10-06 10:59:08 RESTORE fill 180 / 500
2026-10-06 10:59:12 RESTORE fill 190 / 500
2026-10-06 10:59:14 RESTORE fill 200 / 500
2026-10-06 10:59:16 RESTORE fill 210 / 500
2026-10-06 10:59:17 RESTORE fill 220 / 500
2026-10-06 10:59:20 RESTORE fill 230 / 500
2026-10-06 10:59:23 RESTORE fill 240 / 500
2026-10-06 10:59:25 RESTORE fill 250 / 500
2026-10-06 10:59:28 RESTORE fill 260 / 500
2026-10-06 10:59:31 RESTORE fill 270 / 500
2026-10-06 10:59:35 RESTORE fill 280 / 500
2026-10-06 10:59:37 RESTORE fill 290 / 500
2026-10-06 10:59:39 RESTORE fill 300 / 500
2026-10-06 10:59:42 RESTORE fill 310 / 500
2026-10-06 10:59:45 RESTORE fill 320 / 500
2026-10-06 10:59:49 RESTORE fill 330 / 500
2026-10-06 10:59:52 RESTORE fill 340 / 500
2026-10-06 10:59:54 RESTORE fill 350 / 500
2026-10-06 10:59:58 RESTORE fill 360 / 500
2026-10-06 11:00:01 RESTORE fill 370 / 500
2026-10-06 11:00:03 RESTORE fill 380 / 500
2026-10-06 11:00:06 RESTORE fill 390 / 500
2026-10-06 11:00:08 RESTORE fill 400 / 500
2026-10-06 11:00:10 RESTORE fill 410 / 500
2026-10-06 11:00:13 RESTORE fill 420 / 500
2026-10-06 11:00:14 RESTORE fill 430 / 500
2026-10-06 11:00:17 RESTORE fill 440 / 500
2026-10-06 11:00:19 RESTORE fill 450 / 500
2026-10-06 11:00:21 RESTORE fill 460 / 500
2026-10-06 11:00:24 RESTORE fill 470 / 500
2026-10-06 11:00:27 RESTORE fill 480 / 500
2026-10-06 11:00:30 RESTORE fill 490 / 500
2026-10-06 11:00:36 RESTORE fill 500 / 500
2026-10-06 11:00:36 RESTORE settle 217820960 backlog bytes 0 queued commits
2026-10-06 11:00:43 lavik-seed-parent5a3903d9-matched-seed-v2-overlay-standard-set-104857600-1024-k500-r3-20261006 set-104857600-1024-smembers-c1 1 QPS p99=1327.10 ms
2026-10-06 11:01:03 lavik-parent5a3903d9-matched-seed-v2-overlay-standard-set-104857600-1024-k500-r3-20261006 set-104857600-1024 fill
2026-10-06 11:01:35 lavik-parent5a3903d9-matched-seed-v2-overlay-standard-set-104857600-1024-k500-r3-20261006 set-104857600-1024-sismember-c320 544149 QPS p99=2.06 ms
2026-10-06 11:02:07 lavik-parent5a3903d9-matched-seed-v2-overlay-standard-set-104857600-1024-k500-r3-20261006 set-104857600-1024-sadd_srem-c320 313756 QPS p99=7.68 ms
2026-10-06 11:02:39 lavik-parent5a3903d9-matched-seed-v2-overlay-standard-set-104857600-1024-k500-r3-20261006 set-104857600-1024-sismember_after_write-c320 538804 QPS p99=2.25 ms
