2026-10-06 07:09:16 lavik-seed-parent5a3903d9-route-overlay-dispersed64-hash-104857600-1024-k500-r1-20261006 hash-104857600-1024 fill
2026-10-06 07:09:18 RESTORE fill 10 / 500
2026-10-06 07:09:20 RESTORE fill 20 / 500
2026-10-06 07:09:22 RESTORE fill 30 / 500
2026-10-06 07:09:24 RESTORE fill 40 / 500
2026-10-06 07:09:26 RESTORE fill 50 / 500
2026-10-06 07:09:28 RESTORE fill 60 / 500
2026-10-06 07:09:30 RESTORE fill 70 / 500
2026-10-06 07:09:32 RESTORE fill 80 / 500
2026-10-06 07:09:35 RESTORE fill 90 / 500
2026-10-06 07:09:37 RESTORE fill 100 / 500
2026-10-06 07:09:39 RESTORE fill 110 / 500
2026-10-06 07:09:41 RESTORE fill 120 / 500
2026-10-06 07:09:44 RESTORE fill 130 / 500
2026-10-06 07:09:47 RESTORE fill 140 / 500
2026-10-06 07:09:49 RESTORE fill 150 / 500
2026-10-06 07:09:51 RESTORE fill 160 / 500
2026-10-06 07:09:53 RESTORE fill 170 / 500
2026-10-06 07:09:55 RESTORE fill 180 / 500
2026-10-06 07:09:57 RESTORE fill 190 / 500
2026-10-06 07:09:59 RESTORE fill 200 / 500
2026-10-06 07:10:03 RESTORE fill 210 / 500
2026-10-06 07:10:04 RESTORE fill 220 / 500
2026-10-06 07:10:08 RESTORE fill 230 / 500
2026-10-06 07:10:10 RESTORE fill 240 / 500
2026-10-06 07:10:12 RESTORE fill 250 / 500
2026-10-06 07:10:14 RESTORE fill 260 / 500
2026-10-06 07:10:16 RESTORE fill 270 / 500
2026-10-06 07:10:18 RESTORE fill 280 / 500
2026-10-06 07:10:20 RESTORE fill 290 / 500
2026-10-06 07:10:23 RESTORE fill 300 / 500
2026-10-06 07:10:24 RESTORE fill 310 / 500
2026-10-06 07:10:27 RESTORE fill 320 / 500
2026-10-06 07:10:29 RESTORE fill 330 / 500
2026-10-06 07:10:31 RESTORE fill 340 / 500
2026-10-06 07:10:33 RESTORE fill 350 / 500
2026-10-06 07:10:36 RESTORE fill 360 / 500
2026-10-06 07:10:38 RESTORE fill 370 / 500
2026-10-06 07:10:40 RESTORE fill 380 / 500
2026-10-06 07:10:41 RESTORE fill 390 / 500
2026-10-06 07:10:44 RESTORE fill 400 / 500
2026-10-06 07:10:46 RESTORE fill 410 / 500
2026-10-06 07:10:47 RESTORE fill 420 / 500
2026-10-06 07:10:51 RESTORE fill 430 / 500
2026-10-06 07:10:52 RESTORE fill 440 / 500
2026-10-06 07:10:55 RESTORE fill 450 / 500
2026-10-06 07:10:57 RESTORE fill 460 / 500
2026-10-06 07:10:58 RESTORE fill 470 / 500
2026-10-06 07:11:00 RESTORE fill 480 / 500
2026-10-06 07:11:03 RESTORE fill 490 / 500
2026-10-06 07:11:07 RESTORE fill 500 / 500
2026-10-06 07:11:07 RESTORE settle 552883960 backlog bytes 0 queued commits
2026-10-06 07:11:14 lavik-seed-parent5a3903d9-route-overlay-dispersed64-hash-104857600-1024-k500-r1-20261006 hash-104857600-1024-hgetall-c1 1 QPS p99=1318.91 ms
2026-10-06 07:11:36 lavik-parent5a3903d9-route-overlay-dispersed64-hash-104857600-1024-k500-r1-20261006 hash-104857600-1024 fill
2026-10-06 07:12:08 lavik-parent5a3903d9-route-overlay-dispersed64-hash-104857600-1024-k500-r1-20261006 hash-104857600-1024-hget-c320 544910 QPS p99=1.79 ms
2026-10-06 07:12:40 lavik-parent5a3903d9-route-overlay-dispersed64-hash-104857600-1024-k500-r1-20261006 hash-104857600-1024-hset-c320 114981 QPS p99=25.98 ms
2026-10-06 07:13:12 lavik-parent5a3903d9-route-overlay-dispersed64-hash-104857600-1024-k500-r1-20261006 hash-104857600-1024-hget_after_write-c320 553043 QPS p99=2.02 ms
