2026-10-06 10:08:42 lavik-seed-parent5a3903d9-matched-seed-v2-overlay-standard-set-104857600-1024-k500-r2-20261006 set-104857600-1024 fill
2026-10-06 10:08:45 RESTORE fill 10 / 500
2026-10-06 10:08:47 RESTORE fill 20 / 500
2026-10-06 10:08:49 RESTORE fill 30 / 500
2026-10-06 10:08:51 RESTORE fill 40 / 500
2026-10-06 10:08:55 RESTORE fill 50 / 500
2026-10-06 10:08:57 RESTORE fill 60 / 500
2026-10-06 10:09:00 RESTORE fill 70 / 500
2026-10-06 10:09:02 RESTORE fill 80 / 500
2026-10-06 10:09:06 RESTORE fill 90 / 500
2026-10-06 10:09:08 RESTORE fill 100 / 500
2026-10-06 10:09:11 RESTORE fill 110 / 500
2026-10-06 10:09:14 RESTORE fill 120 / 500
2026-10-06 10:09:17 RESTORE fill 130 / 500
2026-10-06 10:09:18 RESTORE fill 140 / 500
2026-10-06 10:09:21 RESTORE fill 150 / 500
2026-10-06 10:09:24 RESTORE fill 160 / 500
2026-10-06 10:09:26 RESTORE fill 170 / 500
2026-10-06 10:09:29 RESTORE fill 180 / 500
2026-10-06 10:09:31 RESTORE fill 190 / 500
2026-10-06 10:09:34 RESTORE fill 200 / 500
2026-10-06 10:09:38 RESTORE fill 210 / 500
2026-10-06 10:09:41 RESTORE fill 220 / 500
2026-10-06 10:09:44 RESTORE fill 230 / 500
2026-10-06 10:09:46 RESTORE fill 240 / 500
2026-10-06 10:09:49 RESTORE fill 250 / 500
2026-10-06 10:09:51 RESTORE fill 260 / 500
2026-10-06 10:09:53 RESTORE fill 270 / 500
2026-10-06 10:09:57 RESTORE fill 280 / 500
2026-10-06 10:10:00 RESTORE fill 290 / 500
2026-10-06 10:10:03 RESTORE fill 300 / 500
2026-10-06 10:10:05 RESTORE fill 310 / 500
2026-10-06 10:10:07 RESTORE fill 320 / 500
2026-10-06 10:10:11 RESTORE fill 330 / 500
2026-10-06 10:10:12 RESTORE fill 340 / 500
2026-10-06 10:10:15 RESTORE fill 350 / 500
2026-10-06 10:10:17 RESTORE fill 360 / 500
2026-10-06 10:10:19 RESTORE fill 370 / 500
2026-10-06 10:10:22 RESTORE fill 380 / 500
2026-10-06 10:10:24 RESTORE fill 390 / 500
2026-10-06 10:10:27 RESTORE fill 400 / 500
2026-10-06 10:10:30 RESTORE fill 410 / 500
2026-10-06 10:10:34 RESTORE fill 420 / 500
2026-10-06 10:10:36 RESTORE fill 430 / 500
2026-10-06 10:10:38 RESTORE fill 440 / 500
2026-10-06 10:10:41 RESTORE fill 450 / 500
2026-10-06 10:10:44 RESTORE fill 460 / 500
2026-10-06 10:10:47 RESTORE fill 470 / 500
2026-10-06 10:10:49 RESTORE fill 480 / 500
2026-10-06 10:10:53 RESTORE fill 490 / 500
2026-10-06 10:11:00 RESTORE fill 500 / 500
2026-10-06 10:11:00 RESTORE settle 217803112 backlog bytes 0 queued commits
2026-10-06 10:11:07 lavik-seed-parent5a3903d9-matched-seed-v2-overlay-standard-set-104857600-1024-k500-r2-20261006 set-104857600-1024-smembers-c1 1 QPS p99=1327.10 ms
2026-10-06 10:11:27 lavik-parent5a3903d9-matched-seed-v2-overlay-standard-set-104857600-1024-k500-r2-20261006 set-104857600-1024 fill
2026-10-06 10:11:59 lavik-parent5a3903d9-matched-seed-v2-overlay-standard-set-104857600-1024-k500-r2-20261006 set-104857600-1024-sismember-c320 542778 QPS p99=2.08 ms
2026-10-06 10:12:30 lavik-parent5a3903d9-matched-seed-v2-overlay-standard-set-104857600-1024-k500-r2-20261006 set-104857600-1024-sadd_srem-c320 327899 QPS p99=7.10 ms
2026-10-06 10:13:02 lavik-parent5a3903d9-matched-seed-v2-overlay-standard-set-104857600-1024-k500-r2-20261006 set-104857600-1024-sismember_after_write-c320 545879 QPS p99=2.04 ms
