2026-10-06 09:19:42 lavik-seed-parent5a3903d9-matched-seed-v2-overlay-dispersed64-hash-104857600-1024-k500-r1-20261006 hash-104857600-1024 fill
2026-10-06 09:19:45 RESTORE fill 10 / 500
2026-10-06 09:19:46 RESTORE fill 20 / 500
2026-10-06 09:19:49 RESTORE fill 30 / 500
2026-10-06 09:19:51 RESTORE fill 40 / 500
2026-10-06 09:19:53 RESTORE fill 50 / 500
2026-10-06 09:19:55 RESTORE fill 60 / 500
2026-10-06 09:19:56 RESTORE fill 70 / 500
2026-10-06 09:19:59 RESTORE fill 80 / 500
2026-10-06 09:20:01 RESTORE fill 90 / 500
2026-10-06 09:20:03 RESTORE fill 100 / 500
2026-10-06 09:20:05 RESTORE fill 110 / 500
2026-10-06 09:20:07 RESTORE fill 120 / 500
2026-10-06 09:20:10 RESTORE fill 130 / 500
2026-10-06 09:20:13 RESTORE fill 140 / 500
2026-10-06 09:20:15 RESTORE fill 150 / 500
2026-10-06 09:20:17 RESTORE fill 160 / 500
2026-10-06 09:20:20 RESTORE fill 170 / 500
2026-10-06 09:20:23 RESTORE fill 180 / 500
2026-10-06 09:20:25 RESTORE fill 190 / 500
2026-10-06 09:20:28 RESTORE fill 200 / 500
2026-10-06 09:20:31 RESTORE fill 210 / 500
2026-10-06 09:20:34 RESTORE fill 220 / 500
2026-10-06 09:20:36 RESTORE fill 230 / 500
2026-10-06 09:20:39 RESTORE fill 240 / 500
2026-10-06 09:20:40 RESTORE fill 250 / 500
2026-10-06 09:20:43 RESTORE fill 260 / 500
2026-10-06 09:20:45 RESTORE fill 270 / 500
2026-10-06 09:20:47 RESTORE fill 280 / 500
2026-10-06 09:20:49 RESTORE fill 290 / 500
2026-10-06 09:20:52 RESTORE fill 300 / 500
2026-10-06 09:20:53 RESTORE fill 310 / 500
2026-10-06 09:20:56 RESTORE fill 320 / 500
2026-10-06 09:20:58 RESTORE fill 330 / 500
2026-10-06 09:21:01 RESTORE fill 340 / 500
2026-10-06 09:21:02 RESTORE fill 350 / 500
2026-10-06 09:21:05 RESTORE fill 360 / 500
2026-10-06 09:21:08 RESTORE fill 370 / 500
2026-10-06 09:21:10 RESTORE fill 380 / 500
2026-10-06 09:21:12 RESTORE fill 390 / 500
2026-10-06 09:21:14 RESTORE fill 400 / 500
2026-10-06 09:21:16 RESTORE fill 410 / 500
2026-10-06 09:21:18 RESTORE fill 420 / 500
2026-10-06 09:21:21 RESTORE fill 430 / 500
2026-10-06 09:21:22 RESTORE fill 440 / 500
2026-10-06 09:21:24 RESTORE fill 450 / 500
2026-10-06 09:21:27 RESTORE fill 460 / 500
2026-10-06 09:21:29 RESTORE fill 470 / 500
2026-10-06 09:21:32 RESTORE fill 480 / 500
2026-10-06 09:21:35 RESTORE fill 490 / 500
2026-10-06 09:21:39 RESTORE fill 500 / 500
2026-10-06 09:21:39 RESTORE settle 569694512 backlog bytes 0 queued commits
2026-10-06 09:21:45 lavik-seed-parent5a3903d9-matched-seed-v2-overlay-dispersed64-hash-104857600-1024-k500-r1-20261006 hash-104857600-1024-hgetall-c1 1 QPS p99=1302.53 ms
2026-10-06 09:22:06 lavik-parent5a3903d9-matched-seed-v2-overlay-dispersed64-hash-104857600-1024-k500-r1-20261006 hash-104857600-1024 fill
2026-10-06 09:22:38 lavik-parent5a3903d9-matched-seed-v2-overlay-dispersed64-hash-104857600-1024-k500-r1-20261006 hash-104857600-1024-hget-c320 538138 QPS p99=2.14 ms
2026-10-06 09:23:10 lavik-parent5a3903d9-matched-seed-v2-overlay-dispersed64-hash-104857600-1024-k500-r1-20261006 hash-104857600-1024-hset-c320 122233 QPS p99=25.34 ms
2026-10-06 09:23:42 lavik-parent5a3903d9-matched-seed-v2-overlay-dispersed64-hash-104857600-1024-k500-r1-20261006 hash-104857600-1024-hget_after_write-c320 539798 QPS p99=2.51 ms
