2026-10-06 10:17:32 lavik-seed-parent5a3903d9-matched-seed-v2-overlay-dispersed64-hash-104857600-1024-k500-r2-20261006 hash-104857600-1024 fill
2026-10-06 10:17:35 RESTORE fill 10 / 500
2026-10-06 10:17:36 RESTORE fill 20 / 500
2026-10-06 10:17:38 RESTORE fill 30 / 500
2026-10-06 10:17:40 RESTORE fill 40 / 500
2026-10-06 10:17:42 RESTORE fill 50 / 500
2026-10-06 10:17:45 RESTORE fill 60 / 500
2026-10-06 10:17:47 RESTORE fill 70 / 500
2026-10-06 10:17:49 RESTORE fill 80 / 500
2026-10-06 10:17:52 RESTORE fill 90 / 500
2026-10-06 10:17:54 RESTORE fill 100 / 500
2026-10-06 10:17:56 RESTORE fill 110 / 500
2026-10-06 10:17:58 RESTORE fill 120 / 500
2026-10-06 10:18:02 RESTORE fill 130 / 500
2026-10-06 10:18:04 RESTORE fill 140 / 500
2026-10-06 10:18:06 RESTORE fill 150 / 500
2026-10-06 10:18:09 RESTORE fill 160 / 500
2026-10-06 10:18:11 RESTORE fill 170 / 500
2026-10-06 10:18:13 RESTORE fill 180 / 500
2026-10-06 10:18:15 RESTORE fill 190 / 500
2026-10-06 10:18:17 RESTORE fill 200 / 500
2026-10-06 10:18:21 RESTORE fill 210 / 500
2026-10-06 10:18:23 RESTORE fill 220 / 500
2026-10-06 10:18:26 RESTORE fill 230 / 500
2026-10-06 10:18:28 RESTORE fill 240 / 500
2026-10-06 10:18:32 RESTORE fill 250 / 500
2026-10-06 10:18:33 RESTORE fill 260 / 500
2026-10-06 10:18:36 RESTORE fill 270 / 500
2026-10-06 10:18:38 RESTORE fill 280 / 500
2026-10-06 10:18:40 RESTORE fill 290 / 500
2026-10-06 10:18:43 RESTORE fill 300 / 500
2026-10-06 10:18:45 RESTORE fill 310 / 500
2026-10-06 10:18:48 RESTORE fill 320 / 500
2026-10-06 10:18:50 RESTORE fill 330 / 500
2026-10-06 10:18:53 RESTORE fill 340 / 500
2026-10-06 10:18:54 RESTORE fill 350 / 500
2026-10-06 10:18:57 RESTORE fill 360 / 500
2026-10-06 10:18:59 RESTORE fill 370 / 500
2026-10-06 10:19:02 RESTORE fill 380 / 500
2026-10-06 10:19:03 RESTORE fill 390 / 500
2026-10-06 10:19:06 RESTORE fill 400 / 500
2026-10-06 10:19:08 RESTORE fill 410 / 500
2026-10-06 10:19:10 RESTORE fill 420 / 500
2026-10-06 10:19:13 RESTORE fill 430 / 500
2026-10-06 10:19:15 RESTORE fill 440 / 500
2026-10-06 10:19:17 RESTORE fill 450 / 500
2026-10-06 10:19:21 RESTORE fill 460 / 500
2026-10-06 10:19:24 RESTORE fill 470 / 500
2026-10-06 10:19:26 RESTORE fill 480 / 500
2026-10-06 10:19:29 RESTORE fill 490 / 500
2026-10-06 10:19:34 RESTORE fill 500 / 500
2026-10-06 10:19:34 RESTORE settle 217825272 backlog bytes 0 queued commits
2026-10-06 10:19:41 lavik-seed-parent5a3903d9-matched-seed-v2-overlay-dispersed64-hash-104857600-1024-k500-r2-20261006 hash-104857600-1024-hgetall-c1 1 QPS p99=1286.14 ms
2026-10-06 10:20:01 lavik-parent5a3903d9-matched-seed-v2-overlay-dispersed64-hash-104857600-1024-k500-r2-20261006 hash-104857600-1024 fill
2026-10-06 10:20:34 lavik-parent5a3903d9-matched-seed-v2-overlay-dispersed64-hash-104857600-1024-k500-r2-20261006 hash-104857600-1024-hget-c320 535839 QPS p99=2.11 ms
2026-10-06 10:21:06 lavik-parent5a3903d9-matched-seed-v2-overlay-dispersed64-hash-104857600-1024-k500-r2-20261006 hash-104857600-1024-hset-c320 116028 QPS p99=25.34 ms
2026-10-06 10:21:38 lavik-parent5a3903d9-matched-seed-v2-overlay-dispersed64-hash-104857600-1024-k500-r2-20261006 hash-104857600-1024-hget_after_write-c320 528689 QPS p99=2.58 ms
