2026-10-06 09:10:31 lavik-seed-parent5a3903d9-matched-seed-v2-overlay-standard-set-104857600-1024-k500-r1-20261006 set-104857600-1024 fill
2026-10-06 09:10:34 RESTORE fill 10 / 500
2026-10-06 09:10:37 RESTORE fill 20 / 500
2026-10-06 09:10:39 RESTORE fill 30 / 500
2026-10-06 09:10:41 RESTORE fill 40 / 500
2026-10-06 09:10:43 RESTORE fill 50 / 500
2026-10-06 09:10:47 RESTORE fill 60 / 500
2026-10-06 09:10:49 RESTORE fill 70 / 500
2026-10-06 09:10:52 RESTORE fill 80 / 500
2026-10-06 09:10:54 RESTORE fill 90 / 500
2026-10-06 09:10:56 RESTORE fill 100 / 500
2026-10-06 09:10:58 RESTORE fill 110 / 500
2026-10-06 09:11:00 RESTORE fill 120 / 500
2026-10-06 09:11:04 RESTORE fill 130 / 500
2026-10-06 09:11:06 RESTORE fill 140 / 500
2026-10-06 09:11:10 RESTORE fill 150 / 500
2026-10-06 09:11:13 RESTORE fill 160 / 500
2026-10-06 09:11:17 RESTORE fill 170 / 500
2026-10-06 09:11:18 RESTORE fill 180 / 500
2026-10-06 09:11:21 RESTORE fill 190 / 500
2026-10-06 09:11:23 RESTORE fill 200 / 500
2026-10-06 09:11:29 RESTORE fill 210 / 500
2026-10-06 09:11:31 RESTORE fill 220 / 500
2026-10-06 09:11:33 RESTORE fill 230 / 500
2026-10-06 09:11:37 RESTORE fill 240 / 500
2026-10-06 09:11:40 RESTORE fill 250 / 500
2026-10-06 09:11:42 RESTORE fill 260 / 500
2026-10-06 09:11:45 RESTORE fill 270 / 500
2026-10-06 09:11:48 RESTORE fill 280 / 500
2026-10-06 09:11:49 RESTORE fill 290 / 500
2026-10-06 09:11:52 RESTORE fill 300 / 500
2026-10-06 09:11:54 RESTORE fill 310 / 500
2026-10-06 09:11:57 RESTORE fill 320 / 500
2026-10-06 09:11:59 RESTORE fill 330 / 500
2026-10-06 09:12:03 RESTORE fill 340 / 500
2026-10-06 09:12:07 RESTORE fill 350 / 500
2026-10-06 09:12:09 RESTORE fill 360 / 500
2026-10-06 09:12:12 RESTORE fill 370 / 500
2026-10-06 09:12:14 RESTORE fill 380 / 500
2026-10-06 09:12:17 RESTORE fill 390 / 500
2026-10-06 09:12:19 RESTORE fill 400 / 500
2026-10-06 09:12:23 RESTORE fill 410 / 500
2026-10-06 09:12:25 RESTORE fill 420 / 500
2026-10-06 09:12:28 RESTORE fill 430 / 500
2026-10-06 09:12:30 RESTORE fill 440 / 500
2026-10-06 09:12:32 RESTORE fill 450 / 500
2026-10-06 09:12:35 RESTORE fill 460 / 500
2026-10-06 09:12:38 RESTORE fill 470 / 500
2026-10-06 09:12:40 RESTORE fill 480 / 500
2026-10-06 09:12:44 RESTORE fill 490 / 500
2026-10-06 09:12:47 RESTORE fill 500 / 500
2026-10-06 09:12:47 RESTORE settle 871287856 backlog bytes 0 queued commits
2026-10-06 09:12:54 lavik-seed-parent5a3903d9-matched-seed-v2-overlay-standard-set-104857600-1024-k500-r1-20261006 set-104857600-1024-smembers-c1 1 QPS p99=1368.06 ms
2026-10-06 09:13:14 lavik-parent5a3903d9-matched-seed-v2-overlay-standard-set-104857600-1024-k500-r1-20261006 set-104857600-1024 fill
2026-10-06 09:13:46 lavik-parent5a3903d9-matched-seed-v2-overlay-standard-set-104857600-1024-k500-r1-20261006 set-104857600-1024-sismember-c320 554715 QPS p99=1.74 ms
2026-10-06 09:14:17 lavik-parent5a3903d9-matched-seed-v2-overlay-standard-set-104857600-1024-k500-r1-20261006 set-104857600-1024-sadd_srem-c320 314295 QPS p99=7.78 ms
2026-10-06 09:14:49 lavik-parent5a3903d9-matched-seed-v2-overlay-standard-set-104857600-1024-k500-r1-20261006 set-104857600-1024-sismember_after_write-c320 556362 QPS p99=1.58 ms
