2026-10-06 07:18:32 lavik-seed-parent5a3903d9-route-overlay-dispersed64-set-104857600-1024-k500-r1-20261006 set-104857600-1024 fill
2026-10-06 07:18:35 RESTORE fill 10 / 500
2026-10-06 07:18:37 RESTORE fill 20 / 500
2026-10-06 07:18:40 RESTORE fill 30 / 500
2026-10-06 07:18:41 RESTORE fill 40 / 500
2026-10-06 07:18:43 RESTORE fill 50 / 500
2026-10-06 07:18:45 RESTORE fill 60 / 500
2026-10-06 07:18:48 RESTORE fill 70 / 500
2026-10-06 07:18:49 RESTORE fill 80 / 500
2026-10-06 07:18:53 RESTORE fill 90 / 500
2026-10-06 07:18:55 RESTORE fill 100 / 500
2026-10-06 07:18:58 RESTORE fill 110 / 500
2026-10-06 07:19:00 RESTORE fill 120 / 500
2026-10-06 07:19:02 RESTORE fill 130 / 500
2026-10-06 07:19:04 RESTORE fill 140 / 500
2026-10-06 07:19:07 RESTORE fill 150 / 500
2026-10-06 07:19:09 RESTORE fill 160 / 500
2026-10-06 07:19:12 RESTORE fill 170 / 500
2026-10-06 07:19:14 RESTORE fill 180 / 500
2026-10-06 07:19:18 RESTORE fill 190 / 500
2026-10-06 07:19:21 RESTORE fill 200 / 500
2026-10-06 07:19:23 RESTORE fill 210 / 500
2026-10-06 07:19:26 RESTORE fill 220 / 500
2026-10-06 07:19:28 RESTORE fill 230 / 500
2026-10-06 07:19:31 RESTORE fill 240 / 500
2026-10-06 07:19:34 RESTORE fill 250 / 500
2026-10-06 07:19:36 RESTORE fill 260 / 500
2026-10-06 07:19:39 RESTORE fill 270 / 500
2026-10-06 07:19:42 RESTORE fill 280 / 500
2026-10-06 07:19:45 RESTORE fill 290 / 500
2026-10-06 07:19:47 RESTORE fill 300 / 500
2026-10-06 07:19:49 RESTORE fill 310 / 500
2026-10-06 07:19:52 RESTORE fill 320 / 500
2026-10-06 07:19:54 RESTORE fill 330 / 500
2026-10-06 07:19:56 RESTORE fill 340 / 500
2026-10-06 07:19:59 RESTORE fill 350 / 500
2026-10-06 07:20:01 RESTORE fill 360 / 500
2026-10-06 07:20:04 RESTORE fill 370 / 500
2026-10-06 07:20:07 RESTORE fill 380 / 500
2026-10-06 07:20:09 RESTORE fill 390 / 500
2026-10-06 07:20:13 RESTORE fill 400 / 500
2026-10-06 07:20:15 RESTORE fill 410 / 500
2026-10-06 07:20:18 RESTORE fill 420 / 500
2026-10-06 07:20:20 RESTORE fill 430 / 500
2026-10-06 07:20:22 RESTORE fill 440 / 500
2026-10-06 07:20:25 RESTORE fill 450 / 500
2026-10-06 07:20:28 RESTORE fill 460 / 500
2026-10-06 07:20:31 RESTORE fill 470 / 500
2026-10-06 07:20:34 RESTORE fill 480 / 500
2026-10-06 07:20:36 RESTORE fill 490 / 500
2026-10-06 07:20:42 RESTORE fill 500 / 500
2026-10-06 07:20:42 RESTORE settle 217811984 backlog bytes 0 queued commits
2026-10-06 07:20:49 lavik-seed-parent5a3903d9-route-overlay-dispersed64-set-104857600-1024-k500-r1-20261006 set-104857600-1024-smembers-c1 1 QPS p99=1327.10 ms
2026-10-06 07:21:10 lavik-parent5a3903d9-route-overlay-dispersed64-set-104857600-1024-k500-r1-20261006 set-104857600-1024 fill
2026-10-06 07:21:42 lavik-parent5a3903d9-route-overlay-dispersed64-set-104857600-1024-k500-r1-20261006 set-104857600-1024-sismember-c320 517731 QPS p99=2.10 ms
2026-10-06 07:22:15 lavik-parent5a3903d9-route-overlay-dispersed64-set-104857600-1024-k500-r1-20261006 set-104857600-1024-sadd_srem-c320 153719 QPS p99=19.58 ms
2026-10-06 07:22:47 lavik-parent5a3903d9-route-overlay-dispersed64-set-104857600-1024-k500-r1-20261006 set-104857600-1024-sismember_after_write-c320 487223 QPS p99=2.85 ms
