2026-10-06 09:59:44 lavik-seed-parent5a3903d9-matched-seed-v2-overlay-standard-hash-104857600-1024-k500-r2-20261006 hash-104857600-1024 fill
2026-10-06 09:59:47 RESTORE fill 10 / 500
2026-10-06 09:59:49 RESTORE fill 20 / 500
2026-10-06 09:59:51 RESTORE fill 30 / 500
2026-10-06 09:59:53 RESTORE fill 40 / 500
2026-10-06 09:59:55 RESTORE fill 50 / 500
2026-10-06 09:59:57 RESTORE fill 60 / 500
2026-10-06 09:59:58 RESTORE fill 70 / 500
2026-10-06 10:00:01 RESTORE fill 80 / 500
2026-10-06 10:00:03 RESTORE fill 90 / 500
2026-10-06 10:00:05 RESTORE fill 100 / 500
2026-10-06 10:00:08 RESTORE fill 110 / 500
2026-10-06 10:00:09 RESTORE fill 120 / 500
2026-10-06 10:00:12 RESTORE fill 130 / 500
2026-10-06 10:00:14 RESTORE fill 140 / 500
2026-10-06 10:00:17 RESTORE fill 150 / 500
2026-10-06 10:00:19 RESTORE fill 160 / 500
2026-10-06 10:00:22 RESTORE fill 170 / 500
2026-10-06 10:00:25 RESTORE fill 180 / 500
2026-10-06 10:00:27 RESTORE fill 190 / 500
2026-10-06 10:00:29 RESTORE fill 200 / 500
2026-10-06 10:00:32 RESTORE fill 210 / 500
2026-10-06 10:00:35 RESTORE fill 220 / 500
2026-10-06 10:00:38 RESTORE fill 230 / 500
2026-10-06 10:00:40 RESTORE fill 240 / 500
2026-10-06 10:00:42 RESTORE fill 250 / 500
2026-10-06 10:00:44 RESTORE fill 260 / 500
2026-10-06 10:00:46 RESTORE fill 270 / 500
2026-10-06 10:00:48 RESTORE fill 280 / 500
2026-10-06 10:00:50 RESTORE fill 290 / 500
2026-10-06 10:00:52 RESTORE fill 300 / 500
2026-10-06 10:00:55 RESTORE fill 310 / 500
2026-10-06 10:00:57 RESTORE fill 320 / 500
2026-10-06 10:01:00 RESTORE fill 330 / 500
2026-10-06 10:01:04 RESTORE fill 340 / 500
2026-10-06 10:01:05 RESTORE fill 350 / 500
2026-10-06 10:01:09 RESTORE fill 360 / 500
2026-10-06 10:01:11 RESTORE fill 370 / 500
2026-10-06 10:01:12 RESTORE fill 380 / 500
2026-10-06 10:01:15 RESTORE fill 390 / 500
2026-10-06 10:01:17 RESTORE fill 400 / 500
2026-10-06 10:01:19 RESTORE fill 410 / 500
2026-10-06 10:01:21 RESTORE fill 420 / 500
2026-10-06 10:01:24 RESTORE fill 430 / 500
2026-10-06 10:01:26 RESTORE fill 440 / 500
2026-10-06 10:01:28 RESTORE fill 450 / 500
2026-10-06 10:01:30 RESTORE fill 460 / 500
2026-10-06 10:01:31 RESTORE fill 470 / 500
2026-10-06 10:01:34 RESTORE fill 480 / 500
2026-10-06 10:01:36 RESTORE fill 490 / 500
2026-10-06 10:01:42 RESTORE fill 500 / 500
2026-10-06 10:01:42 RESTORE settle 217830808 backlog bytes 0 queued commits
2026-10-06 10:01:49 lavik-seed-parent5a3903d9-matched-seed-v2-overlay-standard-hash-104857600-1024-k500-r2-20261006 hash-104857600-1024-hgetall-c1 1 QPS p99=1327.10 ms
2026-10-06 10:02:11 lavik-parent5a3903d9-matched-seed-v2-overlay-standard-hash-104857600-1024-k500-r2-20261006 hash-104857600-1024 fill
2026-10-06 10:02:43 lavik-parent5a3903d9-matched-seed-v2-overlay-standard-hash-104857600-1024-k500-r2-20261006 hash-104857600-1024-hget-c320 572281 QPS p99=1.70 ms
2026-10-06 10:03:14 lavik-parent5a3903d9-matched-seed-v2-overlay-standard-hash-104857600-1024-k500-r2-20261006 hash-104857600-1024-hset-c320 178719 QPS p99=27.65 ms
2026-10-06 10:03:46 lavik-parent5a3903d9-matched-seed-v2-overlay-standard-hash-104857600-1024-k500-r2-20261006 hash-104857600-1024-hget_after_write-c320 696989 QPS p99=0.91 ms
