WAIT_FOR_HOST_LOCK hashset-current-main-profiles 1232138 1791285918.4177387
HOST_LOCK_ACQUIRED hashset-current-main-profiles 1232138 1791285918.417793
discard c08bc35101567ebd0001 /dev/nvme3n1
discard c08bc35101567ebd0002 /dev/nvme5n1
discard c08bc35101567ebd0003 /dev/nvme4n1
discard c08bc35101567ebd0004 /dev/nvme2n1
discard c08bc35101567ebd0005 /dev/nvme1n1
discard c08bc35101567ebd0006 /dev/nvme6n1
START diagnostic-parent5a3903d9-matched-seed-hashset-write-hash-104857600-1024-k500-c320-20261006 1791285920.2832747
COMPLETE diagnostic-parent5a3903d9-matched-seed-hashset-write-hash-104857600-1024-k500-c320-20261006 1791286122.9607673
discard c08bc35101567ebd0001 /dev/nvme3n1
discard c08bc35101567ebd0002 /dev/nvme5n1
discard c08bc35101567ebd0003 /dev/nvme4n1
discard c08bc35101567ebd0004 /dev/nvme2n1
discard c08bc35101567ebd0005 /dev/nvme1n1
discard c08bc35101567ebd0006 /dev/nvme6n1
START diagnostic-candidatecaba8203-matched-seed-hashset-write-hash-104857600-1024-k500-c320-20261006 1791286124.8256602
COMPLETE diagnostic-candidatecaba8203-matched-seed-hashset-write-hash-104857600-1024-k500-c320-20261006 1791286329.4825437
discard c08bc35101567ebd0001 /dev/nvme3n1
discard c08bc35101567ebd0002 /dev/nvme5n1
discard c08bc35101567ebd0003 /dev/nvme4n1
discard c08bc35101567ebd0004 /dev/nvme2n1
discard c08bc35101567ebd0005 /dev/nvme1n1
discard c08bc35101567ebd0006 /dev/nvme6n1
START diagnostic-parent5a3903d9-matched-seed-hashset-write-set-104857600-1024-k500-c320-20261006 1791286331.3435705
COMPLETE diagnostic-parent5a3903d9-matched-seed-hashset-write-set-104857600-1024-k500-c320-20261006 1791286556.0020282
discard c08bc35101567ebd0001 /dev/nvme3n1
discard c08bc35101567ebd0002 /dev/nvme5n1
discard c08bc35101567ebd0003 /dev/nvme4n1
discard c08bc35101567ebd0004 /dev/nvme2n1
discard c08bc35101567ebd0005 /dev/nvme1n1
discard c08bc35101567ebd0006 /dev/nvme6n1
START diagnostic-candidatecaba8203-matched-seed-hashset-write-set-104857600-1024-k500-c320-20261006 1791286557.8677402
COMPLETE diagnostic-candidatecaba8203-matched-seed-hashset-write-set-104857600-1024-k500-c320-20261006 1791286785.5698774
ALL_HASHSET_CANDIDATE_PROFILES_COMPLETE 1791286785.569892
