WAIT_FOR_HOST_LOCK hashset-small-set-priority-pairs 1189452 1791273672.6130435
HOST_LOCK_ACQUIRED hashset-small-set-priority-pairs 1189452 1791273672.61307
discard c08bc35101567ebd0001 /dev/nvme3n1
discard c08bc35101567ebd0002 /dev/nvme5n1
discard c08bc35101567ebd0003 /dev/nvme4n1
discard c08bc35101567ebd0004 /dev/nvme2n1
discard c08bc35101567ebd0005 /dev/nvme1n1
discard c08bc35101567ebd0006 /dev/nvme6n1
START candidate258c216c-route-overlay-standard-set-1048576-128-k50000-r2-20261006 1791273674.4824767
COMPLETE candidate258c216c-route-overlay-standard-set-1048576-128-k50000-r2-20261006 1791273936.1847544
discard c08bc35101567ebd0001 /dev/nvme3n1
discard c08bc35101567ebd0002 /dev/nvme5n1
discard c08bc35101567ebd0003 /dev/nvme4n1
discard c08bc35101567ebd0004 /dev/nvme2n1
discard c08bc35101567ebd0005 /dev/nvme1n1
discard c08bc35101567ebd0006 /dev/nvme6n1
START parent5a3903d9-route-overlay-standard-set-1048576-128-k50000-r2-20261006 1791273938.0320675
COMPLETE parent5a3903d9-route-overlay-standard-set-1048576-128-k50000-r2-20261006 1791274197.7264001
discard c08bc35101567ebd0001 /dev/nvme3n1
discard c08bc35101567ebd0002 /dev/nvme5n1
discard c08bc35101567ebd0003 /dev/nvme4n1
discard c08bc35101567ebd0004 /dev/nvme2n1
discard c08bc35101567ebd0005 /dev/nvme1n1
discard c08bc35101567ebd0006 /dev/nvme6n1
START parent5a3903d9-route-overlay-standard-set-1048576-128-k50000-r3-20261006 1791274199.5789387
COMPLETE parent5a3903d9-route-overlay-standard-set-1048576-128-k50000-r3-20261006 1791274460.2265606
discard c08bc35101567ebd0001 /dev/nvme3n1
discard c08bc35101567ebd0002 /dev/nvme5n1
discard c08bc35101567ebd0003 /dev/nvme4n1
discard c08bc35101567ebd0004 /dev/nvme2n1
discard c08bc35101567ebd0005 /dev/nvme1n1
discard c08bc35101567ebd0006 /dev/nvme6n1
START candidate258c216c-route-overlay-standard-set-1048576-128-k50000-r3-20261006 1791274462.0871415
COMPLETE candidate258c216c-route-overlay-standard-set-1048576-128-k50000-r3-20261006 1791274723.7695792
ALL_SMALL_SET_REPEATS_COMPLETE 1791274723.7695928
