WAIT_FOR_HOST_LOCK hashset-overlay-clean-pairs 1180719 1791269504.6594136
HOST_LOCK_ACQUIRED hashset-overlay-clean-pairs 1180719 1791269504.659454
discard c08bc35101567ebd0001 /dev/nvme3n1
discard c08bc35101567ebd0002 /dev/nvme5n1
discard c08bc35101567ebd0003 /dev/nvme4n1
discard c08bc35101567ebd0004 /dev/nvme2n1
discard c08bc35101567ebd0005 /dev/nvme1n1
discard c08bc35101567ebd0006 /dev/nvme6n1
START parent5a3903d9-route-overlay-standard-hash-104857600-1024-k500-r1-20261006 1791269506.5139163
COMPLETE parent5a3903d9-route-overlay-standard-hash-104857600-1024-k500-r1-20261006 1791269757.1923335
discard c08bc35101567ebd0001 /dev/nvme3n1
discard c08bc35101567ebd0002 /dev/nvme5n1
discard c08bc35101567ebd0003 /dev/nvme4n1
discard c08bc35101567ebd0004 /dev/nvme2n1
discard c08bc35101567ebd0005 /dev/nvme1n1
discard c08bc35101567ebd0006 /dev/nvme6n1
START candidate258c216c-route-overlay-standard-hash-104857600-1024-k500-r1-20261006 1791269759.0547001
COMPLETE candidate258c216c-route-overlay-standard-hash-104857600-1024-k500-r1-20261006 1791270009.6980007
discard c08bc35101567ebd0001 /dev/nvme3n1
discard c08bc35101567ebd0002 /dev/nvme5n1
discard c08bc35101567ebd0003 /dev/nvme4n1
discard c08bc35101567ebd0004 /dev/nvme2n1
discard c08bc35101567ebd0005 /dev/nvme1n1
discard c08bc35101567ebd0006 /dev/nvme6n1
START parent5a3903d9-route-overlay-standard-set-104857600-1024-k500-r1-20261006 1791270011.5461128
COMPLETE parent5a3903d9-route-overlay-standard-set-104857600-1024-k500-r1-20261006 1791270283.2248309
discard c08bc35101567ebd0001 /dev/nvme3n1
discard c08bc35101567ebd0002 /dev/nvme5n1
discard c08bc35101567ebd0003 /dev/nvme4n1
discard c08bc35101567ebd0004 /dev/nvme2n1
discard c08bc35101567ebd0005 /dev/nvme1n1
discard c08bc35101567ebd0006 /dev/nvme6n1
START candidate258c216c-route-overlay-standard-set-104857600-1024-k500-r1-20261006 1791270285.0821722
COMPLETE candidate258c216c-route-overlay-standard-set-104857600-1024-k500-r1-20261006 1791270548.7439659
discard c08bc35101567ebd0001 /dev/nvme3n1
discard c08bc35101567ebd0002 /dev/nvme5n1
discard c08bc35101567ebd0003 /dev/nvme4n1
discard c08bc35101567ebd0004 /dev/nvme2n1
discard c08bc35101567ebd0005 /dev/nvme1n1
discard c08bc35101567ebd0006 /dev/nvme6n1
START parent5a3903d9-route-overlay-dispersed64-hash-104857600-1024-k500-r1-20261006 1791270550.608585
COMPLETE parent5a3903d9-route-overlay-dispersed64-hash-104857600-1024-k500-r1-20261006 1791270801.3781004
discard c08bc35101567ebd0001 /dev/nvme3n1
discard c08bc35101567ebd0002 /dev/nvme5n1
discard c08bc35101567ebd0003 /dev/nvme4n1
discard c08bc35101567ebd0004 /dev/nvme2n1
discard c08bc35101567ebd0005 /dev/nvme1n1
discard c08bc35101567ebd0006 /dev/nvme6n1
START candidate258c216c-route-overlay-dispersed64-hash-104857600-1024-k500-r1-20261006 1791270803.2378523
COMPLETE candidate258c216c-route-overlay-dispersed64-hash-104857600-1024-k500-r1-20261006 1791271105.1354687
discard c08bc35101567ebd0001 /dev/nvme3n1
discard c08bc35101567ebd0002 /dev/nvme5n1
discard c08bc35101567ebd0003 /dev/nvme4n1
discard c08bc35101567ebd0004 /dev/nvme2n1
discard c08bc35101567ebd0005 /dev/nvme1n1
discard c08bc35101567ebd0006 /dev/nvme6n1
START parent5a3903d9-route-overlay-dispersed64-set-104857600-1024-k500-r1-20261006 1791271106.9798114
COMPLETE parent5a3903d9-route-overlay-dispersed64-set-104857600-1024-k500-r1-20261006 1791271375.630784
discard c08bc35101567ebd0001 /dev/nvme3n1
discard c08bc35101567ebd0002 /dev/nvme5n1
discard c08bc35101567ebd0003 /dev/nvme4n1
discard c08bc35101567ebd0004 /dev/nvme2n1
discard c08bc35101567ebd0005 /dev/nvme1n1
discard c08bc35101567ebd0006 /dev/nvme6n1
START candidate258c216c-route-overlay-dispersed64-set-104857600-1024-k500-r1-20261006 1791271377.4771824
COMPLETE candidate258c216c-route-overlay-dispersed64-set-104857600-1024-k500-r1-20261006 1791271652.180576
discard c08bc35101567ebd0001 /dev/nvme3n1
discard c08bc35101567ebd0002 /dev/nvme5n1
discard c08bc35101567ebd0003 /dev/nvme4n1
discard c08bc35101567ebd0004 /dev/nvme2n1
discard c08bc35101567ebd0005 /dev/nvme1n1
discard c08bc35101567ebd0006 /dev/nvme6n1
START parent5a3903d9-route-overlay-standard-hash-1048576-128-k50000-r1-20261006 1791271654.0263548
COMPLETE parent5a3903d9-route-overlay-standard-hash-1048576-128-k50000-r1-20261006 1791271921.7413797
discard c08bc35101567ebd0001 /dev/nvme3n1
discard c08bc35101567ebd0002 /dev/nvme5n1
discard c08bc35101567ebd0003 /dev/nvme4n1
discard c08bc35101567ebd0004 /dev/nvme2n1
discard c08bc35101567ebd0005 /dev/nvme1n1
discard c08bc35101567ebd0006 /dev/nvme6n1
START candidate258c216c-route-overlay-standard-hash-1048576-128-k50000-r1-20261006 1791271923.6039367
COMPLETE candidate258c216c-route-overlay-standard-hash-1048576-128-k50000-r1-20261006 1791272192.2723572
discard c08bc35101567ebd0001 /dev/nvme3n1
discard c08bc35101567ebd0002 /dev/nvme5n1
discard c08bc35101567ebd0003 /dev/nvme4n1
discard c08bc35101567ebd0004 /dev/nvme2n1
discard c08bc35101567ebd0005 /dev/nvme1n1
discard c08bc35101567ebd0006 /dev/nvme6n1
START parent5a3903d9-route-overlay-standard-set-1048576-128-k50000-r1-20261006 1791272194.1328752
COMPLETE parent5a3903d9-route-overlay-standard-set-1048576-128-k50000-r1-20261006 1791272454.8026342
discard c08bc35101567ebd0001 /dev/nvme3n1
discard c08bc35101567ebd0002 /dev/nvme5n1
discard c08bc35101567ebd0003 /dev/nvme4n1
discard c08bc35101567ebd0004 /dev/nvme2n1
discard c08bc35101567ebd0005 /dev/nvme1n1
discard c08bc35101567ebd0006 /dev/nvme6n1
START candidate258c216c-route-overlay-standard-set-1048576-128-k50000-r1-20261006 1791272456.6643534
COMPLETE candidate258c216c-route-overlay-standard-set-1048576-128-k50000-r1-20261006 1791272717.373335
discard c08bc35101567ebd0001 /dev/nvme3n1
discard c08bc35101567ebd0002 /dev/nvme5n1
discard c08bc35101567ebd0003 /dev/nvme4n1
discard c08bc35101567ebd0004 /dev/nvme2n1
discard c08bc35101567ebd0005 /dev/nvme1n1
discard c08bc35101567ebd0006 /dev/nvme6n1
START candidate258c216c-route-overlay-standard-hash-104857600-1024-k500-r2-20261006 1791272719.2299514
COMPLETE candidate258c216c-route-overlay-standard-hash-104857600-1024-k500-r2-20261006 1791272973.9252462
discard c08bc35101567ebd0001 /dev/nvme3n1
discard c08bc35101567ebd0002 /dev/nvme5n1
discard c08bc35101567ebd0003 /dev/nvme4n1
discard c08bc35101567ebd0004 /dev/nvme2n1
discard c08bc35101567ebd0005 /dev/nvme1n1
discard c08bc35101567ebd0006 /dev/nvme6n1
START parent5a3903d9-route-overlay-standard-hash-104857600-1024-k500-r2-20261006 1791272975.7864935
COMPLETE parent5a3903d9-route-overlay-standard-hash-104857600-1024-k500-r2-20261006 1791273229.4153187
discard c08bc35101567ebd0001 /dev/nvme3n1
discard c08bc35101567ebd0002 /dev/nvme5n1
discard c08bc35101567ebd0003 /dev/nvme4n1
discard c08bc35101567ebd0004 /dev/nvme2n1
discard c08bc35101567ebd0005 /dev/nvme1n1
discard c08bc35101567ebd0006 /dev/nvme6n1
START candidate258c216c-route-overlay-standard-set-104857600-1024-k500-r2-20261006 1791273231.2819586
benchmark interrupted
