WAIT_FOR_HOST_LOCK hashset-matched-seed-clean-pairs 1209160 1791276244.3244216
HOST_LOCK_ACQUIRED hashset-matched-seed-clean-pairs 1209160 1791276244.3244596
discard c08bc35101567ebd0001 /dev/nvme3n1
discard c08bc35101567ebd0002 /dev/nvme5n1
discard c08bc35101567ebd0003 /dev/nvme4n1
discard c08bc35101567ebd0004 /dev/nvme2n1
discard c08bc35101567ebd0005 /dev/nvme1n1
discard c08bc35101567ebd0006 /dev/nvme6n1
START parent5a3903d9-matched-seed-v2-overlay-standard-hash-1048576-128-k50000-r1-20261006 1791276246.1726341
COMPLETE parent5a3903d9-matched-seed-v2-overlay-standard-hash-1048576-128-k50000-r1-20261006 1791276515.9262319
discard c08bc35101567ebd0001 /dev/nvme3n1
discard c08bc35101567ebd0002 /dev/nvme5n1
discard c08bc35101567ebd0003 /dev/nvme4n1
discard c08bc35101567ebd0004 /dev/nvme2n1
discard c08bc35101567ebd0005 /dev/nvme1n1
discard c08bc35101567ebd0006 /dev/nvme6n1
START candidatecaba8203-matched-seed-v2-overlay-standard-hash-1048576-128-k50000-r1-20261006 1791276517.7895098
COMPLETE candidatecaba8203-matched-seed-v2-overlay-standard-hash-1048576-128-k50000-r1-20261006 1791276787.4727857
discard c08bc35101567ebd0001 /dev/nvme3n1
discard c08bc35101567ebd0002 /dev/nvme5n1
discard c08bc35101567ebd0003 /dev/nvme4n1
discard c08bc35101567ebd0004 /dev/nvme2n1
discard c08bc35101567ebd0005 /dev/nvme1n1
discard c08bc35101567ebd0006 /dev/nvme6n1
START parent5a3903d9-matched-seed-v2-overlay-standard-set-1048576-128-k50000-r1-20261006 1791276789.3368638
COMPLETE parent5a3903d9-matched-seed-v2-overlay-standard-set-1048576-128-k50000-r1-20261006 1791277051.0526924
discard c08bc35101567ebd0001 /dev/nvme3n1
discard c08bc35101567ebd0002 /dev/nvme5n1
discard c08bc35101567ebd0003 /dev/nvme4n1
discard c08bc35101567ebd0004 /dev/nvme2n1
discard c08bc35101567ebd0005 /dev/nvme1n1
discard c08bc35101567ebd0006 /dev/nvme6n1
START candidatecaba8203-matched-seed-v2-overlay-standard-set-1048576-128-k50000-r1-20261006 1791277052.9227448
COMPLETE candidatecaba8203-matched-seed-v2-overlay-standard-set-1048576-128-k50000-r1-20261006 1791277313.581035
discard c08bc35101567ebd0001 /dev/nvme3n1
discard c08bc35101567ebd0002 /dev/nvme5n1
discard c08bc35101567ebd0003 /dev/nvme4n1
discard c08bc35101567ebd0004 /dev/nvme2n1
discard c08bc35101567ebd0005 /dev/nvme1n1
discard c08bc35101567ebd0006 /dev/nvme6n1
START parent5a3903d9-matched-seed-v2-overlay-standard-hash-104857600-1024-k500-r1-20261006 1791277315.4375768
COMPLETE parent5a3903d9-matched-seed-v2-overlay-standard-hash-104857600-1024-k500-r1-20261006 1791277567.1095011
discard c08bc35101567ebd0001 /dev/nvme3n1
discard c08bc35101567ebd0002 /dev/nvme5n1
discard c08bc35101567ebd0003 /dev/nvme4n1
discard c08bc35101567ebd0004 /dev/nvme2n1
discard c08bc35101567ebd0005 /dev/nvme1n1
discard c08bc35101567ebd0006 /dev/nvme6n1
START candidatecaba8203-matched-seed-v2-overlay-standard-hash-104857600-1024-k500-r1-20261006 1791277568.9745715
COMPLETE candidatecaba8203-matched-seed-v2-overlay-standard-hash-104857600-1024-k500-r1-20261006 1791277823.617561
discard c08bc35101567ebd0001 /dev/nvme3n1
discard c08bc35101567ebd0002 /dev/nvme5n1
discard c08bc35101567ebd0003 /dev/nvme4n1
discard c08bc35101567ebd0004 /dev/nvme2n1
discard c08bc35101567ebd0005 /dev/nvme1n1
discard c08bc35101567ebd0006 /dev/nvme6n1
START parent5a3903d9-matched-seed-v2-overlay-standard-set-104857600-1024-k500-r1-20261006 1791277825.473519
COMPLETE parent5a3903d9-matched-seed-v2-overlay-standard-set-104857600-1024-k500-r1-20261006 1791278097.182542
discard c08bc35101567ebd0001 /dev/nvme3n1
discard c08bc35101567ebd0002 /dev/nvme5n1
discard c08bc35101567ebd0003 /dev/nvme4n1
discard c08bc35101567ebd0004 /dev/nvme2n1
discard c08bc35101567ebd0005 /dev/nvme1n1
discard c08bc35101567ebd0006 /dev/nvme6n1
START candidatecaba8203-matched-seed-v2-overlay-standard-set-104857600-1024-k500-r1-20261006 1791278099.046796
COMPLETE candidatecaba8203-matched-seed-v2-overlay-standard-set-104857600-1024-k500-r1-20261006 1791278374.8015432
discard c08bc35101567ebd0001 /dev/nvme3n1
discard c08bc35101567ebd0002 /dev/nvme5n1
discard c08bc35101567ebd0003 /dev/nvme4n1
discard c08bc35101567ebd0004 /dev/nvme2n1
discard c08bc35101567ebd0005 /dev/nvme1n1
discard c08bc35101567ebd0006 /dev/nvme6n1
START parent5a3903d9-matched-seed-v2-overlay-dispersed64-hash-104857600-1024-k500-r1-20261006 1791278376.654042
COMPLETE parent5a3903d9-matched-seed-v2-overlay-dispersed64-hash-104857600-1024-k500-r1-20261006 1791278630.296652
discard c08bc35101567ebd0001 /dev/nvme3n1
discard c08bc35101567ebd0002 /dev/nvme5n1
discard c08bc35101567ebd0003 /dev/nvme4n1
discard c08bc35101567ebd0004 /dev/nvme2n1
discard c08bc35101567ebd0005 /dev/nvme1n1
discard c08bc35101567ebd0006 /dev/nvme6n1
START candidatecaba8203-matched-seed-v2-overlay-dispersed64-hash-104857600-1024-k500-r1-20261006 1791278632.1444604
COMPLETE candidatecaba8203-matched-seed-v2-overlay-dispersed64-hash-104857600-1024-k500-r1-20261006 1791278894.7692168
discard c08bc35101567ebd0001 /dev/nvme3n1
discard c08bc35101567ebd0002 /dev/nvme5n1
discard c08bc35101567ebd0003 /dev/nvme4n1
discard c08bc35101567ebd0004 /dev/nvme2n1
discard c08bc35101567ebd0005 /dev/nvme1n1
discard c08bc35101567ebd0006 /dev/nvme6n1
START parent5a3903d9-matched-seed-v2-overlay-dispersed64-set-104857600-1024-k500-r1-20261006 1791278896.6351671
COMPLETE parent5a3903d9-matched-seed-v2-overlay-dispersed64-set-104857600-1024-k500-r1-20261006 1791279171.2887235
discard c08bc35101567ebd0001 /dev/nvme3n1
discard c08bc35101567ebd0002 /dev/nvme5n1
discard c08bc35101567ebd0003 /dev/nvme4n1
discard c08bc35101567ebd0004 /dev/nvme2n1
discard c08bc35101567ebd0005 /dev/nvme1n1
discard c08bc35101567ebd0006 /dev/nvme6n1
START candidatecaba8203-matched-seed-v2-overlay-dispersed64-set-104857600-1024-k500-r1-20261006 1791279173.1448927
COMPLETE candidatecaba8203-matched-seed-v2-overlay-dispersed64-set-104857600-1024-k500-r1-20261006 1791279440.7991512
discard c08bc35101567ebd0001 /dev/nvme3n1
discard c08bc35101567ebd0002 /dev/nvme5n1
discard c08bc35101567ebd0003 /dev/nvme4n1
discard c08bc35101567ebd0004 /dev/nvme2n1
discard c08bc35101567ebd0005 /dev/nvme1n1
discard c08bc35101567ebd0006 /dev/nvme6n1
START candidatecaba8203-matched-seed-v2-overlay-standard-hash-1048576-128-k50000-r2-20261006 1791279442.6544409
COMPLETE candidatecaba8203-matched-seed-v2-overlay-standard-hash-1048576-128-k50000-r2-20261006 1791279714.3582377
discard c08bc35101567ebd0001 /dev/nvme3n1
discard c08bc35101567ebd0002 /dev/nvme5n1
discard c08bc35101567ebd0003 /dev/nvme4n1
discard c08bc35101567ebd0004 /dev/nvme2n1
discard c08bc35101567ebd0005 /dev/nvme1n1
discard c08bc35101567ebd0006 /dev/nvme6n1
START parent5a3903d9-matched-seed-v2-overlay-standard-hash-1048576-128-k50000-r2-20261006 1791279716.222592
COMPLETE parent5a3903d9-matched-seed-v2-overlay-standard-hash-1048576-128-k50000-r2-20261006 1791279985.915263
discard c08bc35101567ebd0001 /dev/nvme3n1
discard c08bc35101567ebd0002 /dev/nvme5n1
discard c08bc35101567ebd0003 /dev/nvme4n1
discard c08bc35101567ebd0004 /dev/nvme2n1
discard c08bc35101567ebd0005 /dev/nvme1n1
discard c08bc35101567ebd0006 /dev/nvme6n1
START candidatecaba8203-matched-seed-v2-overlay-standard-set-1048576-128-k50000-r2-20261006 1791279987.7723312
COMPLETE candidatecaba8203-matched-seed-v2-overlay-standard-set-1048576-128-k50000-r2-20261006 1791280252.4534683
discard c08bc35101567ebd0001 /dev/nvme3n1
discard c08bc35101567ebd0002 /dev/nvme5n1
discard c08bc35101567ebd0003 /dev/nvme4n1
discard c08bc35101567ebd0004 /dev/nvme2n1
discard c08bc35101567ebd0005 /dev/nvme1n1
discard c08bc35101567ebd0006 /dev/nvme6n1
START parent5a3903d9-matched-seed-v2-overlay-standard-set-1048576-128-k50000-r2-20261006 1791280254.3281977
COMPLETE parent5a3903d9-matched-seed-v2-overlay-standard-set-1048576-128-k50000-r2-20261006 1791280516.9905295
discard c08bc35101567ebd0001 /dev/nvme3n1
discard c08bc35101567ebd0002 /dev/nvme5n1
discard c08bc35101567ebd0003 /dev/nvme4n1
discard c08bc35101567ebd0004 /dev/nvme2n1
discard c08bc35101567ebd0005 /dev/nvme1n1
discard c08bc35101567ebd0006 /dev/nvme6n1
START candidatecaba8203-matched-seed-v2-overlay-standard-hash-104857600-1024-k500-r2-20261006 1791280518.84661
COMPLETE candidatecaba8203-matched-seed-v2-overlay-standard-hash-104857600-1024-k500-r2-20261006 1791280776.6317282
discard c08bc35101567ebd0001 /dev/nvme3n1
discard c08bc35101567ebd0002 /dev/nvme5n1
discard c08bc35101567ebd0003 /dev/nvme4n1
discard c08bc35101567ebd0004 /dev/nvme2n1
discard c08bc35101567ebd0005 /dev/nvme1n1
discard c08bc35101567ebd0006 /dev/nvme6n1
START parent5a3903d9-matched-seed-v2-overlay-standard-hash-104857600-1024-k500-r2-20261006 1791280778.4833384
COMPLETE parent5a3903d9-matched-seed-v2-overlay-standard-hash-104857600-1024-k500-r2-20261006 1791281035.1556969
discard c08bc35101567ebd0001 /dev/nvme3n1
discard c08bc35101567ebd0002 /dev/nvme5n1
discard c08bc35101567ebd0003 /dev/nvme4n1
discard c08bc35101567ebd0004 /dev/nvme2n1
discard c08bc35101567ebd0005 /dev/nvme1n1
discard c08bc35101567ebd0006 /dev/nvme6n1
START candidatecaba8203-matched-seed-v2-overlay-standard-set-104857600-1024-k500-r2-20261006 1791281037.0211606
COMPLETE candidatecaba8203-matched-seed-v2-overlay-standard-set-104857600-1024-k500-r2-20261006 1791281314.7643244
discard c08bc35101567ebd0001 /dev/nvme3n1
discard c08bc35101567ebd0002 /dev/nvme5n1
discard c08bc35101567ebd0003 /dev/nvme4n1
discard c08bc35101567ebd0004 /dev/nvme2n1
discard c08bc35101567ebd0005 /dev/nvme1n1
discard c08bc35101567ebd0006 /dev/nvme6n1
START parent5a3903d9-matched-seed-v2-overlay-standard-set-104857600-1024-k500-r2-20261006 1791281316.6293864
COMPLETE parent5a3903d9-matched-seed-v2-overlay-standard-set-104857600-1024-k500-r2-20261006 1791281590.3067162
discard c08bc35101567ebd0001 /dev/nvme3n1
discard c08bc35101567ebd0002 /dev/nvme5n1
discard c08bc35101567ebd0003 /dev/nvme4n1
discard c08bc35101567ebd0004 /dev/nvme2n1
discard c08bc35101567ebd0005 /dev/nvme1n1
discard c08bc35101567ebd0006 /dev/nvme6n1
START candidatecaba8203-matched-seed-v2-overlay-dispersed64-hash-104857600-1024-k500-r2-20261006 1791281592.1633527
COMPLETE candidatecaba8203-matched-seed-v2-overlay-dispersed64-hash-104857600-1024-k500-r2-20261006 1791281844.817663
discard c08bc35101567ebd0001 /dev/nvme3n1
discard c08bc35101567ebd0002 /dev/nvme5n1
discard c08bc35101567ebd0003 /dev/nvme4n1
discard c08bc35101567ebd0004 /dev/nvme2n1
discard c08bc35101567ebd0005 /dev/nvme1n1
discard c08bc35101567ebd0006 /dev/nvme6n1
START parent5a3903d9-matched-seed-v2-overlay-dispersed64-hash-104857600-1024-k500-r2-20261006 1791281846.6759565
COMPLETE parent5a3903d9-matched-seed-v2-overlay-dispersed64-hash-104857600-1024-k500-r2-20261006 1791282106.3233807
discard c08bc35101567ebd0001 /dev/nvme3n1
discard c08bc35101567ebd0002 /dev/nvme5n1
discard c08bc35101567ebd0003 /dev/nvme4n1
discard c08bc35101567ebd0004 /dev/nvme2n1
discard c08bc35101567ebd0005 /dev/nvme1n1
discard c08bc35101567ebd0006 /dev/nvme6n1
START candidatecaba8203-matched-seed-v2-overlay-dispersed64-set-104857600-1024-k500-r2-20261006 1791282108.189302
COMPLETE candidatecaba8203-matched-seed-v2-overlay-dispersed64-set-104857600-1024-k500-r2-20261006 1791282381.8352673
discard c08bc35101567ebd0001 /dev/nvme3n1
discard c08bc35101567ebd0002 /dev/nvme5n1
discard c08bc35101567ebd0003 /dev/nvme4n1
discard c08bc35101567ebd0004 /dev/nvme2n1
discard c08bc35101567ebd0005 /dev/nvme1n1
discard c08bc35101567ebd0006 /dev/nvme6n1
START parent5a3903d9-matched-seed-v2-overlay-dispersed64-set-104857600-1024-k500-r2-20261006 1791282383.7009413
COMPLETE parent5a3903d9-matched-seed-v2-overlay-dispersed64-set-104857600-1024-k500-r2-20261006 1791282659.3774412
discard c08bc35101567ebd0001 /dev/nvme3n1
discard c08bc35101567ebd0002 /dev/nvme5n1
discard c08bc35101567ebd0003 /dev/nvme4n1
discard c08bc35101567ebd0004 /dev/nvme2n1
discard c08bc35101567ebd0005 /dev/nvme1n1
discard c08bc35101567ebd0006 /dev/nvme6n1
START parent5a3903d9-matched-seed-v2-overlay-standard-hash-1048576-128-k50000-r3-20261006 1791282661.2390032
COMPLETE parent5a3903d9-matched-seed-v2-overlay-standard-hash-1048576-128-k50000-r3-20261006 1791282929.9469368
discard c08bc35101567ebd0001 /dev/nvme3n1
discard c08bc35101567ebd0002 /dev/nvme5n1
discard c08bc35101567ebd0003 /dev/nvme4n1
discard c08bc35101567ebd0004 /dev/nvme2n1
discard c08bc35101567ebd0005 /dev/nvme1n1
discard c08bc35101567ebd0006 /dev/nvme6n1
START candidatecaba8203-matched-seed-v2-overlay-standard-hash-1048576-128-k50000-r3-20261006 1791282931.8158464
COMPLETE candidatecaba8203-matched-seed-v2-overlay-standard-hash-1048576-128-k50000-r3-20261006 1791283202.4903026
discard c08bc35101567ebd0001 /dev/nvme3n1
discard c08bc35101567ebd0002 /dev/nvme5n1
discard c08bc35101567ebd0003 /dev/nvme4n1
discard c08bc35101567ebd0004 /dev/nvme2n1
discard c08bc35101567ebd0005 /dev/nvme1n1
discard c08bc35101567ebd0006 /dev/nvme6n1
START parent5a3903d9-matched-seed-v2-overlay-standard-set-1048576-128-k50000-r3-20261006 1791283204.3471391
COMPLETE parent5a3903d9-matched-seed-v2-overlay-standard-set-1048576-128-k50000-r3-20261006 1791283467.0626988
discard c08bc35101567ebd0001 /dev/nvme3n1
discard c08bc35101567ebd0002 /dev/nvme5n1
discard c08bc35101567ebd0003 /dev/nvme4n1
discard c08bc35101567ebd0004 /dev/nvme2n1
discard c08bc35101567ebd0005 /dev/nvme1n1
discard c08bc35101567ebd0006 /dev/nvme6n1
START candidatecaba8203-matched-seed-v2-overlay-standard-set-1048576-128-k50000-r3-20261006 1791283468.925012
COMPLETE candidatecaba8203-matched-seed-v2-overlay-standard-set-1048576-128-k50000-r3-20261006 1791283731.6227589
discard c08bc35101567ebd0001 /dev/nvme3n1
discard c08bc35101567ebd0002 /dev/nvme5n1
discard c08bc35101567ebd0003 /dev/nvme4n1
discard c08bc35101567ebd0004 /dev/nvme2n1
discard c08bc35101567ebd0005 /dev/nvme1n1
discard c08bc35101567ebd0006 /dev/nvme6n1
START parent5a3903d9-matched-seed-v2-overlay-standard-hash-104857600-1024-k500-r3-20261006 1791283733.4888399
COMPLETE parent5a3903d9-matched-seed-v2-overlay-standard-hash-104857600-1024-k500-r3-20261006 1791284043.3222077
discard c08bc35101567ebd0001 /dev/nvme3n1
discard c08bc35101567ebd0002 /dev/nvme5n1
discard c08bc35101567ebd0003 /dev/nvme4n1
discard c08bc35101567ebd0004 /dev/nvme2n1
discard c08bc35101567ebd0005 /dev/nvme1n1
discard c08bc35101567ebd0006 /dev/nvme6n1
START candidatecaba8203-matched-seed-v2-overlay-standard-hash-104857600-1024-k500-r3-20261006 1791284045.186307
COMPLETE candidatecaba8203-matched-seed-v2-overlay-standard-hash-104857600-1024-k500-r3-20261006 1791284294.837686
discard c08bc35101567ebd0001 /dev/nvme3n1
discard c08bc35101567ebd0002 /dev/nvme5n1
discard c08bc35101567ebd0003 /dev/nvme4n1
discard c08bc35101567ebd0004 /dev/nvme2n1
discard c08bc35101567ebd0005 /dev/nvme1n1
discard c08bc35101567ebd0006 /dev/nvme6n1
START parent5a3903d9-matched-seed-v2-overlay-standard-set-104857600-1024-k500-r3-20261006 1791284296.6994357
COMPLETE parent5a3903d9-matched-seed-v2-overlay-standard-set-104857600-1024-k500-r3-20261006 1791284567.337502
discard c08bc35101567ebd0001 /dev/nvme3n1
discard c08bc35101567ebd0002 /dev/nvme5n1
discard c08bc35101567ebd0003 /dev/nvme4n1
discard c08bc35101567ebd0004 /dev/nvme2n1
discard c08bc35101567ebd0005 /dev/nvme1n1
discard c08bc35101567ebd0006 /dev/nvme6n1
START candidatecaba8203-matched-seed-v2-overlay-standard-set-104857600-1024-k500-r3-20261006 1791284569.1966298
COMPLETE candidatecaba8203-matched-seed-v2-overlay-standard-set-104857600-1024-k500-r3-20261006 1791284841.9667978
discard c08bc35101567ebd0001 /dev/nvme3n1
discard c08bc35101567ebd0002 /dev/nvme5n1
discard c08bc35101567ebd0003 /dev/nvme4n1
discard c08bc35101567ebd0004 /dev/nvme2n1
discard c08bc35101567ebd0005 /dev/nvme1n1
discard c08bc35101567ebd0006 /dev/nvme6n1
START parent5a3903d9-matched-seed-v2-overlay-dispersed64-hash-104857600-1024-k500-r3-20261006 1791284843.8244176
COMPLETE parent5a3903d9-matched-seed-v2-overlay-dispersed64-hash-104857600-1024-k500-r3-20261006 1791285103.507098
discard c08bc35101567ebd0001 /dev/nvme3n1
discard c08bc35101567ebd0002 /dev/nvme5n1
discard c08bc35101567ebd0003 /dev/nvme4n1
discard c08bc35101567ebd0004 /dev/nvme2n1
discard c08bc35101567ebd0005 /dev/nvme1n1
discard c08bc35101567ebd0006 /dev/nvme6n1
START candidatecaba8203-matched-seed-v2-overlay-dispersed64-hash-104857600-1024-k500-r3-20261006 1791285105.374136
COMPLETE candidatecaba8203-matched-seed-v2-overlay-dispersed64-hash-104857600-1024-k500-r3-20261006 1791285366.070371
discard c08bc35101567ebd0001 /dev/nvme3n1
discard c08bc35101567ebd0002 /dev/nvme5n1
discard c08bc35101567ebd0003 /dev/nvme4n1
discard c08bc35101567ebd0004 /dev/nvme2n1
discard c08bc35101567ebd0005 /dev/nvme1n1
discard c08bc35101567ebd0006 /dev/nvme6n1
START parent5a3903d9-matched-seed-v2-overlay-dispersed64-set-104857600-1024-k500-r3-20261006 1791285367.9270623
COMPLETE parent5a3903d9-matched-seed-v2-overlay-dispersed64-set-104857600-1024-k500-r3-20261006 1791285641.6052427
discard c08bc35101567ebd0001 /dev/nvme3n1
discard c08bc35101567ebd0002 /dev/nvme5n1
discard c08bc35101567ebd0003 /dev/nvme4n1
discard c08bc35101567ebd0004 /dev/nvme2n1
discard c08bc35101567ebd0005 /dev/nvme1n1
discard c08bc35101567ebd0006 /dev/nvme6n1
START candidatecaba8203-matched-seed-v2-overlay-dispersed64-set-104857600-1024-k500-r3-20261006 1791285643.459082
COMPLETE candidatecaba8203-matched-seed-v2-overlay-dispersed64-set-104857600-1024-k500-r3-20261006 1791285918.1355817
ALL_MATCHED_SEED_REPEATS_COMPLETE 1791285918.135595
