WAIT_FOR_HOST_LOCK pr291-qps-build-production-pair 1632060 1791466628.6483214
HOST_LOCK_ACQUIRED pr291-qps-build-production-pair 1632060 1791466628.6483614
START main-checkout 1791466628.659198
PASS main-checkout 1791466628.6909463
START main-configure-tests 1791466628.690969
PASS main-configure-tests 1791466633.5647354
START main-build-tests 1791466633.564766
PASS main-build-tests 1791467019.616411
START main-unit 1791467019.616513
PASS main-unit 1791467027.150158
START main-configure-production 1791467027.1501882
PASS main-configure-production 1791467031.623081
START main-build-production 1791467031.6231177
PASS main-build-production 1791467031.687165
START pr291-checkout 1791467032.437662
PASS pr291-checkout 1791467032.453283
START pr291-configure-tests 1791467032.453299
PASS pr291-configure-tests 1791467037.326797
START pr291-build-tests 1791467037.3268354
PASS pr291-build-tests 1791467279.3216767
START pr291-unit 1791467279.3217764
PASS pr291-unit 1791467286.2526302
START pr291-ordered 1791467286.2527554
PASS pr291-ordered 1791467289.5739338
START pr291-hash 1791467289.5740736
PASS pr291-hash 1791467305.8209481
START pr291-configure-production 1791467305.8209918
PASS pr291-configure-production 1791467310.9956539
START pr291-build-production 1791467310.995692
PASS pr291-build-production 1791467311.059748
START restore-branch 1791467311.9342523
PASS restore-branch 1791467311.9502025
PRODUCTION_PAIR_READY 1791467311.950303
