WAIT_FOR_HOST_LOCK pr291-client-protocol-validation 1638126 1791467315.75487
HOST_LOCK_ACQUIRED pr291-client-protocol-validation 1638126 1791467315.7549155
CLIENT_PROTOCOL_VALIDATED
WAIT_FOR_HOST_LOCK pr291-qps-main-1dd8a5b3 1658825 1791467321.8339381
HOST_LOCK_ACQUIRED pr291-qps-main-1dd8a5b3 1658825 1791467321.8339555
START main1dd8a5b3-pr291full-list-8388608-lpush_rpop-r1-20261008 1791467322.3353875
discard c08bc35101567ebd0001 /dev/nvme3n1
discard c08bc35101567ebd0002 /dev/nvme5n1
discard c08bc35101567ebd0003 /dev/nvme4n1
discard c08bc35101567ebd0004 /dev/nvme2n1
discard c08bc35101567ebd0005 /dev/nvme1n1
discard c08bc35101567ebd0006 /dev/nvme6n1
COMPLETE main1dd8a5b3-pr291full-list-8388608-lpush_rpop-r1-20261008 45677.57 31.534 1791467375.9379342
START pr29174ba1d1e-pr291full-list-8388608-lpush_rpop-r1-20261008 1791467376.4356165
discard c08bc35101567ebd0001 /dev/nvme3n1
discard c08bc35101567ebd0002 /dev/nvme5n1
discard c08bc35101567ebd0003 /dev/nvme4n1
discard c08bc35101567ebd0004 /dev/nvme2n1
discard c08bc35101567ebd0005 /dev/nvme1n1
discard c08bc35101567ebd0006 /dev/nvme6n1
COMPLETE pr29174ba1d1e-pr291full-list-8388608-lpush_rpop-r1-20261008 46472.83 30.93 1791467428.0264945
START main1dd8a5b3-pr291full-list-8388608-rpush_lpop-r1-20261008 1791467428.5234847
discard c08bc35101567ebd0001 /dev/nvme3n1
discard c08bc35101567ebd0002 /dev/nvme5n1
discard c08bc35101567ebd0003 /dev/nvme4n1
discard c08bc35101567ebd0004 /dev/nvme2n1
discard c08bc35101567ebd0005 /dev/nvme1n1
discard c08bc35101567ebd0006 /dev/nvme6n1
COMPLETE main1dd8a5b3-pr291full-list-8388608-rpush_lpop-r1-20261008 57302.06 21.134 1791467480.1135194
START pr29174ba1d1e-pr291full-list-8388608-rpush_lpop-r1-20261008 1791467480.6113682
discard c08bc35101567ebd0001 /dev/nvme3n1
discard c08bc35101567ebd0002 /dev/nvme5n1
discard c08bc35101567ebd0003 /dev/nvme4n1
discard c08bc35101567ebd0004 /dev/nvme2n1
discard c08bc35101567ebd0005 /dev/nvme1n1
discard c08bc35101567ebd0006 /dev/nvme6n1
COMPLETE pr29174ba1d1e-pr291full-list-8388608-rpush_lpop-r1-20261008 62658.38 45.029 1791467532.239182
START main1dd8a5b3-pr291full-list-8388608-lset_resize-r1-20261008 1791467532.7367415
discard c08bc35101567ebd0001 /dev/nvme3n1
discard c08bc35101567ebd0002 /dev/nvme5n1
discard c08bc35101567ebd0003 /dev/nvme4n1
discard c08bc35101567ebd0004 /dev/nvme2n1
discard c08bc35101567ebd0005 /dev/nvme1n1
discard c08bc35101567ebd0006 /dev/nvme6n1
COMPLETE main1dd8a5b3-pr291full-list-8388608-lset_resize-r1-20261008 30372.92 65.482 1791467584.369227
START pr29174ba1d1e-pr291full-list-8388608-lset_resize-r1-20261008 1791467584.8669956
discard c08bc35101567ebd0001 /dev/nvme3n1
discard c08bc35101567ebd0002 /dev/nvme5n1
discard c08bc35101567ebd0003 /dev/nvme4n1
discard c08bc35101567ebd0004 /dev/nvme2n1
discard c08bc35101567ebd0005 /dev/nvme1n1
discard c08bc35101567ebd0006 /dev/nvme6n1
COMPLETE pr29174ba1d1e-pr291full-list-8388608-lset_resize-r1-20261008 45728.2 104.034 1791467638.4808757
START main1dd8a5b3-pr291full-zset-8388608-zincrby-r1-20261008 1791467638.9779112
discard c08bc35101567ebd0001 /dev/nvme3n1
discard c08bc35101567ebd0002 /dev/nvme5n1
discard c08bc35101567ebd0003 /dev/nvme4n1
discard c08bc35101567ebd0004 /dev/nvme2n1
discard c08bc35101567ebd0005 /dev/nvme1n1
discard c08bc35101567ebd0006 /dev/nvme6n1
COMPLETE main1dd8a5b3-pr291full-zset-8388608-zincrby-r1-20261008 51809.79 27.262 1791467691.5787802
START pr29174ba1d1e-pr291full-zset-8388608-zincrby-r1-20261008 1791467692.0761707
discard c08bc35101567ebd0001 /dev/nvme3n1
discard c08bc35101567ebd0002 /dev/nvme5n1
discard c08bc35101567ebd0003 /dev/nvme4n1
discard c08bc35101567ebd0004 /dev/nvme2n1
discard c08bc35101567ebd0005 /dev/nvme1n1
discard c08bc35101567ebd0006 /dev/nvme6n1
COMPLETE pr29174ba1d1e-pr291full-zset-8388608-zincrby-r1-20261008 52368.09 27.81 1791467744.7185862
START main1dd8a5b3-pr291full-zset-8388608-zadd_middle_zpopmin-r1-20261008 1791467745.2166493
discard c08bc35101567ebd0001 /dev/nvme3n1
discard c08bc35101567ebd0002 /dev/nvme5n1
discard c08bc35101567ebd0003 /dev/nvme4n1
discard c08bc35101567ebd0004 /dev/nvme2n1
discard c08bc35101567ebd0005 /dev/nvme1n1
discard c08bc35101567ebd0006 /dev/nvme6n1
COMPLETE main1dd8a5b3-pr291full-zset-8388608-zadd_middle_zpopmin-r1-20261008 23838.52 53.292 1791467797.889483
START pr29174ba1d1e-pr291full-zset-8388608-zadd_middle_zpopmin-r1-20261008 1791467798.387176
discard c08bc35101567ebd0001 /dev/nvme3n1
discard c08bc35101567ebd0002 /dev/nvme5n1
discard c08bc35101567ebd0003 /dev/nvme4n1
discard c08bc35101567ebd0004 /dev/nvme2n1
discard c08bc35101567ebd0005 /dev/nvme1n1
discard c08bc35101567ebd0006 /dev/nvme6n1
COMPLETE pr29174ba1d1e-pr291full-zset-8388608-zadd_middle_zpopmin-r1-20261008 23712.9 54.273 1791467850.9813983
START main1dd8a5b3-pr291full-hash-8388608-hset-r1-20261008 1791467851.479012
discard c08bc35101567ebd0001 /dev/nvme3n1
discard c08bc35101567ebd0002 /dev/nvme5n1
discard c08bc35101567ebd0003 /dev/nvme4n1
discard c08bc35101567ebd0004 /dev/nvme2n1
discard c08bc35101567ebd0005 /dev/nvme1n1
discard c08bc35101567ebd0006 /dev/nvme6n1
COMPLETE main1dd8a5b3-pr291full-hash-8388608-hset-r1-20261008 31953.6 228.067 1791467906.08138
START pr29174ba1d1e-pr291full-hash-8388608-hset-r1-20261008 1791467906.5788603
discard c08bc35101567ebd0001 /dev/nvme3n1
discard c08bc35101567ebd0002 /dev/nvme5n1
discard c08bc35101567ebd0003 /dev/nvme4n1
discard c08bc35101567ebd0004 /dev/nvme2n1
discard c08bc35101567ebd0005 /dev/nvme1n1
discard c08bc35101567ebd0006 /dev/nvme6n1
COMPLETE pr29174ba1d1e-pr291full-hash-8388608-hset-r1-20261008 33586.98 177.86 1791467958.2027428
START main1dd8a5b3-pr291full-set-8388608-sadd_srem-r1-20261008 1791467958.7000837
discard c08bc35101567ebd0001 /dev/nvme3n1
discard c08bc35101567ebd0002 /dev/nvme5n1
discard c08bc35101567ebd0003 /dev/nvme4n1
discard c08bc35101567ebd0004 /dev/nvme2n1
discard c08bc35101567ebd0005 /dev/nvme1n1
discard c08bc35101567ebd0006 /dev/nvme6n1
COMPLETE main1dd8a5b3-pr291full-set-8388608-sadd_srem-r1-20261008 50490.96 22.965 1791468012.342542
START pr29174ba1d1e-pr291full-set-8388608-sadd_srem-r1-20261008 1791468012.8405461
discard c08bc35101567ebd0001 /dev/nvme3n1
discard c08bc35101567ebd0002 /dev/nvme5n1
discard c08bc35101567ebd0003 /dev/nvme4n1
discard c08bc35101567ebd0004 /dev/nvme2n1
discard c08bc35101567ebd0005 /dev/nvme1n1
discard c08bc35101567ebd0006 /dev/nvme6n1
COMPLETE pr29174ba1d1e-pr291full-set-8388608-sadd_srem-r1-20261008 50753.16 23.749 1791468064.4424167
START pr29174ba1d1e-pr291full-list-8388608-lpush_rpop-r2-20261008 1791468064.9403937
discard c08bc35101567ebd0001 /dev/nvme3n1
discard c08bc35101567ebd0002 /dev/nvme5n1
discard c08bc35101567ebd0003 /dev/nvme4n1
discard c08bc35101567ebd0004 /dev/nvme2n1
discard c08bc35101567ebd0005 /dev/nvme1n1
discard c08bc35101567ebd0006 /dev/nvme6n1
COMPLETE pr29174ba1d1e-pr291full-list-8388608-lpush_rpop-r2-20261008 46435.94 30.644 1791468118.5499446
START main1dd8a5b3-pr291full-list-8388608-lpush_rpop-r2-20261008 1791468119.0482216
discard c08bc35101567ebd0001 /dev/nvme3n1
discard c08bc35101567ebd0002 /dev/nvme5n1
discard c08bc35101567ebd0003 /dev/nvme4n1
discard c08bc35101567ebd0004 /dev/nvme2n1
discard c08bc35101567ebd0005 /dev/nvme1n1
discard c08bc35101567ebd0006 /dev/nvme6n1
COMPLETE main1dd8a5b3-pr291full-list-8388608-lpush_rpop-r2-20261008 46267.55 29.883 1791468170.6647255
START pr29174ba1d1e-pr291full-list-8388608-rpush_lpop-r2-20261008 1791468171.1634805
discard c08bc35101567ebd0001 /dev/nvme3n1
discard c08bc35101567ebd0002 /dev/nvme5n1
discard c08bc35101567ebd0003 /dev/nvme4n1
discard c08bc35101567ebd0004 /dev/nvme2n1
discard c08bc35101567ebd0005 /dev/nvme1n1
discard c08bc35101567ebd0006 /dev/nvme6n1
COMPLETE pr29174ba1d1e-pr291full-list-8388608-rpush_lpop-r2-20261008 62980.77 44.352 1791468224.729223
START main1dd8a5b3-pr291full-list-8388608-rpush_lpop-r2-20261008 1791468225.2273443
discard c08bc35101567ebd0001 /dev/nvme3n1
discard c08bc35101567ebd0002 /dev/nvme5n1
discard c08bc35101567ebd0003 /dev/nvme4n1
discard c08bc35101567ebd0004 /dev/nvme2n1
discard c08bc35101567ebd0005 /dev/nvme1n1
discard c08bc35101567ebd0006 /dev/nvme6n1
COMPLETE main1dd8a5b3-pr291full-list-8388608-rpush_lpop-r2-20261008 57817.65 21.708 1791468278.8906798
START pr29174ba1d1e-pr291full-list-8388608-lset_resize-r2-20261008 1791468279.388959
discard c08bc35101567ebd0001 /dev/nvme3n1
discard c08bc35101567ebd0002 /dev/nvme5n1
discard c08bc35101567ebd0003 /dev/nvme4n1
discard c08bc35101567ebd0004 /dev/nvme2n1
discard c08bc35101567ebd0005 /dev/nvme1n1
discard c08bc35101567ebd0006 /dev/nvme6n1
COMPLETE pr29174ba1d1e-pr291full-list-8388608-lset_resize-r2-20261008 46741.63 86.887 1791468333.0221462
START main1dd8a5b3-pr291full-list-8388608-lset_resize-r2-20261008 1791468333.5204856
discard c08bc35101567ebd0001 /dev/nvme3n1
discard c08bc35101567ebd0002 /dev/nvme5n1
discard c08bc35101567ebd0003 /dev/nvme4n1
discard c08bc35101567ebd0004 /dev/nvme2n1
discard c08bc35101567ebd0005 /dev/nvme1n1
discard c08bc35101567ebd0006 /dev/nvme6n1
COMPLETE main1dd8a5b3-pr291full-list-8388608-lset_resize-r2-20261008 40400.01 31.718 1791468387.1596472
START pr29174ba1d1e-pr291full-zset-8388608-zincrby-r2-20261008 1791468387.6583009
discard c08bc35101567ebd0001 /dev/nvme3n1
discard c08bc35101567ebd0002 /dev/nvme5n1
discard c08bc35101567ebd0003 /dev/nvme4n1
discard c08bc35101567ebd0004 /dev/nvme2n1
discard c08bc35101567ebd0005 /dev/nvme1n1
discard c08bc35101567ebd0006 /dev/nvme6n1
COMPLETE pr29174ba1d1e-pr291full-zset-8388608-zincrby-r2-20261008 52996.65 26.74 1791468442.2583323
START main1dd8a5b3-pr291full-zset-8388608-zincrby-r2-20261008 1791468442.756952
discard c08bc35101567ebd0001 /dev/nvme3n1
discard c08bc35101567ebd0002 /dev/nvme5n1
discard c08bc35101567ebd0003 /dev/nvme4n1
discard c08bc35101567ebd0004 /dev/nvme2n1
discard c08bc35101567ebd0005 /dev/nvme1n1
discard c08bc35101567ebd0006 /dev/nvme6n1
COMPLETE main1dd8a5b3-pr291full-zset-8388608-zincrby-r2-20261008 51927.44 27.216 1791468555.3864796
START pr29174ba1d1e-pr291full-zset-8388608-zadd_middle_zpopmin-r2-20261008 1791468555.8854058
discard c08bc35101567ebd0001 /dev/nvme3n1
discard c08bc35101567ebd0002 /dev/nvme5n1
discard c08bc35101567ebd0003 /dev/nvme4n1
discard c08bc35101567ebd0004 /dev/nvme2n1
discard c08bc35101567ebd0005 /dev/nvme1n1
discard c08bc35101567ebd0006 /dev/nvme6n1
COMPLETE pr29174ba1d1e-pr291full-zset-8388608-zadd_middle_zpopmin-r2-20261008 23995.54 47.459 1791468668.5032718
START main1dd8a5b3-pr291full-zset-8388608-zadd_middle_zpopmin-r2-20261008 1791468669.0016634
discard c08bc35101567ebd0001 /dev/nvme3n1
discard c08bc35101567ebd0002 /dev/nvme5n1
discard c08bc35101567ebd0003 /dev/nvme4n1
discard c08bc35101567ebd0004 /dev/nvme2n1
discard c08bc35101567ebd0005 /dev/nvme1n1
discard c08bc35101567ebd0006 /dev/nvme6n1
COMPLETE main1dd8a5b3-pr291full-zset-8388608-zadd_middle_zpopmin-r2-20261008 23827.16 54.209 1791468723.5841367
START pr29174ba1d1e-pr291full-hash-8388608-hset-r2-20261008 1791468724.0827541
discard c08bc35101567ebd0001 /dev/nvme3n1
discard c08bc35101567ebd0002 /dev/nvme5n1
discard c08bc35101567ebd0003 /dev/nvme4n1
discard c08bc35101567ebd0004 /dev/nvme2n1
discard c08bc35101567ebd0005 /dev/nvme1n1
discard c08bc35101567ebd0006 /dev/nvme6n1
COMPLETE pr29174ba1d1e-pr291full-hash-8388608-hset-r2-20261008 31355.65 232.875 1791468778.6659575
START main1dd8a5b3-pr291full-hash-8388608-hset-r2-20261008 1791468779.1650064
discard c08bc35101567ebd0001 /dev/nvme3n1
discard c08bc35101567ebd0002 /dev/nvme5n1
discard c08bc35101567ebd0003 /dev/nvme4n1
discard c08bc35101567ebd0004 /dev/nvme2n1
discard c08bc35101567ebd0005 /dev/nvme1n1
discard c08bc35101567ebd0006 /dev/nvme6n1
COMPLETE main1dd8a5b3-pr291full-hash-8388608-hset-r2-20261008 29338.78 224.184 1791468831.7714498
START pr29174ba1d1e-pr291full-set-8388608-sadd_srem-r2-20261008 1791468832.2701678
discard c08bc35101567ebd0001 /dev/nvme3n1
discard c08bc35101567ebd0002 /dev/nvme5n1
discard c08bc35101567ebd0003 /dev/nvme4n1
discard c08bc35101567ebd0004 /dev/nvme2n1
discard c08bc35101567ebd0005 /dev/nvme1n1
discard c08bc35101567ebd0006 /dev/nvme6n1
COMPLETE pr29174ba1d1e-pr291full-set-8388608-sadd_srem-r2-20261008 50534.76 24.029 1791468885.976303
START main1dd8a5b3-pr291full-set-8388608-sadd_srem-r2-20261008 1791468886.4753447
discard c08bc35101567ebd0001 /dev/nvme3n1
discard c08bc35101567ebd0002 /dev/nvme5n1
discard c08bc35101567ebd0003 /dev/nvme4n1
discard c08bc35101567ebd0004 /dev/nvme2n1
discard c08bc35101567ebd0005 /dev/nvme1n1
discard c08bc35101567ebd0006 /dev/nvme6n1
COMPLETE main1dd8a5b3-pr291full-set-8388608-sadd_srem-r2-20261008 50637.4 23.128 1791468941.1243932
START main1dd8a5b3-pr291full-list-8388608-lpush_rpop-r3-20261008 1791468941.6232486
discard c08bc35101567ebd0001 /dev/nvme3n1
discard c08bc35101567ebd0002 /dev/nvme5n1
discard c08bc35101567ebd0003 /dev/nvme4n1
discard c08bc35101567ebd0004 /dev/nvme2n1
discard c08bc35101567ebd0005 /dev/nvme1n1
discard c08bc35101567ebd0006 /dev/nvme6n1
COMPLETE main1dd8a5b3-pr291full-list-8388608-lpush_rpop-r3-20261008 45955.88 30.161 1791468995.242898
START pr29174ba1d1e-pr291full-list-8388608-lpush_rpop-r3-20261008 1791468995.7428734
discard c08bc35101567ebd0001 /dev/nvme3n1
discard c08bc35101567ebd0002 /dev/nvme5n1
discard c08bc35101567ebd0003 /dev/nvme4n1
discard c08bc35101567ebd0004 /dev/nvme2n1
discard c08bc35101567ebd0005 /dev/nvme1n1
discard c08bc35101567ebd0006 /dev/nvme6n1
COMPLETE pr29174ba1d1e-pr291full-list-8388608-lpush_rpop-r3-20261008 46251.09 31.889 1791469047.35916
START main1dd8a5b3-pr291full-list-8388608-rpush_lpop-r3-20261008 1791469047.8582082
discard c08bc35101567ebd0001 /dev/nvme3n1
discard c08bc35101567ebd0002 /dev/nvme5n1
discard c08bc35101567ebd0003 /dev/nvme4n1
discard c08bc35101567ebd0004 /dev/nvme2n1
discard c08bc35101567ebd0005 /dev/nvme1n1
discard c08bc35101567ebd0006 /dev/nvme6n1
COMPLETE main1dd8a5b3-pr291full-list-8388608-rpush_lpop-r3-20261008 56803.05 21.538 1791469101.4751728
START pr29174ba1d1e-pr291full-list-8388608-rpush_lpop-r3-20261008 1791469101.9749293
discard c08bc35101567ebd0001 /dev/nvme3n1
discard c08bc35101567ebd0002 /dev/nvme5n1
discard c08bc35101567ebd0003 /dev/nvme4n1
discard c08bc35101567ebd0004 /dev/nvme2n1
discard c08bc35101567ebd0005 /dev/nvme1n1
discard c08bc35101567ebd0006 /dev/nvme6n1
COMPLETE pr29174ba1d1e-pr291full-list-8388608-rpush_lpop-r3-20261008 64461.42 40.445 1791469155.5968003
START main1dd8a5b3-pr291full-list-8388608-lset_resize-r3-20261008 1791469156.0962884
discard c08bc35101567ebd0001 /dev/nvme3n1
discard c08bc35101567ebd0002 /dev/nvme5n1
discard c08bc35101567ebd0003 /dev/nvme4n1
discard c08bc35101567ebd0004 /dev/nvme2n1
discard c08bc35101567ebd0005 /dev/nvme1n1
discard c08bc35101567ebd0006 /dev/nvme6n1
COMPLETE main1dd8a5b3-pr291full-list-8388608-lset_resize-r3-20261008 39513.42 28.806 1791469207.729833
START pr29174ba1d1e-pr291full-list-8388608-lset_resize-r3-20261008 1791469208.2287903
discard c08bc35101567ebd0001 /dev/nvme3n1
discard c08bc35101567ebd0002 /dev/nvme5n1
discard c08bc35101567ebd0003 /dev/nvme4n1
discard c08bc35101567ebd0004 /dev/nvme2n1
discard c08bc35101567ebd0005 /dev/nvme1n1
discard c08bc35101567ebd0006 /dev/nvme6n1
COMPLETE pr29174ba1d1e-pr291full-list-8388608-lset_resize-r3-20261008 47738.94 78.549 1791469259.7840464
START main1dd8a5b3-pr291full-zset-8388608-zincrby-r3-20261008 1791469260.2838156
discard c08bc35101567ebd0001 /dev/nvme3n1
discard c08bc35101567ebd0002 /dev/nvme5n1
discard c08bc35101567ebd0003 /dev/nvme4n1
discard c08bc35101567ebd0004 /dev/nvme2n1
discard c08bc35101567ebd0005 /dev/nvme1n1
discard c08bc35101567ebd0006 /dev/nvme6n1
COMPLETE main1dd8a5b3-pr291full-zset-8388608-zincrby-r3-20261008 51802.58 28.133 1791469312.816371
START pr29174ba1d1e-pr291full-zset-8388608-zincrby-r3-20261008 1791469313.3161707
discard c08bc35101567ebd0001 /dev/nvme3n1
discard c08bc35101567ebd0002 /dev/nvme5n1
discard c08bc35101567ebd0003 /dev/nvme4n1
discard c08bc35101567ebd0004 /dev/nvme2n1
discard c08bc35101567ebd0005 /dev/nvme1n1
discard c08bc35101567ebd0006 /dev/nvme6n1
COMPLETE pr29174ba1d1e-pr291full-zset-8388608-zincrby-r3-20261008 52534.19 27.176 1791469365.9384503
START main1dd8a5b3-pr291full-zset-8388608-zadd_middle_zpopmin-r3-20261008 1791469366.43782
discard c08bc35101567ebd0001 /dev/nvme3n1
discard c08bc35101567ebd0002 /dev/nvme5n1
discard c08bc35101567ebd0003 /dev/nvme4n1
discard c08bc35101567ebd0004 /dev/nvme2n1
discard c08bc35101567ebd0005 /dev/nvme1n1
discard c08bc35101567ebd0006 /dev/nvme6n1
COMPLETE main1dd8a5b3-pr291full-zset-8388608-zadd_middle_zpopmin-r3-20261008 23717.51 54.824 1791469419.1220338
START pr29174ba1d1e-pr291full-zset-8388608-zadd_middle_zpopmin-r3-20261008 1791469419.6216233
discard c08bc35101567ebd0001 /dev/nvme3n1
discard c08bc35101567ebd0002 /dev/nvme5n1
discard c08bc35101567ebd0003 /dev/nvme4n1
discard c08bc35101567ebd0004 /dev/nvme2n1
discard c08bc35101567ebd0005 /dev/nvme1n1
discard c08bc35101567ebd0006 /dev/nvme6n1
COMPLETE pr29174ba1d1e-pr291full-zset-8388608-zadd_middle_zpopmin-r3-20261008 23983.21 50.915 1791469472.2193055
START main1dd8a5b3-pr291full-hash-8388608-hset-r3-20261008 1791469472.7192566
discard c08bc35101567ebd0001 /dev/nvme3n1
discard c08bc35101567ebd0002 /dev/nvme5n1
discard c08bc35101567ebd0003 /dev/nvme4n1
discard c08bc35101567ebd0004 /dev/nvme2n1
discard c08bc35101567ebd0005 /dev/nvme1n1
discard c08bc35101567ebd0006 /dev/nvme6n1
COMPLETE main1dd8a5b3-pr291full-hash-8388608-hset-r3-20261008 33771.92 176.678 1791469526.3847494
START pr29174ba1d1e-pr291full-hash-8388608-hset-r3-20261008 1791469526.8842678
discard c08bc35101567ebd0001 /dev/nvme3n1
discard c08bc35101567ebd0002 /dev/nvme5n1
discard c08bc35101567ebd0003 /dev/nvme4n1
discard c08bc35101567ebd0004 /dev/nvme2n1
discard c08bc35101567ebd0005 /dev/nvme1n1
discard c08bc35101567ebd0006 /dev/nvme6n1
COMPLETE pr29174ba1d1e-pr291full-hash-8388608-hset-r3-20261008 33379.46 157.884 1791469579.4889224
START main1dd8a5b3-pr291full-set-8388608-sadd_srem-r3-20261008 1791469579.9885643
discard c08bc35101567ebd0001 /dev/nvme3n1
discard c08bc35101567ebd0002 /dev/nvme5n1
discard c08bc35101567ebd0003 /dev/nvme4n1
discard c08bc35101567ebd0004 /dev/nvme2n1
discard c08bc35101567ebd0005 /dev/nvme1n1
discard c08bc35101567ebd0006 /dev/nvme6n1
COMPLETE main1dd8a5b3-pr291full-set-8388608-sadd_srem-r3-20261008 50348.49 23.19 1791469632.6252956
START pr29174ba1d1e-pr291full-set-8388608-sadd_srem-r3-20261008 1791469633.1250498
discard c08bc35101567ebd0001 /dev/nvme3n1
discard c08bc35101567ebd0002 /dev/nvme5n1
discard c08bc35101567ebd0003 /dev/nvme4n1
discard c08bc35101567ebd0004 /dev/nvme2n1
discard c08bc35101567ebd0005 /dev/nvme1n1
discard c08bc35101567ebd0006 /dev/nvme6n1
COMPLETE pr29174ba1d1e-pr291full-set-8388608-sadd_srem-r3-20261008 50655.68 23.841 1791469684.7400143
ALL_PR291_QPS_PAIRS_COMPLETE 1791469684.742926
