WAIT_FOR_CLEAN_SCORE_PAIRS 28687411 1791182112.4810631
WAIT_FOR_HOST_LOCK zset-score-views-perf 790686 1791202947.9323976
HOST_LOCK_ACQUIRED zset-score-views-perf 790686 1791202947.9324403
discard c08bc35101567ebd0001 /dev/nvme3n1
discard c08bc35101567ebd0002 /dev/nvme5n1
discard c08bc35101567ebd0003 /dev/nvme4n1
discard c08bc35101567ebd0004 /dev/nvme2n1
discard c08bc35101567ebd0005 /dev/nvme1n1
discard c08bc35101567ebd0006 /dev/nvme6n1
START seed-zset-score-views-perf-104857600-1024-20261005 1791202949.8155043
START diagnostic-parent4610d607-zset-score-views-104857600-1024-c5120-20261005 1791202981.8776643
COMPLETE diagnostic-parent4610d607-zset-score-views-104857600-1024-c5120-20261005 1791203037.9457698
START diagnostic-candidate9d1ffc85-zset-score-views-104857600-1024-c5120-20261005 1791203037.9458635
COMPLETE diagnostic-candidate9d1ffc85-zset-score-views-104857600-1024-c5120-20261005 1791203093.0185277
discard c08bc35101567ebd0001 /dev/nvme3n1
discard c08bc35101567ebd0002 /dev/nvme5n1
discard c08bc35101567ebd0003 /dev/nvme4n1
discard c08bc35101567ebd0004 /dev/nvme2n1
discard c08bc35101567ebd0005 /dev/nvme1n1
discard c08bc35101567ebd0006 /dev/nvme6n1
START seed-zset-score-views-perf-65536-128-20261005 1791203100.2962396
START diagnostic-parent4610d607-zset-score-views-65536-128-c320-20261005 1791203108.3504636
COMPLETE diagnostic-parent4610d607-zset-score-views-65536-128-c320-20261005 1791203160.422015
START diagnostic-candidate9d1ffc85-zset-score-views-65536-128-c320-20261005 1791203160.422109
COMPLETE diagnostic-candidate9d1ffc85-zset-score-views-65536-128-c320-20261005 1791203212.6066573
ALL_ZSET_SCORE_VIEWS_PROFILES_COMPLETE 1791203218.0405996
