WAIT_FOR_PRIOR_WORK 761025 28069535 1791181647.1601138
WAIT_FOR_PRIOR_WORK 761017 28069416 1791188382.270517
WAIT_FOR_PRIOR_WORK 782817 28427247 1791189732.3017805
WAIT_FOR_PRIOR_WORK 761040 28071505 1791189837.3034399
WAIT_FOR_PRIOR_WORK 761046 28071619 1791190677.3170507
WAIT_FOR_PRIOR_WORK 761061 28072735 1791197157.716303
WAIT_FOR_HOST_LOCK zset-score-views-native-validation 789134 1791198375.2829173
HOST_LOCK_ACQUIRED zset-score-views-native-validation 789134 1791198375.282955
START parent checkout 1791198375.2936332
PASS parent checkout 1791198375.3253503
START parent configure-tests 1791198375.3253906
PASS parent configure-tests 1791198380.1490254
START parent build-tests 1791198380.149079
PASS parent build-tests 1791198612.2297075
START parent unit-tests 1791198612.229834
PASS parent unit-tests 1791198614.8503385
START parent configure-production 1791198614.8713055
PASS parent configure-production 1791198619.3441994
START parent build-production 1791198619.3442552
PASS parent build-production 1791198619.4082267
START parent native-tests 1791198620.1983452
PASS parent native-tests 1791198797.256941
START candidate checkout 1791198797.5437195
PASS candidate checkout 1791198797.559584
START candidate configure-tests 1791198797.5596168
PASS candidate configure-tests 1791198802.4330997
START candidate build-tests 1791198802.4331586
PASS candidate build-tests 1791199035.021319
START candidate unit-tests 1791199035.0214438
PASS candidate unit-tests 1791199037.3412714
START candidate configure-production 1791199037.361839
PASS candidate configure-production 1791199041.7848308
START candidate build-production 1791199041.7848873
PASS candidate build-production 1791199041.848875
START candidate native-tests 1791199042.6284482
PASS candidate native-tests 1791199218.4809084
ALL_ZSET_SCORE_VIEWS_NATIVE_TESTS_PASS 1791199218.769922
