WAIT_FOR_PRIOR_SCORE_DIAGNOSTICS 28696176 1791184382.0976846
WAIT_FOR_HOST_LOCK zset-worker-count-controls 795645 1791203224.8177073
HOST_LOCK_ACQUIRED zset-worker-count-controls 795645 1791203224.8177605
discard c08bc35101567ebd0001 /dev/nvme3n1
discard c08bc35101567ebd0002 /dev/nvme5n1
discard c08bc35101567ebd0003 /dev/nvme4n1
discard c08bc35101567ebd0004 /dev/nvme2n1
discard c08bc35101567ebd0005 /dev/nvme1n1
discard c08bc35101567ebd0006 /dev/nvme6n1
START parent067c7589-zset-worker-count-w12-104857600-1024-k8-repeat1-20261005 1791203226.9263818
COMPLETE parent067c7589-zset-worker-count-w12-104857600-1024-k8-repeat1-20261005 1791203390.4449923
discard c08bc35101567ebd0001 /dev/nvme3n1
discard c08bc35101567ebd0002 /dev/nvme5n1
discard c08bc35101567ebd0003 /dev/nvme4n1
discard c08bc35101567ebd0004 /dev/nvme2n1
discard c08bc35101567ebd0005 /dev/nvme1n1
discard c08bc35101567ebd0006 /dev/nvme6n1
START parent067c7589-zset-worker-count-w8-104857600-1024-k8-repeat1-20261005 1791203392.3062196
COMPLETE parent067c7589-zset-worker-count-w8-104857600-1024-k8-repeat1-20261005 1791203553.8186984
discard c08bc35101567ebd0001 /dev/nvme3n1
discard c08bc35101567ebd0002 /dev/nvme5n1
discard c08bc35101567ebd0003 /dev/nvme4n1
discard c08bc35101567ebd0004 /dev/nvme2n1
discard c08bc35101567ebd0005 /dev/nvme1n1
discard c08bc35101567ebd0006 /dev/nvme6n1
START parent067c7589-zset-worker-count-w8-104857600-1024-k8-repeat2-20261005 1791203555.692467
COMPLETE parent067c7589-zset-worker-count-w8-104857600-1024-k8-repeat2-20261005 1791203716.2067308
discard c08bc35101567ebd0001 /dev/nvme3n1
discard c08bc35101567ebd0002 /dev/nvme5n1
discard c08bc35101567ebd0003 /dev/nvme4n1
discard c08bc35101567ebd0004 /dev/nvme2n1
discard c08bc35101567ebd0005 /dev/nvme1n1
discard c08bc35101567ebd0006 /dev/nvme6n1
START parent067c7589-zset-worker-count-w12-104857600-1024-k8-repeat2-20261005 1791203718.0783532
COMPLETE parent067c7589-zset-worker-count-w12-104857600-1024-k8-repeat2-20261005 1791203882.6088672
discard c08bc35101567ebd0001 /dev/nvme3n1
discard c08bc35101567ebd0002 /dev/nvme5n1
discard c08bc35101567ebd0003 /dev/nvme4n1
discard c08bc35101567ebd0004 /dev/nvme2n1
discard c08bc35101567ebd0005 /dev/nvme1n1
discard c08bc35101567ebd0006 /dev/nvme6n1
START parent067c7589-zset-worker-count-w12-104857600-1024-k8-repeat3-20261005 1791203884.4752746
COMPLETE parent067c7589-zset-worker-count-w12-104857600-1024-k8-repeat3-20261005 1791204048.009411
discard c08bc35101567ebd0001 /dev/nvme3n1
discard c08bc35101567ebd0002 /dev/nvme5n1
discard c08bc35101567ebd0003 /dev/nvme4n1
discard c08bc35101567ebd0004 /dev/nvme2n1
discard c08bc35101567ebd0005 /dev/nvme1n1
discard c08bc35101567ebd0006 /dev/nvme6n1
START parent067c7589-zset-worker-count-w8-104857600-1024-k8-repeat3-20261005 1791204049.8701375
COMPLETE parent067c7589-zset-worker-count-w8-104857600-1024-k8-repeat3-20261005 1791204211.453285
ALL_ZSET_WORKER_COUNT_REPEATS_COMPLETE 1791204211.4533093
