WAIT_FOR_PRIOR_SCORE_WORK 28696176 1791196574.6472
WAIT_FOR_HOST_LOCK grouped-lookup-native-validation 851633 1791203225.5116105
HOST_LOCK_ACQUIRED grouped-lookup-native-validation 851633 1791204211.4555383
START inline checkout 1791204213.3060305
PASS inline checkout 1791204213.3262012
START inline configure-tests 1791204213.326234
PASS inline configure-tests 1791204218.1645522
START inline build-tests 1791204218.1646078
PASS inline build-tests 1791204455.9127529
START inline unit-tests 1791204455.9128802
PASS inline unit-tests 1791204458.6339254
START inline configure-production 1791204458.7879176
PASS inline configure-production 1791204463.2299538
START inline build-production 1791204463.230012
PASS inline build-production 1791204463.271886
START inline ordered-tests 1791204464.0169373
PASS inline ordered-tests 1791204824.5364032
START inline blocking-tests 1791204824.5365162
PASS inline blocking-tests 1791204827.0054502
START inline hash-tests 1791204827.0055525
PASS inline hash-tests 1791204844.3542113
START decoded checkout 1791204844.7053027
PASS decoded checkout 1791204844.72396
START decoded configure-tests 1791204844.7240028
PASS decoded configure-tests 1791204849.575023
START decoded build-tests 1791204849.5750794
PASS decoded build-tests 1791205084.0079107
START decoded unit-tests 1791205084.0080502
PASS decoded unit-tests 1791205086.427944
START decoded configure-production 1791205086.5815806
PASS decoded configure-production 1791205091.0090206
START decoded build-production 1791205091.0090752
PASS decoded build-production 1791205091.050881
START decoded ordered-tests 1791205091.7973459
PASS decoded ordered-tests 1791205453.354178
START decoded blocking-tests 1791205453.3542926
PASS decoded blocking-tests 1791205455.9235573
START decoded hash-tests 1791205455.9236717
PASS decoded hash-tests 1791205473.0238469
ALL_GROUPED_LOOKUP_NATIVE_TESTS_PASS 1791205473.3803518
