START render-main-refresh.py 1791309579.5919583
/mnt/dev/lavik-complex-refresh-20261004/perf_reports/lavik-complex-structures-2026-09-26/charts/hash-1048576-1024-k50000-fill.png
/mnt/dev/lavik-complex-refresh-20261004/perf_reports/lavik-complex-structures-2026-09-26/hash-1048576-1024-k50000-fill.csv
/mnt/dev/lavik-complex-refresh-20261004/perf_reports/lavik-complex-structures-2026-09-26/charts/hash-1048576-128-k50000-fill.png
/mnt/dev/lavik-complex-refresh-20261004/perf_reports/lavik-complex-structures-2026-09-26/hash-1048576-128-k50000-fill.csv
/mnt/dev/lavik-complex-refresh-20261004/perf_reports/lavik-complex-structures-2026-09-26/charts/set-1048576-1024-k50000-fill.png
/mnt/dev/lavik-complex-refresh-20261004/perf_reports/lavik-complex-structures-2026-09-26/set-1048576-1024-k50000-fill.csv
/mnt/dev/lavik-complex-refresh-20261004/perf_reports/lavik-complex-structures-2026-09-26/charts/set-1048576-128-k50000-fill.png
/mnt/dev/lavik-complex-refresh-20261004/perf_reports/lavik-complex-structures-2026-09-26/set-1048576-128-k50000-fill.csv
All new-main plots and source selections rendered; review introduction before publication.
COMPLETE render-main-refresh.py 1791309594.8426669
START build-main-gap-summary.py 1791309594.8427029
{
  "conditions": 28,
  "points": 332,
  "summary": [
    {
      "command": "XADD_MAXLEN",
      "points": 30,
      "successful": 30,
      "errors": 0,
      "median_ratio": 0.0862434939340986,
      "minimum_ratio": 0.02699471069710937,
      "maximum_ratio": 0.14852115044905514,
      "at_least_80pct": 0,
      "at_least_fastest": 0
    },
    {
      "command": "ZINCRBY",
      "points": 30,
      "successful": 30,
      "errors": 0,
      "median_ratio": 0.10179005192711688,
      "minimum_ratio": 0.058037431273792524,
      "maximum_ratio": 0.17597863976051872,
      "at_least_80pct": 0,
      "at_least_fastest": 0
    },
    {
      "command": "LSET",
      "points": 40,
      "successful": 40,
      "errors": 0,
      "median_ratio": 0.2253385058317058,
      "minimum_ratio": 0.13436904111349504,
      "maximum_ratio": 0.657770446993343,
      "at_least_80pct": 0,
      "at_least_fastest": 0
    },
    {
      "command": "HSET",
      "points": 20,
      "successful": 20,
      "errors": 0,
      "median_ratio": 0.31530078541682527,
      "minimum_ratio": 0.1687577264682291,
      "maximum_ratio": 0.4084503035749661,
      "at_least_80pct": 0,
      "at_least_fastest": 0
    },
    {
      "command": "XRANGE",
      "points": 30,
      "successful": 30,
      "errors": 0,
      "median_ratio": 0.34275623465360683,
      "minimum_ratio": 0.204455977719841,
      "maximum_ratio": 0.654289119141931,
      "at_least_80pct": 0,
      "at_least_fastest": 0
    },
    {
      "command": "SADD_SREM",
      "points": 20,
      "successful": 20,
      "errors": 0,
      "median_ratio": 0.39887498810751965,
      "minimum_ratio": 0.2608190661150754,
      "maximum_ratio": 0.5886024555814771,
      "at_least_80pct": 0,
      "at_least_fastest": 0
    },
    {
      "command": "SMEMBERS",
      "points": 10,
      "successful": 10,
      "errors": 0,
      "median_ratio": 0.48469068192356246,
      "minimum_ratio": 0.12597200622083982,
      "maximum_ratio": 0.9986720907193897,
      "at_least_80pct": 1,
      "at_least_fastest": 0
    },
    {
      "command": "ZSCORE",
      "points": 30,
      "successful": 30,
      "errors": 0,
      "median_ratio": 0.49303941379922156,
      "minimum_ratio": 0.20023680614361117,
      "maximum_ratio": 0.8997346265812292,
      "at_least_80pct": 6,
      "at_least_fastest": 0
    },
    {
      "command": "HGETALL",
      "points": 10,
      "successful": 10,
      "errors": 0,
      "median_ratio": 0.5496253538430251,
      "minimum_ratio": 0.13590604026845637,
      "maximum_ratio": 1.0884409871794143,
      "at_least_80pct": 3,
      "at_least_fastest": 2
    },
    {
      "command": "ZRANGE",
      "points": 14,
      "successful": 14,
      "errors": 0,
      "median_ratio": 0.6915367017445725,
      "minimum_ratio": 0.15602836879432624,
      "maximum_ratio": 1.091283451823993,
      "at_least_80pct": 6,
      "at_least_fastest": 3
    },
    {
      "command": "LINDEX",
      "points": 30,
      "successful": 30,
      "errors": 0,
      "median_ratio": 0.7705110840798755,
      "minimum_ratio": 0.4238321938857998,
      "maximum_ratio": 1.0779867921337514,
      "at_least_80pct": 14,
      "at_least_fastest": 7
    },
    {
      "command": "SISMEMBER",
      "points": 20,
      "successful": 20,
      "errors": 0,
      "median_ratio": 0.8018805276573563,
      "minimum_ratio": 0.46933321292845576,
      "maximum_ratio": 1.2266644989283975,
      "at_least_80pct": 10,
      "at_least_fastest": 2
    },
    {
      "command": "HGET",
      "points": 20,
      "successful": 20,
      "errors": 0,
      "median_ratio": 0.8476866960282534,
      "minimum_ratio": 0.45314381275331994,
      "maximum_ratio": 1.1662492464707865,
      "at_least_80pct": 11,
      "at_least_fastest": 4
    },
    {
      "command": "LRANGE",
      "points": 14,
      "successful": 14,
      "errors": 0,
      "median_ratio": 0.9987156674374262,
      "minimum_ratio": 0.5828118481435128,
      "maximum_ratio": 1.1695731367405762,
      "at_least_80pct": 10,
      "at_least_fastest": 3
    },
    {
      "command": "XRANGE_FULL",
      "points": 14,
      "successful": 14,
      "errors": 0,
      "median_ratio": 1.0943165213531412,
      "minimum_ratio": 0.9627736222982581,
      "maximum_ratio": 1.3661417322834646,
      "at_least_80pct": 14,
      "at_least_fastest": 10
    }
  ]
}
COMPLETE build-main-gap-summary.py 1791309594.8835287
START finalize-report.py 1791309594.8835473
Finalized new main narrative and comparison; audit and publication still required.
COMPLETE finalize-report.py 1791309595.3202431
START audit-current.py 1791309595.320277
{
  "time": 1791309596.1292224,
  "target_main": "920f879b05636d066ef0485f1ee1121813ef79ac",
  "fresh_conditions": 28,
  "total_conditions": 28,
  "observations": 1328,
  "fill_observations": 24,
  "failed_observations": [],
  "checks": [
    "all plotted QPS/p99 match raw source",
    "all selected connection grids are complete with failures explicitly retained",
    "fresh source commits and binary hashes match manifest",
    "fresh raw has validated cardinalities and clean exits",
    "all HSET/SADD and RPUSH fill CSV elapsed times match raw source",
    "historical versions retain original identities",
    "all README links and 84 figures exist"
  ]
}
COMPLETE audit-current.py 1791309596.1760676
START finalize-report.py 1791309596.176102
Finalized new main narrative and comparison; audit and publication still required.
COMPLETE finalize-report.py 1791309596.5945227
START prepare-main-evidence.py 1791309596.594559
Verified command counters for 332 observations
Prepared 2865 main evidence paths; 332 successful and 0 failed observations.
COMPLETE prepare-main-evidence.py 1791309597.1035058
ALL_MAIN_ANALYSIS_COMPLETE
