discard c08bc35101567ebd0001 /dev/nvme3n1
discard c08bc35101567ebd0002 /dev/nvme5n1
discard c08bc35101567ebd0003 /dev/nvme4n1
discard c08bc35101567ebd0004 /dev/nvme2n1
discard c08bc35101567ebd0005 /dev/nvme1n1
discard c08bc35101567ebd0006 /dev/nvme6n1
START main920f879b-import-set-1048576-k50000-f128-20261006 1791308546.3569052
2026-10-06 17:42:32 lavik-main920f879b-import-set-1048576-k50000-f128-20261006 set-1048576-128 fill
2026-10-06 17:43:05 set fill worker 1 keys 250 / 6250
2026-10-06 17:43:06 set fill worker 6 keys 250 / 6250
2026-10-06 17:43:06 set fill worker 2 keys 250 / 6250
2026-10-06 17:43:06 set fill worker 4 keys 250 / 6250
2026-10-06 17:43:06 set fill worker 5 keys 250 / 6250
2026-10-06 17:43:06 set fill worker 3 keys 250 / 6250
2026-10-06 17:43:08 set fill worker 7 keys 250 / 6250
2026-10-06 17:43:09 set fill worker 8 keys 250 / 6250
2026-10-06 17:43:40 set fill worker 6 keys 500 / 6250
2026-10-06 17:43:40 set fill worker 2 keys 500 / 6250
2026-10-06 17:43:41 set fill worker 4 keys 500 / 6250
2026-10-06 17:43:41 set fill worker 1 keys 500 / 6250
2026-10-06 17:43:41 set fill worker 5 keys 500 / 6250
2026-10-06 17:43:43 set fill worker 3 keys 500 / 6250
2026-10-06 17:43:43 set fill worker 7 keys 500 / 6250
2026-10-06 17:43:46 set fill worker 8 keys 500 / 6250
2026-10-06 17:44:15 set fill worker 4 keys 750 / 6250
2026-10-06 17:44:16 set fill worker 2 keys 750 / 6250
2026-10-06 17:44:18 set fill worker 3 keys 750 / 6250
2026-10-06 17:44:18 set fill worker 1 keys 750 / 6250
2026-10-06 17:44:18 set fill worker 6 keys 750 / 6250
2026-10-06 17:44:19 set fill worker 7 keys 750 / 6250
2026-10-06 17:44:20 set fill worker 5 keys 750 / 6250
2026-10-06 17:44:22 set fill worker 8 keys 750 / 6250
2026-10-06 17:44:50 set fill worker 4 keys 1000 / 6250
2026-10-06 17:44:53 set fill worker 1 keys 1000 / 6250
2026-10-06 17:44:53 set fill worker 2 keys 1000 / 6250
2026-10-06 17:44:54 set fill worker 6 keys 1000 / 6250
2026-10-06 17:44:55 set fill worker 7 keys 1000 / 6250
2026-10-06 17:44:56 set fill worker 5 keys 1000 / 6250
2026-10-06 17:44:57 set fill worker 3 keys 1000 / 6250
2026-10-06 17:44:58 set fill worker 8 keys 1000 / 6250
2026-10-06 17:45:26 set fill worker 4 keys 1250 / 6250
2026-10-06 17:45:29 set fill worker 1 keys 1250 / 6250
2026-10-06 17:45:30 set fill worker 6 keys 1250 / 6250
2026-10-06 17:45:30 set fill worker 2 keys 1250 / 6250
2026-10-06 17:45:31 set fill worker 7 keys 1250 / 6250
2026-10-06 17:45:33 set fill worker 3 keys 1250 / 6250
2026-10-06 17:45:33 set fill worker 5 keys 1250 / 6250
2026-10-06 17:45:35 set fill worker 8 keys 1250 / 6250
2026-10-06 17:46:00 set fill worker 4 keys 1500 / 6250
2026-10-06 17:46:03 set fill worker 2 keys 1500 / 6250
2026-10-06 17:46:05 set fill worker 6 keys 1500 / 6250
2026-10-06 17:46:05 set fill worker 1 keys 1500 / 6250
2026-10-06 17:46:07 set fill worker 7 keys 1500 / 6250
2026-10-06 17:46:09 set fill worker 5 keys 1500 / 6250
2026-10-06 17:46:09 set fill worker 3 keys 1500 / 6250
2026-10-06 17:46:10 set fill worker 8 keys 1500 / 6250
2026-10-06 17:46:36 set fill worker 4 keys 1750 / 6250
2026-10-06 17:46:40 set fill worker 2 keys 1750 / 6250
2026-10-06 17:46:41 set fill worker 6 keys 1750 / 6250
2026-10-06 17:46:41 set fill worker 7 keys 1750 / 6250
2026-10-06 17:46:43 set fill worker 3 keys 1750 / 6250
2026-10-06 17:46:43 set fill worker 1 keys 1750 / 6250
2026-10-06 17:46:45 set fill worker 5 keys 1750 / 6250
2026-10-06 17:46:45 set fill worker 8 keys 1750 / 6250
2026-10-06 17:47:12 set fill worker 4 keys 2000 / 6250
2026-10-06 17:47:16 set fill worker 7 keys 2000 / 6250
2026-10-06 17:47:17 set fill worker 6 keys 2000 / 6250
2026-10-06 17:47:18 set fill worker 2 keys 2000 / 6250
2026-10-06 17:47:18 set fill worker 1 keys 2000 / 6250
2026-10-06 17:47:21 set fill worker 5 keys 2000 / 6250
2026-10-06 17:47:21 set fill worker 3 keys 2000 / 6250
2026-10-06 17:47:21 set fill worker 8 keys 2000 / 6250
2026-10-06 17:47:49 set fill worker 4 keys 2250 / 6250
2026-10-06 17:47:51 set fill worker 7 keys 2250 / 6250
2026-10-06 17:47:54 set fill worker 2 keys 2250 / 6250
2026-10-06 17:47:54 set fill worker 1 keys 2250 / 6250
2026-10-06 17:47:55 set fill worker 6 keys 2250 / 6250
2026-10-06 17:47:56 set fill worker 3 keys 2250 / 6250
2026-10-06 17:47:57 set fill worker 5 keys 2250 / 6250
2026-10-06 17:47:57 set fill worker 8 keys 2250 / 6250
2026-10-06 17:48:25 set fill worker 4 keys 2500 / 6250
2026-10-06 17:48:27 set fill worker 7 keys 2500 / 6250
2026-10-06 17:48:29 set fill worker 2 keys 2500 / 6250
2026-10-06 17:48:30 set fill worker 1 keys 2500 / 6250
2026-10-06 17:48:30 set fill worker 5 keys 2500 / 6250
2026-10-06 17:48:30 set fill worker 3 keys 2500 / 6250
2026-10-06 17:48:31 set fill worker 6 keys 2500 / 6250
2026-10-06 17:48:34 set fill worker 8 keys 2500 / 6250
2026-10-06 17:49:00 set fill worker 7 keys 2750 / 6250
2026-10-06 17:49:01 set fill worker 4 keys 2750 / 6250
2026-10-06 17:49:04 set fill worker 5 keys 2750 / 6250
2026-10-06 17:49:05 set fill worker 3 keys 2750 / 6250
2026-10-06 17:49:05 set fill worker 1 keys 2750 / 6250
2026-10-06 17:49:07 set fill worker 2 keys 2750 / 6250
2026-10-06 17:49:07 set fill worker 6 keys 2750 / 6250
2026-10-06 17:49:10 set fill worker 8 keys 2750 / 6250
2026-10-06 17:49:35 set fill worker 7 keys 3000 / 6250
2026-10-06 17:49:37 set fill worker 4 keys 3000 / 6250
2026-10-06 17:49:41 set fill worker 5 keys 3000 / 6250
2026-10-06 17:49:41 set fill worker 1 keys 3000 / 6250
2026-10-06 17:49:43 set fill worker 3 keys 3000 / 6250
2026-10-06 17:49:44 set fill worker 2 keys 3000 / 6250
2026-10-06 17:49:44 set fill worker 6 keys 3000 / 6250
2026-10-06 17:49:46 set fill worker 8 keys 3000 / 6250
2026-10-06 17:50:10 set fill worker 7 keys 3250 / 6250
2026-10-06 17:50:14 set fill worker 4 keys 3250 / 6250
2026-10-06 17:50:17 set fill worker 1 keys 3250 / 6250
2026-10-06 17:50:18 set fill worker 5 keys 3250 / 6250
2026-10-06 17:50:18 set fill worker 3 keys 3250 / 6250
2026-10-06 17:50:20 set fill worker 6 keys 3250 / 6250
2026-10-06 17:50:21 set fill worker 2 keys 3250 / 6250
2026-10-06 17:50:22 set fill worker 8 keys 3250 / 6250
2026-10-06 17:50:44 set fill worker 7 keys 3500 / 6250
2026-10-06 17:50:49 set fill worker 4 keys 3500 / 6250
2026-10-06 17:50:53 set fill worker 5 keys 3500 / 6250
2026-10-06 17:50:54 set fill worker 3 keys 3500 / 6250
2026-10-06 17:50:55 set fill worker 1 keys 3500 / 6250
2026-10-06 17:50:56 set fill worker 2 keys 3500 / 6250
2026-10-06 17:50:57 set fill worker 6 keys 3500 / 6250
2026-10-06 17:50:57 set fill worker 8 keys 3500 / 6250
2026-10-06 17:51:20 set fill worker 7 keys 3750 / 6250
2026-10-06 17:51:26 set fill worker 4 keys 3750 / 6250
2026-10-06 17:51:28 set fill worker 5 keys 3750 / 6250
2026-10-06 17:51:29 set fill worker 3 keys 3750 / 6250
2026-10-06 17:51:31 set fill worker 6 keys 3750 / 6250
2026-10-06 17:51:32 set fill worker 8 keys 3750 / 6250
2026-10-06 17:51:32 set fill worker 1 keys 3750 / 6250
2026-10-06 17:51:32 set fill worker 2 keys 3750 / 6250
2026-10-06 17:51:57 set fill worker 7 keys 4000 / 6250
2026-10-06 17:52:03 set fill worker 5 keys 4000 / 6250
2026-10-06 17:52:04 set fill worker 4 keys 4000 / 6250
2026-10-06 17:52:04 set fill worker 3 keys 4000 / 6250
2026-10-06 17:52:07 set fill worker 2 keys 4000 / 6250
2026-10-06 17:52:08 set fill worker 6 keys 4000 / 6250
2026-10-06 17:52:08 set fill worker 8 keys 4000 / 6250
2026-10-06 17:52:09 set fill worker 1 keys 4000 / 6250
2026-10-06 17:52:34 set fill worker 7 keys 4250 / 6250
2026-10-06 17:52:39 set fill worker 5 keys 4250 / 6250
2026-10-06 17:52:40 set fill worker 3 keys 4250 / 6250
2026-10-06 17:52:40 set fill worker 4 keys 4250 / 6250
2026-10-06 17:52:43 set fill worker 8 keys 4250 / 6250
2026-10-06 17:52:44 set fill worker 6 keys 4250 / 6250
2026-10-06 17:52:44 set fill worker 1 keys 4250 / 6250
2026-10-06 17:52:44 set fill worker 2 keys 4250 / 6250
2026-10-06 17:53:10 set fill worker 7 keys 4500 / 6250
2026-10-06 17:53:15 set fill worker 4 keys 4500 / 6250
2026-10-06 17:53:16 set fill worker 5 keys 4500 / 6250
2026-10-06 17:53:16 set fill worker 3 keys 4500 / 6250
2026-10-06 17:53:18 set fill worker 6 keys 4500 / 6250
2026-10-06 17:53:18 set fill worker 8 keys 4500 / 6250
2026-10-06 17:53:19 set fill worker 2 keys 4500 / 6250
2026-10-06 17:53:21 set fill worker 1 keys 4500 / 6250
2026-10-06 17:53:47 set fill worker 7 keys 4750 / 6250
2026-10-06 17:53:52 set fill worker 4 keys 4750 / 6250
2026-10-06 17:53:52 set fill worker 3 keys 4750 / 6250
2026-10-06 17:53:53 set fill worker 8 keys 4750 / 6250
2026-10-06 17:53:53 set fill worker 5 keys 4750 / 6250
2026-10-06 17:53:54 set fill worker 6 keys 4750 / 6250
2026-10-06 17:53:57 set fill worker 2 keys 4750 / 6250
2026-10-06 17:53:57 set fill worker 1 keys 4750 / 6250
2026-10-06 17:54:23 set fill worker 7 keys 5000 / 6250
2026-10-06 17:54:27 set fill worker 4 keys 5000 / 6250
2026-10-06 17:54:28 set fill worker 3 keys 5000 / 6250
2026-10-06 17:54:28 set fill worker 5 keys 5000 / 6250
2026-10-06 17:54:29 set fill worker 8 keys 5000 / 6250
2026-10-06 17:54:29 set fill worker 1 keys 5000 / 6250
2026-10-06 17:54:30 set fill worker 6 keys 5000 / 6250
2026-10-06 17:54:32 set fill worker 2 keys 5000 / 6250
2026-10-06 17:54:59 set fill worker 7 keys 5250 / 6250
2026-10-06 17:55:02 set fill worker 5 keys 5250 / 6250
2026-10-06 17:55:04 set fill worker 4 keys 5250 / 6250
2026-10-06 17:55:04 set fill worker 3 keys 5250 / 6250
2026-10-06 17:55:05 set fill worker 1 keys 5250 / 6250
2026-10-06 17:55:05 set fill worker 6 keys 5250 / 6250
2026-10-06 17:55:06 set fill worker 8 keys 5250 / 6250
2026-10-06 17:55:08 set fill worker 2 keys 5250 / 6250
2026-10-06 17:55:35 set fill worker 7 keys 5500 / 6250
2026-10-06 17:55:39 set fill worker 5 keys 5500 / 6250
2026-10-06 17:55:40 set fill worker 6 keys 5500 / 6250
2026-10-06 17:55:40 set fill worker 1 keys 5500 / 6250
2026-10-06 17:55:41 set fill worker 4 keys 5500 / 6250
2026-10-06 17:55:41 set fill worker 3 keys 5500 / 6250
2026-10-06 17:55:42 set fill worker 8 keys 5500 / 6250
2026-10-06 17:55:45 set fill worker 2 keys 5500 / 6250
2026-10-06 17:56:10 set fill worker 7 keys 5750 / 6250
2026-10-06 17:56:15 set fill worker 5 keys 5750 / 6250
2026-10-06 17:56:15 set fill worker 6 keys 5750 / 6250
2026-10-06 17:56:16 set fill worker 4 keys 5750 / 6250
2026-10-06 17:56:16 set fill worker 1 keys 5750 / 6250
2026-10-06 17:56:16 set fill worker 3 keys 5750 / 6250
2026-10-06 17:56:17 set fill worker 8 keys 5750 / 6250
2026-10-06 17:56:22 set fill worker 2 keys 5750 / 6250
2026-10-06 17:56:46 set fill worker 7 keys 6000 / 6250
2026-10-06 17:56:51 set fill worker 1 keys 6000 / 6250
2026-10-06 17:56:51 set fill worker 5 keys 6000 / 6250
2026-10-06 17:56:51 set fill worker 6 keys 6000 / 6250
2026-10-06 17:56:52 set fill worker 3 keys 6000 / 6250
2026-10-06 17:56:52 set fill worker 4 keys 6000 / 6250
2026-10-06 17:56:54 set fill worker 8 keys 6000 / 6250
2026-10-06 17:56:57 set fill worker 2 keys 6000 / 6250
2026-10-06 17:57:22 set fill worker 7 keys 6250 / 6250
2026-10-06 17:57:25 set fill worker 6 keys 6250 / 6250
2026-10-06 17:57:26 set fill worker 1 keys 6250 / 6250
2026-10-06 17:57:26 set fill worker 3 keys 6250 / 6250
2026-10-06 17:57:27 set fill worker 5 keys 6250 / 6250
2026-10-06 17:57:27 set fill worker 8 keys 6250 / 6250
2026-10-06 17:57:28 set fill worker 4 keys 6250 / 6250
2026-10-06 17:57:29 set fill worker 2 keys 6250 / 6250
2026-10-06 17:57:34 lavik-main920f879b-import-set-1048576-k50000-f128-20261006 set-1048576-128-smembers-c1 76 QPS p99=14.78 ms
COMPLETE main920f879b-import-set-1048576-k50000-f128-20261006 1791309459.6486042
