discard c08bc35101567ebd0001 /dev/nvme3n1
discard c08bc35101567ebd0002 /dev/nvme5n1
discard c08bc35101567ebd0003 /dev/nvme4n1
discard c08bc35101567ebd0004 /dev/nvme2n1
discard c08bc35101567ebd0005 /dev/nvme1n1
discard c08bc35101567ebd0006 /dev/nvme6n1
START main920f879b-hashset-hash-104857600-k500-f1024-20261006 1791305929.6603484
2026-10-06 16:58:55 lavik-seed-main920f879b-hashset-hash-104857600-k500-f1024-20261006 hash-104857600-1024 fill
2026-10-06 16:58:57 RESTORE fill 10 / 500
2026-10-06 16:58:59 RESTORE fill 20 / 500
2026-10-06 16:59:01 RESTORE fill 30 / 500
2026-10-06 16:59:05 RESTORE fill 40 / 500
2026-10-06 16:59:06 RESTORE fill 50 / 500
2026-10-06 16:59:08 RESTORE fill 60 / 500
2026-10-06 16:59:10 RESTORE fill 70 / 500
2026-10-06 16:59:12 RESTORE fill 80 / 500
2026-10-06 16:59:14 RESTORE fill 90 / 500
2026-10-06 16:59:17 RESTORE fill 100 / 500
2026-10-06 16:59:20 RESTORE fill 110 / 500
2026-10-06 16:59:23 RESTORE fill 120 / 500
2026-10-06 16:59:27 RESTORE fill 130 / 500
2026-10-06 16:59:29 RESTORE fill 140 / 500
2026-10-06 16:59:31 RESTORE fill 150 / 500
2026-10-06 16:59:33 RESTORE fill 160 / 500
2026-10-06 16:59:35 RESTORE fill 170 / 500
2026-10-06 16:59:37 RESTORE fill 180 / 500
2026-10-06 16:59:41 RESTORE fill 190 / 500
2026-10-06 16:59:43 RESTORE fill 200 / 500
2026-10-06 16:59:45 RESTORE fill 210 / 500
2026-10-06 16:59:47 RESTORE fill 220 / 500
2026-10-06 16:59:50 RESTORE fill 230 / 500
2026-10-06 16:59:52 RESTORE fill 240 / 500
2026-10-06 16:59:55 RESTORE fill 250 / 500
2026-10-06 16:59:58 RESTORE fill 260 / 500
2026-10-06 16:59:59 RESTORE fill 270 / 500
2026-10-06 17:00:02 RESTORE fill 280 / 500
2026-10-06 17:00:05 RESTORE fill 290 / 500
2026-10-06 17:00:07 RESTORE fill 300 / 500
2026-10-06 17:00:09 RESTORE fill 310 / 500
2026-10-06 17:00:12 RESTORE fill 320 / 500
2026-10-06 17:00:14 RESTORE fill 330 / 500
2026-10-06 17:00:17 RESTORE fill 340 / 500
2026-10-06 17:00:18 RESTORE fill 350 / 500
2026-10-06 17:00:20 RESTORE fill 360 / 500
2026-10-06 17:00:23 RESTORE fill 370 / 500
2026-10-06 17:00:25 RESTORE fill 380 / 500
2026-10-06 17:00:28 RESTORE fill 390 / 500
2026-10-06 17:00:30 RESTORE fill 400 / 500
2026-10-06 17:00:32 RESTORE fill 410 / 500
2026-10-06 17:00:35 RESTORE fill 420 / 500
2026-10-06 17:00:38 RESTORE fill 430 / 500
2026-10-06 17:00:40 RESTORE fill 440 / 500
2026-10-06 17:00:41 RESTORE fill 450 / 500
2026-10-06 17:00:43 RESTORE fill 460 / 500
2026-10-06 17:00:45 RESTORE fill 470 / 500
2026-10-06 17:00:48 RESTORE fill 480 / 500
2026-10-06 17:00:51 RESTORE fill 490 / 500
2026-10-06 17:00:56 RESTORE fill 500 / 500
2026-10-06 17:00:56 RESTORE settle 335103640 backlog bytes 0 queued commits
2026-10-06 17:01:03 lavik-seed-main920f879b-hashset-hash-104857600-k500-f1024-20261006 hash-104857600-1024-hgetall-c1 1 QPS p99=1351.68 ms
2026-10-06 17:01:23 lavik-main920f879b-hashset-hash-104857600-k500-f1024-20261006 hash-104857600-1024 fill
2026-10-06 17:01:33 lavik-main920f879b-hashset-hash-104857600-k500-f1024-20261006 hash-104857600-1024-hgetall-c1 1 QPS p99=1409.02 ms
2026-10-06 17:01:42 lavik-main920f879b-hashset-hash-104857600-k500-f1024-20261006 hash-104857600-1024-hgetall-c4 3 QPS p99=1351.68 ms
2026-10-06 17:01:52 lavik-main920f879b-hashset-hash-104857600-k500-f1024-20261006 hash-104857600-1024-hgetall-c16 12 QPS p99=1703.93 ms
2026-10-06 17:02:01 lavik-main920f879b-hashset-hash-104857600-k500-f1024-20261006 hash-104857600-1024-hget-c80 359026 QPS p99=0.34 ms
2026-10-06 17:02:11 lavik-main920f879b-hashset-hash-104857600-k500-f1024-20261006 hash-104857600-1024-hget-c320 583245 QPS p99=1.28 ms
2026-10-06 17:02:21 lavik-main920f879b-hashset-hash-104857600-k500-f1024-20261006 hash-104857600-1024-hget-c1280 415849 QPS p99=25.73 ms
2026-10-06 17:02:31 lavik-main920f879b-hashset-hash-104857600-k500-f1024-20261006 hash-104857600-1024-hget-c2560 388484 QPS p99=54.27 ms
2026-10-06 17:02:43 lavik-main920f879b-hashset-hash-104857600-k500-f1024-20261006 hash-104857600-1024-hget-c5120 349488 QPS p99=117.76 ms
2026-10-06 17:02:53 lavik-main920f879b-hashset-hash-104857600-k500-f1024-20261006 hash-104857600-1024-hset-c80 179695 QPS p99=4.13 ms
2026-10-06 17:03:03 lavik-main920f879b-hashset-hash-104857600-k500-f1024-20261006 hash-104857600-1024-hset-c320 200764 QPS p99=27.26 ms
2026-10-06 17:03:13 lavik-main920f879b-hashset-hash-104857600-k500-f1024-20261006 hash-104857600-1024-hset-c1280 152955 QPS p99=78.85 ms
2026-10-06 17:03:23 lavik-main920f879b-hashset-hash-104857600-k500-f1024-20261006 hash-104857600-1024-hset-c2560 149070 QPS p99=154.62 ms
2026-10-06 17:03:34 lavik-main920f879b-hashset-hash-104857600-k500-f1024-20261006 hash-104857600-1024-hset-c5120 141402 QPS p99=317.44 ms
COMPLETE main920f879b-hashset-hash-104857600-k500-f1024-20261006 1791306216.877293
