discard c08bc35101567ebd0001 /dev/nvme3n1
discard c08bc35101567ebd0002 /dev/nvme5n1
discard c08bc35101567ebd0003 /dev/nvme4n1
discard c08bc35101567ebd0004 /dev/nvme2n1
discard c08bc35101567ebd0005 /dev/nvme1n1
discard c08bc35101567ebd0006 /dev/nvme6n1
START main920f879b-import-hash-1048576-k50000-f1024-20261006 1791307111.8537982
2026-10-06 17:18:37 lavik-main920f879b-import-hash-1048576-k50000-f1024-20261006 hash-1048576-1024 fill
2026-10-06 17:18:45 hash fill worker 2 keys 250 / 6250
2026-10-06 17:18:45 hash fill worker 5 keys 250 / 6250
2026-10-06 17:18:45 hash fill worker 1 keys 250 / 6250
2026-10-06 17:18:45 hash fill worker 4 keys 250 / 6250
2026-10-06 17:18:45 hash fill worker 6 keys 250 / 6250
2026-10-06 17:18:45 hash fill worker 3 keys 250 / 6250
2026-10-06 17:18:46 hash fill worker 7 keys 250 / 6250
2026-10-06 17:18:46 hash fill worker 8 keys 250 / 6250
2026-10-06 17:18:53 hash fill worker 2 keys 500 / 6250
2026-10-06 17:18:53 hash fill worker 5 keys 500 / 6250
2026-10-06 17:18:53 hash fill worker 4 keys 500 / 6250
2026-10-06 17:18:53 hash fill worker 1 keys 500 / 6250
2026-10-06 17:18:53 hash fill worker 6 keys 500 / 6250
2026-10-06 17:18:54 hash fill worker 3 keys 500 / 6250
2026-10-06 17:18:54 hash fill worker 7 keys 500 / 6250
2026-10-06 17:18:54 hash fill worker 8 keys 500 / 6250
2026-10-06 17:19:00 hash fill worker 2 keys 750 / 6250
2026-10-06 17:19:01 hash fill worker 4 keys 750 / 6250
2026-10-06 17:19:01 hash fill worker 5 keys 750 / 6250
2026-10-06 17:19:01 hash fill worker 1 keys 750 / 6250
2026-10-06 17:19:01 hash fill worker 7 keys 750 / 6250
2026-10-06 17:19:01 hash fill worker 6 keys 750 / 6250
2026-10-06 17:19:02 hash fill worker 3 keys 750 / 6250
2026-10-06 17:19:02 hash fill worker 8 keys 750 / 6250
2026-10-06 17:19:08 hash fill worker 2 keys 1000 / 6250
2026-10-06 17:19:08 hash fill worker 4 keys 1000 / 6250
2026-10-06 17:19:09 hash fill worker 1 keys 1000 / 6250
2026-10-06 17:19:09 hash fill worker 5 keys 1000 / 6250
2026-10-06 17:19:09 hash fill worker 7 keys 1000 / 6250
2026-10-06 17:19:10 hash fill worker 6 keys 1000 / 6250
2026-10-06 17:19:10 hash fill worker 3 keys 1000 / 6250
2026-10-06 17:19:11 hash fill worker 8 keys 1000 / 6250
2026-10-06 17:19:16 hash fill worker 4 keys 1250 / 6250
2026-10-06 17:19:16 hash fill worker 1 keys 1250 / 6250
2026-10-06 17:19:16 hash fill worker 5 keys 1250 / 6250
2026-10-06 17:19:16 hash fill worker 2 keys 1250 / 6250
2026-10-06 17:19:17 hash fill worker 7 keys 1250 / 6250
2026-10-06 17:19:18 hash fill worker 6 keys 1250 / 6250
2026-10-06 17:19:19 hash fill worker 3 keys 1250 / 6250
2026-10-06 17:19:19 hash fill worker 8 keys 1250 / 6250
2026-10-06 17:19:23 hash fill worker 4 keys 1500 / 6250
2026-10-06 17:19:24 hash fill worker 1 keys 1500 / 6250
2026-10-06 17:19:24 hash fill worker 2 keys 1500 / 6250
2026-10-06 17:19:25 hash fill worker 6 keys 1500 / 6250
2026-10-06 17:19:25 hash fill worker 5 keys 1500 / 6250
2026-10-06 17:19:25 hash fill worker 7 keys 1500 / 6250
2026-10-06 17:19:26 hash fill worker 3 keys 1500 / 6250
2026-10-06 17:19:27 hash fill worker 8 keys 1500 / 6250
2026-10-06 17:19:31 hash fill worker 4 keys 1750 / 6250
2026-10-06 17:19:32 hash fill worker 1 keys 1750 / 6250
2026-10-06 17:19:32 hash fill worker 2 keys 1750 / 6250
2026-10-06 17:19:32 hash fill worker 5 keys 1750 / 6250
2026-10-06 17:19:33 hash fill worker 7 keys 1750 / 6250
2026-10-06 17:19:33 hash fill worker 6 keys 1750 / 6250
2026-10-06 17:19:34 hash fill worker 3 keys 1750 / 6250
2026-10-06 17:19:35 hash fill worker 8 keys 1750 / 6250
2026-10-06 17:19:40 hash fill worker 4 keys 2000 / 6250
2026-10-06 17:19:40 hash fill worker 1 keys 2000 / 6250
2026-10-06 17:19:40 hash fill worker 2 keys 2000 / 6250
2026-10-06 17:19:41 hash fill worker 7 keys 2000 / 6250
2026-10-06 17:19:41 hash fill worker 5 keys 2000 / 6250
2026-10-06 17:19:41 hash fill worker 6 keys 2000 / 6250
2026-10-06 17:19:41 hash fill worker 3 keys 2000 / 6250
2026-10-06 17:19:43 hash fill worker 8 keys 2000 / 6250
2026-10-06 17:19:47 hash fill worker 4 keys 2250 / 6250
2026-10-06 17:19:48 hash fill worker 2 keys 2250 / 6250
2026-10-06 17:19:48 hash fill worker 1 keys 2250 / 6250
2026-10-06 17:19:48 hash fill worker 7 keys 2250 / 6250
2026-10-06 17:19:49 hash fill worker 5 keys 2250 / 6250
2026-10-06 17:19:49 hash fill worker 6 keys 2250 / 6250
2026-10-06 17:19:49 hash fill worker 3 keys 2250 / 6250
2026-10-06 17:19:50 hash fill worker 8 keys 2250 / 6250
2026-10-06 17:19:55 hash fill worker 2 keys 2500 / 6250
2026-10-06 17:19:55 hash fill worker 4 keys 2500 / 6250
2026-10-06 17:19:55 hash fill worker 7 keys 2500 / 6250
2026-10-06 17:19:56 hash fill worker 5 keys 2500 / 6250
2026-10-06 17:19:56 hash fill worker 1 keys 2500 / 6250
2026-10-06 17:19:57 hash fill worker 3 keys 2500 / 6250
2026-10-06 17:19:57 hash fill worker 6 keys 2500 / 6250
2026-10-06 17:19:58 hash fill worker 8 keys 2500 / 6250
2026-10-06 17:20:03 hash fill worker 2 keys 2750 / 6250
2026-10-06 17:20:03 hash fill worker 7 keys 2750 / 6250
2026-10-06 17:20:04 hash fill worker 1 keys 2750 / 6250
2026-10-06 17:20:04 hash fill worker 4 keys 2750 / 6250
2026-10-06 17:20:04 hash fill worker 5 keys 2750 / 6250
2026-10-06 17:20:05 hash fill worker 3 keys 2750 / 6250
2026-10-06 17:20:05 hash fill worker 6 keys 2750 / 6250
2026-10-06 17:20:06 hash fill worker 8 keys 2750 / 6250
2026-10-06 17:20:11 hash fill worker 7 keys 3000 / 6250
2026-10-06 17:20:11 hash fill worker 2 keys 3000 / 6250
2026-10-06 17:20:11 hash fill worker 5 keys 3000 / 6250
2026-10-06 17:20:11 hash fill worker 4 keys 3000 / 6250
2026-10-06 17:20:11 hash fill worker 1 keys 3000 / 6250
2026-10-06 17:20:13 hash fill worker 3 keys 3000 / 6250
2026-10-06 17:20:14 hash fill worker 6 keys 3000 / 6250
2026-10-06 17:20:14 hash fill worker 8 keys 3000 / 6250
2026-10-06 17:20:18 hash fill worker 7 keys 3250 / 6250
2026-10-06 17:20:18 hash fill worker 2 keys 3250 / 6250
2026-10-06 17:20:18 hash fill worker 1 keys 3250 / 6250
2026-10-06 17:20:19 hash fill worker 5 keys 3250 / 6250
2026-10-06 17:20:19 hash fill worker 4 keys 3250 / 6250
2026-10-06 17:20:20 hash fill worker 3 keys 3250 / 6250
2026-10-06 17:20:21 hash fill worker 6 keys 3250 / 6250
2026-10-06 17:20:22 hash fill worker 8 keys 3250 / 6250
2026-10-06 17:20:26 hash fill worker 2 keys 3500 / 6250
2026-10-06 17:20:26 hash fill worker 1 keys 3500 / 6250
2026-10-06 17:20:27 hash fill worker 7 keys 3500 / 6250
2026-10-06 17:20:27 hash fill worker 4 keys 3500 / 6250
2026-10-06 17:20:28 hash fill worker 5 keys 3500 / 6250
2026-10-06 17:20:28 hash fill worker 3 keys 3500 / 6250
2026-10-06 17:20:29 hash fill worker 8 keys 3500 / 6250
2026-10-06 17:20:29 hash fill worker 6 keys 3500 / 6250
2026-10-06 17:20:34 hash fill worker 2 keys 3750 / 6250
2026-10-06 17:20:34 hash fill worker 1 keys 3750 / 6250
2026-10-06 17:20:34 hash fill worker 7 keys 3750 / 6250
2026-10-06 17:20:35 hash fill worker 4 keys 3750 / 6250
2026-10-06 17:20:35 hash fill worker 3 keys 3750 / 6250
2026-10-06 17:20:36 hash fill worker 5 keys 3750 / 6250
2026-10-06 17:20:37 hash fill worker 8 keys 3750 / 6250
2026-10-06 17:20:38 hash fill worker 6 keys 3750 / 6250
2026-10-06 17:20:41 hash fill worker 2 keys 4000 / 6250
2026-10-06 17:20:42 hash fill worker 1 keys 4000 / 6250
2026-10-06 17:20:42 hash fill worker 7 keys 4000 / 6250
2026-10-06 17:20:43 hash fill worker 4 keys 4000 / 6250
2026-10-06 17:20:43 hash fill worker 3 keys 4000 / 6250
2026-10-06 17:20:44 hash fill worker 5 keys 4000 / 6250
2026-10-06 17:20:45 hash fill worker 8 keys 4000 / 6250
2026-10-06 17:20:46 hash fill worker 6 keys 4000 / 6250
2026-10-06 17:20:49 hash fill worker 2 keys 4250 / 6250
2026-10-06 17:20:49 hash fill worker 7 keys 4250 / 6250
2026-10-06 17:20:50 hash fill worker 1 keys 4250 / 6250
2026-10-06 17:20:50 hash fill worker 4 keys 4250 / 6250
2026-10-06 17:20:51 hash fill worker 3 keys 4250 / 6250
2026-10-06 17:20:51 hash fill worker 5 keys 4250 / 6250
2026-10-06 17:20:53 hash fill worker 8 keys 4250 / 6250
2026-10-06 17:20:54 hash fill worker 6 keys 4250 / 6250
2026-10-06 17:20:57 hash fill worker 2 keys 4500 / 6250
2026-10-06 17:20:57 hash fill worker 1 keys 4500 / 6250
2026-10-06 17:20:58 hash fill worker 7 keys 4500 / 6250
2026-10-06 17:20:58 hash fill worker 4 keys 4500 / 6250
2026-10-06 17:20:59 hash fill worker 3 keys 4500 / 6250
2026-10-06 17:20:59 hash fill worker 5 keys 4500 / 6250
2026-10-06 17:21:01 hash fill worker 8 keys 4500 / 6250
2026-10-06 17:21:02 hash fill worker 6 keys 4500 / 6250
2026-10-06 17:21:05 hash fill worker 2 keys 4750 / 6250
2026-10-06 17:21:05 hash fill worker 1 keys 4750 / 6250
2026-10-06 17:21:06 hash fill worker 7 keys 4750 / 6250
2026-10-06 17:21:06 hash fill worker 4 keys 4750 / 6250
2026-10-06 17:21:07 hash fill worker 5 keys 4750 / 6250
2026-10-06 17:21:07 hash fill worker 3 keys 4750 / 6250
2026-10-06 17:21:09 hash fill worker 8 keys 4750 / 6250
2026-10-06 17:21:09 hash fill worker 6 keys 4750 / 6250
2026-10-06 17:21:13 hash fill worker 2 keys 5000 / 6250
2026-10-06 17:21:13 hash fill worker 7 keys 5000 / 6250
2026-10-06 17:21:14 hash fill worker 1 keys 5000 / 6250
2026-10-06 17:21:14 hash fill worker 4 keys 5000 / 6250
2026-10-06 17:21:15 hash fill worker 5 keys 5000 / 6250
2026-10-06 17:21:16 hash fill worker 3 keys 5000 / 6250
2026-10-06 17:21:17 hash fill worker 8 keys 5000 / 6250
2026-10-06 17:21:17 hash fill worker 6 keys 5000 / 6250
2026-10-06 17:21:21 hash fill worker 2 keys 5250 / 6250
2026-10-06 17:21:22 hash fill worker 1 keys 5250 / 6250
2026-10-06 17:21:22 hash fill worker 7 keys 5250 / 6250
2026-10-06 17:21:23 hash fill worker 4 keys 5250 / 6250
2026-10-06 17:21:23 hash fill worker 5 keys 5250 / 6250
2026-10-06 17:21:24 hash fill worker 3 keys 5250 / 6250
2026-10-06 17:21:24 hash fill worker 8 keys 5250 / 6250
2026-10-06 17:21:25 hash fill worker 6 keys 5250 / 6250
2026-10-06 17:21:29 hash fill worker 2 keys 5500 / 6250
2026-10-06 17:21:29 hash fill worker 7 keys 5500 / 6250
2026-10-06 17:21:30 hash fill worker 1 keys 5500 / 6250
2026-10-06 17:21:31 hash fill worker 5 keys 5500 / 6250
2026-10-06 17:21:31 hash fill worker 4 keys 5500 / 6250
2026-10-06 17:21:32 hash fill worker 8 keys 5500 / 6250
2026-10-06 17:21:32 hash fill worker 3 keys 5500 / 6250
2026-10-06 17:21:33 hash fill worker 6 keys 5500 / 6250
2026-10-06 17:21:37 hash fill worker 2 keys 5750 / 6250
2026-10-06 17:21:37 hash fill worker 7 keys 5750 / 6250
2026-10-06 17:21:38 hash fill worker 1 keys 5750 / 6250
2026-10-06 17:21:38 hash fill worker 4 keys 5750 / 6250
2026-10-06 17:21:39 hash fill worker 5 keys 5750 / 6250
2026-10-06 17:21:40 hash fill worker 8 keys 5750 / 6250
2026-10-06 17:21:40 hash fill worker 3 keys 5750 / 6250
2026-10-06 17:21:41 hash fill worker 6 keys 5750 / 6250
2026-10-06 17:21:44 hash fill worker 2 keys 6000 / 6250
2026-10-06 17:21:45 hash fill worker 7 keys 6000 / 6250
2026-10-06 17:21:46 hash fill worker 5 keys 6000 / 6250
2026-10-06 17:21:46 hash fill worker 1 keys 6000 / 6250
2026-10-06 17:21:46 hash fill worker 4 keys 6000 / 6250
2026-10-06 17:21:48 hash fill worker 8 keys 6000 / 6250
2026-10-06 17:21:48 hash fill worker 6 keys 6000 / 6250
2026-10-06 17:21:49 hash fill worker 3 keys 6000 / 6250
2026-10-06 17:21:52 hash fill worker 2 keys 6250 / 6250
2026-10-06 17:21:52 hash fill worker 7 keys 6250 / 6250
2026-10-06 17:21:53 hash fill worker 5 keys 6250 / 6250
2026-10-06 17:21:54 hash fill worker 4 keys 6250 / 6250
2026-10-06 17:21:54 hash fill worker 1 keys 6250 / 6250
2026-10-06 17:21:55 hash fill worker 3 keys 6250 / 6250
2026-10-06 17:21:55 hash fill worker 6 keys 6250 / 6250
2026-10-06 17:21:55 hash fill worker 8 keys 6250 / 6250
2026-10-06 17:22:00 lavik-main920f879b-import-hash-1048576-k50000-f1024-20261006 hash-1048576-1024-hgetall-c1 70 QPS p99=16.51 ms
COMPLETE main920f879b-import-hash-1048576-k50000-f1024-20261006 1791307325.972181
