discard c08bc35101567ebd0001 /dev/nvme3n1
discard c08bc35101567ebd0002 /dev/nvme5n1
discard c08bc35101567ebd0003 /dev/nvme4n1
discard c08bc35101567ebd0004 /dev/nvme2n1
discard c08bc35101567ebd0005 /dev/nvme1n1
discard c08bc35101567ebd0006 /dev/nvme6n1
START main920f879b-hashset-hash-104857600-k500-f128-20261006 1791305474.0179884
2026-10-06 16:51:19 lavik-seed-main920f879b-hashset-hash-104857600-k500-f128-20261006 hash-104857600-128 fill
2026-10-06 16:51:26 RESTORE fill 10 / 500
2026-10-06 16:51:31 RESTORE fill 20 / 500
2026-10-06 16:51:38 RESTORE fill 30 / 500
2026-10-06 16:51:43 RESTORE fill 40 / 500
2026-10-06 16:51:46 RESTORE fill 50 / 500
2026-10-06 16:51:51 RESTORE fill 60 / 500
2026-10-06 16:51:57 RESTORE fill 70 / 500
2026-10-06 16:52:04 RESTORE fill 80 / 500
2026-10-06 16:52:08 RESTORE fill 90 / 500
2026-10-06 16:52:11 RESTORE fill 100 / 500
2026-10-06 16:52:17 RESTORE fill 110 / 500
2026-10-06 16:52:25 RESTORE fill 120 / 500
2026-10-06 16:52:30 RESTORE fill 130 / 500
2026-10-06 16:52:36 RESTORE fill 140 / 500
2026-10-06 16:52:42 RESTORE fill 150 / 500
2026-10-06 16:52:47 RESTORE fill 160 / 500
2026-10-06 16:52:51 RESTORE fill 170 / 500
2026-10-06 16:52:57 RESTORE fill 180 / 500
2026-10-06 16:53:02 RESTORE fill 190 / 500
2026-10-06 16:53:08 RESTORE fill 200 / 500
2026-10-06 16:53:12 RESTORE fill 210 / 500
2026-10-06 16:53:19 RESTORE fill 220 / 500
2026-10-06 16:53:24 RESTORE fill 230 / 500
2026-10-06 16:53:29 RESTORE fill 240 / 500
2026-10-06 16:53:39 RESTORE fill 250 / 500
2026-10-06 16:53:45 RESTORE fill 260 / 500
2026-10-06 16:53:50 RESTORE fill 270 / 500
2026-10-06 16:53:55 RESTORE fill 280 / 500
2026-10-06 16:54:00 RESTORE fill 290 / 500
2026-10-06 16:54:05 RESTORE fill 300 / 500
2026-10-06 16:54:09 RESTORE fill 310 / 500
2026-10-06 16:54:14 RESTORE fill 320 / 500
2026-10-06 16:54:19 RESTORE fill 330 / 500
2026-10-06 16:54:24 RESTORE fill 340 / 500
2026-10-06 16:54:33 RESTORE fill 350 / 500
2026-10-06 16:54:37 RESTORE fill 360 / 500
2026-10-06 16:54:40 RESTORE fill 370 / 500
2026-10-06 16:54:48 RESTORE fill 380 / 500
2026-10-06 16:54:54 RESTORE fill 390 / 500
2026-10-06 16:55:00 RESTORE fill 400 / 500
2026-10-06 16:55:06 RESTORE fill 410 / 500
2026-10-06 16:55:11 RESTORE fill 420 / 500
2026-10-06 16:55:16 RESTORE fill 430 / 500
2026-10-06 16:55:21 RESTORE fill 440 / 500
2026-10-06 16:55:27 RESTORE fill 450 / 500
2026-10-06 16:55:31 RESTORE fill 460 / 500
2026-10-06 16:55:38 RESTORE fill 470 / 500
2026-10-06 16:55:45 RESTORE fill 480 / 500
2026-10-06 16:55:49 RESTORE fill 490 / 500
2026-10-06 16:55:59 RESTORE fill 500 / 500
2026-10-06 16:55:59 RESTORE settle 242939840 backlog bytes 0 queued commits
2026-10-06 16:56:06 lavik-seed-main920f879b-hashset-hash-104857600-k500-f128-20261006 hash-104857600-128-hgetall-c1 1 QPS p99=1302.53 ms
2026-10-06 16:56:27 lavik-main920f879b-hashset-hash-104857600-k500-f128-20261006 hash-104857600-128 fill
2026-10-06 16:56:37 lavik-main920f879b-hashset-hash-104857600-k500-f128-20261006 hash-104857600-128-hgetall-c1 1 QPS p99=1490.94 ms
2026-10-06 16:56:46 lavik-main920f879b-hashset-hash-104857600-k500-f128-20261006 hash-104857600-128-hgetall-c4 3 QPS p99=1613.82 ms
2026-10-06 16:56:57 lavik-main920f879b-hashset-hash-104857600-k500-f128-20261006 hash-104857600-128-hgetall-c16 9 QPS p99=2113.53 ms
2026-10-06 16:57:06 lavik-main920f879b-hashset-hash-104857600-k500-f128-20261006 hash-104857600-128-hget-c80 351807 QPS p99=0.35 ms
2026-10-06 16:57:16 lavik-main920f879b-hashset-hash-104857600-k500-f128-20261006 hash-104857600-128-hget-c320 554112 QPS p99=1.98 ms
2026-10-06 16:57:26 lavik-main920f879b-hashset-hash-104857600-k500-f128-20261006 hash-104857600-128-hget-c1280 400006 QPS p99=25.09 ms
2026-10-06 16:57:36 lavik-main920f879b-hashset-hash-104857600-k500-f128-20261006 hash-104857600-128-hget-c2560 352450 QPS p99=58.11 ms
2026-10-06 16:57:47 lavik-main920f879b-hashset-hash-104857600-k500-f128-20261006 hash-104857600-128-hget-c5120 333872 QPS p99=120.32 ms
2026-10-06 16:57:57 lavik-main920f879b-hashset-hash-104857600-k500-f128-20261006 hash-104857600-128-hset-c80 163638 QPS p99=4.70 ms
2026-10-06 16:58:06 lavik-main920f879b-hashset-hash-104857600-k500-f128-20261006 hash-104857600-128-hset-c320 186728 QPS p99=25.98 ms
2026-10-06 16:58:16 lavik-main920f879b-hashset-hash-104857600-k500-f128-20261006 hash-104857600-128-hset-c1280 127433 QPS p99=97.28 ms
2026-10-06 16:58:27 lavik-main920f879b-hashset-hash-104857600-k500-f128-20261006 hash-104857600-128-hset-c2560 122619 QPS p99=191.49 ms
2026-10-06 16:58:39 lavik-main920f879b-hashset-hash-104857600-k500-f128-20261006 hash-104857600-128-hset-c5120 121257 QPS p99=378.88 ms
COMPLETE main920f879b-hashset-hash-104857600-k500-f128-20261006 1791305922.2735248
