discard c08bc35101567ebd0001 /dev/nvme3n1
discard c08bc35101567ebd0002 /dev/nvme5n1
discard c08bc35101567ebd0003 /dev/nvme4n1
discard c08bc35101567ebd0004 /dev/nvme2n1
discard c08bc35101567ebd0005 /dev/nvme1n1
discard c08bc35101567ebd0006 /dev/nvme6n1
START main920f879b-ordered-stream-1048576-k64-f1024-20261006 1791302342.0583198
2026-10-06 15:59:07 lavik-main920f879b-ordered-stream-1048576-k64-f1024-20261006 stream-1048576-1024 fill
2026-10-06 15:59:08 stream fill worker 4 keys 1 / 8
2026-10-06 15:59:08 stream fill worker 2 keys 1 / 8
2026-10-06 15:59:08 stream fill worker 1 keys 1 / 8
2026-10-06 15:59:08 stream fill worker 5 keys 1 / 8
2026-10-06 15:59:08 stream fill worker 6 keys 1 / 8
2026-10-06 15:59:08 stream fill worker 8 keys 1 / 8
2026-10-06 15:59:08 stream fill worker 3 keys 1 / 8
2026-10-06 15:59:08 stream fill worker 7 keys 1 / 8
2026-10-06 15:59:08 stream fill worker 2 keys 2 / 8
2026-10-06 15:59:08 stream fill worker 4 keys 2 / 8
2026-10-06 15:59:08 stream fill worker 1 keys 2 / 8
2026-10-06 15:59:08 stream fill worker 5 keys 2 / 8
2026-10-06 15:59:08 stream fill worker 3 keys 2 / 8
2026-10-06 15:59:08 stream fill worker 6 keys 2 / 8
2026-10-06 15:59:08 stream fill worker 8 keys 2 / 8
2026-10-06 15:59:08 stream fill worker 7 keys 2 / 8
2026-10-06 15:59:08 stream fill worker 4 keys 3 / 8
2026-10-06 15:59:08 stream fill worker 5 keys 3 / 8
2026-10-06 15:59:08 stream fill worker 2 keys 3 / 8
2026-10-06 15:59:08 stream fill worker 3 keys 3 / 8
2026-10-06 15:59:08 stream fill worker 6 keys 3 / 8
2026-10-06 15:59:08 stream fill worker 8 keys 3 / 8
2026-10-06 15:59:08 stream fill worker 1 keys 3 / 8
2026-10-06 15:59:08 stream fill worker 7 keys 3 / 8
2026-10-06 15:59:09 stream fill worker 5 keys 4 / 8
2026-10-06 15:59:09 stream fill worker 2 keys 4 / 8
2026-10-06 15:59:09 stream fill worker 4 keys 4 / 8
2026-10-06 15:59:09 stream fill worker 3 keys 4 / 8
2026-10-06 15:59:09 stream fill worker 1 keys 4 / 8
2026-10-06 15:59:09 stream fill worker 8 keys 4 / 8
2026-10-06 15:59:09 stream fill worker 6 keys 4 / 8
2026-10-06 15:59:09 stream fill worker 7 keys 4 / 8
2026-10-06 15:59:09 stream fill worker 5 keys 5 / 8
2026-10-06 15:59:09 stream fill worker 4 keys 5 / 8
2026-10-06 15:59:09 stream fill worker 2 keys 5 / 8
2026-10-06 15:59:09 stream fill worker 1 keys 5 / 8
2026-10-06 15:59:09 stream fill worker 6 keys 5 / 8
2026-10-06 15:59:09 stream fill worker 3 keys 5 / 8
2026-10-06 15:59:09 stream fill worker 7 keys 5 / 8
2026-10-06 15:59:09 stream fill worker 8 keys 5 / 8
2026-10-06 15:59:09 stream fill worker 5 keys 6 / 8
2026-10-06 15:59:09 stream fill worker 1 keys 6 / 8
2026-10-06 15:59:09 stream fill worker 2 keys 6 / 8
2026-10-06 15:59:09 stream fill worker 4 keys 6 / 8
2026-10-06 15:59:09 stream fill worker 6 keys 6 / 8
2026-10-06 15:59:09 stream fill worker 7 keys 6 / 8
2026-10-06 15:59:09 stream fill worker 8 keys 6 / 8
2026-10-06 15:59:10 stream fill worker 3 keys 6 / 8
2026-10-06 15:59:10 stream fill worker 5 keys 7 / 8
2026-10-06 15:59:10 stream fill worker 1 keys 7 / 8
2026-10-06 15:59:10 stream fill worker 4 keys 7 / 8
2026-10-06 15:59:10 stream fill worker 2 keys 7 / 8
2026-10-06 15:59:10 stream fill worker 6 keys 7 / 8
2026-10-06 15:59:10 stream fill worker 7 keys 7 / 8
2026-10-06 15:59:10 stream fill worker 8 keys 7 / 8
2026-10-06 15:59:10 stream fill worker 3 keys 7 / 8
2026-10-06 15:59:10 stream fill worker 4 keys 8 / 8
2026-10-06 15:59:10 stream fill worker 5 keys 8 / 8
2026-10-06 15:59:10 stream fill worker 2 keys 8 / 8
2026-10-06 15:59:10 stream fill worker 6 keys 8 / 8
2026-10-06 15:59:10 stream fill worker 7 keys 8 / 8
2026-10-06 15:59:10 stream fill worker 3 keys 8 / 8
2026-10-06 15:59:10 stream fill worker 1 keys 8 / 8
2026-10-06 15:59:10 stream fill worker 8 keys 8 / 8
2026-10-06 15:59:20 lavik-main920f879b-ordered-stream-1048576-k64-f1024-20261006 stream-1048576-1024-xrange_full-c16 2785 QPS p99=9.98 ms
2026-10-06 15:59:30 lavik-main920f879b-ordered-stream-1048576-k64-f1024-20261006 stream-1048576-1024-xrange_full-c80 2778 QPS p99=71.68 ms
2026-10-06 15:59:39 lavik-main920f879b-ordered-stream-1048576-k64-f1024-20261006 stream-1048576-1024-xrange-c80 260267 QPS p99=0.64 ms
2026-10-06 15:59:49 lavik-main920f879b-ordered-stream-1048576-k64-f1024-20261006 stream-1048576-1024-xrange-c320 335102 QPS p99=1.98 ms
2026-10-06 15:59:59 lavik-main920f879b-ordered-stream-1048576-k64-f1024-20261006 stream-1048576-1024-xrange-c1280 246378 QPS p99=93.69 ms
2026-10-06 16:00:09 lavik-main920f879b-ordered-stream-1048576-k64-f1024-20261006 stream-1048576-1024-xrange-c2560 196781 QPS p99=219.13 ms
2026-10-06 16:00:21 lavik-main920f879b-ordered-stream-1048576-k64-f1024-20261006 stream-1048576-1024-xrange-c5120 193177 QPS p99=282.62 ms
2026-10-06 16:00:31 lavik-main920f879b-ordered-stream-1048576-k64-f1024-20261006 stream-1048576-1024-xadd_maxlen-c80 46680 QPS p99=14.02 ms
2026-10-06 16:00:40 lavik-main920f879b-ordered-stream-1048576-k64-f1024-20261006 stream-1048576-1024-xadd_maxlen-c320 49418 QPS p99=55.81 ms
2026-10-06 16:00:50 lavik-main920f879b-ordered-stream-1048576-k64-f1024-20261006 stream-1048576-1024-xadd_maxlen-c1280 46513 QPS p99=235.52 ms
2026-10-06 16:01:00 lavik-main920f879b-ordered-stream-1048576-k64-f1024-20261006 stream-1048576-1024-xadd_maxlen-c2560 50189 QPS p99=460.80 ms
2026-10-06 16:01:10 lavik-main920f879b-ordered-stream-1048576-k64-f1024-20261006 stream-1048576-1024-xadd_maxlen-c5120 49232 QPS p99=880.64 ms
COMPLETE main920f879b-ordered-stream-1048576-k64-f1024-20261006 1791302473.1753995
