discard c08bc35101567ebd0001 /dev/nvme3n1
discard c08bc35101567ebd0002 /dev/nvme5n1
discard c08bc35101567ebd0003 /dev/nvme4n1
discard c08bc35101567ebd0004 /dev/nvme2n1
discard c08bc35101567ebd0005 /dev/nvme1n1
discard c08bc35101567ebd0006 /dev/nvme6n1
START main920f879b-import-set-1048576-k50000-f1024-20261006 1791308313.947902
2026-10-06 17:38:39 lavik-main920f879b-import-set-1048576-k50000-f1024-20261006 set-1048576-1024 fill
2026-10-06 17:38:47 set fill worker 7 keys 250 / 6250
2026-10-06 17:38:47 set fill worker 8 keys 250 / 6250
2026-10-06 17:38:48 set fill worker 4 keys 250 / 6250
2026-10-06 17:38:48 set fill worker 6 keys 250 / 6250
2026-10-06 17:38:48 set fill worker 2 keys 250 / 6250
2026-10-06 17:38:48 set fill worker 3 keys 250 / 6250
2026-10-06 17:38:48 set fill worker 5 keys 250 / 6250
2026-10-06 17:38:48 set fill worker 1 keys 250 / 6250
2026-10-06 17:38:55 set fill worker 7 keys 500 / 6250
2026-10-06 17:38:55 set fill worker 3 keys 500 / 6250
2026-10-06 17:38:56 set fill worker 8 keys 500 / 6250
2026-10-06 17:38:56 set fill worker 5 keys 500 / 6250
2026-10-06 17:38:56 set fill worker 4 keys 500 / 6250
2026-10-06 17:38:56 set fill worker 6 keys 500 / 6250
2026-10-06 17:38:56 set fill worker 2 keys 500 / 6250
2026-10-06 17:38:56 set fill worker 1 keys 500 / 6250
2026-10-06 17:39:03 set fill worker 7 keys 750 / 6250
2026-10-06 17:39:04 set fill worker 8 keys 750 / 6250
2026-10-06 17:39:04 set fill worker 3 keys 750 / 6250
2026-10-06 17:39:04 set fill worker 1 keys 750 / 6250
2026-10-06 17:39:04 set fill worker 6 keys 750 / 6250
2026-10-06 17:39:04 set fill worker 4 keys 750 / 6250
2026-10-06 17:39:04 set fill worker 5 keys 750 / 6250
2026-10-06 17:39:05 set fill worker 2 keys 750 / 6250
2026-10-06 17:39:12 set fill worker 7 keys 1000 / 6250
2026-10-06 17:39:12 set fill worker 8 keys 1000 / 6250
2026-10-06 17:39:12 set fill worker 4 keys 1000 / 6250
2026-10-06 17:39:12 set fill worker 3 keys 1000 / 6250
2026-10-06 17:39:13 set fill worker 1 keys 1000 / 6250
2026-10-06 17:39:13 set fill worker 2 keys 1000 / 6250
2026-10-06 17:39:13 set fill worker 6 keys 1000 / 6250
2026-10-06 17:39:13 set fill worker 5 keys 1000 / 6250
2026-10-06 17:39:20 set fill worker 8 keys 1250 / 6250
2026-10-06 17:39:20 set fill worker 7 keys 1250 / 6250
2026-10-06 17:39:20 set fill worker 4 keys 1250 / 6250
2026-10-06 17:39:21 set fill worker 3 keys 1250 / 6250
2026-10-06 17:39:21 set fill worker 6 keys 1250 / 6250
2026-10-06 17:39:22 set fill worker 1 keys 1250 / 6250
2026-10-06 17:39:22 set fill worker 5 keys 1250 / 6250
2026-10-06 17:39:22 set fill worker 2 keys 1250 / 6250
2026-10-06 17:39:28 set fill worker 7 keys 1500 / 6250
2026-10-06 17:39:28 set fill worker 4 keys 1500 / 6250
2026-10-06 17:39:29 set fill worker 8 keys 1500 / 6250
2026-10-06 17:39:29 set fill worker 3 keys 1500 / 6250
2026-10-06 17:39:29 set fill worker 5 keys 1500 / 6250
2026-10-06 17:39:30 set fill worker 1 keys 1500 / 6250
2026-10-06 17:39:30 set fill worker 6 keys 1500 / 6250
2026-10-06 17:39:30 set fill worker 2 keys 1500 / 6250
2026-10-06 17:39:37 set fill worker 8 keys 1750 / 6250
2026-10-06 17:39:37 set fill worker 7 keys 1750 / 6250
2026-10-06 17:39:37 set fill worker 4 keys 1750 / 6250
2026-10-06 17:39:37 set fill worker 5 keys 1750 / 6250
2026-10-06 17:39:38 set fill worker 3 keys 1750 / 6250
2026-10-06 17:39:38 set fill worker 1 keys 1750 / 6250
2026-10-06 17:39:39 set fill worker 6 keys 1750 / 6250
2026-10-06 17:39:39 set fill worker 2 keys 1750 / 6250
2026-10-06 17:39:45 set fill worker 8 keys 2000 / 6250
2026-10-06 17:39:45 set fill worker 7 keys 2000 / 6250
2026-10-06 17:39:45 set fill worker 4 keys 2000 / 6250
2026-10-06 17:39:45 set fill worker 3 keys 2000 / 6250
2026-10-06 17:39:46 set fill worker 5 keys 2000 / 6250
2026-10-06 17:39:47 set fill worker 1 keys 2000 / 6250
2026-10-06 17:39:47 set fill worker 6 keys 2000 / 6250
2026-10-06 17:39:48 set fill worker 2 keys 2000 / 6250
2026-10-06 17:39:52 set fill worker 7 keys 2250 / 6250
2026-10-06 17:39:53 set fill worker 8 keys 2250 / 6250
2026-10-06 17:39:53 set fill worker 4 keys 2250 / 6250
2026-10-06 17:39:53 set fill worker 5 keys 2250 / 6250
2026-10-06 17:39:54 set fill worker 3 keys 2250 / 6250
2026-10-06 17:39:55 set fill worker 1 keys 2250 / 6250
2026-10-06 17:39:56 set fill worker 2 keys 2250 / 6250
2026-10-06 17:39:56 set fill worker 6 keys 2250 / 6250
2026-10-06 17:40:00 set fill worker 7 keys 2500 / 6250
2026-10-06 17:40:01 set fill worker 4 keys 2500 / 6250
2026-10-06 17:40:02 set fill worker 8 keys 2500 / 6250
2026-10-06 17:40:02 set fill worker 5 keys 2500 / 6250
2026-10-06 17:40:03 set fill worker 1 keys 2500 / 6250
2026-10-06 17:40:03 set fill worker 3 keys 2500 / 6250
2026-10-06 17:40:04 set fill worker 6 keys 2500 / 6250
2026-10-06 17:40:05 set fill worker 2 keys 2500 / 6250
2026-10-06 17:40:09 set fill worker 7 keys 2750 / 6250
2026-10-06 17:40:10 set fill worker 4 keys 2750 / 6250
2026-10-06 17:40:10 set fill worker 8 keys 2750 / 6250
2026-10-06 17:40:10 set fill worker 3 keys 2750 / 6250
2026-10-06 17:40:11 set fill worker 5 keys 2750 / 6250
2026-10-06 17:40:11 set fill worker 1 keys 2750 / 6250
2026-10-06 17:40:13 set fill worker 2 keys 2750 / 6250
2026-10-06 17:40:13 set fill worker 6 keys 2750 / 6250
2026-10-06 17:40:18 set fill worker 7 keys 3000 / 6250
2026-10-06 17:40:18 set fill worker 8 keys 3000 / 6250
2026-10-06 17:40:19 set fill worker 4 keys 3000 / 6250
2026-10-06 17:40:19 set fill worker 3 keys 3000 / 6250
2026-10-06 17:40:19 set fill worker 5 keys 3000 / 6250
2026-10-06 17:40:20 set fill worker 1 keys 3000 / 6250
2026-10-06 17:40:21 set fill worker 2 keys 3000 / 6250
2026-10-06 17:40:22 set fill worker 6 keys 3000 / 6250
2026-10-06 17:40:26 set fill worker 7 keys 3250 / 6250
2026-10-06 17:40:27 set fill worker 3 keys 3250 / 6250
2026-10-06 17:40:27 set fill worker 4 keys 3250 / 6250
2026-10-06 17:40:27 set fill worker 8 keys 3250 / 6250
2026-10-06 17:40:27 set fill worker 5 keys 3250 / 6250
2026-10-06 17:40:29 set fill worker 1 keys 3250 / 6250
2026-10-06 17:40:29 set fill worker 2 keys 3250 / 6250
2026-10-06 17:40:30 set fill worker 6 keys 3250 / 6250
2026-10-06 17:40:35 set fill worker 7 keys 3500 / 6250
2026-10-06 17:40:35 set fill worker 5 keys 3500 / 6250
2026-10-06 17:40:35 set fill worker 3 keys 3500 / 6250
2026-10-06 17:40:36 set fill worker 4 keys 3500 / 6250
2026-10-06 17:40:36 set fill worker 8 keys 3500 / 6250
2026-10-06 17:40:37 set fill worker 2 keys 3500 / 6250
2026-10-06 17:40:37 set fill worker 1 keys 3500 / 6250
2026-10-06 17:40:38 set fill worker 6 keys 3500 / 6250
2026-10-06 17:40:43 set fill worker 5 keys 3750 / 6250
2026-10-06 17:40:43 set fill worker 7 keys 3750 / 6250
2026-10-06 17:40:43 set fill worker 3 keys 3750 / 6250
2026-10-06 17:40:44 set fill worker 8 keys 3750 / 6250
2026-10-06 17:40:44 set fill worker 4 keys 3750 / 6250
2026-10-06 17:40:45 set fill worker 1 keys 3750 / 6250
2026-10-06 17:40:45 set fill worker 2 keys 3750 / 6250
2026-10-06 17:40:47 set fill worker 6 keys 3750 / 6250
2026-10-06 17:40:51 set fill worker 7 keys 4000 / 6250
2026-10-06 17:40:51 set fill worker 5 keys 4000 / 6250
2026-10-06 17:40:51 set fill worker 3 keys 4000 / 6250
2026-10-06 17:40:52 set fill worker 8 keys 4000 / 6250
2026-10-06 17:40:52 set fill worker 4 keys 4000 / 6250
2026-10-06 17:40:54 set fill worker 2 keys 4000 / 6250
2026-10-06 17:40:54 set fill worker 1 keys 4000 / 6250
2026-10-06 17:40:55 set fill worker 6 keys 4000 / 6250
2026-10-06 17:40:59 set fill worker 7 keys 4250 / 6250
2026-10-06 17:41:00 set fill worker 5 keys 4250 / 6250
2026-10-06 17:41:00 set fill worker 4 keys 4250 / 6250
2026-10-06 17:41:01 set fill worker 3 keys 4250 / 6250
2026-10-06 17:41:01 set fill worker 8 keys 4250 / 6250
2026-10-06 17:41:02 set fill worker 2 keys 4250 / 6250
2026-10-06 17:41:03 set fill worker 1 keys 4250 / 6250
2026-10-06 17:41:03 set fill worker 6 keys 4250 / 6250
2026-10-06 17:41:08 set fill worker 7 keys 4500 / 6250
2026-10-06 17:41:08 set fill worker 5 keys 4500 / 6250
2026-10-06 17:41:08 set fill worker 4 keys 4500 / 6250
2026-10-06 17:41:09 set fill worker 3 keys 4500 / 6250
2026-10-06 17:41:09 set fill worker 8 keys 4500 / 6250
2026-10-06 17:41:10 set fill worker 2 keys 4500 / 6250
2026-10-06 17:41:11 set fill worker 1 keys 4500 / 6250
2026-10-06 17:41:11 set fill worker 6 keys 4500 / 6250
2026-10-06 17:41:16 set fill worker 5 keys 4750 / 6250
2026-10-06 17:41:16 set fill worker 7 keys 4750 / 6250
2026-10-06 17:41:17 set fill worker 4 keys 4750 / 6250
2026-10-06 17:41:17 set fill worker 3 keys 4750 / 6250
2026-10-06 17:41:18 set fill worker 2 keys 4750 / 6250
2026-10-06 17:41:18 set fill worker 8 keys 4750 / 6250
2026-10-06 17:41:19 set fill worker 6 keys 4750 / 6250
2026-10-06 17:41:19 set fill worker 1 keys 4750 / 6250
2026-10-06 17:41:24 set fill worker 5 keys 5000 / 6250
2026-10-06 17:41:24 set fill worker 7 keys 5000 / 6250
2026-10-06 17:41:24 set fill worker 4 keys 5000 / 6250
2026-10-06 17:41:26 set fill worker 3 keys 5000 / 6250
2026-10-06 17:41:26 set fill worker 2 keys 5000 / 6250
2026-10-06 17:41:27 set fill worker 6 keys 5000 / 6250
2026-10-06 17:41:27 set fill worker 1 keys 5000 / 6250
2026-10-06 17:41:27 set fill worker 8 keys 5000 / 6250
2026-10-06 17:41:32 set fill worker 5 keys 5250 / 6250
2026-10-06 17:41:33 set fill worker 4 keys 5250 / 6250
2026-10-06 17:41:34 set fill worker 3 keys 5250 / 6250
2026-10-06 17:41:34 set fill worker 7 keys 5250 / 6250
2026-10-06 17:41:34 set fill worker 2 keys 5250 / 6250
2026-10-06 17:41:35 set fill worker 1 keys 5250 / 6250
2026-10-06 17:41:36 set fill worker 6 keys 5250 / 6250
2026-10-06 17:41:36 set fill worker 8 keys 5250 / 6250
2026-10-06 17:41:40 set fill worker 5 keys 5500 / 6250
2026-10-06 17:41:41 set fill worker 4 keys 5500 / 6250
2026-10-06 17:41:42 set fill worker 7 keys 5500 / 6250
2026-10-06 17:41:43 set fill worker 3 keys 5500 / 6250
2026-10-06 17:41:43 set fill worker 2 keys 5500 / 6250
2026-10-06 17:41:43 set fill worker 6 keys 5500 / 6250
2026-10-06 17:41:44 set fill worker 1 keys 5500 / 6250
2026-10-06 17:41:45 set fill worker 8 keys 5500 / 6250
2026-10-06 17:41:48 set fill worker 5 keys 5750 / 6250
2026-10-06 17:41:50 set fill worker 4 keys 5750 / 6250
2026-10-06 17:41:50 set fill worker 7 keys 5750 / 6250
2026-10-06 17:41:50 set fill worker 3 keys 5750 / 6250
2026-10-06 17:41:51 set fill worker 2 keys 5750 / 6250
2026-10-06 17:41:51 set fill worker 6 keys 5750 / 6250
2026-10-06 17:41:52 set fill worker 1 keys 5750 / 6250
2026-10-06 17:41:53 set fill worker 8 keys 5750 / 6250
2026-10-06 17:41:57 set fill worker 5 keys 6000 / 6250
2026-10-06 17:41:58 set fill worker 4 keys 6000 / 6250
2026-10-06 17:41:58 set fill worker 7 keys 6000 / 6250
2026-10-06 17:41:59 set fill worker 3 keys 6000 / 6250
2026-10-06 17:42:00 set fill worker 2 keys 6000 / 6250
2026-10-06 17:42:00 set fill worker 6 keys 6000 / 6250
2026-10-06 17:42:01 set fill worker 1 keys 6000 / 6250
2026-10-06 17:42:01 set fill worker 8 keys 6000 / 6250
2026-10-06 17:42:05 set fill worker 5 keys 6250 / 6250
2026-10-06 17:42:06 set fill worker 7 keys 6250 / 6250
2026-10-06 17:42:06 set fill worker 4 keys 6250 / 6250
2026-10-06 17:42:07 set fill worker 3 keys 6250 / 6250
2026-10-06 17:42:08 set fill worker 2 keys 6250 / 6250
2026-10-06 17:42:08 set fill worker 6 keys 6250 / 6250
2026-10-06 17:42:08 set fill worker 1 keys 6250 / 6250
2026-10-06 17:42:09 set fill worker 8 keys 6250 / 6250
2026-10-06 17:42:13 lavik-main920f879b-import-set-1048576-k50000-f1024-20261006 set-1048576-1024-smembers-c1 69 QPS p99=16.06 ms
COMPLETE main920f879b-import-set-1048576-k50000-f1024-20261006 1791308539.0674548
