discard c08bc35101567ebd0001 /dev/nvme3n1
discard c08bc35101567ebd0002 /dev/nvme5n1
discard c08bc35101567ebd0003 /dev/nvme4n1
discard c08bc35101567ebd0004 /dev/nvme2n1
discard c08bc35101567ebd0005 /dev/nvme1n1
discard c08bc35101567ebd0006 /dev/nvme6n1
START main920f879b-ordered-stream-1048576-k64-f128-20261006 1791302185.6620376
2026-10-06 15:56:31 lavik-main920f879b-ordered-stream-1048576-k64-f128-20261006 stream-1048576-128 fill
2026-10-06 15:56:33 stream fill worker 6 keys 1 / 8
2026-10-06 15:56:34 stream fill worker 4 keys 1 / 8
2026-10-06 15:56:34 stream fill worker 2 keys 1 / 8
2026-10-06 15:56:34 stream fill worker 3 keys 1 / 8
2026-10-06 15:56:34 stream fill worker 7 keys 1 / 8
2026-10-06 15:56:34 stream fill worker 1 keys 1 / 8
2026-10-06 15:56:34 stream fill worker 5 keys 1 / 8
2026-10-06 15:56:34 stream fill worker 8 keys 1 / 8
2026-10-06 15:56:36 stream fill worker 6 keys 2 / 8
2026-10-06 15:56:36 stream fill worker 4 keys 2 / 8
2026-10-06 15:56:37 stream fill worker 2 keys 2 / 8
2026-10-06 15:56:37 stream fill worker 3 keys 2 / 8
2026-10-06 15:56:37 stream fill worker 7 keys 2 / 8
2026-10-06 15:56:37 stream fill worker 5 keys 2 / 8
2026-10-06 15:56:37 stream fill worker 1 keys 2 / 8
2026-10-06 15:56:37 stream fill worker 8 keys 2 / 8
2026-10-06 15:56:39 stream fill worker 6 keys 3 / 8
2026-10-06 15:56:39 stream fill worker 2 keys 3 / 8
2026-10-06 15:56:39 stream fill worker 4 keys 3 / 8
2026-10-06 15:56:39 stream fill worker 5 keys 3 / 8
2026-10-06 15:56:40 stream fill worker 3 keys 3 / 8
2026-10-06 15:56:40 stream fill worker 7 keys 3 / 8
2026-10-06 15:56:40 stream fill worker 1 keys 3 / 8
2026-10-06 15:56:40 stream fill worker 8 keys 3 / 8
2026-10-06 15:56:42 stream fill worker 2 keys 4 / 8
2026-10-06 15:56:42 stream fill worker 4 keys 4 / 8
2026-10-06 15:56:42 stream fill worker 7 keys 4 / 8
2026-10-06 15:56:42 stream fill worker 6 keys 4 / 8
2026-10-06 15:56:42 stream fill worker 3 keys 4 / 8
2026-10-06 15:56:42 stream fill worker 8 keys 4 / 8
2026-10-06 15:56:42 stream fill worker 5 keys 4 / 8
2026-10-06 15:56:42 stream fill worker 1 keys 4 / 8
2026-10-06 15:56:44 stream fill worker 5 keys 5 / 8
2026-10-06 15:56:44 stream fill worker 8 keys 5 / 8
2026-10-06 15:56:44 stream fill worker 1 keys 5 / 8
2026-10-06 15:56:44 stream fill worker 7 keys 5 / 8
2026-10-06 15:56:45 stream fill worker 4 keys 5 / 8
2026-10-06 15:56:45 stream fill worker 2 keys 5 / 8
2026-10-06 15:56:45 stream fill worker 6 keys 5 / 8
2026-10-06 15:56:45 stream fill worker 3 keys 5 / 8
2026-10-06 15:56:46 stream fill worker 5 keys 6 / 8
2026-10-06 15:56:47 stream fill worker 8 keys 6 / 8
2026-10-06 15:56:47 stream fill worker 2 keys 6 / 8
2026-10-06 15:56:47 stream fill worker 7 keys 6 / 8
2026-10-06 15:56:47 stream fill worker 4 keys 6 / 8
2026-10-06 15:56:47 stream fill worker 6 keys 6 / 8
2026-10-06 15:56:48 stream fill worker 3 keys 6 / 8
2026-10-06 15:56:48 stream fill worker 1 keys 6 / 8
2026-10-06 15:56:49 stream fill worker 5 keys 7 / 8
2026-10-06 15:56:49 stream fill worker 8 keys 7 / 8
2026-10-06 15:56:49 stream fill worker 2 keys 7 / 8
2026-10-06 15:56:50 stream fill worker 7 keys 7 / 8
2026-10-06 15:56:50 stream fill worker 4 keys 7 / 8
2026-10-06 15:56:50 stream fill worker 6 keys 7 / 8
2026-10-06 15:56:50 stream fill worker 1 keys 7 / 8
2026-10-06 15:56:51 stream fill worker 3 keys 7 / 8
2026-10-06 15:56:52 stream fill worker 5 keys 8 / 8
2026-10-06 15:56:52 stream fill worker 6 keys 8 / 8
2026-10-06 15:56:52 stream fill worker 2 keys 8 / 8
2026-10-06 15:56:52 stream fill worker 3 keys 8 / 8
2026-10-06 15:56:52 stream fill worker 4 keys 8 / 8
2026-10-06 15:56:52 stream fill worker 7 keys 8 / 8
2026-10-06 15:56:52 stream fill worker 8 keys 8 / 8
2026-10-06 15:56:53 stream fill worker 1 keys 8 / 8
2026-10-06 15:57:02 lavik-main920f879b-ordered-stream-1048576-k64-f128-20261006 stream-1048576-128-xrange_full-c16 1745 QPS p99=14.91 ms
2026-10-06 15:57:12 lavik-main920f879b-ordered-stream-1048576-k64-f128-20261006 stream-1048576-128-xrange_full-c80 1997 QPS p99=219.13 ms
2026-10-06 15:57:21 lavik-main920f879b-ordered-stream-1048576-k64-f128-20261006 stream-1048576-128-xrange-c80 244071 QPS p99=0.57 ms
2026-10-06 15:57:31 lavik-main920f879b-ordered-stream-1048576-k64-f128-20261006 stream-1048576-128-xrange-c320 311333 QPS p99=1.93 ms
2026-10-06 15:57:41 lavik-main920f879b-ordered-stream-1048576-k64-f128-20261006 stream-1048576-128-xrange-c1280 248773 QPS p99=40.19 ms
2026-10-06 15:57:51 lavik-main920f879b-ordered-stream-1048576-k64-f128-20261006 stream-1048576-128-xrange-c2560 202578 QPS p99=95.23 ms
2026-10-06 15:58:02 lavik-main920f879b-ordered-stream-1048576-k64-f128-20261006 stream-1048576-128-xrange-c5120 186173 QPS p99=111.61 ms
2026-10-06 15:58:12 lavik-main920f879b-ordered-stream-1048576-k64-f128-20261006 stream-1048576-128-xadd_maxlen-c80 38534 QPS p99=16.06 ms
2026-10-06 15:58:22 lavik-main920f879b-ordered-stream-1048576-k64-f128-20261006 stream-1048576-128-xadd_maxlen-c320 39115 QPS p99=68.61 ms
2026-10-06 15:58:31 lavik-main920f879b-ordered-stream-1048576-k64-f128-20261006 stream-1048576-128-xadd_maxlen-c1280 40069 QPS p99=266.24 ms
2026-10-06 15:58:41 lavik-main920f879b-ordered-stream-1048576-k64-f128-20261006 stream-1048576-128-xadd_maxlen-c2560 42167 QPS p99=456.70 ms
2026-10-06 15:58:52 lavik-main920f879b-ordered-stream-1048576-k64-f128-20261006 stream-1048576-128-xadd_maxlen-c5120 43294 QPS p99=1490.94 ms
COMPLETE main920f879b-ordered-stream-1048576-k64-f128-20261006 1791302334.7688851
