discard c08bc35101567ebd0001 /dev/nvme3n1
discard c08bc35101567ebd0002 /dev/nvme5n1
discard c08bc35101567ebd0003 /dev/nvme4n1
discard c08bc35101567ebd0004 /dev/nvme2n1
discard c08bc35101567ebd0005 /dev/nvme1n1
discard c08bc35101567ebd0006 /dev/nvme6n1
START main920f879b-ordered-zset-104857600-k8-f128-20261006 1791303808.2625387
2026-10-06 16:23:34 lavik-main920f879b-ordered-zset-104857600-k8-f128-20261006 zset-104857600-128 fill
2026-10-06 16:26:18 zset fill worker 2 keys 1 / 1
2026-10-06 16:26:19 zset fill worker 6 keys 1 / 1
2026-10-06 16:26:20 zset fill worker 8 keys 1 / 1
2026-10-06 16:26:20 zset fill worker 1 keys 1 / 1
2026-10-06 16:26:21 zset fill worker 3 keys 1 / 1
2026-10-06 16:26:21 zset fill worker 5 keys 1 / 1
2026-10-06 16:26:21 zset fill worker 4 keys 1 / 1
2026-10-06 16:26:22 zset fill worker 7 keys 1 / 1
2026-10-06 16:26:33 lavik-main920f879b-ordered-zset-104857600-k8-f128-20261006 zset-104857600-128-zrange-c1 1 QPS p99=1466.37 ms
2026-10-06 16:26:42 lavik-main920f879b-ordered-zset-104857600-k8-f128-20261006 zset-104857600-128-zrange-c4 3 QPS p99=1712.13 ms
2026-10-06 16:26:53 lavik-main920f879b-ordered-zset-104857600-k8-f128-20261006 zset-104857600-128-zrange-c16 10 QPS p99=2195.45 ms
2026-10-06 16:27:03 lavik-main920f879b-ordered-zset-104857600-k8-f128-20261006 zset-104857600-128-zscore-c80 276718 QPS p99=0.54 ms
2026-10-06 16:27:12 lavik-main920f879b-ordered-zset-104857600-k8-f128-20261006 zset-104857600-128-zscore-c320 302755 QPS p99=3.34 ms
2026-10-06 16:27:22 lavik-main920f879b-ordered-zset-104857600-k8-f128-20261006 zset-104857600-128-zscore-c1280 231404 QPS p99=22.27 ms
2026-10-06 16:27:33 lavik-main920f879b-ordered-zset-104857600-k8-f128-20261006 zset-104857600-128-zscore-c2560 207849 QPS p99=50.17 ms
2026-10-06 16:27:43 lavik-main920f879b-ordered-zset-104857600-k8-f128-20261006 zset-104857600-128-zscore-c5120 191553 QPS p99=124.42 ms
2026-10-06 16:27:53 lavik-main920f879b-ordered-zset-104857600-k8-f128-20261006 zset-104857600-128-zincrby-c80 39411 QPS p99=12.35 ms
2026-10-06 16:28:03 lavik-main920f879b-ordered-zset-104857600-k8-f128-20261006 zset-104857600-128-zincrby-c320 40926 QPS p99=34.05 ms
2026-10-06 16:28:13 lavik-main920f879b-ordered-zset-104857600-k8-f128-20261006 zset-104857600-128-zincrby-c1280 40274 QPS p99=102.40 ms
2026-10-06 16:28:23 lavik-main920f879b-ordered-zset-104857600-k8-f128-20261006 zset-104857600-128-zincrby-c2560 40662 QPS p99=203.78 ms
2026-10-06 16:28:35 lavik-main920f879b-ordered-zset-104857600-k8-f128-20261006 zset-104857600-128-zincrby-c5120 42693 QPS p99=315.39 ms
COMPLETE main920f879b-ordered-zset-104857600-k8-f128-20261006 1791304118.4066188
