discard c08bc35101567ebd0001 /dev/nvme3n1
discard c08bc35101567ebd0002 /dev/nvme5n1
discard c08bc35101567ebd0003 /dev/nvme4n1
discard c08bc35101567ebd0004 /dev/nvme2n1
discard c08bc35101567ebd0005 /dev/nvme1n1
discard c08bc35101567ebd0006 /dev/nvme6n1
START main920f879b-hashset-set-104857600-k500-f128-20261006 1791306370.6811187
2026-10-06 17:06:16 lavik-seed-main920f879b-hashset-set-104857600-k500-f128-20261006 set-104857600-128 fill
2026-10-06 17:06:22 RESTORE fill 10 / 500
2026-10-06 17:06:26 RESTORE fill 20 / 500
2026-10-06 17:06:31 RESTORE fill 30 / 500
2026-10-06 17:06:36 RESTORE fill 40 / 500
2026-10-06 17:06:41 RESTORE fill 50 / 500
2026-10-06 17:06:45 RESTORE fill 60 / 500
2026-10-06 17:06:49 RESTORE fill 70 / 500
2026-10-06 17:06:55 RESTORE fill 80 / 500
2026-10-06 17:07:00 RESTORE fill 90 / 500
2026-10-06 17:07:04 RESTORE fill 100 / 500
2026-10-06 17:07:09 RESTORE fill 110 / 500
2026-10-06 17:07:14 RESTORE fill 120 / 500
2026-10-06 17:07:18 RESTORE fill 130 / 500
2026-10-06 17:07:24 RESTORE fill 140 / 500
2026-10-06 17:07:29 RESTORE fill 150 / 500
2026-10-06 17:07:36 RESTORE fill 160 / 500
2026-10-06 17:07:41 RESTORE fill 170 / 500
2026-10-06 17:07:47 RESTORE fill 180 / 500
2026-10-06 17:07:51 RESTORE fill 190 / 500
2026-10-06 17:07:57 RESTORE fill 200 / 500
2026-10-06 17:08:02 RESTORE fill 210 / 500
2026-10-06 17:08:06 RESTORE fill 220 / 500
2026-10-06 17:08:13 RESTORE fill 230 / 500
2026-10-06 17:08:19 RESTORE fill 240 / 500
2026-10-06 17:08:25 RESTORE fill 250 / 500
2026-10-06 17:08:29 RESTORE fill 260 / 500
2026-10-06 17:08:33 RESTORE fill 270 / 500
2026-10-06 17:08:38 RESTORE fill 280 / 500
2026-10-06 17:08:42 RESTORE fill 290 / 500
2026-10-06 17:08:46 RESTORE fill 300 / 500
2026-10-06 17:08:52 RESTORE fill 310 / 500
2026-10-06 17:08:57 RESTORE fill 320 / 500
2026-10-06 17:09:01 RESTORE fill 330 / 500
2026-10-06 17:09:07 RESTORE fill 340 / 500
2026-10-06 17:09:12 RESTORE fill 350 / 500
2026-10-06 17:09:16 RESTORE fill 360 / 500
2026-10-06 17:09:22 RESTORE fill 370 / 500
2026-10-06 17:09:29 RESTORE fill 380 / 500
2026-10-06 17:09:33 RESTORE fill 390 / 500
2026-10-06 17:09:38 RESTORE fill 400 / 500
2026-10-06 17:09:43 RESTORE fill 410 / 500
2026-10-06 17:09:47 RESTORE fill 420 / 500
2026-10-06 17:09:52 RESTORE fill 430 / 500
2026-10-06 17:09:59 RESTORE fill 440 / 500
2026-10-06 17:10:03 RESTORE fill 450 / 500
2026-10-06 17:10:07 RESTORE fill 460 / 500
2026-10-06 17:10:14 RESTORE fill 470 / 500
2026-10-06 17:10:18 RESTORE fill 480 / 500
2026-10-06 17:10:24 RESTORE fill 490 / 500
2026-10-06 17:10:33 RESTORE fill 500 / 500
2026-10-06 17:10:33 RESTORE settle 686953320 backlog bytes 0 queued commits
2026-10-06 17:10:39 lavik-seed-main920f879b-hashset-set-104857600-k500-f128-20261006 set-104857600-128-smembers-c1 1 QPS p99=1294.34 ms
2026-10-06 17:10:59 lavik-main920f879b-hashset-set-104857600-k500-f128-20261006 set-104857600-128 fill
2026-10-06 17:11:09 lavik-main920f879b-hashset-set-104857600-k500-f128-20261006 set-104857600-128-smembers-c1 1 QPS p99=1343.49 ms
2026-10-06 17:11:19 lavik-main920f879b-hashset-set-104857600-k500-f128-20261006 set-104857600-128-smembers-c4 3 QPS p99=1474.56 ms
2026-10-06 17:11:30 lavik-main920f879b-hashset-set-104857600-k500-f128-20261006 set-104857600-128-smembers-c16 10 QPS p99=1933.31 ms
2026-10-06 17:11:39 lavik-main920f879b-hashset-set-104857600-k500-f128-20261006 set-104857600-128-sismember-c80 354131 QPS p99=0.35 ms
2026-10-06 17:11:49 lavik-main920f879b-hashset-set-104857600-k500-f128-20261006 set-104857600-128-sismember-c320 569636 QPS p99=1.86 ms
2026-10-06 17:11:59 lavik-main920f879b-hashset-set-104857600-k500-f128-20261006 set-104857600-128-sismember-c1280 433973 QPS p99=24.45 ms
2026-10-06 17:12:09 lavik-main920f879b-hashset-set-104857600-k500-f128-20261006 set-104857600-128-sismember-c2560 377860 QPS p99=57.34 ms
2026-10-06 17:12:20 lavik-main920f879b-hashset-set-104857600-k500-f128-20261006 set-104857600-128-sismember-c5120 360790 QPS p99=120.32 ms
2026-10-06 17:12:30 lavik-main920f879b-hashset-set-104857600-k500-f128-20261006 set-104857600-128-sadd_srem-c80 276952 QPS p99=0.81 ms
2026-10-06 17:12:39 lavik-main920f879b-hashset-set-104857600-k500-f128-20261006 set-104857600-128-sadd_srem-c320 324729 QPS p99=7.81 ms
2026-10-06 17:12:49 lavik-main920f879b-hashset-set-104857600-k500-f128-20261006 set-104857600-128-sadd_srem-c1280 281257 QPS p99=37.38 ms
2026-10-06 17:12:59 lavik-main920f879b-hashset-set-104857600-k500-f128-20261006 set-104857600-128-sadd_srem-c2560 252906 QPS p99=63.74 ms
2026-10-06 17:13:10 lavik-main920f879b-hashset-set-104857600-k500-f128-20261006 set-104857600-128-sadd_srem-c5120 210231 QPS p99=128.51 ms
COMPLETE main920f879b-hashset-set-104857600-k500-f128-20261006 1791306792.9322598
