discard c08bc35101567ebd0001 /dev/nvme3n1
discard c08bc35101567ebd0002 /dev/nvme5n1
discard c08bc35101567ebd0003 /dev/nvme4n1
discard c08bc35101567ebd0004 /dev/nvme2n1
discard c08bc35101567ebd0005 /dev/nvme1n1
discard c08bc35101567ebd0006 /dev/nvme6n1
START main920f879b-ordered-zset-104857600-k8-f1024-20261006 1791304125.7310092
2026-10-06 16:28:51 lavik-main920f879b-ordered-zset-104857600-k8-f1024-20261006 zset-104857600-1024 fill
2026-10-06 16:29:13 zset fill worker 1 keys 1 / 1
2026-10-06 16:29:13 zset fill worker 3 keys 1 / 1
2026-10-06 16:29:14 zset fill worker 2 keys 1 / 1
2026-10-06 16:29:14 zset fill worker 6 keys 1 / 1
2026-10-06 16:29:14 zset fill worker 5 keys 1 / 1
2026-10-06 16:29:14 zset fill worker 4 keys 1 / 1
2026-10-06 16:29:14 zset fill worker 7 keys 1 / 1
2026-10-06 16:29:14 zset fill worker 8 keys 1 / 1
2026-10-06 16:29:25 lavik-main920f879b-ordered-zset-104857600-k8-f1024-20261006 zset-104857600-1024-zrange-c1 1 QPS p99=1294.34 ms
2026-10-06 16:29:35 lavik-main920f879b-ordered-zset-104857600-k8-f1024-20261006 zset-104857600-1024-zrange-c4 4 QPS p99=1368.06 ms
2026-10-06 16:29:46 lavik-main920f879b-ordered-zset-104857600-k8-f1024-20261006 zset-104857600-1024-zrange-c16 11 QPS p99=1941.50 ms
2026-10-06 16:29:56 lavik-main920f879b-ordered-zset-104857600-k8-f1024-20261006 zset-104857600-1024-zscore-c80 304591 QPS p99=0.48 ms
2026-10-06 16:30:05 lavik-main920f879b-ordered-zset-104857600-k8-f1024-20261006 zset-104857600-1024-zscore-c320 338284 QPS p99=2.96 ms
2026-10-06 16:30:15 lavik-main920f879b-ordered-zset-104857600-k8-f1024-20261006 zset-104857600-1024-zscore-c1280 233598 QPS p99=22.27 ms
2026-10-06 16:30:25 lavik-main920f879b-ordered-zset-104857600-k8-f1024-20261006 zset-104857600-1024-zscore-c2560 218801 QPS p99=47.62 ms
2026-10-06 16:30:38 lavik-main920f879b-ordered-zset-104857600-k8-f1024-20261006 zset-104857600-1024-zscore-c5120 217531 QPS p99=110.59 ms
2026-10-06 16:30:47 lavik-main920f879b-ordered-zset-104857600-k8-f1024-20261006 zset-104857600-1024-zincrby-c80 40149 QPS p99=12.48 ms
2026-10-06 16:30:57 lavik-main920f879b-ordered-zset-104857600-k8-f1024-20261006 zset-104857600-1024-zincrby-c320 42880 QPS p99=30.85 ms
2026-10-06 16:31:07 lavik-main920f879b-ordered-zset-104857600-k8-f1024-20261006 zset-104857600-1024-zincrby-c1280 42712 QPS p99=103.42 ms
2026-10-06 16:31:17 lavik-main920f879b-ordered-zset-104857600-k8-f1024-20261006 zset-104857600-1024-zincrby-c2560 42779 QPS p99=233.47 ms
2026-10-06 16:31:29 lavik-main920f879b-ordered-zset-104857600-k8-f1024-20261006 zset-104857600-1024-zincrby-c5120 44825 QPS p99=280.57 ms
COMPLETE main920f879b-ordered-zset-104857600-k8-f1024-20261006 1791304291.838777
