discard c08bc35101567ebd0001 /dev/nvme3n1
discard c08bc35101567ebd0002 /dev/nvme5n1
discard c08bc35101567ebd0003 /dev/nvme4n1
discard c08bc35101567ebd0004 /dev/nvme2n1
discard c08bc35101567ebd0005 /dev/nvme1n1
discard c08bc35101567ebd0006 /dev/nvme6n1
START main920f879b-ordered-list-104857600-k8-f1024-20261006 1791302909.8471951
2026-10-06 16:08:35 lavik-main920f879b-ordered-list-104857600-k8-f1024-20261006 list-104857600-1024 fill
2026-10-06 16:08:39 list fill worker 1 keys 1 / 1
2026-10-06 16:08:39 list fill worker 5 keys 1 / 1
2026-10-06 16:08:39 list fill worker 8 keys 1 / 1
2026-10-06 16:08:39 list fill worker 6 keys 1 / 1
2026-10-06 16:08:39 list fill worker 2 keys 1 / 1
2026-10-06 16:08:39 list fill worker 4 keys 1 / 1
2026-10-06 16:08:40 list fill worker 3 keys 1 / 1
2026-10-06 16:08:40 list fill worker 7 keys 1 / 1
2026-10-06 16:08:50 lavik-main920f879b-ordered-list-104857600-k8-f1024-20261006 list-104857600-1024-lrange-c1 4 QPS p99=315.39 ms
2026-10-06 16:08:59 lavik-main920f879b-ordered-list-104857600-k8-f1024-20261006 list-104857600-1024-lrange-c4 14 QPS p99=540.67 ms
2026-10-06 16:09:09 lavik-main920f879b-ordered-list-104857600-k8-f1024-20261006 list-104857600-1024-lrange-c16 27 QPS p99=1044.48 ms
2026-10-06 16:09:18 lavik-main920f879b-ordered-list-104857600-k8-f1024-20261006 list-104857600-1024-lindex-c80 356930 QPS p99=0.42 ms
2026-10-06 16:09:28 lavik-main920f879b-ordered-list-104857600-k8-f1024-20261006 list-104857600-1024-lindex-c320 446250 QPS p99=2.19 ms
2026-10-06 16:09:38 lavik-main920f879b-ordered-list-104857600-k8-f1024-20261006 list-104857600-1024-lindex-c1280 317101 QPS p99=16.19 ms
2026-10-06 16:09:48 lavik-main920f879b-ordered-list-104857600-k8-f1024-20261006 list-104857600-1024-lindex-c2560 291366 QPS p99=35.84 ms
2026-10-06 16:09:59 lavik-main920f879b-ordered-list-104857600-k8-f1024-20261006 list-104857600-1024-lindex-c5120 268774 QPS p99=83.97 ms
2026-10-06 16:10:09 lavik-main920f879b-ordered-list-104857600-k8-f1024-20261006 list-104857600-1024-lset-c80 46995 QPS p99=34.81 ms
2026-10-06 16:10:19 lavik-main920f879b-ordered-list-104857600-k8-f1024-20261006 list-104857600-1024-lset-c320 49365 QPS p99=80.38 ms
2026-10-06 16:10:29 lavik-main920f879b-ordered-list-104857600-k8-f1024-20261006 list-104857600-1024-lset-c1280 45274 QPS p99=208.90 ms
2026-10-06 16:10:40 lavik-main920f879b-ordered-list-104857600-k8-f1024-20261006 list-104857600-1024-lset-c2560 45594 QPS p99=278.53 ms
2026-10-06 16:10:51 lavik-main920f879b-ordered-list-104857600-k8-f1024-20261006 list-104857600-1024-lset-c5120 45786 QPS p99=315.39 ms
COMPLETE main920f879b-ordered-list-104857600-k8-f1024-20261006 1791303053.9492178
