discard c08bc35101567ebd0001 /dev/nvme3n1
discard c08bc35101567ebd0002 /dev/nvme5n1
discard c08bc35101567ebd0003 /dev/nvme4n1
discard c08bc35101567ebd0004 /dev/nvme2n1
discard c08bc35101567ebd0005 /dev/nvme1n1
discard c08bc35101567ebd0006 /dev/nvme6n1
START main920f879b-ordered-zset-1048576-k64-f1024-20261006 1791302619.9666703
2026-10-06 16:03:45 lavik-main920f879b-ordered-zset-1048576-k64-f1024-20261006 zset-1048576-1024 fill
2026-10-06 16:03:45 zset fill worker 1 keys 1 / 8
2026-10-06 16:03:45 zset fill worker 3 keys 1 / 8
2026-10-06 16:03:45 zset fill worker 5 keys 1 / 8
2026-10-06 16:03:45 zset fill worker 2 keys 1 / 8
2026-10-06 16:03:45 zset fill worker 7 keys 1 / 8
2026-10-06 16:03:45 zset fill worker 8 keys 1 / 8
2026-10-06 16:03:45 zset fill worker 4 keys 1 / 8
2026-10-06 16:03:45 zset fill worker 6 keys 1 / 8
2026-10-06 16:03:45 zset fill worker 5 keys 2 / 8
2026-10-06 16:03:45 zset fill worker 2 keys 2 / 8
2026-10-06 16:03:45 zset fill worker 4 keys 2 / 8
2026-10-06 16:03:45 zset fill worker 6 keys 2 / 8
2026-10-06 16:03:45 zset fill worker 7 keys 2 / 8
2026-10-06 16:03:45 zset fill worker 3 keys 2 / 8
2026-10-06 16:03:45 zset fill worker 1 keys 2 / 8
2026-10-06 16:03:45 zset fill worker 8 keys 2 / 8
2026-10-06 16:03:45 zset fill worker 5 keys 3 / 8
2026-10-06 16:03:45 zset fill worker 2 keys 3 / 8
2026-10-06 16:03:45 zset fill worker 7 keys 3 / 8
2026-10-06 16:03:45 zset fill worker 1 keys 3 / 8
2026-10-06 16:03:45 zset fill worker 8 keys 3 / 8
2026-10-06 16:03:45 zset fill worker 2 keys 4 / 8
2026-10-06 16:03:45 zset fill worker 6 keys 3 / 8
2026-10-06 16:03:45 zset fill worker 3 keys 3 / 8
2026-10-06 16:03:45 zset fill worker 5 keys 4 / 8
2026-10-06 16:03:45 zset fill worker 1 keys 4 / 8
2026-10-06 16:03:45 zset fill worker 5 keys 5 / 8
2026-10-06 16:03:45 zset fill worker 7 keys 4 / 8
2026-10-06 16:03:45 zset fill worker 4 keys 3 / 8
2026-10-06 16:03:45 zset fill worker 2 keys 5 / 8
2026-10-06 16:03:45 zset fill worker 6 keys 4 / 8
2026-10-06 16:03:45 zset fill worker 3 keys 4 / 8
2026-10-06 16:03:45 zset fill worker 1 keys 5 / 8
2026-10-06 16:03:45 zset fill worker 2 keys 6 / 8
2026-10-06 16:03:45 zset fill worker 4 keys 4 / 8
2026-10-06 16:03:45 zset fill worker 8 keys 4 / 8
2026-10-06 16:03:45 zset fill worker 6 keys 5 / 8
2026-10-06 16:03:45 zset fill worker 7 keys 5 / 8
2026-10-06 16:03:45 zset fill worker 5 keys 6 / 8
2026-10-06 16:03:46 zset fill worker 8 keys 5 / 8
2026-10-06 16:03:46 zset fill worker 2 keys 7 / 8
2026-10-06 16:03:46 zset fill worker 7 keys 6 / 8
2026-10-06 16:03:46 zset fill worker 3 keys 5 / 8
2026-10-06 16:03:46 zset fill worker 4 keys 5 / 8
2026-10-06 16:03:46 zset fill worker 5 keys 7 / 8
2026-10-06 16:03:46 zset fill worker 8 keys 6 / 8
2026-10-06 16:03:46 zset fill worker 2 keys 8 / 8
2026-10-06 16:03:46 zset fill worker 1 keys 6 / 8
2026-10-06 16:03:46 zset fill worker 3 keys 6 / 8
2026-10-06 16:03:46 zset fill worker 7 keys 7 / 8
2026-10-06 16:03:46 zset fill worker 3 keys 7 / 8
2026-10-06 16:03:46 zset fill worker 1 keys 7 / 8
2026-10-06 16:03:46 zset fill worker 4 keys 6 / 8
2026-10-06 16:03:46 zset fill worker 8 keys 7 / 8
2026-10-06 16:03:46 zset fill worker 6 keys 6 / 8
2026-10-06 16:03:46 zset fill worker 5 keys 8 / 8
2026-10-06 16:03:46 zset fill worker 7 keys 8 / 8
2026-10-06 16:03:46 zset fill worker 3 keys 8 / 8
2026-10-06 16:03:46 zset fill worker 6 keys 7 / 8
2026-10-06 16:03:46 zset fill worker 4 keys 7 / 8
2026-10-06 16:03:46 zset fill worker 1 keys 8 / 8
2026-10-06 16:03:46 zset fill worker 8 keys 8 / 8
2026-10-06 16:03:46 zset fill worker 4 keys 8 / 8
2026-10-06 16:03:46 zset fill worker 6 keys 8 / 8
2026-10-06 16:03:55 lavik-main920f879b-ordered-zset-1048576-k64-f1024-20261006 zset-1048576-1024-zrange-c16 2090 QPS p99=15.04 ms
2026-10-06 16:04:05 lavik-main920f879b-ordered-zset-1048576-k64-f1024-20261006 zset-1048576-1024-zrange-c80 2825 QPS p99=70.14 ms
2026-10-06 16:04:15 lavik-main920f879b-ordered-zset-1048576-k64-f1024-20261006 zset-1048576-1024-zscore-c80 402036 QPS p99=0.38 ms
2026-10-06 16:04:24 lavik-main920f879b-ordered-zset-1048576-k64-f1024-20261006 zset-1048576-1024-zscore-c320 576482 QPS p99=1.13 ms
2026-10-06 16:04:34 lavik-main920f879b-ordered-zset-1048576-k64-f1024-20261006 zset-1048576-1024-zscore-c1280 402535 QPS p99=26.50 ms
2026-10-06 16:04:44 lavik-main920f879b-ordered-zset-1048576-k64-f1024-20261006 zset-1048576-1024-zscore-c2560 345580 QPS p99=58.88 ms
2026-10-06 16:04:56 lavik-main920f879b-ordered-zset-1048576-k64-f1024-20261006 zset-1048576-1024-zscore-c5120 321317 QPS p99=121.34 ms
2026-10-06 16:05:05 lavik-main920f879b-ordered-zset-1048576-k64-f1024-20261006 zset-1048576-1024-zincrby-c80 80464 QPS p99=12.16 ms
2026-10-06 16:05:15 lavik-main920f879b-ordered-zset-1048576-k64-f1024-20261006 zset-1048576-1024-zincrby-c320 87284 QPS p99=31.23 ms
2026-10-06 16:05:25 lavik-main920f879b-ordered-zset-1048576-k64-f1024-20261006 zset-1048576-1024-zincrby-c1280 81329 QPS p99=130.05 ms
2026-10-06 16:05:35 lavik-main920f879b-ordered-zset-1048576-k64-f1024-20261006 zset-1048576-1024-zincrby-c2560 83137 QPS p99=250.88 ms
2026-10-06 16:05:47 lavik-main920f879b-ordered-zset-1048576-k64-f1024-20261006 zset-1048576-1024-zincrby-c5120 81572 QPS p99=520.19 ms
COMPLETE main920f879b-ordered-zset-1048576-k64-f1024-20261006 1791302750.0687864
