discard c08bc35101567ebd0001 /dev/nvme3n1
discard c08bc35101567ebd0002 /dev/nvme5n1
discard c08bc35101567ebd0003 /dev/nvme4n1
discard c08bc35101567ebd0004 /dev/nvme2n1
discard c08bc35101567ebd0005 /dev/nvme1n1
discard c08bc35101567ebd0006 /dev/nvme6n1
START main920f879b-ordered-stream-65536-k64-f128-20261006 1791301364.7963676
2026-10-06 15:42:50 lavik-main920f879b-ordered-stream-65536-k64-f128-20261006 stream-65536-128 fill
2026-10-06 15:42:50 stream fill worker 2 keys 1 / 8
2026-10-06 15:42:50 stream fill worker 3 keys 1 / 8
2026-10-06 15:42:50 stream fill worker 8 keys 1 / 8
2026-10-06 15:42:50 stream fill worker 6 keys 1 / 8
2026-10-06 15:42:50 stream fill worker 4 keys 1 / 8
2026-10-06 15:42:50 stream fill worker 1 keys 1 / 8
2026-10-06 15:42:50 stream fill worker 7 keys 1 / 8
2026-10-06 15:42:50 stream fill worker 5 keys 1 / 8
2026-10-06 15:42:50 stream fill worker 3 keys 2 / 8
2026-10-06 15:42:50 stream fill worker 2 keys 2 / 8
2026-10-06 15:42:50 stream fill worker 8 keys 2 / 8
2026-10-06 15:42:50 stream fill worker 4 keys 2 / 8
2026-10-06 15:42:50 stream fill worker 6 keys 2 / 8
2026-10-06 15:42:50 stream fill worker 1 keys 2 / 8
2026-10-06 15:42:50 stream fill worker 7 keys 2 / 8
2026-10-06 15:42:50 stream fill worker 5 keys 2 / 8
2026-10-06 15:42:51 stream fill worker 8 keys 3 / 8
2026-10-06 15:42:51 stream fill worker 2 keys 3 / 8
2026-10-06 15:42:51 stream fill worker 3 keys 3 / 8
2026-10-06 15:42:51 stream fill worker 4 keys 3 / 8
2026-10-06 15:42:51 stream fill worker 6 keys 3 / 8
2026-10-06 15:42:51 stream fill worker 7 keys 3 / 8
2026-10-06 15:42:51 stream fill worker 5 keys 3 / 8
2026-10-06 15:42:51 stream fill worker 1 keys 3 / 8
2026-10-06 15:42:51 stream fill worker 2 keys 4 / 8
2026-10-06 15:42:51 stream fill worker 3 keys 4 / 8
2026-10-06 15:42:51 stream fill worker 8 keys 4 / 8
2026-10-06 15:42:51 stream fill worker 6 keys 4 / 8
2026-10-06 15:42:51 stream fill worker 4 keys 4 / 8
2026-10-06 15:42:51 stream fill worker 5 keys 4 / 8
2026-10-06 15:42:51 stream fill worker 7 keys 4 / 8
2026-10-06 15:42:51 stream fill worker 1 keys 4 / 8
2026-10-06 15:42:51 stream fill worker 2 keys 5 / 8
2026-10-06 15:42:51 stream fill worker 3 keys 5 / 8
2026-10-06 15:42:51 stream fill worker 4 keys 5 / 8
2026-10-06 15:42:51 stream fill worker 6 keys 5 / 8
2026-10-06 15:42:51 stream fill worker 7 keys 5 / 8
2026-10-06 15:42:51 stream fill worker 8 keys 5 / 8
2026-10-06 15:42:51 stream fill worker 1 keys 5 / 8
2026-10-06 15:42:51 stream fill worker 5 keys 5 / 8
2026-10-06 15:42:51 stream fill worker 3 keys 6 / 8
2026-10-06 15:42:51 stream fill worker 2 keys 6 / 8
2026-10-06 15:42:51 stream fill worker 4 keys 6 / 8
2026-10-06 15:42:51 stream fill worker 6 keys 6 / 8
2026-10-06 15:42:51 stream fill worker 8 keys 6 / 8
2026-10-06 15:42:51 stream fill worker 1 keys 6 / 8
2026-10-06 15:42:51 stream fill worker 5 keys 6 / 8
2026-10-06 15:42:51 stream fill worker 7 keys 6 / 8
2026-10-06 15:42:51 stream fill worker 3 keys 7 / 8
2026-10-06 15:42:51 stream fill worker 2 keys 7 / 8
2026-10-06 15:42:51 stream fill worker 6 keys 7 / 8
2026-10-06 15:42:51 stream fill worker 4 keys 7 / 8
2026-10-06 15:42:51 stream fill worker 8 keys 7 / 8
2026-10-06 15:42:51 stream fill worker 5 keys 7 / 8
2026-10-06 15:42:51 stream fill worker 1 keys 7 / 8
2026-10-06 15:42:51 stream fill worker 7 keys 7 / 8
2026-10-06 15:42:51 stream fill worker 3 keys 8 / 8
2026-10-06 15:42:51 stream fill worker 6 keys 8 / 8
2026-10-06 15:42:51 stream fill worker 2 keys 8 / 8
2026-10-06 15:42:51 stream fill worker 4 keys 8 / 8
2026-10-06 15:42:51 stream fill worker 8 keys 8 / 8
2026-10-06 15:42:51 stream fill worker 1 keys 8 / 8
2026-10-06 15:42:51 stream fill worker 7 keys 8 / 8
2026-10-06 15:42:51 stream fill worker 5 keys 8 / 8
2026-10-06 15:43:01 lavik-main920f879b-ordered-stream-65536-k64-f128-20261006 stream-65536-128-xrange_full-c16 20376 QPS p99=1.25 ms
2026-10-06 15:43:11 lavik-main920f879b-ordered-stream-65536-k64-f128-20261006 stream-65536-128-xrange_full-c80 31544 QPS p99=4.38 ms
2026-10-06 15:43:20 lavik-main920f879b-ordered-stream-65536-k64-f128-20261006 stream-65536-128-xrange-c80 269298 QPS p99=0.54 ms
2026-10-06 15:43:30 lavik-main920f879b-ordered-stream-65536-k64-f128-20261006 stream-65536-128-xrange-c320 324419 QPS p99=1.76 ms
2026-10-06 15:43:40 lavik-main920f879b-ordered-stream-65536-k64-f128-20261006 stream-65536-128-xrange-c1280 214239 QPS p99=18.05 ms
2026-10-06 15:43:50 lavik-main920f879b-ordered-stream-65536-k64-f128-20261006 stream-65536-128-xrange-c2560 192888 QPS p99=28.93 ms
2026-10-06 15:44:02 lavik-main920f879b-ordered-stream-65536-k64-f128-20261006 stream-65536-128-xrange-c5120 179761 QPS p99=82.43 ms
2026-10-06 15:44:12 lavik-main920f879b-ordered-stream-65536-k64-f128-20261006 stream-65536-128-xadd_maxlen-c80 58670 QPS p99=12.48 ms
2026-10-06 15:44:21 lavik-main920f879b-ordered-stream-65536-k64-f128-20261006 stream-65536-128-xadd_maxlen-c320 49527 QPS p99=55.04 ms
2026-10-06 15:44:31 lavik-main920f879b-ordered-stream-65536-k64-f128-20261006 stream-65536-128-xadd_maxlen-c1280 49759 QPS p99=226.30 ms
2026-10-06 15:44:41 lavik-main920f879b-ordered-stream-65536-k64-f128-20261006 stream-65536-128-xadd_maxlen-c2560 50025 QPS p99=481.28 ms
2026-10-06 15:44:51 lavik-main920f879b-ordered-stream-65536-k64-f128-20261006 stream-65536-128-xadd_maxlen-c5120 51148 QPS p99=835.58 ms
COMPLETE main920f879b-ordered-stream-65536-k64-f128-20261006 1791301494.8962648
