discard c08bc35101567ebd0001 /dev/nvme3n1
discard c08bc35101567ebd0002 /dev/nvme5n1
discard c08bc35101567ebd0003 /dev/nvme4n1
discard c08bc35101567ebd0004 /dev/nvme2n1
discard c08bc35101567ebd0005 /dev/nvme1n1
discard c08bc35101567ebd0006 /dev/nvme6n1
START main920f879b-ordered-stream-65536-k64-f1024-20261006 1791301502.274177
2026-10-06 15:45:08 lavik-main920f879b-ordered-stream-65536-k64-f1024-20261006 stream-65536-1024 fill
2026-10-06 15:45:08 stream fill worker 2 keys 1 / 8
2026-10-06 15:45:08 stream fill worker 3 keys 1 / 8
2026-10-06 15:45:08 stream fill worker 5 keys 1 / 8
2026-10-06 15:45:08 stream fill worker 1 keys 1 / 8
2026-10-06 15:45:08 stream fill worker 8 keys 1 / 8
2026-10-06 15:45:08 stream fill worker 4 keys 1 / 8
2026-10-06 15:45:08 stream fill worker 7 keys 1 / 8
2026-10-06 15:45:08 stream fill worker 6 keys 1 / 8
2026-10-06 15:45:08 stream fill worker 3 keys 2 / 8
2026-10-06 15:45:08 stream fill worker 4 keys 2 / 8
2026-10-06 15:45:08 stream fill worker 2 keys 2 / 8
2026-10-06 15:45:08 stream fill worker 1 keys 2 / 8
2026-10-06 15:45:08 stream fill worker 5 keys 2 / 8
2026-10-06 15:45:08 stream fill worker 8 keys 2 / 8
2026-10-06 15:45:08 stream fill worker 7 keys 2 / 8
2026-10-06 15:45:08 stream fill worker 6 keys 2 / 8
2026-10-06 15:45:08 stream fill worker 4 keys 3 / 8
2026-10-06 15:45:08 stream fill worker 3 keys 3 / 8
2026-10-06 15:45:08 stream fill worker 2 keys 3 / 8
2026-10-06 15:45:08 stream fill worker 5 keys 3 / 8
2026-10-06 15:45:08 stream fill worker 1 keys 3 / 8
2026-10-06 15:45:08 stream fill worker 8 keys 3 / 8
2026-10-06 15:45:08 stream fill worker 6 keys 3 / 8
2026-10-06 15:45:08 stream fill worker 7 keys 3 / 8
2026-10-06 15:45:08 stream fill worker 4 keys 4 / 8
2026-10-06 15:45:08 stream fill worker 3 keys 4 / 8
2026-10-06 15:45:08 stream fill worker 5 keys 4 / 8
2026-10-06 15:45:08 stream fill worker 2 keys 4 / 8
2026-10-06 15:45:08 stream fill worker 8 keys 4 / 8
2026-10-06 15:45:08 stream fill worker 1 keys 4 / 8
2026-10-06 15:45:08 stream fill worker 6 keys 4 / 8
2026-10-06 15:45:08 stream fill worker 7 keys 4 / 8
2026-10-06 15:45:08 stream fill worker 5 keys 5 / 8
2026-10-06 15:45:08 stream fill worker 4 keys 5 / 8
2026-10-06 15:45:08 stream fill worker 3 keys 5 / 8
2026-10-06 15:45:08 stream fill worker 2 keys 5 / 8
2026-10-06 15:45:08 stream fill worker 8 keys 5 / 8
2026-10-06 15:45:08 stream fill worker 6 keys 5 / 8
2026-10-06 15:45:08 stream fill worker 1 keys 5 / 8
2026-10-06 15:45:08 stream fill worker 7 keys 5 / 8
2026-10-06 15:45:08 stream fill worker 5 keys 6 / 8
2026-10-06 15:45:08 stream fill worker 3 keys 6 / 8
2026-10-06 15:45:08 stream fill worker 6 keys 6 / 8
2026-10-06 15:45:08 stream fill worker 2 keys 6 / 8
2026-10-06 15:45:08 stream fill worker 8 keys 6 / 8
2026-10-06 15:45:08 stream fill worker 1 keys 6 / 8
2026-10-06 15:45:08 stream fill worker 4 keys 6 / 8
2026-10-06 15:45:08 stream fill worker 7 keys 6 / 8
2026-10-06 15:45:08 stream fill worker 5 keys 7 / 8
2026-10-06 15:45:08 stream fill worker 3 keys 7 / 8
2026-10-06 15:45:08 stream fill worker 2 keys 7 / 8
2026-10-06 15:45:08 stream fill worker 8 keys 7 / 8
2026-10-06 15:45:08 stream fill worker 6 keys 7 / 8
2026-10-06 15:45:08 stream fill worker 1 keys 7 / 8
2026-10-06 15:45:08 stream fill worker 4 keys 7 / 8
2026-10-06 15:45:08 stream fill worker 7 keys 7 / 8
2026-10-06 15:45:08 stream fill worker 5 keys 8 / 8
2026-10-06 15:45:08 stream fill worker 2 keys 8 / 8
2026-10-06 15:45:08 stream fill worker 3 keys 8 / 8
2026-10-06 15:45:08 stream fill worker 8 keys 8 / 8
2026-10-06 15:45:08 stream fill worker 4 keys 8 / 8
2026-10-06 15:45:08 stream fill worker 6 keys 8 / 8
2026-10-06 15:45:08 stream fill worker 1 keys 8 / 8
2026-10-06 15:45:08 stream fill worker 7 keys 8 / 8
2026-10-06 15:45:17 lavik-main920f879b-ordered-stream-65536-k64-f1024-20261006 stream-65536-1024-xrange_full-c16 40696 QPS p99=0.63 ms
2026-10-06 15:45:26 lavik-main920f879b-ordered-stream-65536-k64-f1024-20261006 stream-65536-1024-xrange_full-c80 44507 QPS p99=6.33 ms
2026-10-06 15:45:36 lavik-main920f879b-ordered-stream-65536-k64-f1024-20261006 stream-65536-1024-xrange-c80 289612 QPS p99=0.47 ms
2026-10-06 15:45:45 lavik-main920f879b-ordered-stream-65536-k64-f1024-20261006 stream-65536-1024-xrange-c320 353591 QPS p99=1.53 ms
2026-10-06 15:45:55 lavik-main920f879b-ordered-stream-65536-k64-f1024-20261006 stream-65536-1024-xrange-c1280 237269 QPS p99=22.40 ms
2026-10-06 15:46:06 lavik-main920f879b-ordered-stream-65536-k64-f1024-20261006 stream-65536-1024-xrange-c2560 201973 QPS p99=40.70 ms
2026-10-06 15:46:18 lavik-main920f879b-ordered-stream-65536-k64-f1024-20261006 stream-65536-1024-xrange-c5120 197936 QPS p99=487.42 ms
2026-10-06 15:46:27 lavik-main920f879b-ordered-stream-65536-k64-f1024-20261006 stream-65536-1024-xadd_maxlen-c80 52286 QPS p99=14.72 ms
2026-10-06 15:46:37 lavik-main920f879b-ordered-stream-65536-k64-f1024-20261006 stream-65536-1024-xadd_maxlen-c320 58823 QPS p99=54.02 ms
2026-10-06 15:46:47 lavik-main920f879b-ordered-stream-65536-k64-f1024-20261006 stream-65536-1024-xadd_maxlen-c1280 64427 QPS p99=82.94 ms
2026-10-06 15:46:57 lavik-main920f879b-ordered-stream-65536-k64-f1024-20261006 stream-65536-1024-xadd_maxlen-c2560 66424 QPS p99=216.06 ms
2026-10-06 15:47:07 lavik-main920f879b-ordered-stream-65536-k64-f1024-20261006 stream-65536-1024-xadd_maxlen-c5120 56867 QPS p99=423.94 ms
COMPLETE main920f879b-ordered-stream-65536-k64-f1024-20261006 1791301630.3759513
