discard c08bc35101567ebd0001 /dev/nvme3n1
discard c08bc35101567ebd0002 /dev/nvme5n1
discard c08bc35101567ebd0003 /dev/nvme4n1
discard c08bc35101567ebd0004 /dev/nvme2n1
discard c08bc35101567ebd0005 /dev/nvme1n1
discard c08bc35101567ebd0006 /dev/nvme6n1
START main920f879b-ordered-stream-104857600-k8-f1024-20261006 1791303613.8362732
2026-10-06 16:20:19 lavik-main920f879b-ordered-stream-104857600-k8-f1024-20261006 stream-104857600-1024 fill
2026-10-06 16:21:00 stream fill worker 8 keys 1 / 1
2026-10-06 16:21:01 stream fill worker 4 keys 1 / 1
2026-10-06 16:21:02 stream fill worker 6 keys 1 / 1
2026-10-06 16:21:02 stream fill worker 2 keys 1 / 1
2026-10-06 16:21:03 stream fill worker 1 keys 1 / 1
2026-10-06 16:21:05 stream fill worker 5 keys 1 / 1
2026-10-06 16:21:08 stream fill worker 7 keys 1 / 1
2026-10-06 16:21:09 stream fill worker 3 keys 1 / 1
2026-10-06 16:21:19 lavik-main920f879b-ordered-stream-104857600-k8-f1024-20261006 stream-104857600-1024-xrange_full-c1 5 QPS p99=204.80 ms
2026-10-06 16:21:28 lavik-main920f879b-ordered-stream-104857600-k8-f1024-20261006 stream-104857600-1024-xrange_full-c4 16 QPS p99=323.58 ms
2026-10-06 16:21:38 lavik-main920f879b-ordered-stream-104857600-k8-f1024-20261006 stream-104857600-1024-xrange_full-c16 29 QPS p99=884.74 ms
2026-10-06 16:21:47 lavik-main920f879b-ordered-stream-104857600-k8-f1024-20261006 stream-104857600-1024-xrange-c80 184028 QPS p99=0.95 ms
2026-10-06 16:21:57 lavik-main920f879b-ordered-stream-104857600-k8-f1024-20261006 stream-104857600-1024-xrange-c320 203375 QPS p99=6.50 ms
2026-10-06 16:22:07 lavik-main920f879b-ordered-stream-104857600-k8-f1024-20261006 stream-104857600-1024-xrange-c1280 141030 QPS p99=82.43 ms
2026-10-06 16:22:18 lavik-main920f879b-ordered-stream-104857600-k8-f1024-20261006 stream-104857600-1024-xrange-c2560 120974 QPS p99=197.63 ms
2026-10-06 16:22:29 lavik-main920f879b-ordered-stream-104857600-k8-f1024-20261006 stream-104857600-1024-xrange-c5120 118763 QPS p99=407.55 ms
2026-10-06 16:22:38 lavik-main920f879b-ordered-stream-104857600-k8-f1024-20261006 stream-104857600-1024-xadd_maxlen-c80 14110 QPS p99=22.78 ms
2026-10-06 16:22:48 lavik-main920f879b-ordered-stream-104857600-k8-f1024-20261006 stream-104857600-1024-xadd_maxlen-c320 13575 QPS p99=101.38 ms
2026-10-06 16:22:57 lavik-main920f879b-ordered-stream-104857600-k8-f1024-20261006 stream-104857600-1024-xadd_maxlen-c1280 15291 QPS p99=528.38 ms
2026-10-06 16:23:07 lavik-main920f879b-ordered-stream-104857600-k8-f1024-20261006 stream-104857600-1024-xadd_maxlen-c2560 15564 QPS p99=835.58 ms
2026-10-06 16:23:18 lavik-main920f879b-ordered-stream-104857600-k8-f1024-20261006 stream-104857600-1024-xadd_maxlen-c5120 16689 QPS p99=692.22 ms
COMPLETE main920f879b-ordered-stream-104857600-k8-f1024-20261006 1791303800.950398
