discard c08bc35101567ebd0001 /dev/nvme3n1
discard c08bc35101567ebd0002 /dev/nvme5n1
discard c08bc35101567ebd0003 /dev/nvme4n1
discard c08bc35101567ebd0004 /dev/nvme2n1
discard c08bc35101567ebd0005 /dev/nvme1n1
discard c08bc35101567ebd0006 /dev/nvme6n1
START main920f879b-lset-list-104857600-k500-f1024-20261006 1791306224.2236218
2026-10-06 17:03:50 lavik-main920f879b-lset-list-104857600-k500-f1024-20261006 list-104857600-1024 fill
2026-10-06 17:03:52 list fill worker 17 keys 1 / 16
2026-10-06 17:03:52 list fill worker 12 keys 1 / 16
2026-10-06 17:03:52 list fill worker 6 keys 1 / 16
2026-10-06 17:03:53 list fill worker 2 keys 1 / 16
2026-10-06 17:03:53 list fill worker 13 keys 1 / 16
2026-10-06 17:03:53 list fill worker 3 keys 1 / 16
2026-10-06 17:03:53 list fill worker 26 keys 1 / 15
2026-10-06 17:03:53 list fill worker 4 keys 1 / 16
2026-10-06 17:03:53 list fill worker 24 keys 1 / 15
2026-10-06 17:03:53 list fill worker 7 keys 1 / 16
2026-10-06 17:03:53 list fill worker 25 keys 1 / 15
2026-10-06 17:03:53 list fill worker 15 keys 1 / 16
2026-10-06 17:03:53 list fill worker 10 keys 1 / 16
2026-10-06 17:03:54 list fill worker 18 keys 1 / 16
2026-10-06 17:03:54 list fill worker 29 keys 1 / 15
2026-10-06 17:03:54 list fill worker 19 keys 1 / 16
2026-10-06 17:03:54 list fill worker 32 keys 1 / 15
2026-10-06 17:03:54 list fill worker 16 keys 1 / 16
2026-10-06 17:03:54 list fill worker 11 keys 1 / 16
2026-10-06 17:03:54 list fill worker 17 keys 2 / 16
2026-10-06 17:03:54 list fill worker 22 keys 1 / 15
2026-10-06 17:03:54 list fill worker 14 keys 1 / 16
2026-10-06 17:03:54 list fill worker 23 keys 1 / 15
2026-10-06 17:03:55 list fill worker 21 keys 1 / 15
2026-10-06 17:03:55 list fill worker 30 keys 1 / 15
2026-10-06 17:03:55 list fill worker 8 keys 1 / 16
2026-10-06 17:03:55 list fill worker 27 keys 1 / 15
2026-10-06 17:03:55 list fill worker 26 keys 2 / 15
2026-10-06 17:03:55 list fill worker 1 keys 1 / 16
2026-10-06 17:03:55 list fill worker 12 keys 2 / 16
2026-10-06 17:03:56 list fill worker 4 keys 2 / 16
2026-10-06 17:03:56 list fill worker 28 keys 1 / 15
2026-10-06 17:03:56 list fill worker 5 keys 1 / 16
2026-10-06 17:03:56 list fill worker 17 keys 3 / 16
2026-10-06 17:03:56 list fill worker 10 keys 2 / 16
2026-10-06 17:03:56 list fill worker 20 keys 1 / 16
2026-10-06 17:03:56 list fill worker 31 keys 1 / 15
2026-10-06 17:03:56 list fill worker 7 keys 2 / 16
2026-10-06 17:03:56 list fill worker 3 keys 2 / 16
2026-10-06 17:03:56 list fill worker 9 keys 1 / 16
2026-10-06 17:03:57 list fill worker 16 keys 2 / 16
2026-10-06 17:03:57 list fill worker 15 keys 2 / 16
2026-10-06 17:03:57 list fill worker 13 keys 2 / 16
2026-10-06 17:03:57 list fill worker 12 keys 3 / 16
2026-10-06 17:03:57 list fill worker 22 keys 2 / 15
2026-10-06 17:03:57 list fill worker 2 keys 2 / 16
2026-10-06 17:03:58 list fill worker 6 keys 2 / 16
2026-10-06 17:03:58 list fill worker 27 keys 2 / 15
2026-10-06 17:03:58 list fill worker 18 keys 2 / 16
2026-10-06 17:03:58 list fill worker 10 keys 3 / 16
2026-10-06 17:03:58 list fill worker 25 keys 2 / 15
2026-10-06 17:03:58 list fill worker 8 keys 2 / 16
2026-10-06 17:03:58 list fill worker 32 keys 2 / 15
2026-10-06 17:03:58 list fill worker 19 keys 2 / 16
2026-10-06 17:03:59 list fill worker 24 keys 2 / 15
2026-10-06 17:03:59 list fill worker 11 keys 2 / 16
2026-10-06 17:03:59 list fill worker 26 keys 3 / 15
2026-10-06 17:03:59 list fill worker 29 keys 2 / 15
2026-10-06 17:03:59 list fill worker 14 keys 2 / 16
2026-10-06 17:03:59 list fill worker 23 keys 2 / 15
2026-10-06 17:03:59 list fill worker 1 keys 2 / 16
2026-10-06 17:04:00 list fill worker 30 keys 2 / 15
2026-10-06 17:04:00 list fill worker 27 keys 3 / 15
2026-10-06 17:04:00 list fill worker 17 keys 4 / 16
2026-10-06 17:04:00 list fill worker 11 keys 3 / 16
2026-10-06 17:04:00 list fill worker 10 keys 4 / 16
2026-10-06 17:04:00 list fill worker 5 keys 2 / 16
2026-10-06 17:04:00 list fill worker 7 keys 3 / 16
2026-10-06 17:04:01 list fill worker 13 keys 3 / 16
2026-10-06 17:04:01 list fill worker 8 keys 3 / 16
2026-10-06 17:04:01 list fill worker 21 keys 2 / 15
2026-10-06 17:04:01 list fill worker 31 keys 2 / 15
2026-10-06 17:04:01 list fill worker 12 keys 4 / 16
2026-10-06 17:04:01 list fill worker 22 keys 3 / 15
2026-10-06 17:04:01 list fill worker 3 keys 3 / 16
2026-10-06 17:04:01 list fill worker 20 keys 2 / 16
2026-10-06 17:04:02 list fill worker 2 keys 3 / 16
2026-10-06 17:04:02 list fill worker 25 keys 3 / 15
2026-10-06 17:04:02 list fill worker 11 keys 4 / 16
2026-10-06 17:04:02 list fill worker 15 keys 3 / 16
2026-10-06 17:04:02 list fill worker 18 keys 3 / 16
2026-10-06 17:04:02 list fill worker 4 keys 3 / 16
2026-10-06 17:04:02 list fill worker 9 keys 2 / 16
2026-10-06 17:04:02 list fill worker 28 keys 2 / 15
2026-10-06 17:04:02 list fill worker 6 keys 3 / 16
2026-10-06 17:04:02 list fill worker 16 keys 3 / 16
2026-10-06 17:04:02 list fill worker 1 keys 3 / 16
2026-10-06 17:04:03 list fill worker 26 keys 4 / 15
2026-10-06 17:04:03 list fill worker 14 keys 3 / 16
2026-10-06 17:04:03 list fill worker 24 keys 3 / 15
2026-10-06 17:04:03 list fill worker 17 keys 5 / 16
2026-10-06 17:04:03 list fill worker 32 keys 3 / 15
2026-10-06 17:04:03 list fill worker 10 keys 5 / 16
2026-10-06 17:04:04 list fill worker 5 keys 3 / 16
2026-10-06 17:04:04 list fill worker 30 keys 3 / 15
2026-10-06 17:04:04 list fill worker 19 keys 3 / 16
2026-10-06 17:04:04 list fill worker 12 keys 5 / 16
2026-10-06 17:04:04 list fill worker 11 keys 5 / 16
2026-10-06 17:04:04 list fill worker 13 keys 4 / 16
2026-10-06 17:04:04 list fill worker 31 keys 3 / 15
2026-10-06 17:04:04 list fill worker 29 keys 3 / 15
2026-10-06 17:04:04 list fill worker 9 keys 3 / 16
2026-10-06 17:04:04 list fill worker 7 keys 4 / 16
2026-10-06 17:04:05 list fill worker 21 keys 3 / 15
2026-10-06 17:04:05 list fill worker 27 keys 4 / 15
2026-10-06 17:04:05 list fill worker 23 keys 3 / 15
2026-10-06 17:04:05 list fill worker 8 keys 4 / 16
2026-10-06 17:04:05 list fill worker 1 keys 4 / 16
2026-10-06 17:04:05 list fill worker 26 keys 5 / 15
2026-10-06 17:04:05 list fill worker 25 keys 4 / 15
2026-10-06 17:04:06 list fill worker 24 keys 4 / 15
2026-10-06 17:04:06 list fill worker 20 keys 3 / 16
2026-10-06 17:04:06 list fill worker 18 keys 4 / 16
2026-10-06 17:04:06 list fill worker 10 keys 6 / 16
2026-10-06 17:04:06 list fill worker 13 keys 5 / 16
2026-10-06 17:04:06 list fill worker 22 keys 4 / 15
2026-10-06 17:04:06 list fill worker 6 keys 4 / 16
2026-10-06 17:04:06 list fill worker 32 keys 4 / 15
2026-10-06 17:04:07 list fill worker 2 keys 4 / 16
2026-10-06 17:04:07 list fill worker 3 keys 4 / 16
2026-10-06 17:04:07 list fill worker 15 keys 4 / 16
2026-10-06 17:04:07 list fill worker 19 keys 4 / 16
2026-10-06 17:04:07 list fill worker 4 keys 4 / 16
2026-10-06 17:04:08 list fill worker 28 keys 3 / 15
2026-10-06 17:04:08 list fill worker 30 keys 4 / 15
2026-10-06 17:04:08 list fill worker 24 keys 5 / 15
2026-10-06 17:04:08 list fill worker 27 keys 5 / 15
2026-10-06 17:04:08 list fill worker 23 keys 4 / 15
2026-10-06 17:04:08 list fill worker 25 keys 5 / 15
2026-10-06 17:04:08 list fill worker 14 keys 4 / 16
2026-10-06 17:04:08 list fill worker 17 keys 6 / 16
2026-10-06 17:04:08 list fill worker 11 keys 6 / 16
2026-10-06 17:04:08 list fill worker 22 keys 5 / 15
2026-10-06 17:04:08 list fill worker 16 keys 4 / 16
2026-10-06 17:04:09 list fill worker 26 keys 6 / 15
2026-10-06 17:04:09 list fill worker 29 keys 4 / 15
2026-10-06 17:04:09 list fill worker 13 keys 6 / 16
2026-10-06 17:04:09 list fill worker 12 keys 6 / 16
2026-10-06 17:04:09 list fill worker 31 keys 4 / 15
2026-10-06 17:04:09 list fill worker 7 keys 5 / 16
2026-10-06 17:04:09 list fill worker 5 keys 4 / 16
2026-10-06 17:04:10 list fill worker 24 keys 6 / 15
2026-10-06 17:04:10 list fill worker 21 keys 4 / 15
2026-10-06 17:04:10 list fill worker 3 keys 5 / 16
2026-10-06 17:04:10 list fill worker 9 keys 4 / 16
2026-10-06 17:04:10 list fill worker 23 keys 5 / 15
2026-10-06 17:04:10 list fill worker 11 keys 7 / 16
2026-10-06 17:04:10 list fill worker 22 keys 6 / 15
2026-10-06 17:04:11 list fill worker 8 keys 5 / 16
2026-10-06 17:04:11 list fill worker 25 keys 6 / 15
2026-10-06 17:04:11 list fill worker 16 keys 5 / 16
2026-10-06 17:04:12 list fill worker 6 keys 5 / 16
2026-10-06 17:04:12 list fill worker 10 keys 7 / 16
2026-10-06 17:04:12 list fill worker 24 keys 7 / 15
2026-10-06 17:04:12 list fill worker 5 keys 5 / 16
2026-10-06 17:04:12 list fill worker 21 keys 5 / 15
2026-10-06 17:04:12 list fill worker 1 keys 5 / 16
2026-10-06 17:04:12 list fill worker 18 keys 5 / 16
2026-10-06 17:04:12 list fill worker 3 keys 6 / 16
2026-10-06 17:04:12 list fill worker 11 keys 8 / 16
2026-10-06 17:04:12 list fill worker 12 keys 7 / 16
2026-10-06 17:04:12 list fill worker 32 keys 5 / 15
2026-10-06 17:04:13 list fill worker 28 keys 4 / 15
2026-10-06 17:04:13 list fill worker 9 keys 5 / 16
2026-10-06 17:04:13 list fill worker 23 keys 6 / 15
2026-10-06 17:04:13 list fill worker 30 keys 5 / 15
2026-10-06 17:04:13 list fill worker 17 keys 7 / 16
2026-10-06 17:04:13 list fill worker 2 keys 5 / 16
2026-10-06 17:04:14 list fill worker 11 keys 9 / 16
2026-10-06 17:04:14 list fill worker 14 keys 5 / 16
2026-10-06 17:04:14 list fill worker 27 keys 6 / 15
2026-10-06 17:04:14 list fill worker 25 keys 7 / 15
2026-10-06 17:04:14 list fill worker 24 keys 8 / 15
2026-10-06 17:04:14 list fill worker 20 keys 4 / 16
2026-10-06 17:04:14 list fill worker 19 keys 5 / 16
2026-10-06 17:04:14 list fill worker 31 keys 5 / 15
2026-10-06 17:04:14 list fill worker 29 keys 5 / 15
2026-10-06 17:04:15 list fill worker 15 keys 5 / 16
2026-10-06 17:04:15 list fill worker 13 keys 7 / 16
2026-10-06 17:04:15 list fill worker 1 keys 6 / 16
2026-10-06 17:04:15 list fill worker 26 keys 7 / 15
2026-10-06 17:04:15 list fill worker 10 keys 8 / 16
2026-10-06 17:04:15 list fill worker 4 keys 5 / 16
2026-10-06 17:04:15 list fill worker 7 keys 6 / 16
2026-10-06 17:04:15 list fill worker 30 keys 6 / 15
2026-10-06 17:04:15 list fill worker 8 keys 6 / 16
2026-10-06 17:04:16 list fill worker 18 keys 6 / 16
2026-10-06 17:04:16 list fill worker 21 keys 6 / 15
2026-10-06 17:04:16 list fill worker 11 keys 10 / 16
2026-10-06 17:04:16 list fill worker 9 keys 6 / 16
2026-10-06 17:04:16 list fill worker 24 keys 9 / 15
2026-10-06 17:04:17 list fill worker 5 keys 6 / 16
2026-10-06 17:04:17 list fill worker 32 keys 6 / 15
2026-10-06 17:04:17 list fill worker 28 keys 5 / 15
2026-10-06 17:04:17 list fill worker 19 keys 6 / 16
2026-10-06 17:04:17 list fill worker 30 keys 7 / 15
2026-10-06 17:04:17 list fill worker 6 keys 6 / 16
2026-10-06 17:04:17 list fill worker 25 keys 8 / 15
2026-10-06 17:04:18 list fill worker 14 keys 6 / 16
2026-10-06 17:04:18 list fill worker 1 keys 7 / 16
2026-10-06 17:04:18 list fill worker 15 keys 6 / 16
2026-10-06 17:04:18 list fill worker 22 keys 7 / 15
2026-10-06 17:04:18 list fill worker 32 keys 7 / 15
2026-10-06 17:04:19 list fill worker 4 keys 6 / 16
2026-10-06 17:04:19 list fill worker 23 keys 7 / 15
2026-10-06 17:04:19 list fill worker 5 keys 7 / 16
2026-10-06 17:04:19 list fill worker 11 keys 11 / 16
2026-10-06 17:04:19 list fill worker 13 keys 8 / 16
2026-10-06 17:04:19 list fill worker 24 keys 10 / 15
2026-10-06 17:04:20 list fill worker 21 keys 7 / 15
2026-10-06 17:04:20 list fill worker 2 keys 6 / 16
2026-10-06 17:04:20 list fill worker 16 keys 6 / 16
2026-10-06 17:04:20 list fill worker 14 keys 7 / 16
2026-10-06 17:04:20 list fill worker 11 keys 12 / 16
2026-10-06 17:04:20 list fill worker 15 keys 7 / 16
2026-10-06 17:04:20 list fill worker 32 keys 8 / 15
2026-10-06 17:04:21 list fill worker 1 keys 8 / 16
2026-10-06 17:04:21 list fill worker 4 keys 7 / 16
2026-10-06 17:04:21 list fill worker 5 keys 8 / 16
2026-10-06 17:04:21 list fill worker 31 keys 6 / 15
2026-10-06 17:04:21 list fill worker 12 keys 8 / 16
2026-10-06 17:04:21 list fill worker 3 keys 7 / 16
2026-10-06 17:04:21 list fill worker 27 keys 7 / 15
2026-10-06 17:04:21 list fill worker 16 keys 7 / 16
2026-10-06 17:04:22 list fill worker 23 keys 8 / 15
2026-10-06 17:04:22 list fill worker 11 keys 13 / 16
2026-10-06 17:04:22 list fill worker 10 keys 9 / 16
2026-10-06 17:04:22 list fill worker 4 keys 8 / 16
2026-10-06 17:04:22 list fill worker 13 keys 9 / 16
2026-10-06 17:04:22 list fill worker 29 keys 6 / 15
2026-10-06 17:04:22 list fill worker 7 keys 7 / 16
2026-10-06 17:04:22 list fill worker 5 keys 9 / 16
2026-10-06 17:04:23 list fill worker 17 keys 8 / 16
2026-10-06 17:04:23 list fill worker 3 keys 8 / 16
2026-10-06 17:04:23 list fill worker 14 keys 8 / 16
2026-10-06 17:04:23 list fill worker 26 keys 8 / 15
2026-10-06 17:04:24 list fill worker 15 keys 8 / 16
2026-10-06 17:04:24 list fill worker 5 keys 10 / 16
2026-10-06 17:04:24 list fill worker 32 keys 9 / 15
2026-10-06 17:04:24 list fill worker 23 keys 9 / 15
2026-10-06 17:04:24 list fill worker 1 keys 9 / 16
2026-10-06 17:04:24 list fill worker 12 keys 9 / 16
2026-10-06 17:04:24 list fill worker 29 keys 7 / 15
2026-10-06 17:04:24 list fill worker 18 keys 7 / 16
2026-10-06 17:04:24 list fill worker 8 keys 7 / 16
2026-10-06 17:04:24 list fill worker 11 keys 14 / 16
2026-10-06 17:04:25 list fill worker 20 keys 5 / 16
2026-10-06 17:04:25 list fill worker 22 keys 8 / 15
2026-10-06 17:04:25 list fill worker 17 keys 9 / 16
2026-10-06 17:04:25 list fill worker 9 keys 7 / 16
2026-10-06 17:04:25 list fill worker 4 keys 9 / 16
2026-10-06 17:04:25 list fill worker 28 keys 6 / 15
2026-10-06 17:04:25 list fill worker 14 keys 9 / 16
2026-10-06 17:04:25 list fill worker 30 keys 8 / 15
2026-10-06 17:04:25 list fill worker 19 keys 7 / 16
2026-10-06 17:04:26 list fill worker 6 keys 7 / 16
2026-10-06 17:04:26 list fill worker 25 keys 9 / 15
2026-10-06 17:04:26 list fill worker 5 keys 11 / 16
2026-10-06 17:04:26 list fill worker 26 keys 9 / 15
2026-10-06 17:04:26 list fill worker 29 keys 8 / 15
2026-10-06 17:04:27 list fill worker 31 keys 7 / 15
2026-10-06 17:04:27 list fill worker 24 keys 11 / 15
2026-10-06 17:04:27 list fill worker 4 keys 10 / 16
2026-10-06 17:04:27 list fill worker 9 keys 8 / 16
2026-10-06 17:04:27 list fill worker 21 keys 8 / 15
2026-10-06 17:04:27 list fill worker 15 keys 9 / 16
2026-10-06 17:04:27 list fill worker 2 keys 7 / 16
2026-10-06 17:04:28 list fill worker 16 keys 8 / 16
2026-10-06 17:04:28 list fill worker 13 keys 10 / 16
2026-10-06 17:04:28 list fill worker 7 keys 8 / 16
2026-10-06 17:04:28 list fill worker 27 keys 8 / 15
2026-10-06 17:04:28 list fill worker 23 keys 10 / 15
2026-10-06 17:04:28 list fill worker 32 keys 10 / 15
2026-10-06 17:04:28 list fill worker 28 keys 7 / 15
2026-10-06 17:04:29 list fill worker 3 keys 9 / 16
2026-10-06 17:04:29 list fill worker 10 keys 10 / 16
2026-10-06 17:04:29 list fill worker 30 keys 9 / 15
2026-10-06 17:04:29 list fill worker 22 keys 9 / 15
2026-10-06 17:04:29 list fill worker 20 keys 6 / 16
2026-10-06 17:04:29 list fill worker 18 keys 8 / 16
2026-10-06 17:04:29 list fill worker 1 keys 10 / 16
2026-10-06 17:04:29 list fill worker 19 keys 8 / 16
2026-10-06 17:04:29 list fill worker 6 keys 8 / 16
2026-10-06 17:04:30 list fill worker 11 keys 15 / 16
2026-10-06 17:04:30 list fill worker 16 keys 9 / 16
2026-10-06 17:04:30 list fill worker 5 keys 12 / 16
2026-10-06 17:04:30 list fill worker 25 keys 10 / 15
2026-10-06 17:04:30 list fill worker 14 keys 10 / 16
2026-10-06 17:04:30 list fill worker 12 keys 10 / 16
2026-10-06 17:04:31 list fill worker 8 keys 8 / 16
2026-10-06 17:04:31 list fill worker 15 keys 10 / 16
2026-10-06 17:04:31 list fill worker 4 keys 11 / 16
2026-10-06 17:04:31 list fill worker 17 keys 10 / 16
2026-10-06 17:04:31 list fill worker 32 keys 11 / 15
2026-10-06 17:04:31 list fill worker 28 keys 8 / 15
2026-10-06 17:04:32 list fill worker 11 keys 16 / 16
2026-10-06 17:04:32 list fill worker 31 keys 8 / 15
2026-10-06 17:04:32 list fill worker 13 keys 11 / 16
2026-10-06 17:04:32 list fill worker 3 keys 10 / 16
2026-10-06 17:04:32 list fill worker 27 keys 9 / 15
2026-10-06 17:04:32 list fill worker 9 keys 9 / 16
2026-10-06 17:04:32 list fill worker 2 keys 8 / 16
2026-10-06 17:04:33 list fill worker 4 keys 12 / 16
2026-10-06 17:04:33 list fill worker 6 keys 9 / 16
2026-10-06 17:04:33 list fill worker 7 keys 9 / 16
2026-10-06 17:04:33 list fill worker 19 keys 9 / 16
2026-10-06 17:04:33 list fill worker 24 keys 12 / 15
2026-10-06 17:04:33 list fill worker 5 keys 13 / 16
2026-10-06 17:04:33 list fill worker 29 keys 9 / 15
2026-10-06 17:04:33 list fill worker 17 keys 11 / 16
2026-10-06 17:04:34 list fill worker 23 keys 11 / 15
2026-10-06 17:04:34 list fill worker 21 keys 9 / 15
2026-10-06 17:04:34 list fill worker 30 keys 10 / 15
2026-10-06 17:04:34 list fill worker 8 keys 9 / 16
2026-10-06 17:04:34 list fill worker 4 keys 13 / 16
2026-10-06 17:04:34 list fill worker 20 keys 7 / 16
2026-10-06 17:04:34 list fill worker 15 keys 11 / 16
2026-10-06 17:04:34 list fill worker 26 keys 10 / 15
2026-10-06 17:04:34 list fill worker 22 keys 10 / 15
2026-10-06 17:04:34 list fill worker 1 keys 11 / 16
2026-10-06 17:04:35 list fill worker 10 keys 11 / 16
2026-10-06 17:04:35 list fill worker 9 keys 10 / 16
2026-10-06 17:04:35 list fill worker 6 keys 10 / 16
2026-10-06 17:04:35 list fill worker 25 keys 11 / 15
2026-10-06 17:04:35 list fill worker 16 keys 10 / 16
2026-10-06 17:04:36 list fill worker 12 keys 11 / 16
2026-10-06 17:04:36 list fill worker 28 keys 9 / 15
2026-10-06 17:04:36 list fill worker 18 keys 9 / 16
2026-10-06 17:04:36 list fill worker 4 keys 14 / 16
2026-10-06 17:04:36 list fill worker 3 keys 11 / 16
2026-10-06 17:04:36 list fill worker 15 keys 12 / 16
2026-10-06 17:04:36 list fill worker 27 keys 10 / 15
2026-10-06 17:04:36 list fill worker 29 keys 10 / 15
2026-10-06 17:04:37 list fill worker 32 keys 12 / 15
2026-10-06 17:04:37 list fill worker 14 keys 11 / 16
2026-10-06 17:04:37 list fill worker 7 keys 10 / 16
2026-10-06 17:04:37 list fill worker 10 keys 12 / 16
2026-10-06 17:04:37 list fill worker 13 keys 12 / 16
2026-10-06 17:04:37 list fill worker 31 keys 9 / 15
2026-10-06 17:04:37 list fill worker 24 keys 13 / 15
2026-10-06 17:04:37 list fill worker 30 keys 11 / 15
2026-10-06 17:04:37 list fill worker 17 keys 12 / 16
2026-10-06 17:04:38 list fill worker 19 keys 10 / 16
2026-10-06 17:04:38 list fill worker 15 keys 13 / 16
2026-10-06 17:04:38 list fill worker 2 keys 9 / 16
2026-10-06 17:04:38 list fill worker 25 keys 12 / 15
2026-10-06 17:04:38 list fill worker 1 keys 12 / 16
2026-10-06 17:04:38 list fill worker 5 keys 14 / 16
2026-10-06 17:04:38 list fill worker 29 keys 11 / 15
2026-10-06 17:04:39 list fill worker 21 keys 10 / 15
2026-10-06 17:04:39 list fill worker 23 keys 12 / 15
2026-10-06 17:04:39 list fill worker 8 keys 10 / 16
2026-10-06 17:04:39 list fill worker 16 keys 11 / 16
2026-10-06 17:04:39 list fill worker 4 keys 15 / 16
2026-10-06 17:04:39 list fill worker 6 keys 11 / 16
2026-10-06 17:04:39 list fill worker 20 keys 8 / 16
2026-10-06 17:04:39 list fill worker 2 keys 10 / 16
2026-10-06 17:04:40 list fill worker 15 keys 14 / 16
2026-10-06 17:04:40 list fill worker 17 keys 13 / 16
2026-10-06 17:04:40 list fill worker 7 keys 11 / 16
2026-10-06 17:04:40 list fill worker 26 keys 11 / 15
2026-10-06 17:04:40 list fill worker 28 keys 10 / 15
2026-10-06 17:04:40 list fill worker 25 keys 13 / 15
2026-10-06 17:04:40 list fill worker 9 keys 11 / 16
2026-10-06 17:04:40 list fill worker 5 keys 15 / 16
2026-10-06 17:04:41 list fill worker 18 keys 10 / 16
2026-10-06 17:04:41 list fill worker 22 keys 11 / 15
2026-10-06 17:04:41 list fill worker 13 keys 13 / 16
2026-10-06 17:04:41 list fill worker 27 keys 11 / 15
2026-10-06 17:04:41 list fill worker 12 keys 12 / 16
2026-10-06 17:04:42 list fill worker 21 keys 11 / 15
2026-10-06 17:04:42 list fill worker 4 keys 16 / 16
2026-10-06 17:04:42 list fill worker 24 keys 14 / 15
2026-10-06 17:04:42 list fill worker 10 keys 13 / 16
2026-10-06 17:04:42 list fill worker 3 keys 12 / 16
2026-10-06 17:04:42 list fill worker 20 keys 9 / 16
2026-10-06 17:04:42 list fill worker 23 keys 13 / 15
2026-10-06 17:04:42 list fill worker 30 keys 12 / 15
2026-10-06 17:04:42 list fill worker 32 keys 13 / 15
2026-10-06 17:04:42 list fill worker 6 keys 12 / 16
2026-10-06 17:04:42 list fill worker 1 keys 13 / 16
2026-10-06 17:04:42 list fill worker 14 keys 12 / 16
2026-10-06 17:04:42 list fill worker 8 keys 11 / 16
2026-10-06 17:04:43 list fill worker 15 keys 15 / 16
2026-10-06 17:04:43 list fill worker 26 keys 12 / 15
2026-10-06 17:04:43 list fill worker 17 keys 14 / 16
2026-10-06 17:04:43 list fill worker 19 keys 11 / 16
2026-10-06 17:04:43 list fill worker 25 keys 14 / 15
2026-10-06 17:04:43 list fill worker 9 keys 12 / 16
2026-10-06 17:04:43 list fill worker 16 keys 12 / 16
2026-10-06 17:04:44 list fill worker 31 keys 10 / 15
2026-10-06 17:04:44 list fill worker 23 keys 14 / 15
2026-10-06 17:04:44 list fill worker 5 keys 16 / 16
2026-10-06 17:04:44 list fill worker 7 keys 12 / 16
2026-10-06 17:04:44 list fill worker 27 keys 12 / 15
2026-10-06 17:04:45 list fill worker 17 keys 15 / 16
2026-10-06 17:04:45 list fill worker 26 keys 13 / 15
2026-10-06 17:04:45 list fill worker 12 keys 13 / 16
2026-10-06 17:04:45 list fill worker 24 keys 15 / 15
2026-10-06 17:04:45 list fill worker 29 keys 12 / 15
2026-10-06 17:04:45 list fill worker 20 keys 10 / 16
2026-10-06 17:04:45 list fill worker 3 keys 13 / 16
2026-10-06 17:04:45 list fill worker 13 keys 14 / 16
2026-10-06 17:04:46 list fill worker 2 keys 11 / 16
2026-10-06 17:04:46 list fill worker 8 keys 12 / 16
2026-10-06 17:04:46 list fill worker 15 keys 16 / 16
2026-10-06 17:04:46 list fill worker 18 keys 11 / 16
2026-10-06 17:04:46 list fill worker 17 keys 16 / 16
2026-10-06 17:04:46 list fill worker 9 keys 13 / 16
2026-10-06 17:04:46 list fill worker 26 keys 14 / 15
2026-10-06 17:04:46 list fill worker 7 keys 13 / 16
2026-10-06 17:04:47 list fill worker 10 keys 14 / 16
2026-10-06 17:04:47 list fill worker 25 keys 15 / 15
2026-10-06 17:04:47 list fill worker 22 keys 12 / 15
2026-10-06 17:04:47 list fill worker 21 keys 12 / 15
2026-10-06 17:04:47 list fill worker 30 keys 13 / 15
2026-10-06 17:04:47 list fill worker 29 keys 13 / 15
2026-10-06 17:04:47 list fill worker 28 keys 11 / 15
2026-10-06 17:04:47 list fill worker 6 keys 13 / 16
2026-10-06 17:04:47 list fill worker 2 keys 12 / 16
2026-10-06 17:04:47 list fill worker 1 keys 14 / 16
2026-10-06 17:04:48 list fill worker 13 keys 15 / 16
2026-10-06 17:04:48 list fill worker 23 keys 15 / 15
2026-10-06 17:04:48 list fill worker 14 keys 13 / 16
2026-10-06 17:04:48 list fill worker 7 keys 14 / 16
2026-10-06 17:04:49 list fill worker 26 keys 15 / 15
2026-10-06 17:04:49 list fill worker 19 keys 12 / 16
2026-10-06 17:04:49 list fill worker 1 keys 15 / 16
2026-10-06 17:04:49 list fill worker 21 keys 13 / 15
2026-10-06 17:04:49 list fill worker 12 keys 14 / 16
2026-10-06 17:04:49 list fill worker 28 keys 12 / 15
2026-10-06 17:04:49 list fill worker 9 keys 14 / 16
2026-10-06 17:04:49 list fill worker 18 keys 12 / 16
2026-10-06 17:04:49 list fill worker 14 keys 14 / 16
2026-10-06 17:04:49 list fill worker 8 keys 13 / 16
2026-10-06 17:04:50 list fill worker 29 keys 14 / 15
2026-10-06 17:04:50 list fill worker 16 keys 13 / 16
2026-10-06 17:04:50 list fill worker 32 keys 14 / 15
2026-10-06 17:04:50 list fill worker 2 keys 13 / 16
2026-10-06 17:04:50 list fill worker 30 keys 14 / 15
2026-10-06 17:04:50 list fill worker 1 keys 16 / 16
2026-10-06 17:04:51 list fill worker 28 keys 13 / 15
2026-10-06 17:04:51 list fill worker 31 keys 11 / 15
2026-10-06 17:04:51 list fill worker 13 keys 16 / 16
2026-10-06 17:04:51 list fill worker 27 keys 13 / 15
2026-10-06 17:04:51 list fill worker 9 keys 15 / 16
2026-10-06 17:04:51 list fill worker 2 keys 14 / 16
2026-10-06 17:04:51 list fill worker 12 keys 15 / 16
2026-10-06 17:04:52 list fill worker 19 keys 13 / 16
2026-10-06 17:04:52 list fill worker 18 keys 13 / 16
2026-10-06 17:04:52 list fill worker 10 keys 15 / 16
2026-10-06 17:04:52 list fill worker 30 keys 15 / 15
2026-10-06 17:04:52 list fill worker 20 keys 11 / 16
2026-10-06 17:04:52 list fill worker 3 keys 14 / 16
2026-10-06 17:04:52 list fill worker 22 keys 13 / 15
2026-10-06 17:04:52 list fill worker 8 keys 14 / 16
2026-10-06 17:04:52 list fill worker 16 keys 14 / 16
2026-10-06 17:04:53 list fill worker 29 keys 15 / 15
2026-10-06 17:04:53 list fill worker 32 keys 15 / 15
2026-10-06 17:04:54 list fill worker 3 keys 15 / 16
2026-10-06 17:04:54 list fill worker 18 keys 14 / 16
2026-10-06 17:04:54 list fill worker 6 keys 14 / 16
2026-10-06 17:04:54 list fill worker 31 keys 12 / 15
2026-10-06 17:04:54 list fill worker 20 keys 12 / 16
2026-10-06 17:04:55 list fill worker 2 keys 15 / 16
2026-10-06 17:04:55 list fill worker 12 keys 16 / 16
2026-10-06 17:04:55 list fill worker 27 keys 14 / 15
2026-10-06 17:04:55 list fill worker 19 keys 14 / 16
2026-10-06 17:04:55 list fill worker 3 keys 16 / 16
2026-10-06 17:04:55 list fill worker 8 keys 15 / 16
2026-10-06 17:04:55 list fill worker 18 keys 15 / 16
2026-10-06 17:04:55 list fill worker 7 keys 15 / 16
2026-10-06 17:04:55 list fill worker 16 keys 15 / 16
2026-10-06 17:04:55 list fill worker 14 keys 15 / 16
2026-10-06 17:04:56 list fill worker 21 keys 14 / 15
2026-10-06 17:04:56 list fill worker 19 keys 15 / 16
2026-10-06 17:04:56 list fill worker 6 keys 15 / 16
2026-10-06 17:04:56 list fill worker 20 keys 13 / 16
2026-10-06 17:04:56 list fill worker 8 keys 16 / 16
2026-10-06 17:04:56 list fill worker 10 keys 16 / 16
2026-10-06 17:04:56 list fill worker 31 keys 13 / 15
2026-10-06 17:04:56 list fill worker 2 keys 16 / 16
2026-10-06 17:04:57 list fill worker 7 keys 16 / 16
2026-10-06 17:04:57 list fill worker 22 keys 14 / 15
2026-10-06 17:04:57 list fill worker 27 keys 15 / 15
2026-10-06 17:04:57 list fill worker 28 keys 14 / 15
2026-10-06 17:04:57 list fill worker 9 keys 16 / 16
2026-10-06 17:04:57 list fill worker 16 keys 16 / 16
2026-10-06 17:04:57 list fill worker 21 keys 15 / 15
2026-10-06 17:04:57 list fill worker 31 keys 14 / 15
2026-10-06 17:04:57 list fill worker 19 keys 16 / 16
2026-10-06 17:04:57 list fill worker 6 keys 16 / 16
2026-10-06 17:04:58 list fill worker 28 keys 15 / 15
2026-10-06 17:04:58 list fill worker 20 keys 14 / 16
2026-10-06 17:04:58 list fill worker 14 keys 16 / 16
2026-10-06 17:04:58 list fill worker 18 keys 16 / 16
2026-10-06 17:04:58 list fill worker 31 keys 15 / 15
2026-10-06 17:04:58 list fill worker 22 keys 15 / 15
2026-10-06 17:04:58 list fill worker 20 keys 15 / 16
2026-10-06 17:04:59 list fill worker 20 keys 16 / 16
2026-10-06 17:05:11 lavik-main920f879b-lset-list-104857600-k500-f1024-20261006 list-104857600-1024-lset-c80 154087 QPS p99=4.32 ms
2026-10-06 17:05:22 lavik-main920f879b-lset-list-104857600-k500-f1024-20261006 list-104857600-1024-lset-c320 159321 QPS p99=30.34 ms
2026-10-06 17:05:34 lavik-main920f879b-lset-list-104857600-k500-f1024-20261006 list-104857600-1024-lset-c1280 99860 QPS p99=118.27 ms
2026-10-06 17:05:47 lavik-main920f879b-lset-list-104857600-k500-f1024-20261006 list-104857600-1024-lset-c2560 101050 QPS p99=227.33 ms
2026-10-06 17:06:00 lavik-main920f879b-lset-list-104857600-k500-f1024-20261006 list-104857600-1024-lset-c5120 101954 QPS p99=436.22 ms
COMPLETE main920f879b-lset-list-104857600-k500-f1024-20261006 1791306363.3308666
