discard c08bc35101567ebd0001 /dev/nvme3n1
discard c08bc35101567ebd0002 /dev/nvme5n1
discard c08bc35101567ebd0003 /dev/nvme4n1
discard c08bc35101567ebd0004 /dev/nvme2n1
discard c08bc35101567ebd0005 /dev/nvme1n1
discard c08bc35101567ebd0006 /dev/nvme6n1
START main920f879b-ordered-list-65536-k64-f128-20261006 1791301092.9261994
2026-10-06 15:38:18 lavik-main920f879b-ordered-list-65536-k64-f128-20261006 list-65536-128 fill
2026-10-06 15:38:18 list fill worker 2 keys 1 / 8
2026-10-06 15:38:18 list fill worker 5 keys 1 / 8
2026-10-06 15:38:18 list fill worker 6 keys 1 / 8
2026-10-06 15:38:18 list fill worker 1 keys 1 / 8
2026-10-06 15:38:18 list fill worker 3 keys 1 / 8
2026-10-06 15:38:18 list fill worker 4 keys 1 / 8
2026-10-06 15:38:18 list fill worker 7 keys 1 / 8
2026-10-06 15:38:18 list fill worker 8 keys 1 / 8
2026-10-06 15:38:18 list fill worker 1 keys 2 / 8
2026-10-06 15:38:18 list fill worker 6 keys 2 / 8
2026-10-06 15:38:18 list fill worker 2 keys 2 / 8
2026-10-06 15:38:18 list fill worker 5 keys 2 / 8
2026-10-06 15:38:18 list fill worker 4 keys 2 / 8
2026-10-06 15:38:18 list fill worker 3 keys 2 / 8
2026-10-06 15:38:18 list fill worker 7 keys 2 / 8
2026-10-06 15:38:18 list fill worker 2 keys 3 / 8
2026-10-06 15:38:18 list fill worker 5 keys 3 / 8
2026-10-06 15:38:18 list fill worker 1 keys 3 / 8
2026-10-06 15:38:18 list fill worker 4 keys 3 / 8
2026-10-06 15:38:18 list fill worker 7 keys 3 / 8
2026-10-06 15:38:18 list fill worker 6 keys 3 / 8
2026-10-06 15:38:18 list fill worker 2 keys 4 / 8
2026-10-06 15:38:18 list fill worker 8 keys 2 / 8
2026-10-06 15:38:18 list fill worker 3 keys 3 / 8
2026-10-06 15:38:18 list fill worker 1 keys 4 / 8
2026-10-06 15:38:18 list fill worker 5 keys 4 / 8
2026-10-06 15:38:18 list fill worker 7 keys 4 / 8
2026-10-06 15:38:18 list fill worker 4 keys 4 / 8
2026-10-06 15:38:18 list fill worker 2 keys 5 / 8
2026-10-06 15:38:18 list fill worker 8 keys 3 / 8
2026-10-06 15:38:18 list fill worker 6 keys 4 / 8
2026-10-06 15:38:18 list fill worker 3 keys 4 / 8
2026-10-06 15:38:18 list fill worker 7 keys 5 / 8
2026-10-06 15:38:18 list fill worker 4 keys 5 / 8
2026-10-06 15:38:18 list fill worker 5 keys 5 / 8
2026-10-06 15:38:18 list fill worker 1 keys 5 / 8
2026-10-06 15:38:18 list fill worker 2 keys 6 / 8
2026-10-06 15:38:18 list fill worker 6 keys 5 / 8
2026-10-06 15:38:18 list fill worker 3 keys 5 / 8
2026-10-06 15:38:18 list fill worker 8 keys 4 / 8
2026-10-06 15:38:18 list fill worker 7 keys 6 / 8
2026-10-06 15:38:18 list fill worker 5 keys 6 / 8
2026-10-06 15:38:18 list fill worker 4 keys 6 / 8
2026-10-06 15:38:18 list fill worker 1 keys 6 / 8
2026-10-06 15:38:18 list fill worker 2 keys 7 / 8
2026-10-06 15:38:18 list fill worker 8 keys 5 / 8
2026-10-06 15:38:18 list fill worker 7 keys 7 / 8
2026-10-06 15:38:18 list fill worker 3 keys 6 / 8
2026-10-06 15:38:18 list fill worker 5 keys 7 / 8
2026-10-06 15:38:18 list fill worker 2 keys 8 / 8
2026-10-06 15:38:18 list fill worker 4 keys 7 / 8
2026-10-06 15:38:18 list fill worker 6 keys 6 / 8
2026-10-06 15:38:18 list fill worker 1 keys 7 / 8
2026-10-06 15:38:18 list fill worker 3 keys 7 / 8
2026-10-06 15:38:18 list fill worker 7 keys 8 / 8
2026-10-06 15:38:18 list fill worker 8 keys 6 / 8
2026-10-06 15:38:18 list fill worker 5 keys 8 / 8
2026-10-06 15:38:18 list fill worker 1 keys 8 / 8
2026-10-06 15:38:18 list fill worker 4 keys 8 / 8
2026-10-06 15:38:18 list fill worker 6 keys 7 / 8
2026-10-06 15:38:18 list fill worker 3 keys 8 / 8
2026-10-06 15:38:18 list fill worker 8 keys 7 / 8
2026-10-06 15:38:18 list fill worker 6 keys 8 / 8
2026-10-06 15:38:18 list fill worker 8 keys 8 / 8
2026-10-06 15:38:27 lavik-main920f879b-ordered-list-65536-k64-f128-20261006 list-65536-128-lrange-c16 43304 QPS p99=1.26 ms
2026-10-06 15:38:37 lavik-main920f879b-ordered-list-65536-k64-f128-20261006 list-65536-128-lrange-c80 43332 QPS p99=6.82 ms
2026-10-06 15:38:46 lavik-main920f879b-ordered-list-65536-k64-f128-20261006 list-65536-128-lindex-c80 529334 QPS p99=0.28 ms
2026-10-06 15:38:56 lavik-main920f879b-ordered-list-65536-k64-f128-20261006 list-65536-128-lindex-c320 751274 QPS p99=0.91 ms
2026-10-06 15:39:06 lavik-main920f879b-ordered-list-65536-k64-f128-20261006 list-65536-128-lindex-c1280 775270 QPS p99=4.19 ms
2026-10-06 15:39:16 lavik-main920f879b-ordered-list-65536-k64-f128-20261006 list-65536-128-lindex-c2560 625756 QPS p99=17.79 ms
2026-10-06 15:39:27 lavik-main920f879b-ordered-list-65536-k64-f128-20261006 list-65536-128-lindex-c5120 428975 QPS p99=98.81 ms
2026-10-06 15:39:37 lavik-main920f879b-ordered-list-65536-k64-f128-20261006 list-65536-128-lset-c80 155232 QPS p99=7.90 ms
2026-10-06 15:39:47 lavik-main920f879b-ordered-list-65536-k64-f128-20261006 list-65536-128-lset-c320 155149 QPS p99=23.68 ms
2026-10-06 15:39:56 lavik-main920f879b-ordered-list-65536-k64-f128-20261006 list-65536-128-lset-c1280 157538 QPS p99=62.98 ms
2026-10-06 15:40:07 lavik-main920f879b-ordered-list-65536-k64-f128-20261006 list-65536-128-lset-c2560 157386 QPS p99=109.06 ms
2026-10-06 15:40:18 lavik-main920f879b-ordered-list-65536-k64-f128-20261006 list-65536-128-lset-c5120 150588 QPS p99=254.97 ms
COMPLETE main920f879b-ordered-list-65536-k64-f128-20261006 1791301221.0269463
