discard c08bc35101567ebd0001 /dev/nvme3n1
discard c08bc35101567ebd0002 /dev/nvme5n1
discard c08bc35101567ebd0003 /dev/nvme4n1
discard c08bc35101567ebd0004 /dev/nvme2n1
discard c08bc35101567ebd0005 /dev/nvme1n1
discard c08bc35101567ebd0006 /dev/nvme6n1
START main920f879b-ordered-zset-1048576-k64-f128-20261006 1791302480.5180683
2026-10-06 16:01:26 lavik-main920f879b-ordered-zset-1048576-k64-f128-20261006 zset-1048576-128 fill
2026-10-06 16:01:26 zset fill worker 5 keys 1 / 8
2026-10-06 16:01:26 zset fill worker 3 keys 1 / 8
2026-10-06 16:01:26 zset fill worker 8 keys 1 / 8
2026-10-06 16:01:26 zset fill worker 6 keys 1 / 8
2026-10-06 16:01:26 zset fill worker 7 keys 1 / 8
2026-10-06 16:01:26 zset fill worker 2 keys 1 / 8
2026-10-06 16:01:26 zset fill worker 1 keys 1 / 8
2026-10-06 16:01:26 zset fill worker 4 keys 1 / 8
2026-10-06 16:01:26 zset fill worker 3 keys 2 / 8
2026-10-06 16:01:26 zset fill worker 6 keys 2 / 8
2026-10-06 16:01:26 zset fill worker 5 keys 2 / 8
2026-10-06 16:01:26 zset fill worker 4 keys 2 / 8
2026-10-06 16:01:26 zset fill worker 8 keys 2 / 8
2026-10-06 16:01:26 zset fill worker 2 keys 2 / 8
2026-10-06 16:01:27 zset fill worker 7 keys 2 / 8
2026-10-06 16:01:27 zset fill worker 1 keys 2 / 8
2026-10-06 16:01:27 zset fill worker 8 keys 3 / 8
2026-10-06 16:01:27 zset fill worker 5 keys 3 / 8
2026-10-06 16:01:27 zset fill worker 4 keys 3 / 8
2026-10-06 16:01:27 zset fill worker 2 keys 3 / 8
2026-10-06 16:01:27 zset fill worker 7 keys 3 / 8
2026-10-06 16:01:27 zset fill worker 3 keys 3 / 8
2026-10-06 16:01:27 zset fill worker 1 keys 3 / 8
2026-10-06 16:01:27 zset fill worker 6 keys 3 / 8
2026-10-06 16:01:27 zset fill worker 2 keys 4 / 8
2026-10-06 16:01:27 zset fill worker 8 keys 4 / 8
2026-10-06 16:01:27 zset fill worker 5 keys 4 / 8
2026-10-06 16:01:27 zset fill worker 1 keys 4 / 8
2026-10-06 16:01:27 zset fill worker 4 keys 4 / 8
2026-10-06 16:01:27 zset fill worker 3 keys 4 / 8
2026-10-06 16:01:27 zset fill worker 6 keys 4 / 8
2026-10-06 16:01:27 zset fill worker 7 keys 4 / 8
2026-10-06 16:01:27 zset fill worker 5 keys 5 / 8
2026-10-06 16:01:27 zset fill worker 2 keys 5 / 8
2026-10-06 16:01:27 zset fill worker 4 keys 5 / 8
2026-10-06 16:01:27 zset fill worker 8 keys 5 / 8
2026-10-06 16:01:27 zset fill worker 6 keys 5 / 8
2026-10-06 16:01:27 zset fill worker 2 keys 6 / 8
2026-10-06 16:01:27 zset fill worker 5 keys 6 / 8
2026-10-06 16:01:27 zset fill worker 4 keys 6 / 8
2026-10-06 16:01:27 zset fill worker 1 keys 5 / 8
2026-10-06 16:01:27 zset fill worker 3 keys 5 / 8
2026-10-06 16:01:27 zset fill worker 8 keys 6 / 8
2026-10-06 16:01:27 zset fill worker 4 keys 7 / 8
2026-10-06 16:01:28 zset fill worker 3 keys 6 / 8
2026-10-06 16:01:28 zset fill worker 2 keys 7 / 8
2026-10-06 16:01:28 zset fill worker 7 keys 5 / 8
2026-10-06 16:01:28 zset fill worker 1 keys 6 / 8
2026-10-06 16:01:28 zset fill worker 8 keys 7 / 8
2026-10-06 16:01:28 zset fill worker 3 keys 7 / 8
2026-10-06 16:01:28 zset fill worker 7 keys 6 / 8
2026-10-06 16:01:28 zset fill worker 1 keys 7 / 8
2026-10-06 16:01:28 zset fill worker 6 keys 6 / 8
2026-10-06 16:01:28 zset fill worker 5 keys 7 / 8
2026-10-06 16:01:28 zset fill worker 2 keys 8 / 8
2026-10-06 16:01:28 zset fill worker 4 keys 8 / 8
2026-10-06 16:01:28 zset fill worker 3 keys 8 / 8
2026-10-06 16:01:28 zset fill worker 6 keys 7 / 8
2026-10-06 16:01:28 zset fill worker 7 keys 7 / 8
2026-10-06 16:01:28 zset fill worker 8 keys 8 / 8
2026-10-06 16:01:28 zset fill worker 5 keys 8 / 8
2026-10-06 16:01:28 zset fill worker 1 keys 8 / 8
2026-10-06 16:01:28 zset fill worker 6 keys 8 / 8
2026-10-06 16:01:28 zset fill worker 7 keys 8 / 8
2026-10-06 16:01:38 lavik-main920f879b-ordered-zset-1048576-k64-f128-20261006 zset-1048576-128-zrange-c16 1123 QPS p99=25.09 ms
2026-10-06 16:01:47 lavik-main920f879b-ordered-zset-1048576-k64-f128-20261006 zset-1048576-128-zrange-c80 1691 QPS p99=257.02 ms
2026-10-06 16:01:57 lavik-main920f879b-ordered-zset-1048576-k64-f128-20261006 zset-1048576-128-zscore-c80 407266 QPS p99=0.37 ms
2026-10-06 16:02:07 lavik-main920f879b-ordered-zset-1048576-k64-f128-20261006 zset-1048576-128-zscore-c320 578844 QPS p99=1.20 ms
2026-10-06 16:02:17 lavik-main920f879b-ordered-zset-1048576-k64-f128-20261006 zset-1048576-128-zscore-c1280 403580 QPS p99=25.73 ms
2026-10-06 16:02:27 lavik-main920f879b-ordered-zset-1048576-k64-f128-20261006 zset-1048576-128-zscore-c2560 354942 QPS p99=57.60 ms
2026-10-06 16:02:39 lavik-main920f879b-ordered-zset-1048576-k64-f128-20261006 zset-1048576-128-zscore-c5120 341533 QPS p99=120.32 ms
2026-10-06 16:02:49 lavik-main920f879b-ordered-zset-1048576-k64-f128-20261006 zset-1048576-128-zincrby-c80 70698 QPS p99=12.99 ms
2026-10-06 16:02:58 lavik-main920f879b-ordered-zset-1048576-k64-f128-20261006 zset-1048576-128-zincrby-c320 68892 QPS p99=38.66 ms
2026-10-06 16:03:08 lavik-main920f879b-ordered-zset-1048576-k64-f128-20261006 zset-1048576-128-zincrby-c1280 70311 QPS p99=145.41 ms
2026-10-06 16:03:18 lavik-main920f879b-ordered-zset-1048576-k64-f128-20261006 zset-1048576-128-zincrby-c2560 73320 QPS p99=278.53 ms
2026-10-06 16:03:29 lavik-main920f879b-ordered-zset-1048576-k64-f128-20261006 zset-1048576-128-zincrby-c5120 77272 QPS p99=552.96 ms
COMPLETE main920f879b-ordered-zset-1048576-k64-f128-20261006 1791302612.638141
