discard c08bc35101567ebd0001 /dev/nvme3n1
discard c08bc35101567ebd0002 /dev/nvme5n1
discard c08bc35101567ebd0003 /dev/nvme4n1
discard c08bc35101567ebd0004 /dev/nvme2n1
discard c08bc35101567ebd0005 /dev/nvme1n1
discard c08bc35101567ebd0006 /dev/nvme6n1
START main920f879b-ordered-zset-65536-k64-f128-20261006 1791301637.7766783
2026-10-06 15:47:23 lavik-main920f879b-ordered-zset-65536-k64-f128-20261006 zset-65536-128 fill
2026-10-06 15:47:23 zset fill worker 2 keys 1 / 8
2026-10-06 15:47:23 zset fill worker 3 keys 1 / 8
2026-10-06 15:47:23 zset fill worker 5 keys 1 / 8
2026-10-06 15:47:23 zset fill worker 4 keys 1 / 8
2026-10-06 15:47:23 zset fill worker 7 keys 1 / 8
2026-10-06 15:47:23 zset fill worker 1 keys 1 / 8
2026-10-06 15:47:23 zset fill worker 6 keys 1 / 8
2026-10-06 15:47:23 zset fill worker 2 keys 2 / 8
2026-10-06 15:47:23 zset fill worker 5 keys 2 / 8
2026-10-06 15:47:23 zset fill worker 3 keys 2 / 8
2026-10-06 15:47:23 zset fill worker 8 keys 1 / 8
2026-10-06 15:47:23 zset fill worker 7 keys 2 / 8
2026-10-06 15:47:23 zset fill worker 4 keys 2 / 8
2026-10-06 15:47:23 zset fill worker 1 keys 2 / 8
2026-10-06 15:47:23 zset fill worker 2 keys 3 / 8
2026-10-06 15:47:23 zset fill worker 3 keys 3 / 8
2026-10-06 15:47:23 zset fill worker 8 keys 2 / 8
2026-10-06 15:47:23 zset fill worker 7 keys 3 / 8
2026-10-06 15:47:23 zset fill worker 5 keys 3 / 8
2026-10-06 15:47:23 zset fill worker 6 keys 2 / 8
2026-10-06 15:47:23 zset fill worker 4 keys 3 / 8
2026-10-06 15:47:23 zset fill worker 3 keys 4 / 8
2026-10-06 15:47:23 zset fill worker 8 keys 3 / 8
2026-10-06 15:47:23 zset fill worker 2 keys 4 / 8
2026-10-06 15:47:23 zset fill worker 5 keys 4 / 8
2026-10-06 15:47:23 zset fill worker 6 keys 3 / 8
2026-10-06 15:47:23 zset fill worker 1 keys 3 / 8
2026-10-06 15:47:23 zset fill worker 7 keys 4 / 8
2026-10-06 15:47:23 zset fill worker 4 keys 4 / 8
2026-10-06 15:47:23 zset fill worker 3 keys 5 / 8
2026-10-06 15:47:23 zset fill worker 1 keys 4 / 8
2026-10-06 15:47:23 zset fill worker 8 keys 4 / 8
2026-10-06 15:47:23 zset fill worker 2 keys 5 / 8
2026-10-06 15:47:23 zset fill worker 4 keys 5 / 8
2026-10-06 15:47:23 zset fill worker 5 keys 5 / 8
2026-10-06 15:47:23 zset fill worker 6 keys 4 / 8
2026-10-06 15:47:23 zset fill worker 7 keys 5 / 8
2026-10-06 15:47:23 zset fill worker 3 keys 6 / 8
2026-10-06 15:47:23 zset fill worker 8 keys 5 / 8
2026-10-06 15:47:23 zset fill worker 1 keys 5 / 8
2026-10-06 15:47:23 zset fill worker 4 keys 6 / 8
2026-10-06 15:47:23 zset fill worker 5 keys 6 / 8
2026-10-06 15:47:23 zset fill worker 6 keys 5 / 8
2026-10-06 15:47:23 zset fill worker 2 keys 6 / 8
2026-10-06 15:47:23 zset fill worker 1 keys 6 / 8
2026-10-06 15:47:23 zset fill worker 7 keys 6 / 8
2026-10-06 15:47:23 zset fill worker 4 keys 7 / 8
2026-10-06 15:47:23 zset fill worker 3 keys 7 / 8
2026-10-06 15:47:23 zset fill worker 8 keys 6 / 8
2026-10-06 15:47:23 zset fill worker 6 keys 6 / 8
2026-10-06 15:47:23 zset fill worker 5 keys 7 / 8
2026-10-06 15:47:23 zset fill worker 2 keys 7 / 8
2026-10-06 15:47:23 zset fill worker 8 keys 7 / 8
2026-10-06 15:47:23 zset fill worker 7 keys 7 / 8
2026-10-06 15:47:23 zset fill worker 1 keys 7 / 8
2026-10-06 15:47:23 zset fill worker 3 keys 8 / 8
2026-10-06 15:47:23 zset fill worker 4 keys 8 / 8
2026-10-06 15:47:23 zset fill worker 6 keys 7 / 8
2026-10-06 15:47:23 zset fill worker 5 keys 8 / 8
2026-10-06 15:47:23 zset fill worker 2 keys 8 / 8
2026-10-06 15:47:23 zset fill worker 8 keys 8 / 8
2026-10-06 15:47:23 zset fill worker 7 keys 8 / 8
2026-10-06 15:47:23 zset fill worker 1 keys 8 / 8
2026-10-06 15:47:23 zset fill worker 6 keys 8 / 8
2026-10-06 15:47:32 lavik-main920f879b-ordered-zset-65536-k64-f128-20261006 zset-65536-128-zrange-c16 31639 QPS p99=0.94 ms
2026-10-06 15:47:42 lavik-main920f879b-ordered-zset-65536-k64-f128-20261006 zset-65536-128-zrange-c80 40694 QPS p99=8.38 ms
2026-10-06 15:47:51 lavik-main920f879b-ordered-zset-65536-k64-f128-20261006 zset-65536-128-zscore-c80 466826 QPS p99=0.31 ms
2026-10-06 15:48:01 lavik-main920f879b-ordered-zset-65536-k64-f128-20261006 zset-65536-128-zscore-c320 631251 QPS p99=0.99 ms
2026-10-06 15:48:11 lavik-main920f879b-ordered-zset-65536-k64-f128-20261006 zset-65536-128-zscore-c1280 584054 QPS p99=6.14 ms
2026-10-06 15:48:21 lavik-main920f879b-ordered-zset-65536-k64-f128-20261006 zset-65536-128-zscore-c2560 498318 QPS p99=16.89 ms
2026-10-06 15:48:32 lavik-main920f879b-ordered-zset-65536-k64-f128-20261006 zset-65536-128-zscore-c5120 352649 QPS p99=120.32 ms
2026-10-06 15:48:42 lavik-main920f879b-ordered-zset-65536-k64-f128-20261006 zset-65536-128-zincrby-c80 79960 QPS p99=11.46 ms
2026-10-06 15:48:51 lavik-main920f879b-ordered-zset-65536-k64-f128-20261006 zset-65536-128-zincrby-c320 82046 QPS p99=32.51 ms
2026-10-06 15:49:01 lavik-main920f879b-ordered-zset-65536-k64-f128-20261006 zset-65536-128-zincrby-c1280 79363 QPS p99=128.00 ms
2026-10-06 15:49:11 lavik-main920f879b-ordered-zset-65536-k64-f128-20261006 zset-65536-128-zincrby-c2560 78423 QPS p99=270.33 ms
2026-10-06 15:49:23 lavik-main920f879b-ordered-zset-65536-k64-f128-20261006 zset-65536-128-zincrby-c5120 79510 QPS p99=514.05 ms
COMPLETE main920f879b-ordered-zset-65536-k64-f128-20261006 1791301766.875572
