discard c08bc35101567ebd0001 /dev/nvme3n1
discard c08bc35101567ebd0002 /dev/nvme5n1
discard c08bc35101567ebd0003 /dev/nvme4n1
discard c08bc35101567ebd0004 /dev/nvme2n1
discard c08bc35101567ebd0005 /dev/nvme1n1
discard c08bc35101567ebd0006 /dev/nvme6n1
START main920f879b-ordered-list-65536-k64-f1024-20261006 1791301228.3625202
2026-10-06 15:40:34 lavik-main920f879b-ordered-list-65536-k64-f1024-20261006 list-65536-1024 fill
2026-10-06 15:40:34 list fill worker 3 keys 1 / 8
2026-10-06 15:40:34 list fill worker 2 keys 1 / 8
2026-10-06 15:40:34 list fill worker 1 keys 1 / 8
2026-10-06 15:40:34 list fill worker 6 keys 1 / 8
2026-10-06 15:40:34 list fill worker 4 keys 1 / 8
2026-10-06 15:40:34 list fill worker 5 keys 1 / 8
2026-10-06 15:40:34 list fill worker 7 keys 1 / 8
2026-10-06 15:40:34 list fill worker 1 keys 2 / 8
2026-10-06 15:40:34 list fill worker 8 keys 1 / 8
2026-10-06 15:40:34 list fill worker 4 keys 2 / 8
2026-10-06 15:40:34 list fill worker 3 keys 2 / 8
2026-10-06 15:40:34 list fill worker 2 keys 2 / 8
2026-10-06 15:40:34 list fill worker 1 keys 3 / 8
2026-10-06 15:40:34 list fill worker 5 keys 2 / 8
2026-10-06 15:40:34 list fill worker 6 keys 2 / 8
2026-10-06 15:40:34 list fill worker 8 keys 2 / 8
2026-10-06 15:40:34 list fill worker 4 keys 3 / 8
2026-10-06 15:40:34 list fill worker 7 keys 2 / 8
2026-10-06 15:40:34 list fill worker 3 keys 3 / 8
2026-10-06 15:40:34 list fill worker 5 keys 3 / 8
2026-10-06 15:40:34 list fill worker 8 keys 3 / 8
2026-10-06 15:40:34 list fill worker 1 keys 4 / 8
2026-10-06 15:40:34 list fill worker 4 keys 4 / 8
2026-10-06 15:40:34 list fill worker 2 keys 3 / 8
2026-10-06 15:40:34 list fill worker 6 keys 3 / 8
2026-10-06 15:40:34 list fill worker 5 keys 4 / 8
2026-10-06 15:40:34 list fill worker 3 keys 4 / 8
2026-10-06 15:40:34 list fill worker 8 keys 4 / 8
2026-10-06 15:40:34 list fill worker 4 keys 5 / 8
2026-10-06 15:40:34 list fill worker 7 keys 3 / 8
2026-10-06 15:40:34 list fill worker 5 keys 5 / 8
2026-10-06 15:40:34 list fill worker 1 keys 5 / 8
2026-10-06 15:40:34 list fill worker 6 keys 4 / 8
2026-10-06 15:40:34 list fill worker 2 keys 4 / 8
2026-10-06 15:40:34 list fill worker 3 keys 5 / 8
2026-10-06 15:40:34 list fill worker 8 keys 5 / 8
2026-10-06 15:40:34 list fill worker 5 keys 6 / 8
2026-10-06 15:40:34 list fill worker 1 keys 6 / 8
2026-10-06 15:40:34 list fill worker 4 keys 6 / 8
2026-10-06 15:40:34 list fill worker 7 keys 4 / 8
2026-10-06 15:40:34 list fill worker 2 keys 5 / 8
2026-10-06 15:40:34 list fill worker 8 keys 6 / 8
2026-10-06 15:40:34 list fill worker 3 keys 6 / 8
2026-10-06 15:40:34 list fill worker 6 keys 5 / 8
2026-10-06 15:40:34 list fill worker 7 keys 5 / 8
2026-10-06 15:40:34 list fill worker 1 keys 7 / 8
2026-10-06 15:40:34 list fill worker 5 keys 7 / 8
2026-10-06 15:40:34 list fill worker 4 keys 7 / 8
2026-10-06 15:40:34 list fill worker 8 keys 7 / 8
2026-10-06 15:40:34 list fill worker 6 keys 6 / 8
2026-10-06 15:40:34 list fill worker 2 keys 6 / 8
2026-10-06 15:40:34 list fill worker 5 keys 8 / 8
2026-10-06 15:40:34 list fill worker 3 keys 7 / 8
2026-10-06 15:40:34 list fill worker 7 keys 6 / 8
2026-10-06 15:40:34 list fill worker 1 keys 8 / 8
2026-10-06 15:40:34 list fill worker 4 keys 8 / 8
2026-10-06 15:40:34 list fill worker 8 keys 8 / 8
2026-10-06 15:40:34 list fill worker 7 keys 7 / 8
2026-10-06 15:40:34 list fill worker 6 keys 7 / 8
2026-10-06 15:40:34 list fill worker 3 keys 8 / 8
2026-10-06 15:40:34 list fill worker 2 keys 7 / 8
2026-10-06 15:40:34 list fill worker 7 keys 8 / 8
2026-10-06 15:40:34 list fill worker 6 keys 8 / 8
2026-10-06 15:40:34 list fill worker 2 keys 8 / 8
2026-10-06 15:40:42 lavik-main920f879b-ordered-list-65536-k64-f1024-20261006 list-65536-1024-lrange-c16 45637 QPS p99=2.98 ms
2026-10-06 15:40:52 lavik-main920f879b-ordered-list-65536-k64-f1024-20261006 list-65536-1024-lrange-c80 45646 QPS p99=7.49 ms
2026-10-06 15:41:02 lavik-main920f879b-ordered-list-65536-k64-f1024-20261006 list-65536-1024-lindex-c80 523210 QPS p99=0.28 ms
2026-10-06 15:41:11 lavik-main920f879b-ordered-list-65536-k64-f1024-20261006 list-65536-1024-lindex-c320 770148 QPS p99=0.91 ms
2026-10-06 15:41:21 lavik-main920f879b-ordered-list-65536-k64-f1024-20261006 list-65536-1024-lindex-c1280 776820 QPS p99=4.25 ms
2026-10-06 15:41:31 lavik-main920f879b-ordered-list-65536-k64-f1024-20261006 list-65536-1024-lindex-c2560 629341 QPS p99=15.17 ms
2026-10-06 15:41:44 lavik-main920f879b-ordered-list-65536-k64-f1024-20261006 list-65536-1024-lindex-c5120 428763 QPS p99=96.25 ms
2026-10-06 15:41:53 lavik-main920f879b-ordered-list-65536-k64-f1024-20261006 list-65536-1024-lset-c80 162663 QPS p99=6.62 ms
2026-10-06 15:42:03 lavik-main920f879b-ordered-list-65536-k64-f1024-20261006 list-65536-1024-lset-c320 159527 QPS p99=25.09 ms
2026-10-06 15:42:13 lavik-main920f879b-ordered-list-65536-k64-f1024-20261006 list-65536-1024-lset-c1280 166114 QPS p99=52.73 ms
2026-10-06 15:42:23 lavik-main920f879b-ordered-list-65536-k64-f1024-20261006 list-65536-1024-lset-c2560 157851 QPS p99=104.45 ms
2026-10-06 15:42:34 lavik-main920f879b-ordered-list-65536-k64-f1024-20261006 list-65536-1024-lset-c5120 154185 QPS p99=252.93 ms
COMPLETE main920f879b-ordered-list-65536-k64-f1024-20261006 1791301357.4637496
