discard c08bc35101567ebd0001 /dev/nvme3n1
discard c08bc35101567ebd0002 /dev/nvme5n1
discard c08bc35101567ebd0003 /dev/nvme4n1
discard c08bc35101567ebd0004 /dev/nvme2n1
discard c08bc35101567ebd0005 /dev/nvme1n1
discard c08bc35101567ebd0006 /dev/nvme6n1
START main920f879b-ordered-zset-65536-k64-f1024-20261006 1791301774.3107598
2026-10-06 15:49:40 lavik-main920f879b-ordered-zset-65536-k64-f1024-20261006 zset-65536-1024 fill
2026-10-06 15:49:40 zset fill worker 3 keys 1 / 8
2026-10-06 15:49:40 zset fill worker 2 keys 1 / 8
2026-10-06 15:49:40 zset fill worker 1 keys 1 / 8
2026-10-06 15:49:40 zset fill worker 4 keys 1 / 8
2026-10-06 15:49:40 zset fill worker 6 keys 1 / 8
2026-10-06 15:49:40 zset fill worker 5 keys 1 / 8
2026-10-06 15:49:40 zset fill worker 7 keys 1 / 8
2026-10-06 15:49:40 zset fill worker 8 keys 1 / 8
2026-10-06 15:49:40 zset fill worker 6 keys 2 / 8
2026-10-06 15:49:40 zset fill worker 2 keys 2 / 8
2026-10-06 15:49:40 zset fill worker 4 keys 2 / 8
2026-10-06 15:49:40 zset fill worker 1 keys 2 / 8
2026-10-06 15:49:40 zset fill worker 8 keys 2 / 8
2026-10-06 15:49:40 zset fill worker 5 keys 2 / 8
2026-10-06 15:49:40 zset fill worker 7 keys 2 / 8
2026-10-06 15:49:40 zset fill worker 3 keys 2 / 8
2026-10-06 15:49:40 zset fill worker 6 keys 3 / 8
2026-10-06 15:49:40 zset fill worker 4 keys 3 / 8
2026-10-06 15:49:40 zset fill worker 2 keys 3 / 8
2026-10-06 15:49:40 zset fill worker 3 keys 3 / 8
2026-10-06 15:49:40 zset fill worker 5 keys 3 / 8
2026-10-06 15:49:40 zset fill worker 7 keys 3 / 8
2026-10-06 15:49:40 zset fill worker 6 keys 4 / 8
2026-10-06 15:49:40 zset fill worker 4 keys 4 / 8
2026-10-06 15:49:40 zset fill worker 8 keys 3 / 8
2026-10-06 15:49:40 zset fill worker 2 keys 4 / 8
2026-10-06 15:49:40 zset fill worker 1 keys 3 / 8
2026-10-06 15:49:40 zset fill worker 3 keys 4 / 8
2026-10-06 15:49:40 zset fill worker 5 keys 4 / 8
2026-10-06 15:49:40 zset fill worker 4 keys 5 / 8
2026-10-06 15:49:40 zset fill worker 6 keys 5 / 8
2026-10-06 15:49:40 zset fill worker 8 keys 4 / 8
2026-10-06 15:49:40 zset fill worker 7 keys 4 / 8
2026-10-06 15:49:40 zset fill worker 2 keys 5 / 8
2026-10-06 15:49:40 zset fill worker 4 keys 6 / 8
2026-10-06 15:49:40 zset fill worker 1 keys 4 / 8
2026-10-06 15:49:40 zset fill worker 3 keys 5 / 8
2026-10-06 15:49:40 zset fill worker 5 keys 5 / 8
2026-10-06 15:49:40 zset fill worker 6 keys 6 / 8
2026-10-06 15:49:40 zset fill worker 2 keys 6 / 8
2026-10-06 15:49:40 zset fill worker 7 keys 5 / 8
2026-10-06 15:49:40 zset fill worker 3 keys 6 / 8
2026-10-06 15:49:40 zset fill worker 8 keys 5 / 8
2026-10-06 15:49:40 zset fill worker 5 keys 6 / 8
2026-10-06 15:49:40 zset fill worker 4 keys 7 / 8
2026-10-06 15:49:40 zset fill worker 1 keys 5 / 8
2026-10-06 15:49:40 zset fill worker 6 keys 7 / 8
2026-10-06 15:49:40 zset fill worker 2 keys 7 / 8
2026-10-06 15:49:40 zset fill worker 7 keys 6 / 8
2026-10-06 15:49:40 zset fill worker 3 keys 7 / 8
2026-10-06 15:49:40 zset fill worker 4 keys 8 / 8
2026-10-06 15:49:40 zset fill worker 8 keys 6 / 8
2026-10-06 15:49:40 zset fill worker 5 keys 7 / 8
2026-10-06 15:49:40 zset fill worker 1 keys 6 / 8
2026-10-06 15:49:40 zset fill worker 2 keys 8 / 8
2026-10-06 15:49:40 zset fill worker 6 keys 8 / 8
2026-10-06 15:49:40 zset fill worker 7 keys 7 / 8
2026-10-06 15:49:40 zset fill worker 3 keys 8 / 8
2026-10-06 15:49:40 zset fill worker 8 keys 7 / 8
2026-10-06 15:49:40 zset fill worker 5 keys 8 / 8
2026-10-06 15:49:40 zset fill worker 1 keys 7 / 8
2026-10-06 15:49:40 zset fill worker 7 keys 8 / 8
2026-10-06 15:49:40 zset fill worker 8 keys 8 / 8
2026-10-06 15:49:40 zset fill worker 1 keys 8 / 8
2026-10-06 15:49:48 lavik-main920f879b-ordered-zset-65536-k64-f1024-20261006 zset-65536-1024-zrange-c16 45302 QPS p99=1.75 ms
2026-10-06 15:49:58 lavik-main920f879b-ordered-zset-65536-k64-f1024-20261006 zset-65536-1024-zrange-c80 45286 QPS p99=7.26 ms
2026-10-06 15:50:08 lavik-main920f879b-ordered-zset-65536-k64-f1024-20261006 zset-65536-1024-zscore-c80 453221 QPS p99=0.32 ms
2026-10-06 15:50:17 lavik-main920f879b-ordered-zset-65536-k64-f1024-20261006 zset-65536-1024-zscore-c320 614539 QPS p99=1.00 ms
2026-10-06 15:50:27 lavik-main920f879b-ordered-zset-65536-k64-f1024-20261006 zset-65536-1024-zscore-c1280 527997 QPS p99=7.55 ms
2026-10-06 15:50:37 lavik-main920f879b-ordered-zset-65536-k64-f1024-20261006 zset-65536-1024-zscore-c2560 419540 QPS p99=23.68 ms
2026-10-06 15:50:49 lavik-main920f879b-ordered-zset-65536-k64-f1024-20261006 zset-65536-1024-zscore-c5120 349277 QPS p99=130.56 ms
2026-10-06 15:50:58 lavik-main920f879b-ordered-zset-65536-k64-f1024-20261006 zset-65536-1024-zincrby-c80 86595 QPS p99=11.26 ms
2026-10-06 15:51:08 lavik-main920f879b-ordered-zset-65536-k64-f1024-20261006 zset-65536-1024-zincrby-c320 87316 QPS p99=29.82 ms
2026-10-06 15:51:18 lavik-main920f879b-ordered-zset-65536-k64-f1024-20261006 zset-65536-1024-zincrby-c1280 83111 QPS p99=127.49 ms
2026-10-06 15:51:28 lavik-main920f879b-ordered-zset-65536-k64-f1024-20261006 zset-65536-1024-zincrby-c2560 84414 QPS p99=247.81 ms
2026-10-06 15:51:40 lavik-main920f879b-ordered-zset-65536-k64-f1024-20261006 zset-65536-1024-zincrby-c5120 88347 QPS p99=509.95 ms
COMPLETE main920f879b-ordered-zset-65536-k64-f1024-20261006 1791301903.41149
