discard c08bc35101567ebd0001 /dev/nvme3n1
discard c08bc35101567ebd0002 /dev/nvme5n1
discard c08bc35101567ebd0003 /dev/nvme4n1
discard c08bc35101567ebd0004 /dev/nvme2n1
discard c08bc35101567ebd0005 /dev/nvme1n1
discard c08bc35101567ebd0006 /dev/nvme6n1
START main920f879b-ordered-list-1048576-k64-f1024-20261006 1791302048.2185125
2026-10-06 15:54:13 lavik-main920f879b-ordered-list-1048576-k64-f1024-20261006 list-1048576-1024 fill
2026-10-06 15:54:13 list fill worker 4 keys 1 / 8
2026-10-06 15:54:14 list fill worker 7 keys 1 / 8
2026-10-06 15:54:14 list fill worker 1 keys 1 / 8
2026-10-06 15:54:14 list fill worker 3 keys 1 / 8
2026-10-06 15:54:14 list fill worker 5 keys 1 / 8
2026-10-06 15:54:14 list fill worker 6 keys 1 / 8
2026-10-06 15:54:14 list fill worker 2 keys 1 / 8
2026-10-06 15:54:14 list fill worker 8 keys 1 / 8
2026-10-06 15:54:14 list fill worker 7 keys 2 / 8
2026-10-06 15:54:14 list fill worker 1 keys 2 / 8
2026-10-06 15:54:14 list fill worker 4 keys 2 / 8
2026-10-06 15:54:14 list fill worker 5 keys 2 / 8
2026-10-06 15:54:14 list fill worker 3 keys 2 / 8
2026-10-06 15:54:14 list fill worker 8 keys 2 / 8
2026-10-06 15:54:14 list fill worker 2 keys 2 / 8
2026-10-06 15:54:14 list fill worker 6 keys 2 / 8
2026-10-06 15:54:14 list fill worker 7 keys 3 / 8
2026-10-06 15:54:14 list fill worker 3 keys 3 / 8
2026-10-06 15:54:14 list fill worker 5 keys 3 / 8
2026-10-06 15:54:14 list fill worker 4 keys 3 / 8
2026-10-06 15:54:14 list fill worker 1 keys 3 / 8
2026-10-06 15:54:14 list fill worker 8 keys 3 / 8
2026-10-06 15:54:14 list fill worker 6 keys 3 / 8
2026-10-06 15:54:14 list fill worker 2 keys 3 / 8
2026-10-06 15:54:14 list fill worker 7 keys 4 / 8
2026-10-06 15:54:14 list fill worker 5 keys 4 / 8
2026-10-06 15:54:14 list fill worker 3 keys 4 / 8
2026-10-06 15:54:14 list fill worker 1 keys 4 / 8
2026-10-06 15:54:14 list fill worker 4 keys 4 / 8
2026-10-06 15:54:14 list fill worker 8 keys 4 / 8
2026-10-06 15:54:14 list fill worker 6 keys 4 / 8
2026-10-06 15:54:14 list fill worker 2 keys 4 / 8
2026-10-06 15:54:14 list fill worker 7 keys 5 / 8
2026-10-06 15:54:14 list fill worker 3 keys 5 / 8
2026-10-06 15:54:14 list fill worker 5 keys 5 / 8
2026-10-06 15:54:14 list fill worker 6 keys 5 / 8
2026-10-06 15:54:14 list fill worker 1 keys 5 / 8
2026-10-06 15:54:14 list fill worker 8 keys 5 / 8
2026-10-06 15:54:14 list fill worker 4 keys 5 / 8
2026-10-06 15:54:14 list fill worker 2 keys 5 / 8
2026-10-06 15:54:14 list fill worker 7 keys 6 / 8
2026-10-06 15:54:14 list fill worker 4 keys 6 / 8
2026-10-06 15:54:14 list fill worker 1 keys 6 / 8
2026-10-06 15:54:14 list fill worker 6 keys 6 / 8
2026-10-06 15:54:14 list fill worker 3 keys 6 / 8
2026-10-06 15:54:14 list fill worker 8 keys 6 / 8
2026-10-06 15:54:14 list fill worker 5 keys 6 / 8
2026-10-06 15:54:14 list fill worker 2 keys 6 / 8
2026-10-06 15:54:14 list fill worker 4 keys 7 / 8
2026-10-06 15:54:14 list fill worker 1 keys 7 / 8
2026-10-06 15:54:14 list fill worker 6 keys 7 / 8
2026-10-06 15:54:14 list fill worker 3 keys 7 / 8
2026-10-06 15:54:14 list fill worker 8 keys 7 / 8
2026-10-06 15:54:14 list fill worker 7 keys 7 / 8
2026-10-06 15:54:14 list fill worker 5 keys 7 / 8
2026-10-06 15:54:14 list fill worker 2 keys 7 / 8
2026-10-06 15:54:14 list fill worker 3 keys 8 / 8
2026-10-06 15:54:14 list fill worker 1 keys 8 / 8
2026-10-06 15:54:14 list fill worker 4 keys 8 / 8
2026-10-06 15:54:14 list fill worker 6 keys 8 / 8
2026-10-06 15:54:14 list fill worker 8 keys 8 / 8
2026-10-06 15:54:14 list fill worker 5 keys 8 / 8
2026-10-06 15:54:14 list fill worker 7 keys 8 / 8
2026-10-06 15:54:14 list fill worker 2 keys 8 / 8
2026-10-06 15:54:23 lavik-main920f879b-ordered-list-1048576-k64-f1024-20261006 list-1048576-1024-lrange-c16 2850 QPS p99=10.75 ms
2026-10-06 15:54:33 lavik-main920f879b-ordered-list-1048576-k64-f1024-20261006 list-1048576-1024-lrange-c80 2844 QPS p99=70.66 ms
2026-10-06 15:54:43 lavik-main920f879b-ordered-list-1048576-k64-f1024-20261006 list-1048576-1024-lindex-c80 515422 QPS p99=0.29 ms
2026-10-06 15:54:52 lavik-main920f879b-ordered-list-1048576-k64-f1024-20261006 list-1048576-1024-lindex-c320 759574 QPS p99=0.91 ms
2026-10-06 15:55:02 lavik-main920f879b-ordered-list-1048576-k64-f1024-20261006 list-1048576-1024-lindex-c1280 752078 QPS p99=4.16 ms
2026-10-06 15:55:13 lavik-main920f879b-ordered-list-1048576-k64-f1024-20261006 list-1048576-1024-lindex-c2560 624852 QPS p99=12.61 ms
2026-10-06 15:55:25 lavik-main920f879b-ordered-list-1048576-k64-f1024-20261006 list-1048576-1024-lindex-c5120 412511 QPS p99=98.81 ms
2026-10-06 15:55:34 lavik-main920f879b-ordered-list-1048576-k64-f1024-20261006 list-1048576-1024-lset-c80 161978 QPS p99=7.07 ms
2026-10-06 15:55:44 lavik-main920f879b-ordered-list-1048576-k64-f1024-20261006 list-1048576-1024-lset-c320 158572 QPS p99=23.68 ms
2026-10-06 15:55:54 lavik-main920f879b-ordered-list-1048576-k64-f1024-20261006 list-1048576-1024-lset-c1280 163504 QPS p99=56.58 ms
2026-10-06 15:56:04 lavik-main920f879b-ordered-list-1048576-k64-f1024-20261006 list-1048576-1024-lset-c2560 158137 QPS p99=118.27 ms
2026-10-06 15:56:15 lavik-main920f879b-ordered-list-1048576-k64-f1024-20261006 list-1048576-1024-lset-c5120 154928 QPS p99=236.54 ms
COMPLETE main920f879b-ordered-list-1048576-k64-f1024-20261006 1791302178.3197553
