START native-driver 1791300340.5991588
COMPLETE native-driver 1791301090.7879949
WAIT_FOR_HOST_LOCK main920f879b-complete-report-refresh 1282429 1791301090.789632
HOST_LOCK_ACQUIRED main920f879b-complete-report-refresh 1282429 1791301090.789649
START main-grid-list-65536-128-64-ordered 1791301091.0405898
COMPLETE main-grid-list-65536-128-64-ordered 1791301226.4807189
START main-grid-list-65536-1024-64-ordered 1791301226.480907
COMPLETE main-grid-list-65536-1024-64-ordered 1791301362.9156826
START main-grid-stream-65536-128-64-ordered 1791301362.9158976
COMPLETE main-grid-stream-65536-128-64-ordered 1791301500.388994
START main-grid-stream-65536-1024-64-ordered 1791301500.3892355
COMPLETE main-grid-stream-65536-1024-64-ordered 1791301635.8855596
START main-grid-zset-65536-128-64-ordered 1791301635.8857973
COMPLETE main-grid-zset-65536-128-64-ordered 1791301772.3154006
START main-grid-zset-65536-1024-64-ordered 1791301772.3156323
COMPLETE main-grid-zset-65536-1024-64-ordered 1791301908.875873
START main-grid-list-1048576-128-64-ordered 1791301908.876147
COMPLETE main-grid-list-1048576-128-64-ordered 1791302046.3248515
START main-grid-list-1048576-1024-64-ordered 1791302046.3251202
COMPLETE main-grid-list-1048576-1024-64-ordered 1791302183.773478
START main-grid-stream-1048576-128-64-ordered 1791302183.7737274
COMPLETE main-grid-stream-1048576-128-64-ordered 1791302340.1800678
START main-grid-stream-1048576-1024-64-ordered 1791302340.1803238
COMPLETE main-grid-stream-1048576-1024-64-ordered 1791302478.6330614
START main-grid-zset-1048576-128-64-ordered 1791302478.633327
COMPLETE main-grid-zset-1048576-128-64-ordered 1791302618.0848653
START main-grid-zset-1048576-1024-64-ordered 1791302618.085147
COMPLETE main-grid-zset-1048576-1024-64-ordered 1791302755.5353346
START main-grid-list-104857600-128-8-ordered 1791302755.5355947
COMPLETE main-grid-list-104857600-128-8-ordered 1791302907.9607077
START main-grid-list-104857600-1024-8-ordered 1791302907.9609642
COMPLETE main-grid-list-104857600-1024-8-ordered 1791303059.3738716
START main-grid-stream-104857600-128-8-ordered 1791303059.3741384
COMPLETE main-grid-stream-104857600-128-8-ordered 1791303611.9534743
START main-grid-stream-104857600-1024-8-ordered 1791303611.9537523
COMPLETE main-grid-stream-104857600-1024-8-ordered 1791303806.3766725
START main-grid-zset-104857600-128-8-ordered 1791303806.3770208
COMPLETE main-grid-zset-104857600-128-8-ordered 1791304123.8500512
START main-grid-zset-104857600-1024-8-ordered 1791304123.8503418
COMPLETE main-grid-zset-104857600-1024-8-ordered 1791304297.365349
START main-grid-hash-1048576-128-50000-hashset 1791304297.365617
COMPLETE main-grid-hash-1048576-128-50000-hashset 1791304598.9722214
START main-grid-hash-1048576-1024-50000-hashset 1791304598.9724903
COMPLETE main-grid-hash-1048576-1024-50000-hashset 1791304830.5390797
START main-grid-list-1048576-1024-50000-lset 1791304830.539361
COMPLETE main-grid-list-1048576-1024-50000-lset 1791304953.0607226
START main-grid-set-1048576-128-50000-hashset 1791304953.0610301
COMPLETE main-grid-set-1048576-128-50000-hashset 1791305238.5843055
START main-grid-set-1048576-1024-50000-hashset 1791305238.5845783
COMPLETE main-grid-set-1048576-1024-50000-hashset 1791305472.136064
START main-grid-hash-104857600-128-500-hashset 1791305472.1363513
COMPLETE main-grid-hash-104857600-128-500-hashset 1791305927.7773027
START main-grid-hash-104857600-1024-500-hashset 1791305927.7776344
COMPLETE main-grid-hash-104857600-1024-500-hashset 1791306222.3375614
START main-grid-list-104857600-1024-500-lset 1791306222.3378568
COMPLETE main-grid-list-104857600-1024-500-lset 1791306368.7957265
START main-grid-set-104857600-128-500-hashset 1791306368.7960362
COMPLETE main-grid-set-104857600-128-500-hashset 1791306798.4157002
START main-grid-set-104857600-1024-500-hashset 1791306798.4160237
COMPLETE main-grid-set-104857600-1024-500-hashset 1791307109.9773638
START main-import-hash-1024 1791307109.9776764
COMPLETE main-import-hash-1024 1791307331.4298215
START main-import-hash-128 1791307331.4298973
COMPLETE main-import-hash-128 1791308312.0533783
START main-import-set-1024 1791308312.0534563
COMPLETE main-import-set-1024 1791308544.4746406
START main-import-set-128 1791308544.4747093
COMPLETE main-import-set-128 1791309465.0708575
ALL_MAIN_GRIDS_AND_IMPORTS_COMPLETE 1791309465.0794346
