discard c08bc35101567ebd0001 /dev/nvme3n1
discard c08bc35101567ebd0002 /dev/nvme5n1
discard c08bc35101567ebd0003 /dev/nvme4n1
discard c08bc35101567ebd0004 /dev/nvme2n1
discard c08bc35101567ebd0005 /dev/nvme1n1
discard c08bc35101567ebd0006 /dev/nvme6n1
START main920f879b-hashset-set-104857600-k500-f1024-20261006 1791306800.3041837
2026-10-06 17:13:26 lavik-seed-main920f879b-hashset-set-104857600-k500-f1024-20261006 set-104857600-1024 fill
2026-10-06 17:13:28 RESTORE fill 10 / 500
2026-10-06 17:13:30 RESTORE fill 20 / 500
2026-10-06 17:13:33 RESTORE fill 30 / 500
2026-10-06 17:13:35 RESTORE fill 40 / 500
2026-10-06 17:13:38 RESTORE fill 50 / 500
2026-10-06 17:13:40 RESTORE fill 60 / 500
2026-10-06 17:13:42 RESTORE fill 70 / 500
2026-10-06 17:13:44 RESTORE fill 80 / 500
2026-10-06 17:13:47 RESTORE fill 90 / 500
2026-10-06 17:13:49 RESTORE fill 100 / 500
2026-10-06 17:13:53 RESTORE fill 110 / 500
2026-10-06 17:13:56 RESTORE fill 120 / 500
2026-10-06 17:14:00 RESTORE fill 130 / 500
2026-10-06 17:14:01 RESTORE fill 140 / 500
2026-10-06 17:14:04 RESTORE fill 150 / 500
2026-10-06 17:14:07 RESTORE fill 160 / 500
2026-10-06 17:14:09 RESTORE fill 170 / 500
2026-10-06 17:14:11 RESTORE fill 180 / 500
2026-10-06 17:14:15 RESTORE fill 190 / 500
2026-10-06 17:14:17 RESTORE fill 200 / 500
2026-10-06 17:14:21 RESTORE fill 210 / 500
2026-10-06 17:14:23 RESTORE fill 220 / 500
2026-10-06 17:14:27 RESTORE fill 230 / 500
2026-10-06 17:14:29 RESTORE fill 240 / 500
2026-10-06 17:14:32 RESTORE fill 250 / 500
2026-10-06 17:14:35 RESTORE fill 260 / 500
2026-10-06 17:14:38 RESTORE fill 270 / 500
2026-10-06 17:14:40 RESTORE fill 280 / 500
2026-10-06 17:14:42 RESTORE fill 290 / 500
2026-10-06 17:14:45 RESTORE fill 300 / 500
2026-10-06 17:14:48 RESTORE fill 310 / 500
2026-10-06 17:14:51 RESTORE fill 320 / 500
2026-10-06 17:14:54 RESTORE fill 330 / 500
2026-10-06 17:14:56 RESTORE fill 340 / 500
2026-10-06 17:14:59 RESTORE fill 350 / 500
2026-10-06 17:15:01 RESTORE fill 360 / 500
2026-10-06 17:15:05 RESTORE fill 370 / 500
2026-10-06 17:15:06 RESTORE fill 380 / 500
2026-10-06 17:15:08 RESTORE fill 390 / 500
2026-10-06 17:15:11 RESTORE fill 400 / 500
2026-10-06 17:15:13 RESTORE fill 410 / 500
2026-10-06 17:15:15 RESTORE fill 420 / 500
2026-10-06 17:15:19 RESTORE fill 430 / 500
2026-10-06 17:15:21 RESTORE fill 440 / 500
2026-10-06 17:15:23 RESTORE fill 450 / 500
2026-10-06 17:15:26 RESTORE fill 460 / 500
2026-10-06 17:15:28 RESTORE fill 470 / 500
2026-10-06 17:15:33 RESTORE fill 480 / 500
2026-10-06 17:15:38 RESTORE fill 490 / 500
2026-10-06 17:15:44 RESTORE fill 500 / 500
2026-10-06 17:15:44 RESTORE settle 217817016 backlog bytes 0 queued commits
2026-10-06 17:15:51 lavik-seed-main920f879b-hashset-set-104857600-k500-f1024-20261006 set-104857600-1024-smembers-c1 1 QPS p99=1327.10 ms
2026-10-06 17:16:11 lavik-main920f879b-hashset-set-104857600-k500-f1024-20261006 set-104857600-1024 fill
2026-10-06 17:16:20 lavik-main920f879b-hashset-set-104857600-k500-f1024-20261006 set-104857600-1024-smembers-c1 1 QPS p99=1400.83 ms
2026-10-06 17:16:31 lavik-main920f879b-hashset-set-104857600-k500-f1024-20261006 set-104857600-1024-smembers-c4 3 QPS p99=1409.02 ms
2026-10-06 17:16:41 lavik-main920f879b-hashset-set-104857600-k500-f1024-20261006 set-104857600-1024-smembers-c16 11 QPS p99=1712.13 ms
2026-10-06 17:16:51 lavik-main920f879b-hashset-set-104857600-k500-f1024-20261006 set-104857600-1024-sismember-c80 348138 QPS p99=0.36 ms
2026-10-06 17:17:01 lavik-main920f879b-hashset-set-104857600-k500-f1024-20261006 set-104857600-1024-sismember-c320 532759 QPS p99=2.11 ms
2026-10-06 17:17:11 lavik-main920f879b-hashset-set-104857600-k500-f1024-20261006 set-104857600-1024-sismember-c1280 401455 QPS p99=26.75 ms
2026-10-06 17:17:21 lavik-main920f879b-hashset-set-104857600-k500-f1024-20261006 set-104857600-1024-sismember-c2560 352046 QPS p99=58.62 ms
2026-10-06 17:17:32 lavik-main920f879b-hashset-set-104857600-k500-f1024-20261006 set-104857600-1024-sismember-c5120 329895 QPS p99=120.83 ms
2026-10-06 17:17:42 lavik-main920f879b-hashset-set-104857600-k500-f1024-20261006 set-104857600-1024-sadd_srem-c80 292977 QPS p99=0.76 ms
2026-10-06 17:17:51 lavik-main920f879b-hashset-set-104857600-k500-f1024-20261006 set-104857600-1024-sadd_srem-c320 352757 QPS p99=6.69 ms
2026-10-06 17:18:01 lavik-main920f879b-hashset-set-104857600-k500-f1024-20261006 set-104857600-1024-sadd_srem-c1280 318207 QPS p99=35.58 ms
2026-10-06 17:18:11 lavik-main920f879b-hashset-set-104857600-k500-f1024-20261006 set-104857600-1024-sadd_srem-c2560 284798 QPS p99=69.12 ms
2026-10-06 17:18:21 lavik-main920f879b-hashset-set-104857600-k500-f1024-20261006 set-104857600-1024-sadd_srem-c5120 241384 QPS p99=121.34 ms
COMPLETE main920f879b-hashset-set-104857600-k500-f1024-20261006 1791307104.5203578
