discard c08bc35101567ebd0001 /dev/nvme3n1
discard c08bc35101567ebd0002 /dev/nvme5n1
discard c08bc35101567ebd0003 /dev/nvme4n1
discard c08bc35101567ebd0004 /dev/nvme2n1
discard c08bc35101567ebd0005 /dev/nvme1n1
discard c08bc35101567ebd0006 /dev/nvme6n1
START main920f879b-ordered-list-1048576-k64-f128-20261006 1791301910.7614238
2026-10-06 15:51:56 lavik-main920f879b-ordered-list-1048576-k64-f128-20261006 list-1048576-128 fill
2026-10-06 15:51:56 list fill worker 2 keys 1 / 8
2026-10-06 15:51:56 list fill worker 4 keys 1 / 8
2026-10-06 15:51:56 list fill worker 1 keys 1 / 8
2026-10-06 15:51:56 list fill worker 7 keys 1 / 8
2026-10-06 15:51:56 list fill worker 5 keys 1 / 8
2026-10-06 15:51:56 list fill worker 3 keys 1 / 8
2026-10-06 15:51:56 list fill worker 6 keys 1 / 8
2026-10-06 15:51:56 list fill worker 8 keys 1 / 8
2026-10-06 15:51:56 list fill worker 1 keys 2 / 8
2026-10-06 15:51:56 list fill worker 2 keys 2 / 8
2026-10-06 15:51:56 list fill worker 5 keys 2 / 8
2026-10-06 15:51:56 list fill worker 4 keys 2 / 8
2026-10-06 15:51:56 list fill worker 7 keys 2 / 8
2026-10-06 15:51:56 list fill worker 8 keys 2 / 8
2026-10-06 15:51:56 list fill worker 6 keys 2 / 8
2026-10-06 15:51:56 list fill worker 3 keys 2 / 8
2026-10-06 15:51:56 list fill worker 1 keys 3 / 8
2026-10-06 15:51:56 list fill worker 5 keys 3 / 8
2026-10-06 15:51:56 list fill worker 2 keys 3 / 8
2026-10-06 15:51:56 list fill worker 4 keys 3 / 8
2026-10-06 15:51:56 list fill worker 7 keys 3 / 8
2026-10-06 15:51:56 list fill worker 3 keys 3 / 8
2026-10-06 15:51:56 list fill worker 6 keys 3 / 8
2026-10-06 15:51:56 list fill worker 8 keys 3 / 8
2026-10-06 15:51:56 list fill worker 5 keys 4 / 8
2026-10-06 15:51:56 list fill worker 2 keys 4 / 8
2026-10-06 15:51:56 list fill worker 1 keys 4 / 8
2026-10-06 15:51:56 list fill worker 3 keys 4 / 8
2026-10-06 15:51:56 list fill worker 4 keys 4 / 8
2026-10-06 15:51:56 list fill worker 7 keys 4 / 8
2026-10-06 15:51:56 list fill worker 8 keys 4 / 8
2026-10-06 15:51:56 list fill worker 6 keys 4 / 8
2026-10-06 15:51:56 list fill worker 5 keys 5 / 8
2026-10-06 15:51:56 list fill worker 2 keys 5 / 8
2026-10-06 15:51:56 list fill worker 1 keys 5 / 8
2026-10-06 15:51:56 list fill worker 3 keys 5 / 8
2026-10-06 15:51:56 list fill worker 4 keys 5 / 8
2026-10-06 15:51:56 list fill worker 7 keys 5 / 8
2026-10-06 15:51:56 list fill worker 6 keys 5 / 8
2026-10-06 15:51:56 list fill worker 8 keys 5 / 8
2026-10-06 15:51:56 list fill worker 2 keys 6 / 8
2026-10-06 15:51:56 list fill worker 5 keys 6 / 8
2026-10-06 15:51:56 list fill worker 3 keys 6 / 8
2026-10-06 15:51:56 list fill worker 7 keys 6 / 8
2026-10-06 15:51:56 list fill worker 1 keys 6 / 8
2026-10-06 15:51:56 list fill worker 4 keys 6 / 8
2026-10-06 15:51:56 list fill worker 8 keys 6 / 8
2026-10-06 15:51:56 list fill worker 6 keys 6 / 8
2026-10-06 15:51:56 list fill worker 5 keys 7 / 8
2026-10-06 15:51:56 list fill worker 7 keys 7 / 8
2026-10-06 15:51:56 list fill worker 3 keys 7 / 8
2026-10-06 15:51:56 list fill worker 4 keys 7 / 8
2026-10-06 15:51:56 list fill worker 1 keys 7 / 8
2026-10-06 15:51:56 list fill worker 2 keys 7 / 8
2026-10-06 15:51:56 list fill worker 8 keys 7 / 8
2026-10-06 15:51:56 list fill worker 6 keys 7 / 8
2026-10-06 15:51:57 list fill worker 7 keys 8 / 8
2026-10-06 15:51:57 list fill worker 5 keys 8 / 8
2026-10-06 15:51:57 list fill worker 3 keys 8 / 8
2026-10-06 15:51:57 list fill worker 2 keys 8 / 8
2026-10-06 15:51:57 list fill worker 1 keys 8 / 8
2026-10-06 15:51:57 list fill worker 4 keys 8 / 8
2026-10-06 15:51:57 list fill worker 8 keys 8 / 8
2026-10-06 15:51:57 list fill worker 6 keys 8 / 8
2026-10-06 15:52:06 lavik-main920f879b-ordered-list-1048576-k64-f128-20261006 list-1048576-128-lrange-c16 2706 QPS p99=10.81 ms
2026-10-06 15:52:16 lavik-main920f879b-ordered-list-1048576-k64-f128-20261006 list-1048576-128-lrange-c80 2700 QPS p99=71.17 ms
2026-10-06 15:52:25 lavik-main920f879b-ordered-list-1048576-k64-f128-20261006 list-1048576-128-lindex-c80 525676 QPS p99=0.28 ms
2026-10-06 15:52:35 lavik-main920f879b-ordered-list-1048576-k64-f128-20261006 list-1048576-128-lindex-c320 752057 QPS p99=0.90 ms
2026-10-06 15:52:45 lavik-main920f879b-ordered-list-1048576-k64-f128-20261006 list-1048576-128-lindex-c1280 757002 QPS p99=4.45 ms
2026-10-06 15:52:55 lavik-main920f879b-ordered-list-1048576-k64-f128-20261006 list-1048576-128-lindex-c2560 616522 QPS p99=15.23 ms
2026-10-06 15:53:06 lavik-main920f879b-ordered-list-1048576-k64-f128-20261006 list-1048576-128-lindex-c5120 421510 QPS p99=99.33 ms
2026-10-06 15:53:16 lavik-main920f879b-ordered-list-1048576-k64-f128-20261006 list-1048576-128-lset-c80 153692 QPS p99=7.10 ms
2026-10-06 15:53:26 lavik-main920f879b-ordered-list-1048576-k64-f128-20261006 list-1048576-128-lset-c320 152392 QPS p99=24.45 ms
2026-10-06 15:53:35 lavik-main920f879b-ordered-list-1048576-k64-f128-20261006 list-1048576-128-lset-c1280 160187 QPS p99=59.90 ms
2026-10-06 15:53:46 lavik-main920f879b-ordered-list-1048576-k64-f128-20261006 list-1048576-128-lset-c2560 155526 QPS p99=119.81 ms
2026-10-06 15:53:58 lavik-main920f879b-ordered-list-1048576-k64-f128-20261006 list-1048576-128-lset-c5120 156370 QPS p99=254.97 ms
COMPLETE main920f879b-ordered-list-1048576-k64-f128-20261006 1791302040.865012
