discard c08bc35101567ebd0001 /dev/nvme3n1
discard c08bc35101567ebd0002 /dev/nvme5n1
discard c08bc35101567ebd0003 /dev/nvme4n1
discard c08bc35101567ebd0004 /dev/nvme2n1
discard c08bc35101567ebd0005 /dev/nvme1n1
discard c08bc35101567ebd0006 /dev/nvme6n1
START main920f879b-import-hash-1048576-k50000-f128-20261006 1791307333.3183753
2026-10-06 17:22:19 lavik-main920f879b-import-hash-1048576-k50000-f128-20261006 hash-1048576-128 fill
2026-10-06 17:22:54 hash fill worker 3 keys 250 / 6250
2026-10-06 17:22:55 hash fill worker 7 keys 250 / 6250
2026-10-06 17:22:56 hash fill worker 1 keys 250 / 6250
2026-10-06 17:22:56 hash fill worker 8 keys 250 / 6250
2026-10-06 17:22:57 hash fill worker 4 keys 250 / 6250
2026-10-06 17:22:57 hash fill worker 6 keys 250 / 6250
2026-10-06 17:22:58 hash fill worker 2 keys 250 / 6250
2026-10-06 17:22:59 hash fill worker 5 keys 250 / 6250
2026-10-06 17:23:31 hash fill worker 1 keys 500 / 6250
2026-10-06 17:23:34 hash fill worker 3 keys 500 / 6250
2026-10-06 17:23:34 hash fill worker 8 keys 500 / 6250
2026-10-06 17:23:35 hash fill worker 7 keys 500 / 6250
2026-10-06 17:23:36 hash fill worker 4 keys 500 / 6250
2026-10-06 17:23:37 hash fill worker 6 keys 500 / 6250
2026-10-06 17:23:38 hash fill worker 2 keys 500 / 6250
2026-10-06 17:23:39 hash fill worker 5 keys 500 / 6250
2026-10-06 17:24:10 hash fill worker 1 keys 750 / 6250
2026-10-06 17:24:13 hash fill worker 7 keys 750 / 6250
2026-10-06 17:24:14 hash fill worker 8 keys 750 / 6250
2026-10-06 17:24:14 hash fill worker 3 keys 750 / 6250
2026-10-06 17:24:14 hash fill worker 4 keys 750 / 6250
2026-10-06 17:24:15 hash fill worker 6 keys 750 / 6250
2026-10-06 17:24:17 hash fill worker 2 keys 750 / 6250
2026-10-06 17:24:18 hash fill worker 5 keys 750 / 6250
2026-10-06 17:24:48 hash fill worker 1 keys 1000 / 6250
2026-10-06 17:24:51 hash fill worker 7 keys 1000 / 6250
2026-10-06 17:24:52 hash fill worker 6 keys 1000 / 6250
2026-10-06 17:24:53 hash fill worker 4 keys 1000 / 6250
2026-10-06 17:24:53 hash fill worker 3 keys 1000 / 6250
2026-10-06 17:24:53 hash fill worker 5 keys 1000 / 6250
2026-10-06 17:24:54 hash fill worker 2 keys 1000 / 6250
2026-10-06 17:24:54 hash fill worker 8 keys 1000 / 6250
2026-10-06 17:25:27 hash fill worker 1 keys 1250 / 6250
2026-10-06 17:25:28 hash fill worker 7 keys 1250 / 6250
2026-10-06 17:25:29 hash fill worker 4 keys 1250 / 6250
2026-10-06 17:25:31 hash fill worker 8 keys 1250 / 6250
2026-10-06 17:25:31 hash fill worker 3 keys 1250 / 6250
2026-10-06 17:25:31 hash fill worker 2 keys 1250 / 6250
2026-10-06 17:25:32 hash fill worker 6 keys 1250 / 6250
2026-10-06 17:25:34 hash fill worker 5 keys 1250 / 6250
2026-10-06 17:26:03 hash fill worker 1 keys 1500 / 6250
2026-10-06 17:26:06 hash fill worker 4 keys 1500 / 6250
2026-10-06 17:26:08 hash fill worker 7 keys 1500 / 6250
2026-10-06 17:26:08 hash fill worker 8 keys 1500 / 6250
2026-10-06 17:26:09 hash fill worker 2 keys 1500 / 6250
2026-10-06 17:26:09 hash fill worker 6 keys 1500 / 6250
2026-10-06 17:26:10 hash fill worker 3 keys 1500 / 6250
2026-10-06 17:26:10 hash fill worker 5 keys 1500 / 6250
2026-10-06 17:26:40 hash fill worker 1 keys 1750 / 6250
2026-10-06 17:26:45 hash fill worker 4 keys 1750 / 6250
2026-10-06 17:26:46 hash fill worker 2 keys 1750 / 6250
2026-10-06 17:26:46 hash fill worker 7 keys 1750 / 6250
2026-10-06 17:26:47 hash fill worker 8 keys 1750 / 6250
2026-10-06 17:26:48 hash fill worker 3 keys 1750 / 6250
2026-10-06 17:26:48 hash fill worker 6 keys 1750 / 6250
2026-10-06 17:26:51 hash fill worker 5 keys 1750 / 6250
2026-10-06 17:27:19 hash fill worker 1 keys 2000 / 6250
2026-10-06 17:27:23 hash fill worker 4 keys 2000 / 6250
2026-10-06 17:27:24 hash fill worker 8 keys 2000 / 6250
2026-10-06 17:27:24 hash fill worker 7 keys 2000 / 6250
2026-10-06 17:27:24 hash fill worker 3 keys 2000 / 6250
2026-10-06 17:27:24 hash fill worker 2 keys 2000 / 6250
2026-10-06 17:27:27 hash fill worker 6 keys 2000 / 6250
2026-10-06 17:27:29 hash fill worker 5 keys 2000 / 6250
2026-10-06 17:27:57 hash fill worker 1 keys 2250 / 6250
2026-10-06 17:27:59 hash fill worker 7 keys 2250 / 6250
2026-10-06 17:28:02 hash fill worker 8 keys 2250 / 6250
2026-10-06 17:28:02 hash fill worker 3 keys 2250 / 6250
2026-10-06 17:28:03 hash fill worker 4 keys 2250 / 6250
2026-10-06 17:28:03 hash fill worker 2 keys 2250 / 6250
2026-10-06 17:28:06 hash fill worker 6 keys 2250 / 6250
2026-10-06 17:28:07 hash fill worker 5 keys 2250 / 6250
2026-10-06 17:28:35 hash fill worker 1 keys 2500 / 6250
2026-10-06 17:28:37 hash fill worker 7 keys 2500 / 6250
2026-10-06 17:28:40 hash fill worker 8 keys 2500 / 6250
2026-10-06 17:28:41 hash fill worker 4 keys 2500 / 6250
2026-10-06 17:28:42 hash fill worker 3 keys 2500 / 6250
2026-10-06 17:28:43 hash fill worker 2 keys 2500 / 6250
2026-10-06 17:28:45 hash fill worker 5 keys 2500 / 6250
2026-10-06 17:28:45 hash fill worker 6 keys 2500 / 6250
2026-10-06 17:29:14 hash fill worker 1 keys 2750 / 6250
2026-10-06 17:29:16 hash fill worker 7 keys 2750 / 6250
2026-10-06 17:29:18 hash fill worker 8 keys 2750 / 6250
2026-10-06 17:29:19 hash fill worker 3 keys 2750 / 6250
2026-10-06 17:29:20 hash fill worker 4 keys 2750 / 6250
2026-10-06 17:29:20 hash fill worker 2 keys 2750 / 6250
2026-10-06 17:29:22 hash fill worker 6 keys 2750 / 6250
2026-10-06 17:29:23 hash fill worker 5 keys 2750 / 6250
2026-10-06 17:29:51 hash fill worker 1 keys 3000 / 6250
2026-10-06 17:29:54 hash fill worker 7 keys 3000 / 6250
2026-10-06 17:29:54 hash fill worker 8 keys 3000 / 6250
2026-10-06 17:29:55 hash fill worker 3 keys 3000 / 6250
2026-10-06 17:29:57 hash fill worker 2 keys 3000 / 6250
2026-10-06 17:30:00 hash fill worker 4 keys 3000 / 6250
2026-10-06 17:30:01 hash fill worker 6 keys 3000 / 6250
2026-10-06 17:30:03 hash fill worker 5 keys 3000 / 6250
2026-10-06 17:30:29 hash fill worker 1 keys 3250 / 6250
2026-10-06 17:30:31 hash fill worker 7 keys 3250 / 6250
2026-10-06 17:30:33 hash fill worker 3 keys 3250 / 6250
2026-10-06 17:30:33 hash fill worker 8 keys 3250 / 6250
2026-10-06 17:30:35 hash fill worker 2 keys 3250 / 6250
2026-10-06 17:30:39 hash fill worker 6 keys 3250 / 6250
2026-10-06 17:30:39 hash fill worker 4 keys 3250 / 6250
2026-10-06 17:30:42 hash fill worker 5 keys 3250 / 6250
2026-10-06 17:31:07 hash fill worker 1 keys 3500 / 6250
2026-10-06 17:31:10 hash fill worker 3 keys 3500 / 6250
2026-10-06 17:31:10 hash fill worker 7 keys 3500 / 6250
2026-10-06 17:31:12 hash fill worker 8 keys 3500 / 6250
2026-10-06 17:31:13 hash fill worker 2 keys 3500 / 6250
2026-10-06 17:31:16 hash fill worker 4 keys 3500 / 6250
2026-10-06 17:31:16 hash fill worker 6 keys 3500 / 6250
2026-10-06 17:31:19 hash fill worker 5 keys 3500 / 6250
2026-10-06 17:31:43 hash fill worker 1 keys 3750 / 6250
2026-10-06 17:31:47 hash fill worker 3 keys 3750 / 6250
2026-10-06 17:31:49 hash fill worker 7 keys 3750 / 6250
2026-10-06 17:31:50 hash fill worker 8 keys 3750 / 6250
2026-10-06 17:31:52 hash fill worker 2 keys 3750 / 6250
2026-10-06 17:31:53 hash fill worker 4 keys 3750 / 6250
2026-10-06 17:31:54 hash fill worker 6 keys 3750 / 6250
2026-10-06 17:31:59 hash fill worker 5 keys 3750 / 6250
2026-10-06 17:32:21 hash fill worker 1 keys 4000 / 6250
2026-10-06 17:32:27 hash fill worker 3 keys 4000 / 6250
2026-10-06 17:32:27 hash fill worker 7 keys 4000 / 6250
2026-10-06 17:32:28 hash fill worker 8 keys 4000 / 6250
2026-10-06 17:32:31 hash fill worker 4 keys 4000 / 6250
2026-10-06 17:32:32 hash fill worker 2 keys 4000 / 6250
2026-10-06 17:32:33 hash fill worker 6 keys 4000 / 6250
2026-10-06 17:32:37 hash fill worker 5 keys 4000 / 6250
2026-10-06 17:32:59 hash fill worker 1 keys 4250 / 6250
2026-10-06 17:33:03 hash fill worker 7 keys 4250 / 6250
2026-10-06 17:33:06 hash fill worker 3 keys 4250 / 6250
2026-10-06 17:33:07 hash fill worker 8 keys 4250 / 6250
2026-10-06 17:33:09 hash fill worker 4 keys 4250 / 6250
2026-10-06 17:33:10 hash fill worker 2 keys 4250 / 6250
2026-10-06 17:33:12 hash fill worker 6 keys 4250 / 6250
2026-10-06 17:33:16 hash fill worker 5 keys 4250 / 6250
2026-10-06 17:33:37 hash fill worker 1 keys 4500 / 6250
2026-10-06 17:33:39 hash fill worker 7 keys 4500 / 6250
2026-10-06 17:33:43 hash fill worker 3 keys 4500 / 6250
2026-10-06 17:33:45 hash fill worker 8 keys 4500 / 6250
2026-10-06 17:33:47 hash fill worker 2 keys 4500 / 6250
2026-10-06 17:33:48 hash fill worker 4 keys 4500 / 6250
2026-10-06 17:33:50 hash fill worker 6 keys 4500 / 6250
2026-10-06 17:33:54 hash fill worker 5 keys 4500 / 6250
2026-10-06 17:34:15 hash fill worker 7 keys 4750 / 6250
2026-10-06 17:34:17 hash fill worker 1 keys 4750 / 6250
2026-10-06 17:34:22 hash fill worker 3 keys 4750 / 6250
2026-10-06 17:34:22 hash fill worker 8 keys 4750 / 6250
2026-10-06 17:34:24 hash fill worker 2 keys 4750 / 6250
2026-10-06 17:34:26 hash fill worker 4 keys 4750 / 6250
2026-10-06 17:34:30 hash fill worker 6 keys 4750 / 6250
2026-10-06 17:34:33 hash fill worker 5 keys 4750 / 6250
2026-10-06 17:34:54 hash fill worker 7 keys 5000 / 6250
2026-10-06 17:34:54 hash fill worker 1 keys 5000 / 6250
2026-10-06 17:35:00 hash fill worker 8 keys 5000 / 6250
2026-10-06 17:35:01 hash fill worker 3 keys 5000 / 6250
2026-10-06 17:35:03 hash fill worker 2 keys 5000 / 6250
2026-10-06 17:35:03 hash fill worker 4 keys 5000 / 6250
2026-10-06 17:35:10 hash fill worker 6 keys 5000 / 6250
2026-10-06 17:35:12 hash fill worker 5 keys 5000 / 6250
2026-10-06 17:35:31 hash fill worker 1 keys 5250 / 6250
2026-10-06 17:35:34 hash fill worker 7 keys 5250 / 6250
2026-10-06 17:35:38 hash fill worker 3 keys 5250 / 6250
2026-10-06 17:35:38 hash fill worker 8 keys 5250 / 6250
2026-10-06 17:35:42 hash fill worker 2 keys 5250 / 6250
2026-10-06 17:35:43 hash fill worker 4 keys 5250 / 6250
2026-10-06 17:35:49 hash fill worker 6 keys 5250 / 6250
2026-10-06 17:35:50 hash fill worker 5 keys 5250 / 6250
2026-10-06 17:36:08 hash fill worker 1 keys 5500 / 6250
2026-10-06 17:36:11 hash fill worker 7 keys 5500 / 6250
2026-10-06 17:36:17 hash fill worker 3 keys 5500 / 6250
2026-10-06 17:36:17 hash fill worker 8 keys 5500 / 6250
2026-10-06 17:36:18 hash fill worker 2 keys 5500 / 6250
2026-10-06 17:36:19 hash fill worker 4 keys 5500 / 6250
2026-10-06 17:36:29 hash fill worker 5 keys 5500 / 6250
2026-10-06 17:36:30 hash fill worker 6 keys 5500 / 6250
2026-10-06 17:36:47 hash fill worker 1 keys 5750 / 6250
2026-10-06 17:36:48 hash fill worker 7 keys 5750 / 6250
2026-10-06 17:36:54 hash fill worker 4 keys 5750 / 6250
2026-10-06 17:36:55 hash fill worker 8 keys 5750 / 6250
2026-10-06 17:36:55 hash fill worker 3 keys 5750 / 6250
2026-10-06 17:36:57 hash fill worker 2 keys 5750 / 6250
2026-10-06 17:37:06 hash fill worker 6 keys 5750 / 6250
2026-10-06 17:37:09 hash fill worker 5 keys 5750 / 6250
2026-10-06 17:37:23 hash fill worker 1 keys 6000 / 6250
2026-10-06 17:37:27 hash fill worker 7 keys 6000 / 6250
2026-10-06 17:37:33 hash fill worker 4 keys 6000 / 6250
2026-10-06 17:37:33 hash fill worker 3 keys 6000 / 6250
2026-10-06 17:37:35 hash fill worker 8 keys 6000 / 6250
2026-10-06 17:37:36 hash fill worker 2 keys 6000 / 6250
2026-10-06 17:37:42 hash fill worker 6 keys 6000 / 6250
2026-10-06 17:37:46 hash fill worker 5 keys 6000 / 6250
2026-10-06 17:38:02 hash fill worker 1 keys 6250 / 6250
2026-10-06 17:38:04 hash fill worker 7 keys 6250 / 6250
2026-10-06 17:38:09 hash fill worker 4 keys 6250 / 6250
2026-10-06 17:38:10 hash fill worker 3 keys 6250 / 6250
2026-10-06 17:38:11 hash fill worker 8 keys 6250 / 6250
2026-10-06 17:38:13 hash fill worker 2 keys 6250 / 6250
2026-10-06 17:38:15 hash fill worker 6 keys 6250 / 6250
2026-10-06 17:38:16 hash fill worker 5 keys 6250 / 6250
2026-10-06 17:38:21 lavik-main920f879b-import-hash-1048576-k50000-f128-20261006 hash-1048576-128-hgetall-c1 68 QPS p99=16.64 ms
COMPLETE main920f879b-import-hash-1048576-k50000-f128-20261006 1791308306.6213982
