discard c08bc35101567ebd0001 /dev/nvme3n1
discard c08bc35101567ebd0002 /dev/nvme5n1
discard c08bc35101567ebd0003 /dev/nvme4n1
discard c08bc35101567ebd0004 /dev/nvme2n1
discard c08bc35101567ebd0005 /dev/nvme1n1
discard c08bc35101567ebd0006 /dev/nvme6n1
START main920f879b-ordered-list-104857600-k8-f128-20261006 1791302757.42418
2026-10-06 16:06:03 lavik-main920f879b-ordered-list-104857600-k8-f128-20261006 list-104857600-128 fill
2026-10-06 16:06:07 list fill worker 1 keys 1 / 1
2026-10-06 16:06:07 list fill worker 3 keys 1 / 1
2026-10-06 16:06:08 list fill worker 5 keys 1 / 1
2026-10-06 16:06:08 list fill worker 7 keys 1 / 1
2026-10-06 16:06:08 list fill worker 8 keys 1 / 1
2026-10-06 16:06:08 list fill worker 2 keys 1 / 1
2026-10-06 16:06:08 list fill worker 6 keys 1 / 1
2026-10-06 16:06:08 list fill worker 4 keys 1 / 1
2026-10-06 16:06:18 lavik-main920f879b-ordered-list-104857600-k8-f128-20261006 list-104857600-128-lrange-c1 3 QPS p99=378.88 ms
2026-10-06 16:06:28 lavik-main920f879b-ordered-list-104857600-k8-f128-20261006 list-104857600-128-lrange-c4 10 QPS p99=704.51 ms
2026-10-06 16:06:37 lavik-main920f879b-ordered-list-104857600-k8-f128-20261006 list-104857600-128-lrange-c16 20 QPS p99=1245.18 ms
2026-10-06 16:06:47 lavik-main920f879b-ordered-list-104857600-k8-f128-20261006 list-104857600-128-lindex-c80 336799 QPS p99=0.76 ms
2026-10-06 16:06:57 lavik-main920f879b-ordered-list-104857600-k8-f128-20261006 list-104857600-128-lindex-c320 379463 QPS p99=5.31 ms
2026-10-06 16:07:06 lavik-main920f879b-ordered-list-104857600-k8-f128-20261006 list-104857600-128-lindex-c1280 317623 QPS p99=16.25 ms
2026-10-06 16:07:17 lavik-main920f879b-ordered-list-104857600-k8-f128-20261006 list-104857600-128-lindex-c2560 285638 QPS p99=37.12 ms
2026-10-06 16:07:29 lavik-main920f879b-ordered-list-104857600-k8-f128-20261006 list-104857600-128-lindex-c5120 261348 QPS p99=87.55 ms
2026-10-06 16:07:39 lavik-main920f879b-ordered-list-104857600-k8-f128-20261006 list-104857600-128-lset-c80 48641 QPS p99=30.98 ms
2026-10-06 16:07:48 lavik-main920f879b-ordered-list-104857600-k8-f128-20261006 list-104857600-128-lset-c320 45147 QPS p99=90.62 ms
2026-10-06 16:07:58 lavik-main920f879b-ordered-list-104857600-k8-f128-20261006 list-104857600-128-lset-c1280 47792 QPS p99=180.22 ms
2026-10-06 16:08:08 lavik-main920f879b-ordered-list-104857600-k8-f128-20261006 list-104857600-128-lset-c2560 50595 QPS p99=201.73 ms
2026-10-06 16:08:19 lavik-main920f879b-ordered-list-104857600-k8-f128-20261006 list-104857600-128-lset-c5120 45701 QPS p99=493.57 ms
COMPLETE main920f879b-ordered-list-104857600-k8-f128-20261006 1791302902.5293903
