discard c08bc35101567ebd0001 /dev/nvme3n1
discard c08bc35101567ebd0002 /dev/nvme5n1
discard c08bc35101567ebd0003 /dev/nvme4n1
discard c08bc35101567ebd0004 /dev/nvme2n1
discard c08bc35101567ebd0005 /dev/nvme1n1
discard c08bc35101567ebd0006 /dev/nvme6n1
START main920f879b-ordered-stream-104857600-k8-f128-20261006 1791303061.2494357
2026-10-06 16:11:06 lavik-main920f879b-ordered-stream-104857600-k8-f128-20261006 stream-104857600-128 fill
2026-10-06 16:16:39 stream fill worker 2 keys 1 / 1
2026-10-06 16:16:59 stream fill worker 6 keys 1 / 1
2026-10-06 16:17:05 stream fill worker 7 keys 1 / 1
2026-10-06 16:17:07 stream fill worker 3 keys 1 / 1
2026-10-06 16:17:18 stream fill worker 5 keys 1 / 1
2026-10-06 16:17:31 stream fill worker 1 keys 1 / 1
2026-10-06 16:17:49 stream fill worker 4 keys 1 / 1
2026-10-06 16:17:55 stream fill worker 8 keys 1 / 1
2026-10-06 16:18:05 lavik-main920f879b-ordered-stream-104857600-k8-f128-20261006 stream-104857600-128-xrange_full-c1 2 QPS p99=462.85 ms
2026-10-06 16:18:14 lavik-main920f879b-ordered-stream-104857600-k8-f128-20261006 stream-104857600-128-xrange_full-c4 7 QPS p99=753.66 ms
2026-10-06 16:18:24 lavik-main920f879b-ordered-stream-104857600-k8-f128-20261006 stream-104857600-128-xrange_full-c16 15 QPS p99=1884.16 ms
2026-10-06 16:18:33 lavik-main920f879b-ordered-stream-104857600-k8-f128-20261006 stream-104857600-128-xrange-c80 167444 QPS p99=0.93 ms
2026-10-06 16:18:43 lavik-main920f879b-ordered-stream-104857600-k8-f128-20261006 stream-104857600-128-xrange-c320 190377 QPS p99=4.16 ms
2026-10-06 16:18:53 lavik-main920f879b-ordered-stream-104857600-k8-f128-20261006 stream-104857600-128-xrange-c1280 145982 QPS p99=34.81 ms
2026-10-06 16:19:03 lavik-main920f879b-ordered-stream-104857600-k8-f128-20261006 stream-104857600-128-xrange-c2560 126599 QPS p99=81.41 ms
2026-10-06 16:19:14 lavik-main920f879b-ordered-stream-104857600-k8-f128-20261006 stream-104857600-128-xrange-c5120 123227 QPS p99=162.81 ms
2026-10-06 16:19:24 lavik-main920f879b-ordered-stream-104857600-k8-f128-20261006 stream-104857600-128-xadd_maxlen-c80 14812 QPS p99=20.22 ms
2026-10-06 16:19:33 lavik-main920f879b-ordered-stream-104857600-k8-f128-20261006 stream-104857600-128-xadd_maxlen-c320 17245 QPS p99=67.07 ms
2026-10-06 16:19:43 lavik-main920f879b-ordered-stream-104857600-k8-f128-20261006 stream-104857600-128-xadd_maxlen-c1280 15153 QPS p99=301.06 ms
2026-10-06 16:19:53 lavik-main920f879b-ordered-stream-104857600-k8-f128-20261006 stream-104857600-128-xadd_maxlen-c2560 14575 QPS p99=983.04 ms
2026-10-06 16:20:03 lavik-main920f879b-ordered-stream-104857600-k8-f128-20261006 stream-104857600-128-xadd_maxlen-c5120 16071 QPS p99=753.66 ms
COMPLETE main920f879b-ordered-stream-104857600-k8-f128-20261006 1791303606.4483151
