WAIT_FOR_HOST_LOCK rpush-lpop-8m-optimization 1605514 1791458565.3504028
HOST_LOCK_ACQUIRED rpush-lpop-8m-optimization 1605514 1791458565.350428
START maincc31b3a6-pop8m-list-8388608-rpush_lpop-r4-20261008 1791458565.8470798
discard c08bc35101567ebd0001 /dev/nvme3n1
discard c08bc35101567ebd0002 /dev/nvme5n1
discard c08bc35101567ebd0003 /dev/nvme4n1
discard c08bc35101567ebd0004 /dev/nvme2n1
discard c08bc35101567ebd0005 /dev/nvme1n1
discard c08bc35101567ebd0006 /dev/nvme6n1
COMPLETE maincc31b3a6-pop8m-list-8388608-rpush_lpop-r4-20261008 39818.98 68.145 1791458619.4562714
START popopt6d74a5fb-pop8m-list-8388608-rpush_lpop-r4-20261008 1791458619.9461756
discard c08bc35101567ebd0001 /dev/nvme3n1
discard c08bc35101567ebd0002 /dev/nvme5n1
discard c08bc35101567ebd0003 /dev/nvme4n1
discard c08bc35101567ebd0004 /dev/nvme2n1
discard c08bc35101567ebd0005 /dev/nvme1n1
discard c08bc35101567ebd0006 /dev/nvme6n1
COMPLETE popopt6d74a5fb-pop8m-list-8388608-rpush_lpop-r4-20261008 63270.97 38.394 1791458673.5755472
START popopt6d74a5fb-pop8m-list-8388608-rpush_lpop-r5-20261008 1791458674.0657897
discard c08bc35101567ebd0001 /dev/nvme3n1
discard c08bc35101567ebd0002 /dev/nvme5n1
discard c08bc35101567ebd0003 /dev/nvme4n1
discard c08bc35101567ebd0004 /dev/nvme2n1
discard c08bc35101567ebd0005 /dev/nvme1n1
discard c08bc35101567ebd0006 /dev/nvme6n1
COMPLETE popopt6d74a5fb-pop8m-list-8388608-rpush_lpop-r5-20261008 65245.94 35.523 1791458725.6908448
START maincc31b3a6-pop8m-list-8388608-rpush_lpop-r5-20261008 1791458726.181125
discard c08bc35101567ebd0001 /dev/nvme3n1
discard c08bc35101567ebd0002 /dev/nvme5n1
discard c08bc35101567ebd0003 /dev/nvme4n1
discard c08bc35101567ebd0004 /dev/nvme2n1
discard c08bc35101567ebd0005 /dev/nvme1n1
discard c08bc35101567ebd0006 /dev/nvme6n1
COMPLETE maincc31b3a6-pop8m-list-8388608-rpush_lpop-r5-20261008 57799.14 20.872 1791458779.8506212
START maincc31b3a6-pop8m-list-8388608-rpush_lpop-r6-20261008 1791458780.340845
discard c08bc35101567ebd0001 /dev/nvme3n1
discard c08bc35101567ebd0002 /dev/nvme5n1
discard c08bc35101567ebd0003 /dev/nvme4n1
discard c08bc35101567ebd0004 /dev/nvme2n1
discard c08bc35101567ebd0005 /dev/nvme1n1
discard c08bc35101567ebd0006 /dev/nvme6n1
COMPLETE maincc31b3a6-pop8m-list-8388608-rpush_lpop-r6-20261008 58336.15 20.236 1791458833.9334161
START popopt6d74a5fb-pop8m-list-8388608-rpush_lpop-r6-20261008 1791458834.4238107
discard c08bc35101567ebd0001 /dev/nvme3n1
discard c08bc35101567ebd0002 /dev/nvme5n1
discard c08bc35101567ebd0003 /dev/nvme4n1
discard c08bc35101567ebd0004 /dev/nvme2n1
discard c08bc35101567ebd0005 /dev/nvme1n1
discard c08bc35101567ebd0006 /dev/nvme6n1
COMPLETE popopt6d74a5fb-pop8m-list-8388608-rpush_lpop-r6-20261008 61130.91 44.078 1791458886.1458428
START perf-maincc31b3a6-pop8m-list-8388608-rpush_lpop-r4-20261008 1791458886.63618
discard c08bc35101567ebd0001 /dev/nvme3n1
discard c08bc35101567ebd0002 /dev/nvme5n1
discard c08bc35101567ebd0003 /dev/nvme4n1
discard c08bc35101567ebd0004 /dev/nvme2n1
discard c08bc35101567ebd0005 /dev/nvme1n1
discard c08bc35101567ebd0006 /dev/nvme6n1
COMPLETE perf-maincc31b3a6-pop8m-list-8388608-rpush_lpop-r4-20261008 44411.07 62.531 1791458968.2485042
START perf-popopt6d74a5fb-pop8m-list-8388608-rpush_lpop-r4-20261008 1791458968.7384808
discard c08bc35101567ebd0001 /dev/nvme3n1
discard c08bc35101567ebd0002 /dev/nvme5n1
discard c08bc35101567ebd0003 /dev/nvme4n1
discard c08bc35101567ebd0004 /dev/nvme2n1
discard c08bc35101567ebd0005 /dev/nvme1n1
discard c08bc35101567ebd0006 /dev/nvme6n1
COMPLETE perf-popopt6d74a5fb-pop8m-list-8388608-rpush_lpop-r4-20261008 54526.88 52.944 1791459051.37754
ALL_POPOPT_PAIRS_AND_PERF_COMPLETE 1791459051.3778946
