WAIT_FOR_HOST_LOCK rpush-lpop-8m-optimization 1577809 1791456406.5256505
HOST_LOCK_ACQUIRED rpush-lpop-8m-optimization 1577809 1791456406.5256739
START maincc31b3a6-queue8m-list-8388608-rpush_lpop-r1-20261008 1791456406.777242
discard c08bc35101567ebd0001 /dev/nvme3n1
discard c08bc35101567ebd0002 /dev/nvme5n1
discard c08bc35101567ebd0003 /dev/nvme4n1
discard c08bc35101567ebd0004 /dev/nvme2n1
discard c08bc35101567ebd0005 /dev/nvme1n1
discard c08bc35101567ebd0006 /dev/nvme6n1
COMPLETE maincc31b3a6-queue8m-list-8388608-rpush_lpop-r1-20261008 39350.28 73.623 1791456458.4171917
START maincc31b3a6-queue8m-list-8388608-rpush_lpop-r2-20261008 1791456458.6671205
discard c08bc35101567ebd0001 /dev/nvme3n1
discard c08bc35101567ebd0002 /dev/nvme5n1
discard c08bc35101567ebd0003 /dev/nvme4n1
discard c08bc35101567ebd0004 /dev/nvme2n1
discard c08bc35101567ebd0005 /dev/nvme1n1
discard c08bc35101567ebd0006 /dev/nvme6n1
COMPLETE maincc31b3a6-queue8m-list-8388608-rpush_lpop-r2-20261008 58033.76 21.187 1791456512.2788684
START maincc31b3a6-queue8m-list-8388608-rpush_lpop-r3-20261008 1791456512.5288875
discard c08bc35101567ebd0001 /dev/nvme3n1
discard c08bc35101567ebd0002 /dev/nvme5n1
discard c08bc35101567ebd0003 /dev/nvme4n1
discard c08bc35101567ebd0004 /dev/nvme2n1
discard c08bc35101567ebd0005 /dev/nvme1n1
discard c08bc35101567ebd0006 /dev/nvme6n1
COMPLETE maincc31b3a6-queue8m-list-8388608-rpush_lpop-r3-20261008 57320.53 20.946 1791456566.1357033
MEASUREMENTS_COMPLETE
