WAIT_FOR_HOST_LOCK rpush-lpop-8m-optimization 1594164 1791457394.0938747
HOST_LOCK_ACQUIRED rpush-lpop-8m-optimization 1594164 1791457394.0939023
START maincc31b3a6-queue8m-list-8388608-rpush_lpop-r4-20261008 1791457394.5915406
discard c08bc35101567ebd0001 /dev/nvme3n1
discard c08bc35101567ebd0002 /dev/nvme5n1
discard c08bc35101567ebd0003 /dev/nvme4n1
discard c08bc35101567ebd0004 /dev/nvme2n1
discard c08bc35101567ebd0005 /dev/nvme1n1
discard c08bc35101567ebd0006 /dev/nvme6n1
COMPLETE maincc31b3a6-queue8m-list-8388608-rpush_lpop-r4-20261008 56889.4 21.482 1791457448.1716878
START queueopt309e2af3-queue8m-list-8388608-rpush_lpop-r4-20261008 1791457448.6693017
discard c08bc35101567ebd0001 /dev/nvme3n1
discard c08bc35101567ebd0002 /dev/nvme5n1
discard c08bc35101567ebd0003 /dev/nvme4n1
discard c08bc35101567ebd0004 /dev/nvme2n1
discard c08bc35101567ebd0005 /dev/nvme1n1
discard c08bc35101567ebd0006 /dev/nvme6n1
COMPLETE queueopt309e2af3-queue8m-list-8388608-rpush_lpop-r4-20261008 58958.16 48.921 1791457502.26337
START queueopt309e2af3-queue8m-list-8388608-rpush_lpop-r5-20261008 1791457502.7541919
discard c08bc35101567ebd0001 /dev/nvme3n1
discard c08bc35101567ebd0002 /dev/nvme5n1
discard c08bc35101567ebd0003 /dev/nvme4n1
discard c08bc35101567ebd0004 /dev/nvme2n1
discard c08bc35101567ebd0005 /dev/nvme1n1
discard c08bc35101567ebd0006 /dev/nvme6n1
COMPLETE queueopt309e2af3-queue8m-list-8388608-rpush_lpop-r5-20261008 64383.81 40.742 1791457556.3650439
START maincc31b3a6-queue8m-list-8388608-rpush_lpop-r5-20261008 1791457556.8551834
discard c08bc35101567ebd0001 /dev/nvme3n1
discard c08bc35101567ebd0002 /dev/nvme5n1
discard c08bc35101567ebd0003 /dev/nvme4n1
discard c08bc35101567ebd0004 /dev/nvme2n1
discard c08bc35101567ebd0005 /dev/nvme1n1
discard c08bc35101567ebd0006 /dev/nvme6n1
COMPLETE maincc31b3a6-queue8m-list-8388608-rpush_lpop-r5-20261008 53905.31 24.647 1791457608.4682367
START maincc31b3a6-queue8m-list-8388608-rpush_lpop-r6-20261008 1791457608.9586062
discard c08bc35101567ebd0001 /dev/nvme3n1
discard c08bc35101567ebd0002 /dev/nvme5n1
discard c08bc35101567ebd0003 /dev/nvme4n1
discard c08bc35101567ebd0004 /dev/nvme2n1
discard c08bc35101567ebd0005 /dev/nvme1n1
discard c08bc35101567ebd0006 /dev/nvme6n1
COMPLETE maincc31b3a6-queue8m-list-8388608-rpush_lpop-r6-20261008 51220.99 29.917 1791457662.568875
START queueopt309e2af3-queue8m-list-8388608-rpush_lpop-r6-20261008 1791457663.0595417
discard c08bc35101567ebd0001 /dev/nvme3n1
discard c08bc35101567ebd0002 /dev/nvme5n1
discard c08bc35101567ebd0003 /dev/nvme4n1
discard c08bc35101567ebd0004 /dev/nvme2n1
discard c08bc35101567ebd0005 /dev/nvme1n1
discard c08bc35101567ebd0006 /dev/nvme6n1
COMPLETE queueopt309e2af3-queue8m-list-8388608-rpush_lpop-r6-20261008 60437.48 45.836 1791457716.7068775
START perf-maincc31b3a6-queue8m-list-8388608-rpush_lpop-r4-20261008 1791457717.1976097
discard c08bc35101567ebd0001 /dev/nvme3n1
discard c08bc35101567ebd0002 /dev/nvme5n1
discard c08bc35101567ebd0003 /dev/nvme4n1
discard c08bc35101567ebd0004 /dev/nvme2n1
discard c08bc35101567ebd0005 /dev/nvme1n1
discard c08bc35101567ebd0006 /dev/nvme6n1
COMPLETE perf-maincc31b3a6-queue8m-list-8388608-rpush_lpop-r4-20261008 39023.48 69.829 1791457798.8285317
START perf-queueopt309e2af3-queue8m-list-8388608-rpush_lpop-r4-20261008 1791457799.325044
discard c08bc35101567ebd0001 /dev/nvme3n1
discard c08bc35101567ebd0002 /dev/nvme5n1
discard c08bc35101567ebd0003 /dev/nvme4n1
discard c08bc35101567ebd0004 /dev/nvme2n1
discard c08bc35101567ebd0005 /dev/nvme1n1
discard c08bc35101567ebd0006 /dev/nvme6n1
COMPLETE perf-queueopt309e2af3-queue8m-list-8388608-rpush_lpop-r4-20261008 62949.32 43.067 1791457880.9315627
ALL_QUEUEOPT_PAIRS_AND_PERF_COMPLETE 1791457880.931931
