WAIT_FOR_CLEAN_CONTROLS {'pid': 1078560, 'start_ticks': '35366381', 'script': 'repeat-controls.py', 'script_sha256': '8fe8cbc0444b15dd70ee04b41ad2fdf2796c068365b549c28946a55423c2d277', 'expected': {'parent': '5a3903d9b3c0632e3b34e827b779d9daa58455c2', 'candidate': 'ace4198b0e1080cbb5116d40817b4dcc38f7ff8c'}}
WAIT_FOR_HOST_LOCK pr283-perf-and-main-refresh 1078561 1791257679.67243
HOST_LOCK_ACQUIRED pr283-perf-and-main-refresh 1078561 1791257679.6724772
discard c08bc35101567ebd0001 /dev/nvme3n1
discard c08bc35101567ebd0002 /dev/nvme5n1
discard c08bc35101567ebd0003 /dev/nvme4n1
discard c08bc35101567ebd0004 /dev/nvme2n1
discard c08bc35101567ebd0005 /dev/nvme1n1
discard c08bc35101567ebd0006 /dev/nvme6n1
START diagnostic-parent5a3903d9-pr283-zincrby-104857600-1024-c80-20261006 1791257682.0220854
COMPLETE diagnostic-parent5a3903d9-pr283-zincrby-104857600-1024-c80-20261006 1791257757.1321845
discard c08bc35101567ebd0001 /dev/nvme3n1
discard c08bc35101567ebd0002 /dev/nvme5n1
discard c08bc35101567ebd0003 /dev/nvme4n1
discard c08bc35101567ebd0004 /dev/nvme2n1
discard c08bc35101567ebd0005 /dev/nvme1n1
discard c08bc35101567ebd0006 /dev/nvme6n1
START diagnostic-candidateace4198b-pr283-zincrby-104857600-1024-c80-20261006 1791257764.440849
COMPLETE diagnostic-candidateace4198b-pr283-zincrby-104857600-1024-c80-20261006 1791257839.5213375
discard c08bc35101567ebd0001 /dev/nvme3n1
discard c08bc35101567ebd0002 /dev/nvme5n1
discard c08bc35101567ebd0003 /dev/nvme4n1
discard c08bc35101567ebd0004 /dev/nvme2n1
discard c08bc35101567ebd0005 /dev/nvme1n1
discard c08bc35101567ebd0006 /dev/nvme6n1
START diagnostic-parent5a3903d9-pr283-zincrby-65536-128-c80-20261006 1791257846.84633
COMPLETE diagnostic-parent5a3903d9-pr283-zincrby-65536-128-c80-20261006 1791257898.9225152
discard c08bc35101567ebd0001 /dev/nvme3n1
discard c08bc35101567ebd0002 /dev/nvme5n1
discard c08bc35101567ebd0003 /dev/nvme4n1
discard c08bc35101567ebd0004 /dev/nvme2n1
discard c08bc35101567ebd0005 /dev/nvme1n1
discard c08bc35101567ebd0006 /dev/nvme6n1
START diagnostic-candidateace4198b-pr283-zincrby-65536-128-c80-20261006 1791257906.1896455
COMPLETE diagnostic-candidateace4198b-pr283-zincrby-65536-128-c80-20261006 1791257958.297308
ALL_PR283_PROFILES_COMPLETE 1791257963.7140212
START main-grid-list-65536-128-64-ordered 1791257963.7174592
COMPLETE main-grid-list-65536-128-64-ordered 1791258100.1505067
START main-grid-list-65536-1024-64-ordered 1791258100.1506956
COMPLETE main-grid-list-65536-1024-64-ordered 1791258237.5956388
START main-grid-stream-65536-128-64-ordered 1791258237.5958786
COMPLETE main-grid-stream-65536-128-64-ordered 1791258376.0967038
START main-grid-stream-65536-1024-64-ordered 1791258376.0969388
COMPLETE main-grid-stream-65536-1024-64-ordered 1791258511.550236
START main-grid-zset-65536-128-64-ordered 1791258511.5504746
COMPLETE main-grid-zset-65536-128-64-ordered 1791258647.0576289
START main-grid-zset-65536-1024-64-ordered 1791258647.057877
COMPLETE main-grid-zset-65536-1024-64-ordered 1791258782.4743826
START main-grid-list-1048576-128-64-ordered 1791258782.4747105
COMPLETE main-grid-list-1048576-128-64-ordered 1791258920.918317
START main-grid-list-1048576-1024-64-ordered 1791258920.918561
COMPLETE main-grid-list-1048576-1024-64-ordered 1791259057.3726869
START main-grid-stream-1048576-128-64-ordered 1791259057.372933
COMPLETE main-grid-stream-1048576-128-64-ordered 1791259213.8258767
START main-grid-stream-1048576-1024-64-ordered 1791259213.8261557
COMPLETE main-grid-stream-1048576-1024-64-ordered 1791259351.2487597
START main-grid-zset-1048576-128-64-ordered 1791259351.249036
COMPLETE main-grid-zset-1048576-128-64-ordered 1791259490.8315516
START main-grid-zset-1048576-1024-64-ordered 1791259490.8318112
COMPLETE main-grid-zset-1048576-1024-64-ordered 1791259628.3214543
START main-grid-list-104857600-128-8-ordered 1791259628.3217173
COMPLETE main-grid-list-104857600-128-8-ordered 1791259781.7513187
START main-grid-list-104857600-1024-8-ordered 1791259781.7515826
COMPLETE main-grid-list-104857600-1024-8-ordered 1791259933.1743217
START main-grid-stream-104857600-128-8-ordered 1791259933.1745825
COMPLETE main-grid-stream-104857600-128-8-ordered 1791260518.7348478
START main-grid-stream-104857600-1024-8-ordered 1791260518.735128
COMPLETE main-grid-stream-104857600-1024-8-ordered 1791260708.1594203
START main-grid-zset-104857600-128-8-ordered 1791260708.159689
COMPLETE main-grid-zset-104857600-128-8-ordered 1791261026.6757884
START main-grid-zset-104857600-1024-8-ordered 1791261026.6760774
COMPLETE main-grid-zset-104857600-1024-8-ordered 1791261199.1331258
START main-grid-hash-1048576-128-50000-hashset 1791261199.133421
COMPLETE main-grid-hash-1048576-128-50000-hashset 1791261494.7826934
START main-grid-hash-1048576-1024-50000-hashset 1791261494.7830057
COMPLETE main-grid-hash-1048576-1024-50000-hashset 1791261724.3532503
START main-grid-list-1048576-1024-50000-lset 1791261724.353542
COMPLETE main-grid-list-1048576-1024-50000-lset 1791261845.776424
START main-grid-set-1048576-128-50000-hashset 1791261845.7767425
COMPLETE main-grid-set-1048576-128-50000-hashset 1791262134.3263412
START main-grid-set-1048576-1024-50000-hashset 1791262134.326647
COMPLETE main-grid-set-1048576-1024-50000-hashset 1791262365.9342203
START main-grid-hash-104857600-128-500-hashset 1791262365.9345055
COMPLETE main-grid-hash-104857600-128-500-hashset 1791262807.5780663
START main-grid-hash-104857600-1024-500-hashset 1791262807.57836
COMPLETE main-grid-hash-104857600-1024-500-hashset 1791263106.1146796
START main-grid-list-104857600-1024-500-lset 1791263106.1150093
COMPLETE main-grid-list-104857600-1024-500-lset 1791263251.5599587
START main-grid-set-104857600-128-500-hashset 1791263251.560311
COMPLETE main-grid-set-104857600-128-500-hashset 1791263693.245646
START main-grid-set-104857600-1024-500-hashset 1791263693.2461178
COMPLETE main-grid-set-104857600-1024-500-hashset 1791263999.8144372
START main-import-hash-1024 1791263999.814765
COMPLETE main-import-hash-1024 1791264219.293568
START main-import-hash-128 1791264219.293654
COMPLETE main-import-hash-128 1791265193.9533858
START main-import-set-1024 1791265193.9534633
COMPLETE main-import-set-1024 1791265424.380645
START main-import-set-128 1791265424.3807235
COMPLETE main-import-set-128 1791266366.0544093
ALL_MAIN_GRIDS_AND_IMPORTS_COMPLETE 1791266366.054448
