WAIT_FOR_HOST_LOCK pr275-native-validation 1235420 1791286832.4300604
HOST_LOCK_ACQUIRED pr275-native-validation 1235420 1791286832.4300895
START parent checkout 1791286832.437376
PASS parent checkout 1791286832.4691565
START parent configure-tests 1791286832.4691937
PASS parent configure-tests 1791286837.3429503
START parent build-tests 1791286837.3430147
PASS parent build-tests 1791287147.7153883
START parent unit-tests 1791287147.7155008
PASS parent unit-tests 1791287150.4360483
START parent configure-production 1791287150.4567795
PASS parent configure-production 1791287154.879663
START parent build-production 1791287154.8797019
PASS parent build-production 1791287154.9436793
START parent native-tests-private-tmp 1791287155.7391922
PASS parent native-tests-private-tmp 1791287637.475388
START parent recovery-repeat-1 1791287637.7650867
PASS parent recovery-repeat-1 1791287736.7930245
START parent recovery-repeat-2 1791287736.7932646
PASS parent recovery-repeat-2 1791287835.5757253
START parent recovery-repeat-3 1791287835.5759375
PASS parent recovery-repeat-3 1791287934.1477978
START window checkout 1791287934.1501894
PASS window checkout 1791287934.165956
START window configure-tests 1791287934.1660001
PASS window configure-tests 1791287939.039485
START window build-tests 1791287939.039531
PASS window build-tests 1791288067.1715543
START window unit-tests 1791288067.1716573
PASS window unit-tests 1791288069.5916395
START window configure-production 1791288069.612056
PASS window configure-production 1791288074.2860131
START window build-production 1791288074.2860568
PASS window build-production 1791288074.350051
START window native-tests-private-tmp 1791288075.139329
PASS window native-tests-private-tmp 1791288560.4859889
START window recovery-repeat-1 1791288560.7754478
PASS window recovery-repeat-1 1791288659.9104056
START window recovery-repeat-2 1791288659.9106188
PASS window recovery-repeat-2 1791288758.4479504
START window recovery-repeat-3 1791288758.4481928
PASS window recovery-repeat-3 1791288857.0269046
ALL_PR275_NATIVE_TESTS_PASS 1791288857.035303
