WAIT_FOR_HOST_LOCK rebased-pr275-clean-pairs 1265236 1791288857.0690274
HOST_LOCK_ACQUIRED rebased-pr275-clean-pairs 1265236 1791288857.0690567
discard c08bc35101567ebd0001 /dev/nvme3n1
discard c08bc35101567ebd0002 /dev/nvme5n1
discard c08bc35101567ebd0003 /dev/nvme4n1
discard c08bc35101567ebd0004 /dev/nvme2n1
discard c08bc35101567ebd0005 /dev/nvme1n1
discard c08bc35101567ebd0006 /dev/nvme6n1
START seed-parentd88a5e8f-pr275-rebased-104857600-128-read-repeat1-20261006 1791288859.4256582
COMPLETE seed-parentd88a5e8f-pr275-rebased-104857600-128-read-repeat1-20261006 1791289262.598419
START parentd88a5e8f-pr275-rebased-104857600-128-read-repeat1-20261006 1791289262.5985062
COMPLETE parentd88a5e8f-pr275-rebased-104857600-128-read-repeat1-20261006 1791289402.7152245
START windowfd2972b0-pr275-rebased-104857600-128-read-repeat1-20261006 1791289402.7153184
COMPLETE windowfd2972b0-pr275-rebased-104857600-128-read-repeat1-20261006 1791289539.8310075
discard c08bc35101567ebd0001 /dev/nvme3n1
discard c08bc35101567ebd0002 /dev/nvme5n1
discard c08bc35101567ebd0003 /dev/nvme4n1
discard c08bc35101567ebd0004 /dev/nvme2n1
discard c08bc35101567ebd0005 /dev/nvme1n1
discard c08bc35101567ebd0006 /dev/nvme6n1
START seed-parentd88a5e8f-pr275-rebased-104857600-128-read-repeat2-20261006 1791289547.151861
COMPLETE seed-parentd88a5e8f-pr275-rebased-104857600-128-read-repeat2-20261006 1791289954.326361
START windowfd2972b0-pr275-rebased-104857600-128-read-repeat2-20261006 1791289954.3264453
COMPLETE windowfd2972b0-pr275-rebased-104857600-128-read-repeat2-20261006 1791290092.48379
START parentd88a5e8f-pr275-rebased-104857600-128-read-repeat2-20261006 1791290092.483889
COMPLETE parentd88a5e8f-pr275-rebased-104857600-128-read-repeat2-20261006 1791290234.609632
discard c08bc35101567ebd0001 /dev/nvme3n1
discard c08bc35101567ebd0002 /dev/nvme5n1
discard c08bc35101567ebd0003 /dev/nvme4n1
discard c08bc35101567ebd0004 /dev/nvme2n1
discard c08bc35101567ebd0005 /dev/nvme1n1
discard c08bc35101567ebd0006 /dev/nvme6n1
START seed-parentd88a5e8f-pr275-rebased-104857600-128-read-repeat3-20261006 1791290241.911285
COMPLETE seed-parentd88a5e8f-pr275-rebased-104857600-128-read-repeat3-20261006 1791290711.10386
START parentd88a5e8f-pr275-rebased-104857600-128-read-repeat3-20261006 1791290711.1039453
COMPLETE parentd88a5e8f-pr275-rebased-104857600-128-read-repeat3-20261006 1791290852.2231708
START windowfd2972b0-pr275-rebased-104857600-128-read-repeat3-20261006 1791290852.223273
COMPLETE windowfd2972b0-pr275-rebased-104857600-128-read-repeat3-20261006 1791290989.4303572
discard c08bc35101567ebd0001 /dev/nvme3n1
discard c08bc35101567ebd0002 /dev/nvme5n1
discard c08bc35101567ebd0003 /dev/nvme4n1
discard c08bc35101567ebd0004 /dev/nvme2n1
discard c08bc35101567ebd0005 /dev/nvme1n1
discard c08bc35101567ebd0006 /dev/nvme6n1
START parentd88a5e8f-pr275-rebased-104857600-128-write-repeat1-20261006 1791290996.7479024
COMPLETE parentd88a5e8f-pr275-rebased-104857600-128-write-repeat1-20261006 1791291507.9522347
discard c08bc35101567ebd0001 /dev/nvme3n1
discard c08bc35101567ebd0002 /dev/nvme5n1
discard c08bc35101567ebd0003 /dev/nvme4n1
discard c08bc35101567ebd0004 /dev/nvme2n1
discard c08bc35101567ebd0005 /dev/nvme1n1
discard c08bc35101567ebd0006 /dev/nvme6n1
START windowfd2972b0-pr275-rebased-104857600-128-write-repeat1-20261006 1791291515.292837
COMPLETE windowfd2972b0-pr275-rebased-104857600-128-write-repeat1-20261006 1791292086.5123441
discard c08bc35101567ebd0001 /dev/nvme3n1
discard c08bc35101567ebd0002 /dev/nvme5n1
discard c08bc35101567ebd0003 /dev/nvme4n1
discard c08bc35101567ebd0004 /dev/nvme2n1
discard c08bc35101567ebd0005 /dev/nvme1n1
discard c08bc35101567ebd0006 /dev/nvme6n1
START windowfd2972b0-pr275-rebased-104857600-128-write-repeat2-20261006 1791292093.8735592
COMPLETE windowfd2972b0-pr275-rebased-104857600-128-write-repeat2-20261006 1791292643.0880659
discard c08bc35101567ebd0001 /dev/nvme3n1
discard c08bc35101567ebd0002 /dev/nvme5n1
discard c08bc35101567ebd0003 /dev/nvme4n1
discard c08bc35101567ebd0004 /dev/nvme2n1
discard c08bc35101567ebd0005 /dev/nvme1n1
discard c08bc35101567ebd0006 /dev/nvme6n1
START parentd88a5e8f-pr275-rebased-104857600-128-write-repeat2-20261006 1791292650.427397
COMPLETE parentd88a5e8f-pr275-rebased-104857600-128-write-repeat2-20261006 1791293147.6774237
discard c08bc35101567ebd0001 /dev/nvme3n1
discard c08bc35101567ebd0002 /dev/nvme5n1
discard c08bc35101567ebd0003 /dev/nvme4n1
discard c08bc35101567ebd0004 /dev/nvme2n1
discard c08bc35101567ebd0005 /dev/nvme1n1
discard c08bc35101567ebd0006 /dev/nvme6n1
START parentd88a5e8f-pr275-rebased-104857600-128-write-repeat3-20261006 1791293154.9702115
COMPLETE parentd88a5e8f-pr275-rebased-104857600-128-write-repeat3-20261006 1791293644.1693754
discard c08bc35101567ebd0001 /dev/nvme3n1
discard c08bc35101567ebd0002 /dev/nvme5n1
discard c08bc35101567ebd0003 /dev/nvme4n1
discard c08bc35101567ebd0004 /dev/nvme2n1
discard c08bc35101567ebd0005 /dev/nvme1n1
discard c08bc35101567ebd0006 /dev/nvme6n1
START windowfd2972b0-pr275-rebased-104857600-128-write-repeat3-20261006 1791293651.3915722
COMPLETE windowfd2972b0-pr275-rebased-104857600-128-write-repeat3-20261006 1791294221.6161907
discard c08bc35101567ebd0001 /dev/nvme3n1
discard c08bc35101567ebd0002 /dev/nvme5n1
discard c08bc35101567ebd0003 /dev/nvme4n1
discard c08bc35101567ebd0004 /dev/nvme2n1
discard c08bc35101567ebd0005 /dev/nvme1n1
discard c08bc35101567ebd0006 /dev/nvme6n1
START seed-parentd88a5e8f-pr275-rebased-65536-1024-read-repeat1-20261006 1791294228.9303381
COMPLETE seed-parentd88a5e8f-pr275-rebased-65536-1024-read-repeat1-20261006 1791294238.0084286
START parentd88a5e8f-pr275-rebased-65536-1024-read-repeat1-20261006 1791294238.0085173
COMPLETE parentd88a5e8f-pr275-rebased-65536-1024-read-repeat1-20261006 1791294313.110743
START windowfd2972b0-pr275-rebased-65536-1024-read-repeat1-20261006 1791294313.110843
COMPLETE windowfd2972b0-pr275-rebased-65536-1024-read-repeat1-20261006 1791294388.2100875
discard c08bc35101567ebd0001 /dev/nvme3n1
discard c08bc35101567ebd0002 /dev/nvme5n1
discard c08bc35101567ebd0003 /dev/nvme4n1
discard c08bc35101567ebd0004 /dev/nvme2n1
discard c08bc35101567ebd0005 /dev/nvme1n1
discard c08bc35101567ebd0006 /dev/nvme6n1
START seed-parentd88a5e8f-pr275-rebased-65536-1024-read-repeat2-20261006 1791294395.5103028
COMPLETE seed-parentd88a5e8f-pr275-rebased-65536-1024-read-repeat2-20261006 1791294404.5869303
START windowfd2972b0-pr275-rebased-65536-1024-read-repeat2-20261006 1791294404.5870402
COMPLETE windowfd2972b0-pr275-rebased-65536-1024-read-repeat2-20261006 1791294479.6881826
START parentd88a5e8f-pr275-rebased-65536-1024-read-repeat2-20261006 1791294479.6882863
COMPLETE parentd88a5e8f-pr275-rebased-65536-1024-read-repeat2-20261006 1791294554.7869976
discard c08bc35101567ebd0001 /dev/nvme3n1
discard c08bc35101567ebd0002 /dev/nvme5n1
discard c08bc35101567ebd0003 /dev/nvme4n1
discard c08bc35101567ebd0004 /dev/nvme2n1
discard c08bc35101567ebd0005 /dev/nvme1n1
discard c08bc35101567ebd0006 /dev/nvme6n1
START seed-parentd88a5e8f-pr275-rebased-65536-1024-read-repeat3-20261006 1791294562.1237752
COMPLETE seed-parentd88a5e8f-pr275-rebased-65536-1024-read-repeat3-20261006 1791294571.214389
START parentd88a5e8f-pr275-rebased-65536-1024-read-repeat3-20261006 1791294571.2144785
COMPLETE parentd88a5e8f-pr275-rebased-65536-1024-read-repeat3-20261006 1791294645.3162441
START windowfd2972b0-pr275-rebased-65536-1024-read-repeat3-20261006 1791294645.3163462
COMPLETE windowfd2972b0-pr275-rebased-65536-1024-read-repeat3-20261006 1791294721.6291106
discard c08bc35101567ebd0001 /dev/nvme3n1
discard c08bc35101567ebd0002 /dev/nvme5n1
discard c08bc35101567ebd0003 /dev/nvme4n1
discard c08bc35101567ebd0004 /dev/nvme2n1
discard c08bc35101567ebd0005 /dev/nvme1n1
discard c08bc35101567ebd0006 /dev/nvme6n1
START parentd88a5e8f-pr275-rebased-65536-1024-write-repeat1-20261006 1791294728.9393845
COMPLETE parentd88a5e8f-pr275-rebased-65536-1024-write-repeat1-20261006 1791294802.0373986
discard c08bc35101567ebd0001 /dev/nvme3n1
discard c08bc35101567ebd0002 /dev/nvme5n1
discard c08bc35101567ebd0003 /dev/nvme4n1
discard c08bc35101567ebd0004 /dev/nvme2n1
discard c08bc35101567ebd0005 /dev/nvme1n1
discard c08bc35101567ebd0006 /dev/nvme6n1
START windowfd2972b0-pr275-rebased-65536-1024-write-repeat1-20261006 1791294809.361279
COMPLETE windowfd2972b0-pr275-rebased-65536-1024-write-repeat1-20261006 1791294882.4672663
discard c08bc35101567ebd0001 /dev/nvme3n1
discard c08bc35101567ebd0002 /dev/nvme5n1
discard c08bc35101567ebd0003 /dev/nvme4n1
discard c08bc35101567ebd0004 /dev/nvme2n1
discard c08bc35101567ebd0005 /dev/nvme1n1
discard c08bc35101567ebd0006 /dev/nvme6n1
START windowfd2972b0-pr275-rebased-65536-1024-write-repeat2-20261006 1791294889.7607923
COMPLETE windowfd2972b0-pr275-rebased-65536-1024-write-repeat2-20261006 1791294962.878737
discard c08bc35101567ebd0001 /dev/nvme3n1
discard c08bc35101567ebd0002 /dev/nvme5n1
discard c08bc35101567ebd0003 /dev/nvme4n1
discard c08bc35101567ebd0004 /dev/nvme2n1
discard c08bc35101567ebd0005 /dev/nvme1n1
discard c08bc35101567ebd0006 /dev/nvme6n1
START parentd88a5e8f-pr275-rebased-65536-1024-write-repeat2-20261006 1791294970.1719644
COMPLETE parentd88a5e8f-pr275-rebased-65536-1024-write-repeat2-20261006 1791295043.2699664
discard c08bc35101567ebd0001 /dev/nvme3n1
discard c08bc35101567ebd0002 /dev/nvme5n1
discard c08bc35101567ebd0003 /dev/nvme4n1
discard c08bc35101567ebd0004 /dev/nvme2n1
discard c08bc35101567ebd0005 /dev/nvme1n1
discard c08bc35101567ebd0006 /dev/nvme6n1
START parentd88a5e8f-pr275-rebased-65536-1024-write-repeat3-20261006 1791295050.5760407
COMPLETE parentd88a5e8f-pr275-rebased-65536-1024-write-repeat3-20261006 1791295123.7255933
discard c08bc35101567ebd0001 /dev/nvme3n1
discard c08bc35101567ebd0002 /dev/nvme5n1
discard c08bc35101567ebd0003 /dev/nvme4n1
discard c08bc35101567ebd0004 /dev/nvme2n1
discard c08bc35101567ebd0005 /dev/nvme1n1
discard c08bc35101567ebd0006 /dev/nvme6n1
START windowfd2972b0-pr275-rebased-65536-1024-write-repeat3-20261006 1791295130.9878278
COMPLETE windowfd2972b0-pr275-rebased-65536-1024-write-repeat3-20261006 1791295204.0861416
ALL_STREAM_WINDOW_FOLLOWUP_REPEATS_COMPLETE 1791295209.548109
