1791286884.8319297 in_progress  []
1791286945.9178839 in_progress  []
1791287007.145355 in_progress  []
1791287068.1641262 in_progress  []
1791287129.4009082 in_progress  []
1791287190.4522495 in_progress  []
1791287251.7105145 in_progress  []
1791287312.820742 queued  []
1791287373.9396286 queued  []
1791287435.1011708 queued  []
1791287496.2490773 queued  []
1791287557.3783205 queued  []
1791287618.5282714 queued  []
1791287679.689227 queued  []
1791287740.8548996 queued  []
1791287802.0330708 queued  []
1791287863.1134613 queued  []
1791287924.2456243 queued  []
1791287985.5686076 queued  []
1791288046.9309156 queued  []
1791288108.2671208 queued  []
1791288169.7324243 queued  []
1791288230.8415823 queued  []
1791288292.0041397 queued  []
1791288353.2709048 queued  []
1791288414.366476 queued  []
1791288475.5276923 queued  []
1791288536.6457217 queued  []
1791288597.759025 queued  []
1791288658.979913 queued  []
1791288720.1951084 queued  []
1791288781.2914162 queued  []
1791288842.5652227 queued  []
1791288903.742597 queued  []
1791288964.931306 queued  []
1791289026.1985528 queued  []
1791289087.503236 queued  []
1791289148.8306613 queued  []
1791289210.1289542 queued  []
1791289271.3901684 queued  []
1791289332.5734942 queued  []
1791289393.840922 queued  []
1791289455.0915346 queued  []
1791289516.3113668 queued  []
1791289577.6342726 queued  []
1791289639.1287231 queued  []
1791289700.3267953 queued  []
1791289761.5622895 queued  []
1791289822.865833 queued  []
1791289884.05868 queued  []
1791289945.3488336 queued  []
1791290006.5728834 queued  []
1791290067.7744405 queued  []
1791290129.3357499 queued  []
1791290190.532737 queued  []
1791290251.7482915 queued  []
1791290312.9753838 queued  []
1791290374.1861625 queued  []
1791290435.4235964 queued  []
1791290496.68924 queued  []
1791290558.0075743 queued  []
1791290619.3927498 queued  []
1791290680.6425178 queued  []
1791290741.9427636 queued  []
1791290803.320384 queued  []
1791290864.6541724 queued  []
1791290926.0511243 queued  []
1791290987.553366 queued  []
1791291049.5759428 queued  []
1791291110.9563553 queued  []
1791291172.297917 queued  []
1791291234.2066343 queued  []
1791291295.5588086 queued  []
1791291356.9378946 queued  []
1791291418.4208562 queued  []
1791291479.7730606 queued  []
1791291541.1262128 queued  []
1791291602.5690308 queued  []
1791291663.9532206 queued  []
1791291725.3551216 queued  []
1791291786.7311692 queued  []
1791291848.2663047 in_progress  []
1791291909.7100115 in_progress  []
1791291971.1165476 in_progress  []
1791292032.5499053 in_progress  []
1791292093.917234 in_progress  []
1791292156.2440484 in_progress  []
1791292217.6687675 in_progress  []
1791292279.033543 in_progress  []
1791292340.4860053 in_progress  []
1791292401.8016884 in_progress  []
1791292463.2317388 in_progress  []
1791292524.6559186 in_progress  []
1791292586.0175612 in_progress  []
1791292647.5150526 in_progress  []
1791292710.2185173 in_progress  []
1791292771.6608443 in_progress  []
1791292833.1268172 in_progress  []
1791292894.5182822 in_progress  []
1791292956.0026324 in_progress  []
1791293017.5012438 in_progress  []
1791293078.894708 in_progress  []
1791293140.3821046 in_progress  []
1791293201.8261614 in_progress  []
1791293263.287056 in_progress  []
1791293324.7441766 in_progress  []
1791293386.2022552 in_progress  []
1791293447.5911725 queued  []
1791293509.395866 queued  []
1791293570.9244611 queued  []
1791293632.5335014 queued  []
1791293694.0495481 queued  []
1791293755.5562696 queued  []
1791293817.0952377 queued  []
1791293878.6359255 queued  []
1791293940.134682 queued  []
1791294001.650688 queued  []
1791294063.2073662 queued  []
1791294124.7109134 queued  []
1791294186.2528865 queued  []
1791294248.0593112 queued  []
1791294309.5914578 queued  []
1791294371.1543865 queued  []
1791294432.6186855 queued  []
1791294494.0848167 queued  []
1791294555.5426776 queued  []
1791294617.0866845 queued  []
1791294678.7581267 queued  []
1791294740.333052 queued  []
1791294801.8625584 queued  []
1791294863.3542516 queued  []
1791294924.9598389 queued  []
1791294986.609268 queued  []
1791295048.2002547 queued  []
1791295109.6901817 queued  []
1791295171.1735792 queued  []
