WAIT_FOR_NATIVE_VALIDATION 35366381 1791248814.5261772
WAIT_FOR_HOST_LOCK clean-pr283-pairs 1078560 1791249999.55181
HOST_LOCK_ACQUIRED clean-pr283-pairs 1078560 1791249999.551856
discard c08bc35101567ebd0001 /dev/nvme3n1
discard c08bc35101567ebd0002 /dev/nvme5n1
discard c08bc35101567ebd0003 /dev/nvme4n1
discard c08bc35101567ebd0004 /dev/nvme2n1
discard c08bc35101567ebd0005 /dev/nvme1n1
discard c08bc35101567ebd0006 /dev/nvme6n1
START seed-parent5a3903d9-pr283-104857600-1024-zscore-distinct-repeat1-20261006 1791250001.8975267
COMPLETE seed-parent5a3903d9-pr283-104857600-1024-zscore-distinct-repeat1-20261006 1791250033.9812257
START parent5a3903d9-pr283-104857600-1024-zscore-distinct-repeat1-20261006 1791250033.9813244
COMPLETE parent5a3903d9-pr283-104857600-1024-zscore-distinct-repeat1-20261006 1791250173.102009
START candidateace4198b-pr283-104857600-1024-zscore-distinct-repeat1-20261006 1791250173.1021068
COMPLETE candidateace4198b-pr283-104857600-1024-zscore-distinct-repeat1-20261006 1791250311.2196622
discard c08bc35101567ebd0001 /dev/nvme3n1
discard c08bc35101567ebd0002 /dev/nvme5n1
discard c08bc35101567ebd0003 /dev/nvme4n1
discard c08bc35101567ebd0004 /dev/nvme2n1
discard c08bc35101567ebd0005 /dev/nvme1n1
discard c08bc35101567ebd0006 /dev/nvme6n1
START seed-parent5a3903d9-pr283-104857600-1024-zscore-distinct-repeat2-20261006 1791250318.5221627
COMPLETE seed-parent5a3903d9-pr283-104857600-1024-zscore-distinct-repeat2-20261006 1791250350.6046414
START candidateace4198b-pr283-104857600-1024-zscore-distinct-repeat2-20261006 1791250350.6047416
COMPLETE candidateace4198b-pr283-104857600-1024-zscore-distinct-repeat2-20261006 1791250490.8503153
START parent5a3903d9-pr283-104857600-1024-zscore-distinct-repeat2-20261006 1791250490.8504148
COMPLETE parent5a3903d9-pr283-104857600-1024-zscore-distinct-repeat2-20261006 1791250629.9911957
discard c08bc35101567ebd0001 /dev/nvme3n1
discard c08bc35101567ebd0002 /dev/nvme5n1
discard c08bc35101567ebd0003 /dev/nvme4n1
discard c08bc35101567ebd0004 /dev/nvme2n1
discard c08bc35101567ebd0005 /dev/nvme1n1
discard c08bc35101567ebd0006 /dev/nvme6n1
START seed-parent5a3903d9-pr283-104857600-1024-zscore-distinct-repeat3-20261006 1791250637.3201303
COMPLETE seed-parent5a3903d9-pr283-104857600-1024-zscore-distinct-repeat3-20261006 1791250669.4239109
START parent5a3903d9-pr283-104857600-1024-zscore-distinct-repeat3-20261006 1791250669.4240322
COMPLETE parent5a3903d9-pr283-104857600-1024-zscore-distinct-repeat3-20261006 1791250808.543756
START candidateace4198b-pr283-104857600-1024-zscore-distinct-repeat3-20261006 1791250808.5438545
COMPLETE candidateace4198b-pr283-104857600-1024-zscore-distinct-repeat3-20261006 1791250947.6630235
discard c08bc35101567ebd0001 /dev/nvme3n1
discard c08bc35101567ebd0002 /dev/nvme5n1
discard c08bc35101567ebd0003 /dev/nvme4n1
discard c08bc35101567ebd0004 /dev/nvme2n1
discard c08bc35101567ebd0005 /dev/nvme1n1
discard c08bc35101567ebd0006 /dev/nvme6n1
START parent5a3903d9-pr283-104857600-1024-zincrby-distinct-repeat1-20261006 1791250955.028087
COMPLETE parent5a3903d9-pr283-104857600-1024-zincrby-distinct-repeat1-20261006 1791251116.149597
discard c08bc35101567ebd0001 /dev/nvme3n1
discard c08bc35101567ebd0002 /dev/nvme5n1
discard c08bc35101567ebd0003 /dev/nvme4n1
discard c08bc35101567ebd0004 /dev/nvme2n1
discard c08bc35101567ebd0005 /dev/nvme1n1
discard c08bc35101567ebd0006 /dev/nvme6n1
START candidateace4198b-pr283-104857600-1024-zincrby-distinct-repeat1-20261006 1791251123.4179444
COMPLETE candidateace4198b-pr283-104857600-1024-zincrby-distinct-repeat1-20261006 1791251284.5567405
discard c08bc35101567ebd0001 /dev/nvme3n1
discard c08bc35101567ebd0002 /dev/nvme5n1
discard c08bc35101567ebd0003 /dev/nvme4n1
discard c08bc35101567ebd0004 /dev/nvme2n1
discard c08bc35101567ebd0005 /dev/nvme1n1
discard c08bc35101567ebd0006 /dev/nvme6n1
START candidateace4198b-pr283-104857600-1024-zincrby-distinct-repeat2-20261006 1791251291.8469687
COMPLETE candidateace4198b-pr283-104857600-1024-zincrby-distinct-repeat2-20261006 1791251453.968865
discard c08bc35101567ebd0001 /dev/nvme3n1
discard c08bc35101567ebd0002 /dev/nvme5n1
discard c08bc35101567ebd0003 /dev/nvme4n1
discard c08bc35101567ebd0004 /dev/nvme2n1
discard c08bc35101567ebd0005 /dev/nvme1n1
discard c08bc35101567ebd0006 /dev/nvme6n1
START parent5a3903d9-pr283-104857600-1024-zincrby-distinct-repeat2-20261006 1791251461.2878377
COMPLETE parent5a3903d9-pr283-104857600-1024-zincrby-distinct-repeat2-20261006 1791251622.4077451
discard c08bc35101567ebd0001 /dev/nvme3n1
discard c08bc35101567ebd0002 /dev/nvme5n1
discard c08bc35101567ebd0003 /dev/nvme4n1
discard c08bc35101567ebd0004 /dev/nvme2n1
discard c08bc35101567ebd0005 /dev/nvme1n1
discard c08bc35101567ebd0006 /dev/nvme6n1
START parent5a3903d9-pr283-104857600-1024-zincrby-distinct-repeat3-20261006 1791251629.6630292
COMPLETE parent5a3903d9-pr283-104857600-1024-zincrby-distinct-repeat3-20261006 1791251790.7976072
discard c08bc35101567ebd0001 /dev/nvme3n1
discard c08bc35101567ebd0002 /dev/nvme5n1
discard c08bc35101567ebd0003 /dev/nvme4n1
discard c08bc35101567ebd0004 /dev/nvme2n1
discard c08bc35101567ebd0005 /dev/nvme1n1
discard c08bc35101567ebd0006 /dev/nvme6n1
START candidateace4198b-pr283-104857600-1024-zincrby-distinct-repeat3-20261006 1791251798.1405387
COMPLETE candidateace4198b-pr283-104857600-1024-zincrby-distinct-repeat3-20261006 1791251959.2645245
discard c08bc35101567ebd0001 /dev/nvme3n1
discard c08bc35101567ebd0002 /dev/nvme5n1
discard c08bc35101567ebd0003 /dev/nvme4n1
discard c08bc35101567ebd0004 /dev/nvme2n1
discard c08bc35101567ebd0005 /dev/nvme1n1
discard c08bc35101567ebd0006 /dev/nvme6n1
START parent5a3903d9-pr283-104857600-1024-zadd-distinct-repeat1-20261006 1791251966.54539
COMPLETE parent5a3903d9-pr283-104857600-1024-zadd-distinct-repeat1-20261006 1791252065.6528287
discard c08bc35101567ebd0001 /dev/nvme3n1
discard c08bc35101567ebd0002 /dev/nvme5n1
discard c08bc35101567ebd0003 /dev/nvme4n1
discard c08bc35101567ebd0004 /dev/nvme2n1
discard c08bc35101567ebd0005 /dev/nvme1n1
discard c08bc35101567ebd0006 /dev/nvme6n1
START candidateace4198b-pr283-104857600-1024-zadd-distinct-repeat1-20261006 1791252072.9182227
COMPLETE candidateace4198b-pr283-104857600-1024-zadd-distinct-repeat1-20261006 1791252172.0260549
discard c08bc35101567ebd0001 /dev/nvme3n1
discard c08bc35101567ebd0002 /dev/nvme5n1
discard c08bc35101567ebd0003 /dev/nvme4n1
discard c08bc35101567ebd0004 /dev/nvme2n1
discard c08bc35101567ebd0005 /dev/nvme1n1
discard c08bc35101567ebd0006 /dev/nvme6n1
START candidateace4198b-pr283-104857600-1024-zadd-distinct-repeat2-20261006 1791252179.303096
COMPLETE candidateace4198b-pr283-104857600-1024-zadd-distinct-repeat2-20261006 1791252277.4147172
discard c08bc35101567ebd0001 /dev/nvme3n1
discard c08bc35101567ebd0002 /dev/nvme5n1
discard c08bc35101567ebd0003 /dev/nvme4n1
discard c08bc35101567ebd0004 /dev/nvme2n1
discard c08bc35101567ebd0005 /dev/nvme1n1
discard c08bc35101567ebd0006 /dev/nvme6n1
START parent5a3903d9-pr283-104857600-1024-zadd-distinct-repeat2-20261006 1791252284.719796
COMPLETE parent5a3903d9-pr283-104857600-1024-zadd-distinct-repeat2-20261006 1791252382.82681
discard c08bc35101567ebd0001 /dev/nvme3n1
discard c08bc35101567ebd0002 /dev/nvme5n1
discard c08bc35101567ebd0003 /dev/nvme4n1
discard c08bc35101567ebd0004 /dev/nvme2n1
discard c08bc35101567ebd0005 /dev/nvme1n1
discard c08bc35101567ebd0006 /dev/nvme6n1
START parent5a3903d9-pr283-104857600-1024-zadd-distinct-repeat3-20261006 1791252390.1048453
COMPLETE parent5a3903d9-pr283-104857600-1024-zadd-distinct-repeat3-20261006 1791252489.2125728
discard c08bc35101567ebd0001 /dev/nvme3n1
discard c08bc35101567ebd0002 /dev/nvme5n1
discard c08bc35101567ebd0003 /dev/nvme4n1
discard c08bc35101567ebd0004 /dev/nvme2n1
discard c08bc35101567ebd0005 /dev/nvme1n1
discard c08bc35101567ebd0006 /dev/nvme6n1
START candidateace4198b-pr283-104857600-1024-zadd-distinct-repeat3-20261006 1791252496.5015316
COMPLETE candidateace4198b-pr283-104857600-1024-zadd-distinct-repeat3-20261006 1791252595.616875
discard c08bc35101567ebd0001 /dev/nvme3n1
discard c08bc35101567ebd0002 /dev/nvme5n1
discard c08bc35101567ebd0003 /dev/nvme4n1
discard c08bc35101567ebd0004 /dev/nvme2n1
discard c08bc35101567ebd0005 /dev/nvme1n1
discard c08bc35101567ebd0006 /dev/nvme6n1
START parent5a3903d9-pr283-104857600-1024-zadd-ties-repeat1-20261006 1791252602.9108346
COMPLETE parent5a3903d9-pr283-104857600-1024-zadd-ties-repeat1-20261006 1791252988.0896857
discard c08bc35101567ebd0001 /dev/nvme3n1
discard c08bc35101567ebd0002 /dev/nvme5n1
discard c08bc35101567ebd0003 /dev/nvme4n1
discard c08bc35101567ebd0004 /dev/nvme2n1
discard c08bc35101567ebd0005 /dev/nvme1n1
discard c08bc35101567ebd0006 /dev/nvme6n1
START candidateace4198b-pr283-104857600-1024-zadd-ties-repeat1-20261006 1791252995.4425683
COMPLETE candidateace4198b-pr283-104857600-1024-zadd-ties-repeat1-20261006 1791253377.6375623
discard c08bc35101567ebd0001 /dev/nvme3n1
discard c08bc35101567ebd0002 /dev/nvme5n1
discard c08bc35101567ebd0003 /dev/nvme4n1
discard c08bc35101567ebd0004 /dev/nvme2n1
discard c08bc35101567ebd0005 /dev/nvme1n1
discard c08bc35101567ebd0006 /dev/nvme6n1
START candidateace4198b-pr283-104857600-1024-zadd-ties-repeat2-20261006 1791253384.9459443
COMPLETE candidateace4198b-pr283-104857600-1024-zadd-ties-repeat2-20261006 1791253771.1267543
discard c08bc35101567ebd0001 /dev/nvme3n1
discard c08bc35101567ebd0002 /dev/nvme5n1
discard c08bc35101567ebd0003 /dev/nvme4n1
discard c08bc35101567ebd0004 /dev/nvme2n1
discard c08bc35101567ebd0005 /dev/nvme1n1
discard c08bc35101567ebd0006 /dev/nvme6n1
START parent5a3903d9-pr283-104857600-1024-zadd-ties-repeat2-20261006 1791253778.4423976
COMPLETE parent5a3903d9-pr283-104857600-1024-zadd-ties-repeat2-20261006 1791254159.631595
discard c08bc35101567ebd0001 /dev/nvme3n1
discard c08bc35101567ebd0002 /dev/nvme5n1
discard c08bc35101567ebd0003 /dev/nvme4n1
discard c08bc35101567ebd0004 /dev/nvme2n1
discard c08bc35101567ebd0005 /dev/nvme1n1
discard c08bc35101567ebd0006 /dev/nvme6n1
START parent5a3903d9-pr283-104857600-1024-zadd-ties-repeat3-20261006 1791254166.9094727
COMPLETE parent5a3903d9-pr283-104857600-1024-zadd-ties-repeat3-20261006 1791254549.0947878
discard c08bc35101567ebd0001 /dev/nvme3n1
discard c08bc35101567ebd0002 /dev/nvme5n1
discard c08bc35101567ebd0003 /dev/nvme4n1
discard c08bc35101567ebd0004 /dev/nvme2n1
discard c08bc35101567ebd0005 /dev/nvme1n1
discard c08bc35101567ebd0006 /dev/nvme6n1
START candidateace4198b-pr283-104857600-1024-zadd-ties-repeat3-20261006 1791254556.4268632
COMPLETE candidateace4198b-pr283-104857600-1024-zadd-ties-repeat3-20261006 1791254946.6092284
discard c08bc35101567ebd0001 /dev/nvme3n1
discard c08bc35101567ebd0002 /dev/nvme5n1
discard c08bc35101567ebd0003 /dev/nvme4n1
discard c08bc35101567ebd0004 /dev/nvme2n1
discard c08bc35101567ebd0005 /dev/nvme1n1
discard c08bc35101567ebd0006 /dev/nvme6n1
START seed-parent5a3903d9-pr283-65536-128-zscore-distinct-repeat1-20261006 1791254953.8935406
COMPLETE seed-parent5a3903d9-pr283-65536-128-zscore-distinct-repeat1-20261006 1791254961.9735954
START parent5a3903d9-pr283-65536-128-zscore-distinct-repeat1-20261006 1791254961.9736898
COMPLETE parent5a3903d9-pr283-65536-128-zscore-distinct-repeat1-20261006 1791255099.0942535
START candidateace4198b-pr283-65536-128-zscore-distinct-repeat1-20261006 1791255099.094355
COMPLETE candidateace4198b-pr283-65536-128-zscore-distinct-repeat1-20261006 1791255237.2268941
discard c08bc35101567ebd0001 /dev/nvme3n1
discard c08bc35101567ebd0002 /dev/nvme5n1
discard c08bc35101567ebd0003 /dev/nvme4n1
discard c08bc35101567ebd0004 /dev/nvme2n1
discard c08bc35101567ebd0005 /dev/nvme1n1
discard c08bc35101567ebd0006 /dev/nvme6n1
START seed-parent5a3903d9-pr283-65536-128-zscore-distinct-repeat2-20261006 1791255244.507332
COMPLETE seed-parent5a3903d9-pr283-65536-128-zscore-distinct-repeat2-20261006 1791255252.589863
START candidateace4198b-pr283-65536-128-zscore-distinct-repeat2-20261006 1791255252.5899565
COMPLETE candidateace4198b-pr283-65536-128-zscore-distinct-repeat2-20261006 1791255390.7108634
START parent5a3903d9-pr283-65536-128-zscore-distinct-repeat2-20261006 1791255390.710965
COMPLETE parent5a3903d9-pr283-65536-128-zscore-distinct-repeat2-20261006 1791255528.8327365
discard c08bc35101567ebd0001 /dev/nvme3n1
discard c08bc35101567ebd0002 /dev/nvme5n1
discard c08bc35101567ebd0003 /dev/nvme4n1
discard c08bc35101567ebd0004 /dev/nvme2n1
discard c08bc35101567ebd0005 /dev/nvme1n1
discard c08bc35101567ebd0006 /dev/nvme6n1
START seed-parent5a3903d9-pr283-65536-128-zscore-distinct-repeat3-20261006 1791255536.1196613
COMPLETE seed-parent5a3903d9-pr283-65536-128-zscore-distinct-repeat3-20261006 1791255544.1972187
START parent5a3903d9-pr283-65536-128-zscore-distinct-repeat3-20261006 1791255544.1973093
COMPLETE parent5a3903d9-pr283-65536-128-zscore-distinct-repeat3-20261006 1791255683.3249075
START candidateace4198b-pr283-65536-128-zscore-distinct-repeat3-20261006 1791255683.3250222
COMPLETE candidateace4198b-pr283-65536-128-zscore-distinct-repeat3-20261006 1791255819.4475918
discard c08bc35101567ebd0001 /dev/nvme3n1
discard c08bc35101567ebd0002 /dev/nvme5n1
discard c08bc35101567ebd0003 /dev/nvme4n1
discard c08bc35101567ebd0004 /dev/nvme2n1
discard c08bc35101567ebd0005 /dev/nvme1n1
discard c08bc35101567ebd0006 /dev/nvme6n1
START parent5a3903d9-pr283-65536-128-zincrby-distinct-repeat1-20261006 1791255826.7572982
COMPLETE parent5a3903d9-pr283-65536-128-zincrby-distinct-repeat1-20261006 1791255963.8812473
discard c08bc35101567ebd0001 /dev/nvme3n1
discard c08bc35101567ebd0002 /dev/nvme5n1
discard c08bc35101567ebd0003 /dev/nvme4n1
discard c08bc35101567ebd0004 /dev/nvme2n1
discard c08bc35101567ebd0005 /dev/nvme1n1
discard c08bc35101567ebd0006 /dev/nvme6n1
START candidateace4198b-pr283-65536-128-zincrby-distinct-repeat1-20261006 1791255971.1904318
COMPLETE candidateace4198b-pr283-65536-128-zincrby-distinct-repeat1-20261006 1791256109.307383
discard c08bc35101567ebd0001 /dev/nvme3n1
discard c08bc35101567ebd0002 /dev/nvme5n1
discard c08bc35101567ebd0003 /dev/nvme4n1
discard c08bc35101567ebd0004 /dev/nvme2n1
discard c08bc35101567ebd0005 /dev/nvme1n1
discard c08bc35101567ebd0006 /dev/nvme6n1
START candidateace4198b-pr283-65536-128-zincrby-distinct-repeat2-20261006 1791256116.6249216
COMPLETE candidateace4198b-pr283-65536-128-zincrby-distinct-repeat2-20261006 1791256254.7441986
discard c08bc35101567ebd0001 /dev/nvme3n1
discard c08bc35101567ebd0002 /dev/nvme5n1
discard c08bc35101567ebd0003 /dev/nvme4n1
discard c08bc35101567ebd0004 /dev/nvme2n1
discard c08bc35101567ebd0005 /dev/nvme1n1
discard c08bc35101567ebd0006 /dev/nvme6n1
START parent5a3903d9-pr283-65536-128-zincrby-distinct-repeat2-20261006 1791256262.0247939
COMPLETE parent5a3903d9-pr283-65536-128-zincrby-distinct-repeat2-20261006 1791256399.1439629
discard c08bc35101567ebd0001 /dev/nvme3n1
discard c08bc35101567ebd0002 /dev/nvme5n1
discard c08bc35101567ebd0003 /dev/nvme4n1
discard c08bc35101567ebd0004 /dev/nvme2n1
discard c08bc35101567ebd0005 /dev/nvme1n1
discard c08bc35101567ebd0006 /dev/nvme6n1
START parent5a3903d9-pr283-65536-128-zincrby-distinct-repeat3-20261006 1791256406.4519145
COMPLETE parent5a3903d9-pr283-65536-128-zincrby-distinct-repeat3-20261006 1791256544.5900154
discard c08bc35101567ebd0001 /dev/nvme3n1
discard c08bc35101567ebd0002 /dev/nvme5n1
discard c08bc35101567ebd0003 /dev/nvme4n1
discard c08bc35101567ebd0004 /dev/nvme2n1
discard c08bc35101567ebd0005 /dev/nvme1n1
discard c08bc35101567ebd0006 /dev/nvme6n1
START candidateace4198b-pr283-65536-128-zincrby-distinct-repeat3-20261006 1791256551.9054575
COMPLETE candidateace4198b-pr283-65536-128-zincrby-distinct-repeat3-20261006 1791256689.0236723
discard c08bc35101567ebd0001 /dev/nvme3n1
discard c08bc35101567ebd0002 /dev/nvme5n1
discard c08bc35101567ebd0003 /dev/nvme4n1
discard c08bc35101567ebd0004 /dev/nvme2n1
discard c08bc35101567ebd0005 /dev/nvme1n1
discard c08bc35101567ebd0006 /dev/nvme6n1
START parent5a3903d9-pr283-65536-128-zadd-distinct-repeat1-20261006 1791256696.3271525
COMPLETE parent5a3903d9-pr283-65536-128-zadd-distinct-repeat1-20261006 1791256770.435901
discard c08bc35101567ebd0001 /dev/nvme3n1
discard c08bc35101567ebd0002 /dev/nvme5n1
discard c08bc35101567ebd0003 /dev/nvme4n1
discard c08bc35101567ebd0004 /dev/nvme2n1
discard c08bc35101567ebd0005 /dev/nvme1n1
discard c08bc35101567ebd0006 /dev/nvme6n1
START candidateace4198b-pr283-65536-128-zadd-distinct-repeat1-20261006 1791256777.849726
COMPLETE candidateace4198b-pr283-65536-128-zadd-distinct-repeat1-20261006 1791256851.9498186
discard c08bc35101567ebd0001 /dev/nvme3n1
discard c08bc35101567ebd0002 /dev/nvme5n1
discard c08bc35101567ebd0003 /dev/nvme4n1
discard c08bc35101567ebd0004 /dev/nvme2n1
discard c08bc35101567ebd0005 /dev/nvme1n1
discard c08bc35101567ebd0006 /dev/nvme6n1
START candidateace4198b-pr283-65536-128-zadd-distinct-repeat2-20261006 1791256859.2548945
COMPLETE candidateace4198b-pr283-65536-128-zadd-distinct-repeat2-20261006 1791256933.3571239
discard c08bc35101567ebd0001 /dev/nvme3n1
discard c08bc35101567ebd0002 /dev/nvme5n1
discard c08bc35101567ebd0003 /dev/nvme4n1
discard c08bc35101567ebd0004 /dev/nvme2n1
discard c08bc35101567ebd0005 /dev/nvme1n1
discard c08bc35101567ebd0006 /dev/nvme6n1
START parent5a3903d9-pr283-65536-128-zadd-distinct-repeat2-20261006 1791256940.687185
COMPLETE parent5a3903d9-pr283-65536-128-zadd-distinct-repeat2-20261006 1791257015.7869287
discard c08bc35101567ebd0001 /dev/nvme3n1
discard c08bc35101567ebd0002 /dev/nvme5n1
discard c08bc35101567ebd0003 /dev/nvme4n1
discard c08bc35101567ebd0004 /dev/nvme2n1
discard c08bc35101567ebd0005 /dev/nvme1n1
discard c08bc35101567ebd0006 /dev/nvme6n1
START parent5a3903d9-pr283-65536-128-zadd-distinct-repeat3-20261006 1791257023.065703
COMPLETE parent5a3903d9-pr283-65536-128-zadd-distinct-repeat3-20261006 1791257097.17245
discard c08bc35101567ebd0001 /dev/nvme3n1
discard c08bc35101567ebd0002 /dev/nvme5n1
discard c08bc35101567ebd0003 /dev/nvme4n1
discard c08bc35101567ebd0004 /dev/nvme2n1
discard c08bc35101567ebd0005 /dev/nvme1n1
discard c08bc35101567ebd0006 /dev/nvme6n1
START candidateace4198b-pr283-65536-128-zadd-distinct-repeat3-20261006 1791257104.4648232
COMPLETE candidateace4198b-pr283-65536-128-zadd-distinct-repeat3-20261006 1791257179.5676773
discard c08bc35101567ebd0001 /dev/nvme3n1
discard c08bc35101567ebd0002 /dev/nvme5n1
discard c08bc35101567ebd0003 /dev/nvme4n1
discard c08bc35101567ebd0004 /dev/nvme2n1
discard c08bc35101567ebd0005 /dev/nvme1n1
discard c08bc35101567ebd0006 /dev/nvme6n1
START parent5a3903d9-pr283-65536-128-zadd-ties-repeat1-20261006 1791257186.8377573
COMPLETE parent5a3903d9-pr283-65536-128-zadd-ties-repeat1-20261006 1791257261.9373171
discard c08bc35101567ebd0001 /dev/nvme3n1
discard c08bc35101567ebd0002 /dev/nvme5n1
discard c08bc35101567ebd0003 /dev/nvme4n1
discard c08bc35101567ebd0004 /dev/nvme2n1
discard c08bc35101567ebd0005 /dev/nvme1n1
discard c08bc35101567ebd0006 /dev/nvme6n1
START candidateace4198b-pr283-65536-128-zadd-ties-repeat1-20261006 1791257269.2550085
COMPLETE candidateace4198b-pr283-65536-128-zadd-ties-repeat1-20261006 1791257344.3587775
discard c08bc35101567ebd0001 /dev/nvme3n1
discard c08bc35101567ebd0002 /dev/nvme5n1
discard c08bc35101567ebd0003 /dev/nvme4n1
discard c08bc35101567ebd0004 /dev/nvme2n1
discard c08bc35101567ebd0005 /dev/nvme1n1
discard c08bc35101567ebd0006 /dev/nvme6n1
START candidateace4198b-pr283-65536-128-zadd-ties-repeat2-20261006 1791257351.6626737
COMPLETE candidateace4198b-pr283-65536-128-zadd-ties-repeat2-20261006 1791257425.7635062
discard c08bc35101567ebd0001 /dev/nvme3n1
discard c08bc35101567ebd0002 /dev/nvme5n1
discard c08bc35101567ebd0003 /dev/nvme4n1
discard c08bc35101567ebd0004 /dev/nvme2n1
discard c08bc35101567ebd0005 /dev/nvme1n1
discard c08bc35101567ebd0006 /dev/nvme6n1
START parent5a3903d9-pr283-65536-128-zadd-ties-repeat2-20261006 1791257433.180746
COMPLETE parent5a3903d9-pr283-65536-128-zadd-ties-repeat2-20261006 1791257507.280219
discard c08bc35101567ebd0001 /dev/nvme3n1
discard c08bc35101567ebd0002 /dev/nvme5n1
discard c08bc35101567ebd0003 /dev/nvme4n1
discard c08bc35101567ebd0004 /dev/nvme2n1
discard c08bc35101567ebd0005 /dev/nvme1n1
discard c08bc35101567ebd0006 /dev/nvme6n1
START parent5a3903d9-pr283-65536-128-zadd-ties-repeat3-20261006 1791257514.550464
COMPLETE parent5a3903d9-pr283-65536-128-zadd-ties-repeat3-20261006 1791257588.6516414
discard c08bc35101567ebd0001 /dev/nvme3n1
discard c08bc35101567ebd0002 /dev/nvme5n1
discard c08bc35101567ebd0003 /dev/nvme4n1
discard c08bc35101567ebd0004 /dev/nvme2n1
discard c08bc35101567ebd0005 /dev/nvme1n1
discard c08bc35101567ebd0006 /dev/nvme6n1
START candidateace4198b-pr283-65536-128-zadd-ties-repeat3-20261006 1791257595.9286444
COMPLETE candidateace4198b-pr283-65536-128-zadd-ties-repeat3-20261006 1791257671.0410662
ALL_PR283_REPEATS_COMPLETE 1791257676.5426543
