2026-10-06 03:37:32 lavik-diagnostic-parent5a3903d9-pr283-zincrby-65536-128-c80-20261006 zset-65536-128 fill
2026-10-06 03:37:32 zset fill worker 3 keys 1 / 8
2026-10-06 03:37:32 zset fill worker 2 keys 1 / 8
2026-10-06 03:37:32 zset fill worker 7 keys 1 / 8
2026-10-06 03:37:32 zset fill worker 1 keys 1 / 8
2026-10-06 03:37:32 zset fill worker 6 keys 1 / 8
2026-10-06 03:37:32 zset fill worker 4 keys 1 / 8
2026-10-06 03:37:32 zset fill worker 5 keys 1 / 8
2026-10-06 03:37:32 zset fill worker 8 keys 1 / 8
2026-10-06 03:37:32 zset fill worker 2 keys 2 / 8
2026-10-06 03:37:32 zset fill worker 3 keys 2 / 8
2026-10-06 03:37:32 zset fill worker 1 keys 2 / 8
2026-10-06 03:37:32 zset fill worker 6 keys 2 / 8
2026-10-06 03:37:32 zset fill worker 4 keys 2 / 8
2026-10-06 03:37:32 zset fill worker 5 keys 2 / 8
2026-10-06 03:37:32 zset fill worker 7 keys 2 / 8
2026-10-06 03:37:32 zset fill worker 8 keys 2 / 8
2026-10-06 03:37:32 zset fill worker 2 keys 3 / 8
2026-10-06 03:37:32 zset fill worker 6 keys 3 / 8
2026-10-06 03:37:32 zset fill worker 5 keys 3 / 8
2026-10-06 03:37:32 zset fill worker 3 keys 3 / 8
2026-10-06 03:37:32 zset fill worker 4 keys 3 / 8
2026-10-06 03:37:32 zset fill worker 7 keys 3 / 8
2026-10-06 03:37:32 zset fill worker 1 keys 3 / 8
2026-10-06 03:37:32 zset fill worker 2 keys 4 / 8
2026-10-06 03:37:32 zset fill worker 8 keys 3 / 8
2026-10-06 03:37:32 zset fill worker 5 keys 4 / 8
2026-10-06 03:37:32 zset fill worker 6 keys 4 / 8
2026-10-06 03:37:32 zset fill worker 1 keys 4 / 8
2026-10-06 03:37:32 zset fill worker 4 keys 4 / 8
2026-10-06 03:37:32 zset fill worker 7 keys 4 / 8
2026-10-06 03:37:32 zset fill worker 3 keys 4 / 8
2026-10-06 03:37:32 zset fill worker 5 keys 5 / 8
2026-10-06 03:37:32 zset fill worker 2 keys 5 / 8
2026-10-06 03:37:32 zset fill worker 8 keys 4 / 8
2026-10-06 03:37:32 zset fill worker 6 keys 5 / 8
2026-10-06 03:37:32 zset fill worker 4 keys 5 / 8
2026-10-06 03:37:32 zset fill worker 7 keys 5 / 8
2026-10-06 03:37:32 zset fill worker 1 keys 5 / 8
2026-10-06 03:37:32 zset fill worker 5 keys 6 / 8
2026-10-06 03:37:32 zset fill worker 3 keys 5 / 8
2026-10-06 03:37:32 zset fill worker 2 keys 6 / 8
2026-10-06 03:37:32 zset fill worker 6 keys 6 / 8
2026-10-06 03:37:32 zset fill worker 4 keys 6 / 8
2026-10-06 03:37:32 zset fill worker 8 keys 5 / 8
2026-10-06 03:37:32 zset fill worker 7 keys 6 / 8
2026-10-06 03:37:32 zset fill worker 5 keys 7 / 8
2026-10-06 03:37:32 zset fill worker 3 keys 6 / 8
2026-10-06 03:37:32 zset fill worker 2 keys 7 / 8
2026-10-06 03:37:32 zset fill worker 1 keys 6 / 8
2026-10-06 03:37:32 zset fill worker 8 keys 6 / 8
2026-10-06 03:37:32 zset fill worker 6 keys 7 / 8
2026-10-06 03:37:32 zset fill worker 4 keys 7 / 8
2026-10-06 03:37:32 zset fill worker 7 keys 7 / 8
2026-10-06 03:37:32 zset fill worker 5 keys 8 / 8
2026-10-06 03:37:32 zset fill worker 3 keys 7 / 8
2026-10-06 03:37:32 zset fill worker 2 keys 8 / 8
2026-10-06 03:37:32 zset fill worker 4 keys 8 / 8
2026-10-06 03:37:32 zset fill worker 1 keys 7 / 8
2026-10-06 03:37:32 zset fill worker 6 keys 8 / 8
2026-10-06 03:37:32 zset fill worker 8 keys 7 / 8
2026-10-06 03:37:32 zset fill worker 7 keys 8 / 8
2026-10-06 03:37:32 zset fill worker 3 keys 8 / 8
2026-10-06 03:37:32 zset fill worker 1 keys 8 / 8
2026-10-06 03:37:32 zset fill worker 8 keys 8 / 8
2026-10-06 03:38:04 diagnostic-c80 zset-65536-128-zincrby-c80 79595 QPS p99=11.84 ms
Error:
The /mnt/dev/lavik-complex-refresh-20261004/perf_reports/lavik-complex-structures-2026-09-26/raw/lavik-diagnostic-parent5a3903d9-pr283-zincrby-65536-128-c80-20261006/diagnostic-c80/cpu-1118952.perf data has no samples!
