WAIT_FOR_CLEAN_CONTROLS {'pid': 1078560, 'start_ticks': '35366381', 'script': 'repeat-controls.py', 'script_sha256': '8fe8cbc0444b15dd70ee04b41ad2fdf2796c068365b549c28946a55423c2d277', 'expected': {'parent': '5a3903d9b3c0632e3b34e827b779d9daa58455c2', 'candidate': 'ace4198b0e1080cbb5116d40817b4dcc38f7ff8c'}}
WAIT_FOR_HOST_LOCK pr283-perf-and-main-refresh 1078561 1791257679.67243
HOST_LOCK_ACQUIRED pr283-perf-and-main-refresh 1078561 1791257679.6724772
discard c08bc35101567ebd0001 /dev/nvme3n1
discard c08bc35101567ebd0002 /dev/nvme5n1
discard c08bc35101567ebd0003 /dev/nvme4n1
discard c08bc35101567ebd0004 /dev/nvme2n1
discard c08bc35101567ebd0005 /dev/nvme1n1
discard c08bc35101567ebd0006 /dev/nvme6n1
START diagnostic-parent5a3903d9-pr283-zincrby-104857600-1024-c80-20261006 1791257682.0220854
COMPLETE diagnostic-parent5a3903d9-pr283-zincrby-104857600-1024-c80-20261006 1791257757.1321845
discard c08bc35101567ebd0001 /dev/nvme3n1
discard c08bc35101567ebd0002 /dev/nvme5n1
discard c08bc35101567ebd0003 /dev/nvme4n1
discard c08bc35101567ebd0004 /dev/nvme2n1
discard c08bc35101567ebd0005 /dev/nvme1n1
discard c08bc35101567ebd0006 /dev/nvme6n1
START diagnostic-candidateace4198b-pr283-zincrby-104857600-1024-c80-20261006 1791257764.440849
COMPLETE diagnostic-candidateace4198b-pr283-zincrby-104857600-1024-c80-20261006 1791257839.5213375
discard c08bc35101567ebd0001 /dev/nvme3n1
discard c08bc35101567ebd0002 /dev/nvme5n1
discard c08bc35101567ebd0003 /dev/nvme4n1
discard c08bc35101567ebd0004 /dev/nvme2n1
discard c08bc35101567ebd0005 /dev/nvme1n1
discard c08bc35101567ebd0006 /dev/nvme6n1
START diagnostic-parent5a3903d9-pr283-zincrby-65536-128-c80-20261006 1791257846.84633
COMPLETE diagnostic-parent5a3903d9-pr283-zincrby-65536-128-c80-20261006 1791257898.9225152
discard c08bc35101567ebd0001 /dev/nvme3n1
discard c08bc35101567ebd0002 /dev/nvme5n1
discard c08bc35101567ebd0003 /dev/nvme4n1
discard c08bc35101567ebd0004 /dev/nvme2n1
discard c08bc35101567ebd0005 /dev/nvme1n1
discard c08bc35101567ebd0006 /dev/nvme6n1
START diagnostic-candidateace4198b-pr283-zincrby-65536-128-c80-20261006 1791257906.1896455
COMPLETE diagnostic-candidateace4198b-pr283-zincrby-65536-128-c80-20261006 1791257958.297308
ALL_PR283_PROFILES_COMPLETE 1791257963.7140212
