WAIT_FOR_COMBINED_CONTROLS None 1791219525.9440544
WAIT_FOR_HOST_LOCK grouped-root-native-validation 1009641 1791219529.3501024
HOST_LOCK_ACQUIRED grouped-root-native-validation 1009641 1791219529.350126
START candidate checkout 1791219529.6021855
PASS candidate checkout 1791219529.6194544
START candidate configure-tests 1791219529.6194744
PASS candidate configure-tests 1791219534.4524076
START candidate build-tests 1791219534.452445
PASS candidate build-tests 1791219770.4371397
START candidate unit-tests 1791219770.4372687
PASS candidate unit-tests 1791219772.8573487
START candidate configure-production 1791219773.0110133
PASS candidate configure-production 1791219777.4334142
START candidate build-production 1791219777.4334528
PASS candidate build-production 1791219777.4758663
START parent hash-tests 1791219778.2136774
PASS parent hash-tests 1791219795.7172232
START parent ordered-tests 1791219795.7174788
PASS parent ordered-tests 1791220163.9487257
START parent blocking-tests 1791220163.9490447
PASS parent blocking-tests 1791220166.518508
START candidate hash-tests 1791220166.8651438
PASS candidate hash-tests 1791220183.9142036
START candidate ordered-tests 1791220183.9144676
PASS candidate ordered-tests 1791220541.064495
START candidate blocking-tests 1791220541.0647721
PASS candidate blocking-tests 1791220543.6342955
ALL_GROUPED_ROOT_NATIVE_TESTS_PASS 1791220543.985269
