WAIT_FOR_NATIVE_AND_PRIOR_CONTROLS {1009641: '32437522'} 1791219525.9434125
WAIT_FOR_HOST_LOCK clean-grouped-root-short-key-controls 1009642 1791220549.3049335
HOST_LOCK_ACQUIRED clean-grouped-root-short-key-controls 1009642 1791220549.305002
discard c08bc35101567ebd0001 /dev/nvme3n1
discard c08bc35101567ebd0002 /dev/nvme5n1
discard c08bc35101567ebd0003 /dev/nvme4n1
discard c08bc35101567ebd0004 /dev/nvme2n1
discard c08bc35101567ebd0005 /dev/nvme1n1
discard c08bc35101567ebd0006 /dev/nvme6n1
START seed-parent19496654-grouped-root-controls-hash-1048576-128-read-repeat1-20261005 1791220551.6447632
COMPLETE seed-parent19496654-grouped-root-controls-hash-1048576-128-read-repeat1-20261005 1791220569.7045972
START parent19496654-grouped-root-controls-hash-1048576-128-read-repeat1-20261005 1791220569.704681
COMPLETE parent19496654-grouped-root-controls-hash-1048576-128-read-repeat1-20261005 1791220609.7721403
START candidate28d7cca4-grouped-root-controls-hash-1048576-128-read-repeat1-20261005 1791220609.7722366
COMPLETE candidate28d7cca4-grouped-root-controls-hash-1048576-128-read-repeat1-20261005 1791220649.8399644
discard c08bc35101567ebd0001 /dev/nvme3n1
discard c08bc35101567ebd0002 /dev/nvme5n1
discard c08bc35101567ebd0003 /dev/nvme4n1
discard c08bc35101567ebd0004 /dev/nvme2n1
discard c08bc35101567ebd0005 /dev/nvme1n1
discard c08bc35101567ebd0006 /dev/nvme6n1
START seed-parent19496654-grouped-root-controls-hash-1048576-128-read-repeat2-20261005 1791220657.1602972
COMPLETE seed-parent19496654-grouped-root-controls-hash-1048576-128-read-repeat2-20261005 1791220675.216624
START candidate28d7cca4-grouped-root-controls-hash-1048576-128-read-repeat2-20261005 1791220675.216713
COMPLETE candidate28d7cca4-grouped-root-controls-hash-1048576-128-read-repeat2-20261005 1791220715.2868276
START parent19496654-grouped-root-controls-hash-1048576-128-read-repeat2-20261005 1791220715.2869422
COMPLETE parent19496654-grouped-root-controls-hash-1048576-128-read-repeat2-20261005 1791220755.3539188
discard c08bc35101567ebd0001 /dev/nvme3n1
discard c08bc35101567ebd0002 /dev/nvme5n1
discard c08bc35101567ebd0003 /dev/nvme4n1
discard c08bc35101567ebd0004 /dev/nvme2n1
discard c08bc35101567ebd0005 /dev/nvme1n1
discard c08bc35101567ebd0006 /dev/nvme6n1
START seed-parent19496654-grouped-root-controls-hash-1048576-128-read-repeat3-20261005 1791220762.6748135
COMPLETE seed-parent19496654-grouped-root-controls-hash-1048576-128-read-repeat3-20261005 1791220780.750949
START parent19496654-grouped-root-controls-hash-1048576-128-read-repeat3-20261005 1791220780.7510457
COMPLETE parent19496654-grouped-root-controls-hash-1048576-128-read-repeat3-20261005 1791220820.8215365
START candidate28d7cca4-grouped-root-controls-hash-1048576-128-read-repeat3-20261005 1791220820.821652
COMPLETE candidate28d7cca4-grouped-root-controls-hash-1048576-128-read-repeat3-20261005 1791220860.8894222
discard c08bc35101567ebd0001 /dev/nvme3n1
discard c08bc35101567ebd0002 /dev/nvme5n1
discard c08bc35101567ebd0003 /dev/nvme4n1
discard c08bc35101567ebd0004 /dev/nvme2n1
discard c08bc35101567ebd0005 /dev/nvme1n1
discard c08bc35101567ebd0006 /dev/nvme6n1
START parent19496654-grouped-root-controls-hash-1048576-128-write-repeat1-20261005 1791220868.1641214
COMPLETE parent19496654-grouped-root-controls-hash-1048576-128-write-repeat1-20261005 1791220917.2492025
discard c08bc35101567ebd0001 /dev/nvme3n1
discard c08bc35101567ebd0002 /dev/nvme5n1
discard c08bc35101567ebd0003 /dev/nvme4n1
discard c08bc35101567ebd0004 /dev/nvme2n1
discard c08bc35101567ebd0005 /dev/nvme1n1
discard c08bc35101567ebd0006 /dev/nvme6n1
START candidate28d7cca4-grouped-root-controls-hash-1048576-128-write-repeat1-20261005 1791220924.5499284
COMPLETE candidate28d7cca4-grouped-root-controls-hash-1048576-128-write-repeat1-20261005 1791220974.6225007
discard c08bc35101567ebd0001 /dev/nvme3n1
discard c08bc35101567ebd0002 /dev/nvme5n1
discard c08bc35101567ebd0003 /dev/nvme4n1
discard c08bc35101567ebd0004 /dev/nvme2n1
discard c08bc35101567ebd0005 /dev/nvme1n1
discard c08bc35101567ebd0006 /dev/nvme6n1
START candidate28d7cca4-grouped-root-controls-hash-1048576-128-write-repeat2-20261005 1791220981.8705986
COMPLETE candidate28d7cca4-grouped-root-controls-hash-1048576-128-write-repeat2-20261005 1791221031.9418707
discard c08bc35101567ebd0001 /dev/nvme3n1
discard c08bc35101567ebd0002 /dev/nvme5n1
discard c08bc35101567ebd0003 /dev/nvme4n1
discard c08bc35101567ebd0004 /dev/nvme2n1
discard c08bc35101567ebd0005 /dev/nvme1n1
discard c08bc35101567ebd0006 /dev/nvme6n1
START parent19496654-grouped-root-controls-hash-1048576-128-write-repeat2-20261005 1791221039.2389717
COMPLETE parent19496654-grouped-root-controls-hash-1048576-128-write-repeat2-20261005 1791221089.308032
discard c08bc35101567ebd0001 /dev/nvme3n1
discard c08bc35101567ebd0002 /dev/nvme5n1
discard c08bc35101567ebd0003 /dev/nvme4n1
discard c08bc35101567ebd0004 /dev/nvme2n1
discard c08bc35101567ebd0005 /dev/nvme1n1
discard c08bc35101567ebd0006 /dev/nvme6n1
START parent19496654-grouped-root-controls-hash-1048576-128-write-repeat3-20261005 1791221096.584402
COMPLETE parent19496654-grouped-root-controls-hash-1048576-128-write-repeat3-20261005 1791221146.6548996
discard c08bc35101567ebd0001 /dev/nvme3n1
discard c08bc35101567ebd0002 /dev/nvme5n1
discard c08bc35101567ebd0003 /dev/nvme4n1
discard c08bc35101567ebd0004 /dev/nvme2n1
discard c08bc35101567ebd0005 /dev/nvme1n1
discard c08bc35101567ebd0006 /dev/nvme6n1
START candidate28d7cca4-grouped-root-controls-hash-1048576-128-write-repeat3-20261005 1791221153.9161544
COMPLETE candidate28d7cca4-grouped-root-controls-hash-1048576-128-write-repeat3-20261005 1791221203.9872828
discard c08bc35101567ebd0001 /dev/nvme3n1
discard c08bc35101567ebd0002 /dev/nvme5n1
discard c08bc35101567ebd0003 /dev/nvme4n1
discard c08bc35101567ebd0004 /dev/nvme2n1
discard c08bc35101567ebd0005 /dev/nvme1n1
discard c08bc35101567ebd0006 /dev/nvme6n1
START seed-parent19496654-grouped-root-controls-set-1048576-128-read-repeat1-20261005 1791221211.2763176
COMPLETE seed-parent19496654-grouped-root-controls-set-1048576-128-read-repeat1-20261005 1791221229.3370233
START parent19496654-grouped-root-controls-set-1048576-128-read-repeat1-20261005 1791221229.337111
COMPLETE parent19496654-grouped-root-controls-set-1048576-128-read-repeat1-20261005 1791221269.4084578
START candidate28d7cca4-grouped-root-controls-set-1048576-128-read-repeat1-20261005 1791221269.408576
COMPLETE candidate28d7cca4-grouped-root-controls-set-1048576-128-read-repeat1-20261005 1791221309.4758759
discard c08bc35101567ebd0001 /dev/nvme3n1
discard c08bc35101567ebd0002 /dev/nvme5n1
discard c08bc35101567ebd0003 /dev/nvme4n1
discard c08bc35101567ebd0004 /dev/nvme2n1
discard c08bc35101567ebd0005 /dev/nvme1n1
discard c08bc35101567ebd0006 /dev/nvme6n1
START seed-parent19496654-grouped-root-controls-set-1048576-128-read-repeat2-20261005 1791221316.8155103
COMPLETE seed-parent19496654-grouped-root-controls-set-1048576-128-read-repeat2-20261005 1791221334.8729055
START candidate28d7cca4-grouped-root-controls-set-1048576-128-read-repeat2-20261005 1791221334.8730166
COMPLETE candidate28d7cca4-grouped-root-controls-set-1048576-128-read-repeat2-20261005 1791221374.9426265
START parent19496654-grouped-root-controls-set-1048576-128-read-repeat2-20261005 1791221374.9427435
COMPLETE parent19496654-grouped-root-controls-set-1048576-128-read-repeat2-20261005 1791221415.0186622
discard c08bc35101567ebd0001 /dev/nvme3n1
discard c08bc35101567ebd0002 /dev/nvme5n1
discard c08bc35101567ebd0003 /dev/nvme4n1
discard c08bc35101567ebd0004 /dev/nvme2n1
discard c08bc35101567ebd0005 /dev/nvme1n1
discard c08bc35101567ebd0006 /dev/nvme6n1
START seed-parent19496654-grouped-root-controls-set-1048576-128-read-repeat3-20261005 1791221422.321604
COMPLETE seed-parent19496654-grouped-root-controls-set-1048576-128-read-repeat3-20261005 1791221439.3804326
START parent19496654-grouped-root-controls-set-1048576-128-read-repeat3-20261005 1791221439.3805196
COMPLETE parent19496654-grouped-root-controls-set-1048576-128-read-repeat3-20261005 1791221479.4512463
START candidate28d7cca4-grouped-root-controls-set-1048576-128-read-repeat3-20261005 1791221479.4513643
COMPLETE candidate28d7cca4-grouped-root-controls-set-1048576-128-read-repeat3-20261005 1791221519.5223613
discard c08bc35101567ebd0001 /dev/nvme3n1
discard c08bc35101567ebd0002 /dev/nvme5n1
discard c08bc35101567ebd0003 /dev/nvme4n1
discard c08bc35101567ebd0004 /dev/nvme2n1
discard c08bc35101567ebd0005 /dev/nvme1n1
discard c08bc35101567ebd0006 /dev/nvme6n1
START parent19496654-grouped-root-controls-set-1048576-128-write-repeat1-20261005 1791221526.7913783
COMPLETE parent19496654-grouped-root-controls-set-1048576-128-write-repeat1-20261005 1791221575.8648996
discard c08bc35101567ebd0001 /dev/nvme3n1
discard c08bc35101567ebd0002 /dev/nvme5n1
discard c08bc35101567ebd0003 /dev/nvme4n1
discard c08bc35101567ebd0004 /dev/nvme2n1
discard c08bc35101567ebd0005 /dev/nvme1n1
discard c08bc35101567ebd0006 /dev/nvme6n1
START candidate28d7cca4-grouped-root-controls-set-1048576-128-write-repeat1-20261005 1791221583.1111543
COMPLETE candidate28d7cca4-grouped-root-controls-set-1048576-128-write-repeat1-20261005 1791221632.1825686
discard c08bc35101567ebd0001 /dev/nvme3n1
discard c08bc35101567ebd0002 /dev/nvme5n1
discard c08bc35101567ebd0003 /dev/nvme4n1
discard c08bc35101567ebd0004 /dev/nvme2n1
discard c08bc35101567ebd0005 /dev/nvme1n1
discard c08bc35101567ebd0006 /dev/nvme6n1
START candidate28d7cca4-grouped-root-controls-set-1048576-128-write-repeat2-20261005 1791221639.454689
COMPLETE candidate28d7cca4-grouped-root-controls-set-1048576-128-write-repeat2-20261005 1791221689.5380862
discard c08bc35101567ebd0001 /dev/nvme3n1
discard c08bc35101567ebd0002 /dev/nvme5n1
discard c08bc35101567ebd0003 /dev/nvme4n1
discard c08bc35101567ebd0004 /dev/nvme2n1
discard c08bc35101567ebd0005 /dev/nvme1n1
discard c08bc35101567ebd0006 /dev/nvme6n1
START parent19496654-grouped-root-controls-set-1048576-128-write-repeat2-20261005 1791221696.8312514
COMPLETE parent19496654-grouped-root-controls-set-1048576-128-write-repeat2-20261005 1791221746.9049058
discard c08bc35101567ebd0001 /dev/nvme3n1
discard c08bc35101567ebd0002 /dev/nvme5n1
discard c08bc35101567ebd0003 /dev/nvme4n1
discard c08bc35101567ebd0004 /dev/nvme2n1
discard c08bc35101567ebd0005 /dev/nvme1n1
discard c08bc35101567ebd0006 /dev/nvme6n1
START parent19496654-grouped-root-controls-set-1048576-128-write-repeat3-20261005 1791221754.2330768
COMPLETE parent19496654-grouped-root-controls-set-1048576-128-write-repeat3-20261005 1791221803.3658588
discard c08bc35101567ebd0001 /dev/nvme3n1
discard c08bc35101567ebd0002 /dev/nvme5n1
discard c08bc35101567ebd0003 /dev/nvme4n1
discard c08bc35101567ebd0004 /dev/nvme2n1
discard c08bc35101567ebd0005 /dev/nvme1n1
discard c08bc35101567ebd0006 /dev/nvme6n1
START candidate28d7cca4-grouped-root-controls-set-1048576-128-write-repeat3-20261005 1791221810.661502
COMPLETE candidate28d7cca4-grouped-root-controls-set-1048576-128-write-repeat3-20261005 1791221859.7360947
discard c08bc35101567ebd0001 /dev/nvme3n1
discard c08bc35101567ebd0002 /dev/nvme5n1
discard c08bc35101567ebd0003 /dev/nvme4n1
discard c08bc35101567ebd0004 /dev/nvme2n1
discard c08bc35101567ebd0005 /dev/nvme1n1
discard c08bc35101567ebd0006 /dev/nvme6n1
START seed-parent19496654-grouped-root-controls-list-65536-128-read-repeat1-20261005 1791221867.0159166
COMPLETE seed-parent19496654-grouped-root-controls-list-65536-128-read-repeat1-20261005 1791221875.1912758
START parent19496654-grouped-root-controls-list-65536-128-read-repeat1-20261005 1791221875.1913612
COMPLETE parent19496654-grouped-root-controls-list-65536-128-read-repeat1-20261005 1791221946.2675138
START candidate28d7cca4-grouped-root-controls-list-65536-128-read-repeat1-20261005 1791221946.2676167
COMPLETE candidate28d7cca4-grouped-root-controls-list-65536-128-read-repeat1-20261005 1791222017.3467426
discard c08bc35101567ebd0001 /dev/nvme3n1
discard c08bc35101567ebd0002 /dev/nvme5n1
discard c08bc35101567ebd0003 /dev/nvme4n1
discard c08bc35101567ebd0004 /dev/nvme2n1
discard c08bc35101567ebd0005 /dev/nvme1n1
discard c08bc35101567ebd0006 /dev/nvme6n1
START seed-parent19496654-grouped-root-controls-list-65536-128-read-repeat2-20261005 1791222024.585482
COMPLETE seed-parent19496654-grouped-root-controls-list-65536-128-read-repeat2-20261005 1791222032.7332013
START candidate28d7cca4-grouped-root-controls-list-65536-128-read-repeat2-20261005 1791222032.7332957
COMPLETE candidate28d7cca4-grouped-root-controls-list-65536-128-read-repeat2-20261005 1791222103.8141103
START parent19496654-grouped-root-controls-list-65536-128-read-repeat2-20261005 1791222103.8141994
COMPLETE parent19496654-grouped-root-controls-list-65536-128-read-repeat2-20261005 1791222174.8990889
discard c08bc35101567ebd0001 /dev/nvme3n1
discard c08bc35101567ebd0002 /dev/nvme5n1
discard c08bc35101567ebd0003 /dev/nvme4n1
discard c08bc35101567ebd0004 /dev/nvme2n1
discard c08bc35101567ebd0005 /dev/nvme1n1
discard c08bc35101567ebd0006 /dev/nvme6n1
START seed-parent19496654-grouped-root-controls-list-65536-128-read-repeat3-20261005 1791222182.1741345
COMPLETE seed-parent19496654-grouped-root-controls-list-65536-128-read-repeat3-20261005 1791222190.2321975
START parent19496654-grouped-root-controls-list-65536-128-read-repeat3-20261005 1791222190.2322795
COMPLETE parent19496654-grouped-root-controls-list-65536-128-read-repeat3-20261005 1791222261.3109424
START candidate28d7cca4-grouped-root-controls-list-65536-128-read-repeat3-20261005 1791222261.3110473
COMPLETE candidate28d7cca4-grouped-root-controls-list-65536-128-read-repeat3-20261005 1791222332.3908288
discard c08bc35101567ebd0001 /dev/nvme3n1
discard c08bc35101567ebd0002 /dev/nvme5n1
discard c08bc35101567ebd0003 /dev/nvme4n1
discard c08bc35101567ebd0004 /dev/nvme2n1
discard c08bc35101567ebd0005 /dev/nvme1n1
discard c08bc35101567ebd0006 /dev/nvme6n1
START parent19496654-grouped-root-controls-list-65536-128-write-repeat1-20261005 1791222339.7360291
COMPLETE parent19496654-grouped-root-controls-list-65536-128-write-repeat1-20261005 1791222379.892477
discard c08bc35101567ebd0001 /dev/nvme3n1
discard c08bc35101567ebd0002 /dev/nvme5n1
discard c08bc35101567ebd0003 /dev/nvme4n1
discard c08bc35101567ebd0004 /dev/nvme2n1
discard c08bc35101567ebd0005 /dev/nvme1n1
discard c08bc35101567ebd0006 /dev/nvme6n1
START candidate28d7cca4-grouped-root-controls-list-65536-128-write-repeat1-20261005 1791222387.2002213
COMPLETE candidate28d7cca4-grouped-root-controls-list-65536-128-write-repeat1-20261005 1791222427.2761261
discard c08bc35101567ebd0001 /dev/nvme3n1
discard c08bc35101567ebd0002 /dev/nvme5n1
discard c08bc35101567ebd0003 /dev/nvme4n1
discard c08bc35101567ebd0004 /dev/nvme2n1
discard c08bc35101567ebd0005 /dev/nvme1n1
discard c08bc35101567ebd0006 /dev/nvme6n1
START candidate28d7cca4-grouped-root-controls-list-65536-128-write-repeat2-20261005 1791222434.5915394
COMPLETE candidate28d7cca4-grouped-root-controls-list-65536-128-write-repeat2-20261005 1791222474.6597626
discard c08bc35101567ebd0001 /dev/nvme3n1
discard c08bc35101567ebd0002 /dev/nvme5n1
discard c08bc35101567ebd0003 /dev/nvme4n1
discard c08bc35101567ebd0004 /dev/nvme2n1
discard c08bc35101567ebd0005 /dev/nvme1n1
discard c08bc35101567ebd0006 /dev/nvme6n1
START parent19496654-grouped-root-controls-list-65536-128-write-repeat2-20261005 1791222481.9765985
COMPLETE parent19496654-grouped-root-controls-list-65536-128-write-repeat2-20261005 1791222522.1725698
discard c08bc35101567ebd0001 /dev/nvme3n1
discard c08bc35101567ebd0002 /dev/nvme5n1
discard c08bc35101567ebd0003 /dev/nvme4n1
discard c08bc35101567ebd0004 /dev/nvme2n1
discard c08bc35101567ebd0005 /dev/nvme1n1
discard c08bc35101567ebd0006 /dev/nvme6n1
START parent19496654-grouped-root-controls-list-65536-128-write-repeat3-20261005 1791222529.4243813
COMPLETE parent19496654-grouped-root-controls-list-65536-128-write-repeat3-20261005 1791222569.4924097
discard c08bc35101567ebd0001 /dev/nvme3n1
discard c08bc35101567ebd0002 /dev/nvme5n1
discard c08bc35101567ebd0003 /dev/nvme4n1
discard c08bc35101567ebd0004 /dev/nvme2n1
discard c08bc35101567ebd0005 /dev/nvme1n1
discard c08bc35101567ebd0006 /dev/nvme6n1
START candidate28d7cca4-grouped-root-controls-list-65536-128-write-repeat3-20261005 1791222576.8428628
COMPLETE candidate28d7cca4-grouped-root-controls-list-65536-128-write-repeat3-20261005 1791222616.9151251
discard c08bc35101567ebd0001 /dev/nvme3n1
discard c08bc35101567ebd0002 /dev/nvme5n1
discard c08bc35101567ebd0003 /dev/nvme4n1
discard c08bc35101567ebd0004 /dev/nvme2n1
discard c08bc35101567ebd0005 /dev/nvme1n1
discard c08bc35101567ebd0006 /dev/nvme6n1
START seed-parent19496654-grouped-root-controls-zset-65536-128-read-repeat1-20261005 1791222624.2540007
COMPLETE seed-parent19496654-grouped-root-controls-zset-65536-128-read-repeat1-20261005 1791222632.391476
START parent19496654-grouped-root-controls-zset-65536-128-read-repeat1-20261005 1791222632.391555
COMPLETE parent19496654-grouped-root-controls-zset-65536-128-read-repeat1-20261005 1791222672.4622626
START candidate28d7cca4-grouped-root-controls-zset-65536-128-read-repeat1-20261005 1791222672.4623523
COMPLETE candidate28d7cca4-grouped-root-controls-zset-65536-128-read-repeat1-20261005 1791222712.5327187
discard c08bc35101567ebd0001 /dev/nvme3n1
discard c08bc35101567ebd0002 /dev/nvme5n1
discard c08bc35101567ebd0003 /dev/nvme4n1
discard c08bc35101567ebd0004 /dev/nvme2n1
discard c08bc35101567ebd0005 /dev/nvme1n1
discard c08bc35101567ebd0006 /dev/nvme6n1
START seed-parent19496654-grouped-root-controls-zset-65536-128-read-repeat2-20261005 1791222719.8213186
COMPLETE seed-parent19496654-grouped-root-controls-zset-65536-128-read-repeat2-20261005 1791222727.874588
START candidate28d7cca4-grouped-root-controls-zset-65536-128-read-repeat2-20261005 1791222727.8746693
COMPLETE candidate28d7cca4-grouped-root-controls-zset-65536-128-read-repeat2-20261005 1791222767.9425364
START parent19496654-grouped-root-controls-zset-65536-128-read-repeat2-20261005 1791222767.9426289
COMPLETE parent19496654-grouped-root-controls-zset-65536-128-read-repeat2-20261005 1791222808.012234
discard c08bc35101567ebd0001 /dev/nvme3n1
discard c08bc35101567ebd0002 /dev/nvme5n1
discard c08bc35101567ebd0003 /dev/nvme4n1
discard c08bc35101567ebd0004 /dev/nvme2n1
discard c08bc35101567ebd0005 /dev/nvme1n1
discard c08bc35101567ebd0006 /dev/nvme6n1
START seed-parent19496654-grouped-root-controls-zset-65536-128-read-repeat3-20261005 1791222815.4277203
COMPLETE seed-parent19496654-grouped-root-controls-zset-65536-128-read-repeat3-20261005 1791222823.485275
START parent19496654-grouped-root-controls-zset-65536-128-read-repeat3-20261005 1791222823.485353
COMPLETE parent19496654-grouped-root-controls-zset-65536-128-read-repeat3-20261005 1791222863.5573692
START candidate28d7cca4-grouped-root-controls-zset-65536-128-read-repeat3-20261005 1791222863.5574574
COMPLETE candidate28d7cca4-grouped-root-controls-zset-65536-128-read-repeat3-20261005 1791222903.6338947
discard c08bc35101567ebd0001 /dev/nvme3n1
discard c08bc35101567ebd0002 /dev/nvme5n1
discard c08bc35101567ebd0003 /dev/nvme4n1
discard c08bc35101567ebd0004 /dev/nvme2n1
discard c08bc35101567ebd0005 /dev/nvme1n1
discard c08bc35101567ebd0006 /dev/nvme6n1
START parent19496654-grouped-root-controls-zset-65536-128-write-repeat1-20261005 1791222910.8922806
COMPLETE parent19496654-grouped-root-controls-zset-65536-128-write-repeat1-20261005 1791222950.9614205
discard c08bc35101567ebd0001 /dev/nvme3n1
discard c08bc35101567ebd0002 /dev/nvme5n1
discard c08bc35101567ebd0003 /dev/nvme4n1
discard c08bc35101567ebd0004 /dev/nvme2n1
discard c08bc35101567ebd0005 /dev/nvme1n1
discard c08bc35101567ebd0006 /dev/nvme6n1
START candidate28d7cca4-grouped-root-controls-zset-65536-128-write-repeat1-20261005 1791222958.2396898
COMPLETE candidate28d7cca4-grouped-root-controls-zset-65536-128-write-repeat1-20261005 1791222998.3194506
discard c08bc35101567ebd0001 /dev/nvme3n1
discard c08bc35101567ebd0002 /dev/nvme5n1
discard c08bc35101567ebd0003 /dev/nvme4n1
discard c08bc35101567ebd0004 /dev/nvme2n1
discard c08bc35101567ebd0005 /dev/nvme1n1
discard c08bc35101567ebd0006 /dev/nvme6n1
START candidate28d7cca4-grouped-root-controls-zset-65536-128-write-repeat2-20261005 1791223005.6154912
COMPLETE candidate28d7cca4-grouped-root-controls-zset-65536-128-write-repeat2-20261005 1791223045.6848571
discard c08bc35101567ebd0001 /dev/nvme3n1
discard c08bc35101567ebd0002 /dev/nvme5n1
discard c08bc35101567ebd0003 /dev/nvme4n1
discard c08bc35101567ebd0004 /dev/nvme2n1
discard c08bc35101567ebd0005 /dev/nvme1n1
discard c08bc35101567ebd0006 /dev/nvme6n1
START parent19496654-grouped-root-controls-zset-65536-128-write-repeat2-20261005 1791223052.9633198
COMPLETE parent19496654-grouped-root-controls-zset-65536-128-write-repeat2-20261005 1791223093.0333483
discard c08bc35101567ebd0001 /dev/nvme3n1
discard c08bc35101567ebd0002 /dev/nvme5n1
discard c08bc35101567ebd0003 /dev/nvme4n1
discard c08bc35101567ebd0004 /dev/nvme2n1
discard c08bc35101567ebd0005 /dev/nvme1n1
discard c08bc35101567ebd0006 /dev/nvme6n1
START parent19496654-grouped-root-controls-zset-65536-128-write-repeat3-20261005 1791223100.332949
COMPLETE parent19496654-grouped-root-controls-zset-65536-128-write-repeat3-20261005 1791223140.4059596
discard c08bc35101567ebd0001 /dev/nvme3n1
discard c08bc35101567ebd0002 /dev/nvme5n1
discard c08bc35101567ebd0003 /dev/nvme4n1
discard c08bc35101567ebd0004 /dev/nvme2n1
discard c08bc35101567ebd0005 /dev/nvme1n1
discard c08bc35101567ebd0006 /dev/nvme6n1
START candidate28d7cca4-grouped-root-controls-zset-65536-128-write-repeat3-20261005 1791223147.6848059
COMPLETE candidate28d7cca4-grouped-root-controls-zset-65536-128-write-repeat3-20261005 1791223187.7527368
discard c08bc35101567ebd0001 /dev/nvme3n1
discard c08bc35101567ebd0002 /dev/nvme5n1
discard c08bc35101567ebd0003 /dev/nvme4n1
discard c08bc35101567ebd0004 /dev/nvme2n1
discard c08bc35101567ebd0005 /dev/nvme1n1
discard c08bc35101567ebd0006 /dev/nvme6n1
START seed-parent19496654-grouped-root-controls-stream-65536-1024-read-repeat1-20261005 1791223195.0540473
COMPLETE seed-parent19496654-grouped-root-controls-stream-65536-1024-read-repeat1-20261005 1791223203.1082983
START parent19496654-grouped-root-controls-stream-65536-1024-read-repeat1-20261005 1791223203.1083798
COMPLETE parent19496654-grouped-root-controls-stream-65536-1024-read-repeat1-20261005 1791223277.1925726
START candidate28d7cca4-grouped-root-controls-stream-65536-1024-read-repeat1-20261005 1791223277.1926625
COMPLETE candidate28d7cca4-grouped-root-controls-stream-65536-1024-read-repeat1-20261005 1791223350.3906825
discard c08bc35101567ebd0001 /dev/nvme3n1
discard c08bc35101567ebd0002 /dev/nvme5n1
discard c08bc35101567ebd0003 /dev/nvme4n1
discard c08bc35101567ebd0004 /dev/nvme2n1
discard c08bc35101567ebd0005 /dev/nvme1n1
discard c08bc35101567ebd0006 /dev/nvme6n1
START seed-parent19496654-grouped-root-controls-stream-65536-1024-read-repeat2-20261005 1791223357.7023613
COMPLETE seed-parent19496654-grouped-root-controls-stream-65536-1024-read-repeat2-20261005 1791223365.760583
START candidate28d7cca4-grouped-root-controls-stream-65536-1024-read-repeat2-20261005 1791223365.7606626
COMPLETE candidate28d7cca4-grouped-root-controls-stream-65536-1024-read-repeat2-20261005 1791223438.843104
START parent19496654-grouped-root-controls-stream-65536-1024-read-repeat2-20261005 1791223438.8431916
COMPLETE parent19496654-grouped-root-controls-stream-65536-1024-read-repeat2-20261005 1791223512.9231138
discard c08bc35101567ebd0001 /dev/nvme3n1
discard c08bc35101567ebd0002 /dev/nvme5n1
discard c08bc35101567ebd0003 /dev/nvme4n1
discard c08bc35101567ebd0004 /dev/nvme2n1
discard c08bc35101567ebd0005 /dev/nvme1n1
discard c08bc35101567ebd0006 /dev/nvme6n1
START seed-parent19496654-grouped-root-controls-stream-65536-1024-read-repeat3-20261005 1791223520.201173
COMPLETE seed-parent19496654-grouped-root-controls-stream-65536-1024-read-repeat3-20261005 1791223528.414757
START parent19496654-grouped-root-controls-stream-65536-1024-read-repeat3-20261005 1791223528.4148405
COMPLETE parent19496654-grouped-root-controls-stream-65536-1024-read-repeat3-20261005 1791223602.4953084
START candidate28d7cca4-grouped-root-controls-stream-65536-1024-read-repeat3-20261005 1791223602.4953976
COMPLETE candidate28d7cca4-grouped-root-controls-stream-65536-1024-read-repeat3-20261005 1791223676.574252
discard c08bc35101567ebd0001 /dev/nvme3n1
discard c08bc35101567ebd0002 /dev/nvme5n1
discard c08bc35101567ebd0003 /dev/nvme4n1
discard c08bc35101567ebd0004 /dev/nvme2n1
discard c08bc35101567ebd0005 /dev/nvme1n1
discard c08bc35101567ebd0006 /dev/nvme6n1
START parent19496654-grouped-root-controls-stream-65536-1024-write-repeat1-20261005 1791223683.8908613
COMPLETE parent19496654-grouped-root-controls-stream-65536-1024-write-repeat1-20261005 1791223723.960214
discard c08bc35101567ebd0001 /dev/nvme3n1
discard c08bc35101567ebd0002 /dev/nvme5n1
discard c08bc35101567ebd0003 /dev/nvme4n1
discard c08bc35101567ebd0004 /dev/nvme2n1
discard c08bc35101567ebd0005 /dev/nvme1n1
discard c08bc35101567ebd0006 /dev/nvme6n1
START candidate28d7cca4-grouped-root-controls-stream-65536-1024-write-repeat1-20261005 1791223731.2502632
COMPLETE candidate28d7cca4-grouped-root-controls-stream-65536-1024-write-repeat1-20261005 1791223771.325587
discard c08bc35101567ebd0001 /dev/nvme3n1
discard c08bc35101567ebd0002 /dev/nvme5n1
discard c08bc35101567ebd0003 /dev/nvme4n1
discard c08bc35101567ebd0004 /dev/nvme2n1
discard c08bc35101567ebd0005 /dev/nvme1n1
discard c08bc35101567ebd0006 /dev/nvme6n1
START candidate28d7cca4-grouped-root-controls-stream-65536-1024-write-repeat2-20261005 1791223778.6213963
COMPLETE candidate28d7cca4-grouped-root-controls-stream-65536-1024-write-repeat2-20261005 1791223818.7017567
discard c08bc35101567ebd0001 /dev/nvme3n1
discard c08bc35101567ebd0002 /dev/nvme5n1
discard c08bc35101567ebd0003 /dev/nvme4n1
discard c08bc35101567ebd0004 /dev/nvme2n1
discard c08bc35101567ebd0005 /dev/nvme1n1
discard c08bc35101567ebd0006 /dev/nvme6n1
START parent19496654-grouped-root-controls-stream-65536-1024-write-repeat2-20261005 1791223825.9915318
COMPLETE parent19496654-grouped-root-controls-stream-65536-1024-write-repeat2-20261005 1791223866.0604386
discard c08bc35101567ebd0001 /dev/nvme3n1
discard c08bc35101567ebd0002 /dev/nvme5n1
discard c08bc35101567ebd0003 /dev/nvme4n1
discard c08bc35101567ebd0004 /dev/nvme2n1
discard c08bc35101567ebd0005 /dev/nvme1n1
discard c08bc35101567ebd0006 /dev/nvme6n1
START parent19496654-grouped-root-controls-stream-65536-1024-write-repeat3-20261005 1791223873.3798208
COMPLETE parent19496654-grouped-root-controls-stream-65536-1024-write-repeat3-20261005 1791223913.4488845
discard c08bc35101567ebd0001 /dev/nvme3n1
discard c08bc35101567ebd0002 /dev/nvme5n1
discard c08bc35101567ebd0003 /dev/nvme4n1
discard c08bc35101567ebd0004 /dev/nvme2n1
discard c08bc35101567ebd0005 /dev/nvme1n1
discard c08bc35101567ebd0006 /dev/nvme6n1
START candidate28d7cca4-grouped-root-controls-stream-65536-1024-write-repeat3-20261005 1791223920.7115564
COMPLETE candidate28d7cca4-grouped-root-controls-stream-65536-1024-write-repeat3-20261005 1791223960.9386039
ALL_GROUPED_ROOT_CONTROLS_COMPLETE 1791223966.4041061
