WAIT_FOR_HOST_LOCK rpush-lpop-8m-optimization 1599761 1791457979.529581
HOST_LOCK_ACQUIRED rpush-lpop-8m-optimization 1599761 1791457979.5296047
START maincc31b3a6-push8m-list-8388608-rpush_lpop-r4-20261008 1791457980.0267088
discard c08bc35101567ebd0001 /dev/nvme3n1
discard c08bc35101567ebd0002 /dev/nvme5n1
discard c08bc35101567ebd0003 /dev/nvme4n1
discard c08bc35101567ebd0004 /dev/nvme2n1
discard c08bc35101567ebd0005 /dev/nvme1n1
discard c08bc35101567ebd0006 /dev/nvme6n1
COMPLETE maincc31b3a6-push8m-list-8388608-rpush_lpop-r4-20261008 49785.55 49.079 1791458031.5973997
START pushopta519271b-push8m-list-8388608-rpush_lpop-r4-20261008 1791458032.0877514
discard c08bc35101567ebd0001 /dev/nvme3n1
discard c08bc35101567ebd0002 /dev/nvme5n1
discard c08bc35101567ebd0003 /dev/nvme4n1
discard c08bc35101567ebd0004 /dev/nvme2n1
discard c08bc35101567ebd0005 /dev/nvme1n1
discard c08bc35101567ebd0006 /dev/nvme6n1
COMPLETE pushopta519271b-push8m-list-8388608-rpush_lpop-r4-20261008 48653.19 55.109 1791458085.6772234
START pushopta519271b-push8m-list-8388608-rpush_lpop-r5-20261008 1791458086.1682308
discard c08bc35101567ebd0001 /dev/nvme3n1
discard c08bc35101567ebd0002 /dev/nvme5n1
discard c08bc35101567ebd0003 /dev/nvme4n1
discard c08bc35101567ebd0004 /dev/nvme2n1
discard c08bc35101567ebd0005 /dev/nvme1n1
discard c08bc35101567ebd0006 /dev/nvme6n1
COMPLETE pushopta519271b-push8m-list-8388608-rpush_lpop-r5-20261008 34454.33 79.291 1791458139.7519042
START maincc31b3a6-push8m-list-8388608-rpush_lpop-r5-20261008 1791458140.2423797
discard c08bc35101567ebd0001 /dev/nvme3n1
discard c08bc35101567ebd0002 /dev/nvme5n1
discard c08bc35101567ebd0003 /dev/nvme4n1
discard c08bc35101567ebd0004 /dev/nvme2n1
discard c08bc35101567ebd0005 /dev/nvme1n1
discard c08bc35101567ebd0006 /dev/nvme6n1
COMPLETE maincc31b3a6-push8m-list-8388608-rpush_lpop-r5-20261008 39185.98 97.906 1791458192.004062
START maincc31b3a6-push8m-list-8388608-rpush_lpop-r6-20261008 1791458192.4949236
discard c08bc35101567ebd0001 /dev/nvme3n1
discard c08bc35101567ebd0002 /dev/nvme5n1
discard c08bc35101567ebd0003 /dev/nvme4n1
discard c08bc35101567ebd0004 /dev/nvme2n1
discard c08bc35101567ebd0005 /dev/nvme1n1
discard c08bc35101567ebd0006 /dev/nvme6n1
COMPLETE maincc31b3a6-push8m-list-8388608-rpush_lpop-r6-20261008 57908.41 20.915 1791458244.1568081
START pushopta519271b-push8m-list-8388608-rpush_lpop-r6-20261008 1791458244.647759
discard c08bc35101567ebd0001 /dev/nvme3n1
discard c08bc35101567ebd0002 /dev/nvme5n1
discard c08bc35101567ebd0003 /dev/nvme4n1
discard c08bc35101567ebd0004 /dev/nvme2n1
discard c08bc35101567ebd0005 /dev/nvme1n1
discard c08bc35101567ebd0006 /dev/nvme6n1
COMPLETE pushopta519271b-push8m-list-8388608-rpush_lpop-r6-20261008 41207.65 66.259 1791458298.2196684
START perf-maincc31b3a6-push8m-list-8388608-rpush_lpop-r4-20261008 1791458298.710341
discard c08bc35101567ebd0001 /dev/nvme3n1
discard c08bc35101567ebd0002 /dev/nvme5n1
discard c08bc35101567ebd0003 /dev/nvme4n1
discard c08bc35101567ebd0004 /dev/nvme2n1
discard c08bc35101567ebd0005 /dev/nvme1n1
discard c08bc35101567ebd0006 /dev/nvme6n1
COMPLETE perf-maincc31b3a6-push8m-list-8388608-rpush_lpop-r4-20261008 55995.38 21.823 1791458381.3455112
START perf-pushopta519271b-push8m-list-8388608-rpush_lpop-r4-20261008 1791458381.8362277
discard c08bc35101567ebd0001 /dev/nvme3n1
discard c08bc35101567ebd0002 /dev/nvme5n1
discard c08bc35101567ebd0003 /dev/nvme4n1
discard c08bc35101567ebd0004 /dev/nvme2n1
discard c08bc35101567ebd0005 /dev/nvme1n1
discard c08bc35101567ebd0006 /dev/nvme6n1
COMPLETE perf-pushopta519271b-push8m-list-8388608-rpush_lpop-r4-20261008 53125.07 27.171 1791458465.4365003
ALL_PUSHOPT_PAIRS_AND_PERF_COMPLETE 1791458465.4368722
