discard c08bc35101567ebd0001 /dev/nvme3n1
discard c08bc35101567ebd0002 /dev/nvme5n1
discard c08bc35101567ebd0003 /dev/nvme4n1
discard c08bc35101567ebd0004 /dev/nvme2n1
discard c08bc35101567ebd0005 /dev/nvme1n1
discard c08bc35101567ebd0006 /dev/nvme6n1
START mainc55e52c9-ordered-stream-104857600-k8-f128-20261008 1791441566.0949368
2026-10-08 06:39:32 lavik-mainc55e52c9-ordered-stream-104857600-k8-f128-20261008 stream-104857600-128 fill
2026-10-08 06:45:19 stream fill worker 8 keys 1 / 1
2026-10-08 06:45:22 stream fill worker 7 keys 1 / 1
2026-10-08 06:45:26 stream fill worker 3 keys 1 / 1
2026-10-08 06:45:30 stream fill worker 4 keys 1 / 1
2026-10-08 06:46:13 stream fill worker 6 keys 1 / 1
2026-10-08 06:46:14 stream fill worker 2 keys 1 / 1
2026-10-08 06:46:20 stream fill worker 5 keys 1 / 1
2026-10-08 06:46:30 stream fill worker 1 keys 1 / 1
2026-10-08 06:46:40 lavik-mainc55e52c9-ordered-stream-104857600-k8-f128-20261008 stream-104857600-128-xrange_full-c1 2 QPS p99=460.80 ms
2026-10-08 06:46:50 lavik-mainc55e52c9-ordered-stream-104857600-k8-f128-20261008 stream-104857600-128-xrange_full-c4 7 QPS p99=753.66 ms
2026-10-08 06:46:59 lavik-mainc55e52c9-ordered-stream-104857600-k8-f128-20261008 stream-104857600-128-xrange_full-c16 15 QPS p99=1998.85 ms
2026-10-08 06:47:09 lavik-mainc55e52c9-ordered-stream-104857600-k8-f128-20261008 stream-104857600-128-xrange-c80 166892 QPS p99=0.95 ms
2026-10-08 06:47:19 lavik-mainc55e52c9-ordered-stream-104857600-k8-f128-20261008 stream-104857600-128-xrange-c320 191982 QPS p99=4.25 ms
2026-10-08 06:47:28 lavik-mainc55e52c9-ordered-stream-104857600-k8-f128-20261008 stream-104857600-128-xrange-c1280 145581 QPS p99=35.33 ms
2026-10-08 06:47:39 lavik-mainc55e52c9-ordered-stream-104857600-k8-f128-20261008 stream-104857600-128-xrange-c2560 125390 QPS p99=82.43 ms
2026-10-08 06:47:50 lavik-mainc55e52c9-ordered-stream-104857600-k8-f128-20261008 stream-104857600-128-xrange-c5120 125439 QPS p99=164.86 ms
2026-10-08 06:47:59 lavik-mainc55e52c9-ordered-stream-104857600-k8-f128-20261008 stream-104857600-128-xadd_maxlen-c80 14187 QPS p99=23.93 ms
2026-10-08 06:48:09 lavik-mainc55e52c9-ordered-stream-104857600-k8-f128-20261008 stream-104857600-128-xadd_maxlen-c320 14969 QPS p99=95.23 ms
2026-10-08 06:48:19 lavik-mainc55e52c9-ordered-stream-104857600-k8-f128-20261008 stream-104857600-128-xadd_maxlen-c1280 14505 QPS p99=425.98 ms
2026-10-08 06:48:29 lavik-mainc55e52c9-ordered-stream-104857600-k8-f128-20261008 stream-104857600-128-xadd_maxlen-c2560 16807 QPS p99=647.17 ms
2026-10-08 06:48:40 lavik-mainc55e52c9-ordered-stream-104857600-k8-f128-20261008 stream-104857600-128-xadd_maxlen-c5120 17483 QPS p99=774.14 ms
COMPLETE mainc55e52c9-ordered-stream-104857600-k8-f128-20261008 1791442123.294753
