discard c08bc35101567ebd0001 /dev/nvme3n1
discard c08bc35101567ebd0002 /dev/nvme5n1
discard c08bc35101567ebd0003 /dev/nvme4n1
discard c08bc35101567ebd0004 /dev/nvme2n1
discard c08bc35101567ebd0005 /dev/nvme1n1
discard c08bc35101567ebd0006 /dev/nvme6n1
START mainc55e52c9-hashset-hash-104857600-k500-f1024-20261008 1791444485.8050048
2026-10-08 07:28:11 lavik-seed-mainc55e52c9-hashset-hash-104857600-k500-f1024-20261008 hash-104857600-1024 fill
2026-10-08 07:28:14 RESTORE fill 10 / 500
2026-10-08 07:28:15 RESTORE fill 20 / 500
2026-10-08 07:28:17 RESTORE fill 30 / 500
2026-10-08 07:28:19 RESTORE fill 40 / 500
2026-10-08 07:28:21 RESTORE fill 50 / 500
2026-10-08 07:28:23 RESTORE fill 60 / 500
2026-10-08 07:28:25 RESTORE fill 70 / 500
2026-10-08 07:28:27 RESTORE fill 80 / 500
2026-10-08 07:28:30 RESTORE fill 90 / 500
2026-10-08 07:28:32 RESTORE fill 100 / 500
2026-10-08 07:28:35 RESTORE fill 110 / 500
2026-10-08 07:28:38 RESTORE fill 120 / 500
2026-10-08 07:28:40 RESTORE fill 130 / 500
2026-10-08 07:28:42 RESTORE fill 140 / 500
2026-10-08 07:28:44 RESTORE fill 150 / 500
2026-10-08 07:28:46 RESTORE fill 160 / 500
2026-10-08 07:28:49 RESTORE fill 170 / 500
2026-10-08 07:28:50 RESTORE fill 180 / 500
2026-10-08 07:28:52 RESTORE fill 190 / 500
2026-10-08 07:28:54 RESTORE fill 200 / 500
2026-10-08 07:28:58 RESTORE fill 210 / 500
2026-10-08 07:28:59 RESTORE fill 220 / 500
2026-10-08 07:29:01 RESTORE fill 230 / 500
2026-10-08 07:29:03 RESTORE fill 240 / 500
2026-10-08 07:29:05 RESTORE fill 250 / 500
2026-10-08 07:29:07 RESTORE fill 260 / 500
2026-10-08 07:29:09 RESTORE fill 270 / 500
2026-10-08 07:29:11 RESTORE fill 280 / 500
2026-10-08 07:29:14 RESTORE fill 290 / 500
2026-10-08 07:29:17 RESTORE fill 300 / 500
2026-10-08 07:29:19 RESTORE fill 310 / 500
2026-10-08 07:29:20 RESTORE fill 320 / 500
2026-10-08 07:29:22 RESTORE fill 330 / 500
2026-10-08 07:29:25 RESTORE fill 340 / 500
2026-10-08 07:29:27 RESTORE fill 350 / 500
2026-10-08 07:29:29 RESTORE fill 360 / 500
2026-10-08 07:29:32 RESTORE fill 370 / 500
2026-10-08 07:29:34 RESTORE fill 380 / 500
2026-10-08 07:29:36 RESTORE fill 390 / 500
2026-10-08 07:29:38 RESTORE fill 400 / 500
2026-10-08 07:29:39 RESTORE fill 410 / 500
2026-10-08 07:29:42 RESTORE fill 420 / 500
2026-10-08 07:29:45 RESTORE fill 430 / 500
2026-10-08 07:29:48 RESTORE fill 440 / 500
2026-10-08 07:29:51 RESTORE fill 450 / 500
2026-10-08 07:29:53 RESTORE fill 460 / 500
2026-10-08 07:29:55 RESTORE fill 470 / 500
2026-10-08 07:29:58 RESTORE fill 480 / 500
2026-10-08 07:30:01 RESTORE fill 490 / 500
2026-10-08 07:30:05 RESTORE fill 500 / 500
2026-10-08 07:30:05 RESTORE settle 217806576 backlog bytes 0 queued commits
2026-10-08 07:30:12 lavik-seed-mainc55e52c9-hashset-hash-104857600-k500-f1024-20261008 hash-104857600-1024-hgetall-c1 1 QPS p99=1310.72 ms
2026-10-08 07:30:33 lavik-mainc55e52c9-hashset-hash-104857600-k500-f1024-20261008 hash-104857600-1024 fill
2026-10-08 07:30:44 lavik-mainc55e52c9-hashset-hash-104857600-k500-f1024-20261008 hash-104857600-1024-hgetall-c1 1 QPS p99=1466.37 ms
2026-10-08 07:30:54 lavik-mainc55e52c9-hashset-hash-104857600-k500-f1024-20261008 hash-104857600-1024-hgetall-c4 3 QPS p99=1400.83 ms
2026-10-08 07:31:04 lavik-mainc55e52c9-hashset-hash-104857600-k500-f1024-20261008 hash-104857600-1024-hgetall-c16 11 QPS p99=1736.70 ms
2026-10-08 07:31:13 lavik-mainc55e52c9-hashset-hash-104857600-k500-f1024-20261008 hash-104857600-1024-hget-c80 359254 QPS p99=0.34 ms
2026-10-08 07:31:23 lavik-mainc55e52c9-hashset-hash-104857600-k500-f1024-20261008 hash-104857600-1024-hget-c320 569502 QPS p99=1.90 ms
2026-10-08 07:31:33 lavik-mainc55e52c9-hashset-hash-104857600-k500-f1024-20261008 hash-104857600-1024-hget-c1280 416188 QPS p99=24.06 ms
2026-10-08 07:31:43 lavik-mainc55e52c9-hashset-hash-104857600-k500-f1024-20261008 hash-104857600-1024-hget-c2560 364013 QPS p99=55.55 ms
2026-10-08 07:31:54 lavik-mainc55e52c9-hashset-hash-104857600-k500-f1024-20261008 hash-104857600-1024-hget-c5120 337642 QPS p99=118.78 ms
2026-10-08 07:32:04 lavik-mainc55e52c9-hashset-hash-104857600-k500-f1024-20261008 hash-104857600-1024-hset-c80 175162 QPS p99=4.48 ms
2026-10-08 07:32:14 lavik-mainc55e52c9-hashset-hash-104857600-k500-f1024-20261008 hash-104857600-1024-hset-c320 201994 QPS p99=25.86 ms
2026-10-08 07:32:24 lavik-mainc55e52c9-hashset-hash-104857600-k500-f1024-20261008 hash-104857600-1024-hset-c1280 147880 QPS p99=81.41 ms
2026-10-08 07:32:34 lavik-mainc55e52c9-hashset-hash-104857600-k500-f1024-20261008 hash-104857600-1024-hset-c2560 141903 QPS p99=160.77 ms
2026-10-08 07:32:45 lavik-mainc55e52c9-hashset-hash-104857600-k500-f1024-20261008 hash-104857600-1024-hset-c5120 136306 QPS p99=331.77 ms
COMPLETE mainc55e52c9-hashset-hash-104857600-k500-f1024-20261008 1791444768.0127542
