discard c08bc35101567ebd0001 /dev/nvme3n1
discard c08bc35101567ebd0002 /dev/nvme5n1
discard c08bc35101567ebd0003 /dev/nvme4n1
discard c08bc35101567ebd0004 /dev/nvme2n1
discard c08bc35101567ebd0005 /dev/nvme1n1
discard c08bc35101567ebd0006 /dev/nvme6n1
START mainc55e52c9-ordered-stream-104857600-k8-f1024-20261008 1791442132.8242428
2026-10-08 06:48:58 lavik-mainc55e52c9-ordered-stream-104857600-k8-f1024-20261008 stream-104857600-1024 fill
2026-10-08 06:49:41 stream fill worker 5 keys 1 / 1
2026-10-08 06:49:43 stream fill worker 1 keys 1 / 1
2026-10-08 06:49:45 stream fill worker 4 keys 1 / 1
2026-10-08 06:49:45 stream fill worker 8 keys 1 / 1
2026-10-08 06:49:46 stream fill worker 6 keys 1 / 1
2026-10-08 06:49:47 stream fill worker 3 keys 1 / 1
2026-10-08 06:49:47 stream fill worker 2 keys 1 / 1
2026-10-08 06:49:48 stream fill worker 7 keys 1 / 1
2026-10-08 06:49:58 lavik-mainc55e52c9-ordered-stream-104857600-k8-f1024-20261008 stream-104857600-1024-xrange_full-c1 5 QPS p99=211.97 ms
2026-10-08 06:50:08 lavik-mainc55e52c9-ordered-stream-104857600-k8-f1024-20261008 stream-104857600-1024-xrange_full-c4 15 QPS p99=1638.40 ms
2026-10-08 06:50:17 lavik-mainc55e52c9-ordered-stream-104857600-k8-f1024-20261008 stream-104857600-1024-xrange_full-c16 29 QPS p99=876.54 ms
2026-10-08 06:50:27 lavik-mainc55e52c9-ordered-stream-104857600-k8-f1024-20261008 stream-104857600-1024-xrange-c80 186895 QPS p99=0.91 ms
2026-10-08 06:50:37 lavik-mainc55e52c9-ordered-stream-104857600-k8-f1024-20261008 stream-104857600-1024-xrange-c320 203953 QPS p99=6.88 ms
2026-10-08 06:50:47 lavik-mainc55e52c9-ordered-stream-104857600-k8-f1024-20261008 stream-104857600-1024-xrange-c1280 144163 QPS p99=79.36 ms
2026-10-08 06:50:58 lavik-mainc55e52c9-ordered-stream-104857600-k8-f1024-20261008 stream-104857600-1024-xrange-c2560 125500 QPS p99=194.56 ms
2026-10-08 06:51:09 lavik-mainc55e52c9-ordered-stream-104857600-k8-f1024-20261008 stream-104857600-1024-xrange-c5120 117848 QPS p99=366.59 ms
2026-10-08 06:51:18 lavik-mainc55e52c9-ordered-stream-104857600-k8-f1024-20261008 stream-104857600-1024-xadd_maxlen-c80 14142 QPS p99=22.78 ms
2026-10-08 06:51:28 lavik-mainc55e52c9-ordered-stream-104857600-k8-f1024-20261008 stream-104857600-1024-xadd_maxlen-c320 13853 QPS p99=97.79 ms
2026-10-08 06:51:38 lavik-mainc55e52c9-ordered-stream-104857600-k8-f1024-20261008 stream-104857600-1024-xadd_maxlen-c1280 15775 QPS p99=370.69 ms
2026-10-08 06:51:48 lavik-mainc55e52c9-ordered-stream-104857600-k8-f1024-20261008 stream-104857600-1024-xadd_maxlen-c2560 15556 QPS p99=753.66 ms
2026-10-08 06:51:59 lavik-mainc55e52c9-ordered-stream-104857600-k8-f1024-20261008 stream-104857600-1024-xadd_maxlen-c5120 12175 QPS p99=2228.22 ms
COMPLETE mainc55e52c9-ordered-stream-104857600-k8-f1024-20261008 1791442321.9728582
