discard c08bc35101567ebd0001 /dev/nvme3n1
discard c08bc35101567ebd0002 /dev/nvme5n1
discard c08bc35101567ebd0003 /dev/nvme4n1
discard c08bc35101567ebd0004 /dev/nvme2n1
discard c08bc35101567ebd0005 /dev/nvme1n1
discard c08bc35101567ebd0006 /dev/nvme6n1
START mainc55e52c9-import-set-1048576-k50000-f128-20261008 1791447087.2631495
2026-10-08 08:11:33 lavik-mainc55e52c9-import-set-1048576-k50000-f128-20261008 set-1048576-128 fill
2026-10-08 08:12:08 set fill worker 4 keys 250 / 6250
2026-10-08 08:12:08 set fill worker 5 keys 250 / 6250
2026-10-08 08:12:08 set fill worker 1 keys 250 / 6250
2026-10-08 08:12:09 set fill worker 2 keys 250 / 6250
2026-10-08 08:12:09 set fill worker 7 keys 250 / 6250
2026-10-08 08:12:09 set fill worker 6 keys 250 / 6250
2026-10-08 08:12:10 set fill worker 3 keys 250 / 6250
2026-10-08 08:12:11 set fill worker 8 keys 250 / 6250
2026-10-08 08:12:44 set fill worker 4 keys 500 / 6250
2026-10-08 08:12:44 set fill worker 1 keys 500 / 6250
2026-10-08 08:12:45 set fill worker 5 keys 500 / 6250
2026-10-08 08:12:46 set fill worker 3 keys 500 / 6250
2026-10-08 08:12:46 set fill worker 2 keys 500 / 6250
2026-10-08 08:12:46 set fill worker 8 keys 500 / 6250
2026-10-08 08:12:46 set fill worker 6 keys 500 / 6250
2026-10-08 08:12:47 set fill worker 7 keys 500 / 6250
2026-10-08 08:13:20 set fill worker 1 keys 750 / 6250
2026-10-08 08:13:20 set fill worker 2 keys 750 / 6250
2026-10-08 08:13:21 set fill worker 5 keys 750 / 6250
2026-10-08 08:13:21 set fill worker 6 keys 750 / 6250
2026-10-08 08:13:22 set fill worker 8 keys 750 / 6250
2026-10-08 08:13:22 set fill worker 4 keys 750 / 6250
2026-10-08 08:13:23 set fill worker 3 keys 750 / 6250
2026-10-08 08:13:24 set fill worker 7 keys 750 / 6250
2026-10-08 08:13:57 set fill worker 5 keys 1000 / 6250
2026-10-08 08:13:57 set fill worker 1 keys 1000 / 6250
2026-10-08 08:13:58 set fill worker 6 keys 1000 / 6250
2026-10-08 08:13:59 set fill worker 4 keys 1000 / 6250
2026-10-08 08:13:59 set fill worker 2 keys 1000 / 6250
2026-10-08 08:13:59 set fill worker 3 keys 1000 / 6250
2026-10-08 08:14:01 set fill worker 8 keys 1000 / 6250
2026-10-08 08:14:02 set fill worker 7 keys 1000 / 6250
2026-10-08 08:14:32 set fill worker 5 keys 1250 / 6250
2026-10-08 08:14:33 set fill worker 1 keys 1250 / 6250
2026-10-08 08:14:33 set fill worker 6 keys 1250 / 6250
2026-10-08 08:14:34 set fill worker 4 keys 1250 / 6250
2026-10-08 08:14:34 set fill worker 2 keys 1250 / 6250
2026-10-08 08:14:36 set fill worker 3 keys 1250 / 6250
2026-10-08 08:14:38 set fill worker 8 keys 1250 / 6250
2026-10-08 08:14:40 set fill worker 7 keys 1250 / 6250
2026-10-08 08:15:09 set fill worker 5 keys 1500 / 6250
2026-10-08 08:15:09 set fill worker 4 keys 1500 / 6250
2026-10-08 08:15:10 set fill worker 6 keys 1500 / 6250
2026-10-08 08:15:11 set fill worker 1 keys 1500 / 6250
2026-10-08 08:15:12 set fill worker 2 keys 1500 / 6250
2026-10-08 08:15:14 set fill worker 3 keys 1500 / 6250
2026-10-08 08:15:14 set fill worker 8 keys 1500 / 6250
2026-10-08 08:15:17 set fill worker 7 keys 1500 / 6250
2026-10-08 08:15:45 set fill worker 5 keys 1750 / 6250
2026-10-08 08:15:46 set fill worker 4 keys 1750 / 6250
2026-10-08 08:15:47 set fill worker 6 keys 1750 / 6250
2026-10-08 08:15:48 set fill worker 3 keys 1750 / 6250
2026-10-08 08:15:48 set fill worker 1 keys 1750 / 6250
2026-10-08 08:15:49 set fill worker 2 keys 1750 / 6250
2026-10-08 08:15:52 set fill worker 8 keys 1750 / 6250
2026-10-08 08:15:53 set fill worker 7 keys 1750 / 6250
2026-10-08 08:16:21 set fill worker 5 keys 2000 / 6250
2026-10-08 08:16:23 set fill worker 6 keys 2000 / 6250
2026-10-08 08:16:23 set fill worker 3 keys 2000 / 6250
2026-10-08 08:16:24 set fill worker 4 keys 2000 / 6250
2026-10-08 08:16:25 set fill worker 1 keys 2000 / 6250
2026-10-08 08:16:27 set fill worker 2 keys 2000 / 6250
2026-10-08 08:16:28 set fill worker 8 keys 2000 / 6250
2026-10-08 08:16:29 set fill worker 7 keys 2000 / 6250
2026-10-08 08:16:57 set fill worker 5 keys 2250 / 6250
2026-10-08 08:16:59 set fill worker 3 keys 2250 / 6250
2026-10-08 08:17:00 set fill worker 6 keys 2250 / 6250
2026-10-08 08:17:00 set fill worker 4 keys 2250 / 6250
2026-10-08 08:17:01 set fill worker 1 keys 2250 / 6250
2026-10-08 08:17:04 set fill worker 2 keys 2250 / 6250
2026-10-08 08:17:05 set fill worker 8 keys 2250 / 6250
2026-10-08 08:17:05 set fill worker 7 keys 2250 / 6250
2026-10-08 08:17:33 set fill worker 5 keys 2500 / 6250
2026-10-08 08:17:34 set fill worker 3 keys 2500 / 6250
2026-10-08 08:17:35 set fill worker 6 keys 2500 / 6250
2026-10-08 08:17:36 set fill worker 4 keys 2500 / 6250
2026-10-08 08:17:37 set fill worker 1 keys 2500 / 6250
2026-10-08 08:17:39 set fill worker 2 keys 2500 / 6250
2026-10-08 08:17:42 set fill worker 8 keys 2500 / 6250
2026-10-08 08:17:44 set fill worker 7 keys 2500 / 6250
2026-10-08 08:18:08 set fill worker 5 keys 2750 / 6250
2026-10-08 08:18:10 set fill worker 3 keys 2750 / 6250
2026-10-08 08:18:11 set fill worker 6 keys 2750 / 6250
2026-10-08 08:18:13 set fill worker 1 keys 2750 / 6250
2026-10-08 08:18:13 set fill worker 4 keys 2750 / 6250
2026-10-08 08:18:15 set fill worker 2 keys 2750 / 6250
2026-10-08 08:18:20 set fill worker 7 keys 2750 / 6250
2026-10-08 08:18:21 set fill worker 8 keys 2750 / 6250
2026-10-08 08:18:44 set fill worker 5 keys 3000 / 6250
2026-10-08 08:18:46 set fill worker 3 keys 3000 / 6250
2026-10-08 08:18:47 set fill worker 1 keys 3000 / 6250
2026-10-08 08:18:48 set fill worker 6 keys 3000 / 6250
2026-10-08 08:18:49 set fill worker 4 keys 3000 / 6250
2026-10-08 08:18:51 set fill worker 2 keys 3000 / 6250
2026-10-08 08:18:56 set fill worker 7 keys 3000 / 6250
2026-10-08 08:18:58 set fill worker 8 keys 3000 / 6250
2026-10-08 08:19:22 set fill worker 5 keys 3250 / 6250
2026-10-08 08:19:22 set fill worker 3 keys 3250 / 6250
2026-10-08 08:19:24 set fill worker 4 keys 3250 / 6250
2026-10-08 08:19:25 set fill worker 1 keys 3250 / 6250
2026-10-08 08:19:25 set fill worker 6 keys 3250 / 6250
2026-10-08 08:19:28 set fill worker 2 keys 3250 / 6250
2026-10-08 08:19:33 set fill worker 7 keys 3250 / 6250
2026-10-08 08:19:36 set fill worker 8 keys 3250 / 6250
2026-10-08 08:19:55 set fill worker 5 keys 3500 / 6250
2026-10-08 08:20:00 set fill worker 1 keys 3500 / 6250
2026-10-08 08:20:00 set fill worker 3 keys 3500 / 6250
2026-10-08 08:20:01 set fill worker 4 keys 3500 / 6250
2026-10-08 08:20:03 set fill worker 6 keys 3500 / 6250
2026-10-08 08:20:08 set fill worker 2 keys 3500 / 6250
2026-10-08 08:20:09 set fill worker 7 keys 3500 / 6250
2026-10-08 08:20:10 set fill worker 8 keys 3500 / 6250
2026-10-08 08:20:30 set fill worker 5 keys 3750 / 6250
2026-10-08 08:20:36 set fill worker 3 keys 3750 / 6250
2026-10-08 08:20:36 set fill worker 1 keys 3750 / 6250
2026-10-08 08:20:36 set fill worker 4 keys 3750 / 6250
2026-10-08 08:20:39 set fill worker 6 keys 3750 / 6250
2026-10-08 08:20:45 set fill worker 2 keys 3750 / 6250
2026-10-08 08:20:45 set fill worker 7 keys 3750 / 6250
2026-10-08 08:20:46 set fill worker 8 keys 3750 / 6250
2026-10-08 08:21:06 set fill worker 5 keys 4000 / 6250
2026-10-08 08:21:11 set fill worker 3 keys 4000 / 6250
2026-10-08 08:21:12 set fill worker 1 keys 4000 / 6250
2026-10-08 08:21:12 set fill worker 4 keys 4000 / 6250
2026-10-08 08:21:17 set fill worker 6 keys 4000 / 6250
2026-10-08 08:21:20 set fill worker 7 keys 4000 / 6250
2026-10-08 08:21:21 set fill worker 2 keys 4000 / 6250
2026-10-08 08:21:24 set fill worker 8 keys 4000 / 6250
2026-10-08 08:21:44 set fill worker 5 keys 4250 / 6250
2026-10-08 08:21:47 set fill worker 3 keys 4250 / 6250
2026-10-08 08:21:48 set fill worker 1 keys 4250 / 6250
2026-10-08 08:21:48 set fill worker 4 keys 4250 / 6250
2026-10-08 08:21:54 set fill worker 6 keys 4250 / 6250
2026-10-08 08:21:56 set fill worker 7 keys 4250 / 6250
2026-10-08 08:21:58 set fill worker 2 keys 4250 / 6250
2026-10-08 08:22:02 set fill worker 8 keys 4250 / 6250
2026-10-08 08:22:20 set fill worker 5 keys 4500 / 6250
2026-10-08 08:22:24 set fill worker 1 keys 4500 / 6250
2026-10-08 08:22:24 set fill worker 3 keys 4500 / 6250
2026-10-08 08:22:27 set fill worker 4 keys 4500 / 6250
2026-10-08 08:22:29 set fill worker 6 keys 4500 / 6250
2026-10-08 08:22:32 set fill worker 7 keys 4500 / 6250
2026-10-08 08:22:33 set fill worker 2 keys 4500 / 6250
2026-10-08 08:22:40 set fill worker 8 keys 4500 / 6250
2026-10-08 08:22:59 set fill worker 5 keys 4750 / 6250
2026-10-08 08:23:00 set fill worker 1 keys 4750 / 6250
2026-10-08 08:23:00 set fill worker 3 keys 4750 / 6250
2026-10-08 08:23:03 set fill worker 4 keys 4750 / 6250
2026-10-08 08:23:08 set fill worker 6 keys 4750 / 6250
2026-10-08 08:23:10 set fill worker 7 keys 4750 / 6250
2026-10-08 08:23:11 set fill worker 2 keys 4750 / 6250
2026-10-08 08:23:16 set fill worker 8 keys 4750 / 6250
2026-10-08 08:23:34 set fill worker 5 keys 5000 / 6250
2026-10-08 08:23:36 set fill worker 3 keys 5000 / 6250
2026-10-08 08:23:37 set fill worker 1 keys 5000 / 6250
2026-10-08 08:23:42 set fill worker 4 keys 5000 / 6250
2026-10-08 08:23:45 set fill worker 6 keys 5000 / 6250
2026-10-08 08:23:46 set fill worker 7 keys 5000 / 6250
2026-10-08 08:23:47 set fill worker 2 keys 5000 / 6250
2026-10-08 08:23:53 set fill worker 8 keys 5000 / 6250
2026-10-08 08:24:10 set fill worker 5 keys 5250 / 6250
2026-10-08 08:24:11 set fill worker 3 keys 5250 / 6250
2026-10-08 08:24:13 set fill worker 1 keys 5250 / 6250
2026-10-08 08:24:17 set fill worker 4 keys 5250 / 6250
2026-10-08 08:24:18 set fill worker 6 keys 5250 / 6250
2026-10-08 08:24:21 set fill worker 7 keys 5250 / 6250
2026-10-08 08:24:23 set fill worker 2 keys 5250 / 6250
2026-10-08 08:24:30 set fill worker 8 keys 5250 / 6250
2026-10-08 08:24:46 set fill worker 5 keys 5500 / 6250
2026-10-08 08:24:46 set fill worker 3 keys 5500 / 6250
2026-10-08 08:24:52 set fill worker 1 keys 5500 / 6250
2026-10-08 08:24:54 set fill worker 4 keys 5500 / 6250
2026-10-08 08:24:55 set fill worker 6 keys 5500 / 6250
2026-10-08 08:24:59 set fill worker 7 keys 5500 / 6250
2026-10-08 08:25:02 set fill worker 2 keys 5500 / 6250
2026-10-08 08:25:06 set fill worker 8 keys 5500 / 6250
2026-10-08 08:25:22 set fill worker 5 keys 5750 / 6250
2026-10-08 08:25:24 set fill worker 3 keys 5750 / 6250
2026-10-08 08:25:28 set fill worker 1 keys 5750 / 6250
2026-10-08 08:25:31 set fill worker 4 keys 5750 / 6250
2026-10-08 08:25:33 set fill worker 6 keys 5750 / 6250
2026-10-08 08:25:36 set fill worker 7 keys 5750 / 6250
2026-10-08 08:25:39 set fill worker 2 keys 5750 / 6250
2026-10-08 08:25:43 set fill worker 8 keys 5750 / 6250
2026-10-08 08:25:58 set fill worker 5 keys 6000 / 6250
2026-10-08 08:26:01 set fill worker 3 keys 6000 / 6250
2026-10-08 08:26:04 set fill worker 1 keys 6000 / 6250
2026-10-08 08:26:07 set fill worker 4 keys 6000 / 6250
2026-10-08 08:26:12 set fill worker 6 keys 6000 / 6250
2026-10-08 08:26:14 set fill worker 7 keys 6000 / 6250
2026-10-08 08:26:17 set fill worker 2 keys 6000 / 6250
2026-10-08 08:26:21 set fill worker 8 keys 6000 / 6250
2026-10-08 08:26:35 set fill worker 5 keys 6250 / 6250
2026-10-08 08:26:36 set fill worker 3 keys 6250 / 6250
2026-10-08 08:26:40 set fill worker 1 keys 6250 / 6250
2026-10-08 08:26:42 set fill worker 4 keys 6250 / 6250
2026-10-08 08:26:44 set fill worker 6 keys 6250 / 6250
2026-10-08 08:26:46 set fill worker 7 keys 6250 / 6250
2026-10-08 08:26:48 set fill worker 2 keys 6250 / 6250
2026-10-08 08:26:49 set fill worker 8 keys 6250 / 6250
2026-10-08 08:26:54 lavik-mainc55e52c9-import-set-1048576-k50000-f128-20261008 set-1048576-128-smembers-c1 74 QPS p99=15.42 ms
COMPLETE mainc55e52c9-import-set-1048576-k50000-f128-20261008 1791448019.556573
