discard c08bc35101567ebd0001 /dev/nvme3n1
discard c08bc35101567ebd0002 /dev/nvme5n1
discard c08bc35101567ebd0003 /dev/nvme4n1
discard c08bc35101567ebd0004 /dev/nvme2n1
discard c08bc35101567ebd0005 /dev/nvme1n1
discard c08bc35101567ebd0006 /dev/nvme6n1
START mainc55e52c9-ordered-zset-1048576-k64-f128-20261008 1791440974.3663495
2026-10-08 06:29:40 lavik-mainc55e52c9-ordered-zset-1048576-k64-f128-20261008 zset-1048576-128 fill
2026-10-08 06:29:40 zset fill worker 2 keys 1 / 8
2026-10-08 06:29:40 zset fill worker 8 keys 1 / 8
2026-10-08 06:29:40 zset fill worker 6 keys 1 / 8
2026-10-08 06:29:40 zset fill worker 3 keys 1 / 8
2026-10-08 06:29:40 zset fill worker 7 keys 1 / 8
2026-10-08 06:29:40 zset fill worker 1 keys 1 / 8
2026-10-08 06:29:40 zset fill worker 5 keys 1 / 8
2026-10-08 06:29:40 zset fill worker 4 keys 1 / 8
2026-10-08 06:29:40 zset fill worker 6 keys 2 / 8
2026-10-08 06:29:40 zset fill worker 3 keys 2 / 8
2026-10-08 06:29:40 zset fill worker 4 keys 2 / 8
2026-10-08 06:29:40 zset fill worker 2 keys 2 / 8
2026-10-08 06:29:40 zset fill worker 5 keys 2 / 8
2026-10-08 06:29:40 zset fill worker 8 keys 2 / 8
2026-10-08 06:29:40 zset fill worker 1 keys 2 / 8
2026-10-08 06:29:40 zset fill worker 7 keys 2 / 8
2026-10-08 06:29:40 zset fill worker 2 keys 3 / 8
2026-10-08 06:29:40 zset fill worker 8 keys 3 / 8
2026-10-08 06:29:40 zset fill worker 5 keys 3 / 8
2026-10-08 06:29:40 zset fill worker 4 keys 3 / 8
2026-10-08 06:29:40 zset fill worker 1 keys 3 / 8
2026-10-08 06:29:40 zset fill worker 7 keys 3 / 8
2026-10-08 06:29:40 zset fill worker 3 keys 3 / 8
2026-10-08 06:29:40 zset fill worker 6 keys 3 / 8
2026-10-08 06:29:40 zset fill worker 2 keys 4 / 8
2026-10-08 06:29:41 zset fill worker 8 keys 4 / 8
2026-10-08 06:29:41 zset fill worker 5 keys 4 / 8
2026-10-08 06:29:41 zset fill worker 3 keys 4 / 8
2026-10-08 06:29:41 zset fill worker 1 keys 4 / 8
2026-10-08 06:29:41 zset fill worker 4 keys 4 / 8
2026-10-08 06:29:41 zset fill worker 2 keys 5 / 8
2026-10-08 06:29:41 zset fill worker 6 keys 4 / 8
2026-10-08 06:29:41 zset fill worker 7 keys 4 / 8
2026-10-08 06:29:41 zset fill worker 5 keys 5 / 8
2026-10-08 06:29:41 zset fill worker 4 keys 5 / 8
2026-10-08 06:29:41 zset fill worker 8 keys 5 / 8
2026-10-08 06:29:41 zset fill worker 2 keys 6 / 8
2026-10-08 06:29:41 zset fill worker 1 keys 5 / 8
2026-10-08 06:29:41 zset fill worker 6 keys 5 / 8
2026-10-08 06:29:41 zset fill worker 5 keys 6 / 8
2026-10-08 06:29:41 zset fill worker 4 keys 6 / 8
2026-10-08 06:29:41 zset fill worker 3 keys 5 / 8
2026-10-08 06:29:41 zset fill worker 8 keys 6 / 8
2026-10-08 06:29:41 zset fill worker 7 keys 5 / 8
2026-10-08 06:29:41 zset fill worker 1 keys 6 / 8
2026-10-08 06:29:41 zset fill worker 2 keys 7 / 8
2026-10-08 06:29:41 zset fill worker 3 keys 6 / 8
2026-10-08 06:29:41 zset fill worker 4 keys 7 / 8
2026-10-08 06:29:41 zset fill worker 8 keys 7 / 8
2026-10-08 06:29:41 zset fill worker 7 keys 6 / 8
2026-10-08 06:29:41 zset fill worker 1 keys 7 / 8
2026-10-08 06:29:41 zset fill worker 2 keys 8 / 8
2026-10-08 06:29:41 zset fill worker 6 keys 6 / 8
2026-10-08 06:29:41 zset fill worker 3 keys 7 / 8
2026-10-08 06:29:41 zset fill worker 5 keys 7 / 8
2026-10-08 06:29:41 zset fill worker 4 keys 8 / 8
2026-10-08 06:29:41 zset fill worker 7 keys 7 / 8
2026-10-08 06:29:41 zset fill worker 6 keys 7 / 8
2026-10-08 06:29:41 zset fill worker 3 keys 8 / 8
2026-10-08 06:29:42 zset fill worker 5 keys 8 / 8
2026-10-08 06:29:42 zset fill worker 8 keys 8 / 8
2026-10-08 06:29:42 zset fill worker 1 keys 8 / 8
2026-10-08 06:29:42 zset fill worker 7 keys 8 / 8
2026-10-08 06:29:42 zset fill worker 6 keys 8 / 8
2026-10-08 06:29:51 lavik-mainc55e52c9-ordered-zset-1048576-k64-f128-20261008 zset-1048576-128-zrange-c16 1184 QPS p99=25.73 ms
2026-10-08 06:30:01 lavik-mainc55e52c9-ordered-zset-1048576-k64-f128-20261008 zset-1048576-128-zrange-c80 1661 QPS p99=276.48 ms
2026-10-08 06:30:11 lavik-mainc55e52c9-ordered-zset-1048576-k64-f128-20261008 zset-1048576-128-zscore-c80 408264 QPS p99=0.37 ms
2026-10-08 06:30:20 lavik-mainc55e52c9-ordered-zset-1048576-k64-f128-20261008 zset-1048576-128-zscore-c320 566944 QPS p99=1.42 ms
2026-10-08 06:30:30 lavik-mainc55e52c9-ordered-zset-1048576-k64-f128-20261008 zset-1048576-128-zscore-c1280 396358 QPS p99=25.09 ms
2026-10-08 06:30:40 lavik-mainc55e52c9-ordered-zset-1048576-k64-f128-20261008 zset-1048576-128-zscore-c2560 353613 QPS p99=57.85 ms
2026-10-08 06:30:52 lavik-mainc55e52c9-ordered-zset-1048576-k64-f128-20261008 zset-1048576-128-zscore-c5120 328500 QPS p99=120.83 ms
2026-10-08 06:31:01 lavik-mainc55e52c9-ordered-zset-1048576-k64-f128-20261008 zset-1048576-128-zincrby-c80 65612 QPS p99=14.65 ms
2026-10-08 06:31:11 lavik-mainc55e52c9-ordered-zset-1048576-k64-f128-20261008 zset-1048576-128-zincrby-c320 67398 QPS p99=38.66 ms
2026-10-08 06:31:21 lavik-mainc55e52c9-ordered-zset-1048576-k64-f128-20261008 zset-1048576-128-zincrby-c1280 68809 QPS p99=150.53 ms
2026-10-08 06:31:31 lavik-mainc55e52c9-ordered-zset-1048576-k64-f128-20261008 zset-1048576-128-zincrby-c2560 71518 QPS p99=288.77 ms
2026-10-08 06:31:42 lavik-mainc55e52c9-ordered-zset-1048576-k64-f128-20261008 zset-1048576-128-zincrby-c5120 74105 QPS p99=557.05 ms
COMPLETE mainc55e52c9-ordered-zset-1048576-k64-f128-20261008 1791441104.4639642
