discard c08bc35101567ebd0001 /dev/nvme3n1
discard c08bc35101567ebd0002 /dev/nvme5n1
discard c08bc35101567ebd0003 /dev/nvme4n1
discard c08bc35101567ebd0004 /dev/nvme2n1
discard c08bc35101567ebd0005 /dev/nvme1n1
discard c08bc35101567ebd0006 /dev/nvme6n1
START mainc55e52c9-import-hash-1048576-k50000-f1024-20261008 1791445658.9903035
2026-10-08 07:47:44 lavik-mainc55e52c9-import-hash-1048576-k50000-f1024-20261008 hash-1048576-1024 fill
2026-10-08 07:47:52 hash fill worker 5 keys 250 / 6250
2026-10-08 07:47:52 hash fill worker 6 keys 250 / 6250
2026-10-08 07:47:52 hash fill worker 8 keys 250 / 6250
2026-10-08 07:47:52 hash fill worker 4 keys 250 / 6250
2026-10-08 07:47:52 hash fill worker 7 keys 250 / 6250
2026-10-08 07:47:52 hash fill worker 1 keys 250 / 6250
2026-10-08 07:47:52 hash fill worker 2 keys 250 / 6250
2026-10-08 07:47:53 hash fill worker 3 keys 250 / 6250
2026-10-08 07:47:59 hash fill worker 5 keys 500 / 6250
2026-10-08 07:47:59 hash fill worker 6 keys 500 / 6250
2026-10-08 07:48:00 hash fill worker 1 keys 500 / 6250
2026-10-08 07:48:00 hash fill worker 8 keys 500 / 6250
2026-10-08 07:48:00 hash fill worker 7 keys 500 / 6250
2026-10-08 07:48:00 hash fill worker 4 keys 500 / 6250
2026-10-08 07:48:00 hash fill worker 2 keys 500 / 6250
2026-10-08 07:48:00 hash fill worker 3 keys 500 / 6250
2026-10-08 07:48:07 hash fill worker 5 keys 750 / 6250
2026-10-08 07:48:07 hash fill worker 6 keys 750 / 6250
2026-10-08 07:48:07 hash fill worker 7 keys 750 / 6250
2026-10-08 07:48:07 hash fill worker 8 keys 750 / 6250
2026-10-08 07:48:08 hash fill worker 1 keys 750 / 6250
2026-10-08 07:48:08 hash fill worker 2 keys 750 / 6250
2026-10-08 07:48:09 hash fill worker 4 keys 750 / 6250
2026-10-08 07:48:09 hash fill worker 3 keys 750 / 6250
2026-10-08 07:48:15 hash fill worker 7 keys 1000 / 6250
2026-10-08 07:48:15 hash fill worker 5 keys 1000 / 6250
2026-10-08 07:48:15 hash fill worker 6 keys 1000 / 6250
2026-10-08 07:48:15 hash fill worker 8 keys 1000 / 6250
2026-10-08 07:48:15 hash fill worker 1 keys 1000 / 6250
2026-10-08 07:48:15 hash fill worker 2 keys 1000 / 6250
2026-10-08 07:48:16 hash fill worker 4 keys 1000 / 6250
2026-10-08 07:48:17 hash fill worker 3 keys 1000 / 6250
2026-10-08 07:48:22 hash fill worker 5 keys 1250 / 6250
2026-10-08 07:48:23 hash fill worker 7 keys 1250 / 6250
2026-10-08 07:48:23 hash fill worker 6 keys 1250 / 6250
2026-10-08 07:48:23 hash fill worker 8 keys 1250 / 6250
2026-10-08 07:48:23 hash fill worker 1 keys 1250 / 6250
2026-10-08 07:48:24 hash fill worker 4 keys 1250 / 6250
2026-10-08 07:48:24 hash fill worker 2 keys 1250 / 6250
2026-10-08 07:48:25 hash fill worker 3 keys 1250 / 6250
2026-10-08 07:48:29 hash fill worker 5 keys 1500 / 6250
2026-10-08 07:48:30 hash fill worker 6 keys 1500 / 6250
2026-10-08 07:48:31 hash fill worker 8 keys 1500 / 6250
2026-10-08 07:48:31 hash fill worker 4 keys 1500 / 6250
2026-10-08 07:48:31 hash fill worker 7 keys 1500 / 6250
2026-10-08 07:48:31 hash fill worker 2 keys 1500 / 6250
2026-10-08 07:48:31 hash fill worker 1 keys 1500 / 6250
2026-10-08 07:48:33 hash fill worker 3 keys 1500 / 6250
2026-10-08 07:48:37 hash fill worker 5 keys 1750 / 6250
2026-10-08 07:48:38 hash fill worker 6 keys 1750 / 6250
2026-10-08 07:48:38 hash fill worker 4 keys 1750 / 6250
2026-10-08 07:48:39 hash fill worker 8 keys 1750 / 6250
2026-10-08 07:48:39 hash fill worker 7 keys 1750 / 6250
2026-10-08 07:48:39 hash fill worker 2 keys 1750 / 6250
2026-10-08 07:48:40 hash fill worker 3 keys 1750 / 6250
2026-10-08 07:48:40 hash fill worker 1 keys 1750 / 6250
2026-10-08 07:48:45 hash fill worker 5 keys 2000 / 6250
2026-10-08 07:48:46 hash fill worker 6 keys 2000 / 6250
2026-10-08 07:48:46 hash fill worker 4 keys 2000 / 6250
2026-10-08 07:48:46 hash fill worker 7 keys 2000 / 6250
2026-10-08 07:48:47 hash fill worker 8 keys 2000 / 6250
2026-10-08 07:48:47 hash fill worker 2 keys 2000 / 6250
2026-10-08 07:48:48 hash fill worker 1 keys 2000 / 6250
2026-10-08 07:48:49 hash fill worker 3 keys 2000 / 6250
2026-10-08 07:48:52 hash fill worker 5 keys 2250 / 6250
2026-10-08 07:48:53 hash fill worker 4 keys 2250 / 6250
2026-10-08 07:48:54 hash fill worker 6 keys 2250 / 6250
2026-10-08 07:48:54 hash fill worker 7 keys 2250 / 6250
2026-10-08 07:48:55 hash fill worker 8 keys 2250 / 6250
2026-10-08 07:48:55 hash fill worker 2 keys 2250 / 6250
2026-10-08 07:48:56 hash fill worker 3 keys 2250 / 6250
2026-10-08 07:48:56 hash fill worker 1 keys 2250 / 6250
2026-10-08 07:49:00 hash fill worker 5 keys 2500 / 6250
2026-10-08 07:49:01 hash fill worker 4 keys 2500 / 6250
2026-10-08 07:49:01 hash fill worker 6 keys 2500 / 6250
2026-10-08 07:49:02 hash fill worker 8 keys 2500 / 6250
2026-10-08 07:49:02 hash fill worker 7 keys 2500 / 6250
2026-10-08 07:49:03 hash fill worker 2 keys 2500 / 6250
2026-10-08 07:49:04 hash fill worker 3 keys 2500 / 6250
2026-10-08 07:49:04 hash fill worker 1 keys 2500 / 6250
2026-10-08 07:49:08 hash fill worker 5 keys 2750 / 6250
2026-10-08 07:49:09 hash fill worker 6 keys 2750 / 6250
2026-10-08 07:49:09 hash fill worker 4 keys 2750 / 6250
2026-10-08 07:49:10 hash fill worker 8 keys 2750 / 6250
2026-10-08 07:49:10 hash fill worker 7 keys 2750 / 6250
2026-10-08 07:49:10 hash fill worker 2 keys 2750 / 6250
2026-10-08 07:49:12 hash fill worker 3 keys 2750 / 6250
2026-10-08 07:49:12 hash fill worker 1 keys 2750 / 6250
2026-10-08 07:49:16 hash fill worker 6 keys 3000 / 6250
2026-10-08 07:49:16 hash fill worker 4 keys 3000 / 6250
2026-10-08 07:49:17 hash fill worker 5 keys 3000 / 6250
2026-10-08 07:49:17 hash fill worker 8 keys 3000 / 6250
2026-10-08 07:49:18 hash fill worker 7 keys 3000 / 6250
2026-10-08 07:49:18 hash fill worker 2 keys 3000 / 6250
2026-10-08 07:49:19 hash fill worker 3 keys 3000 / 6250
2026-10-08 07:49:19 hash fill worker 1 keys 3000 / 6250
2026-10-08 07:49:24 hash fill worker 4 keys 3250 / 6250
2026-10-08 07:49:24 hash fill worker 6 keys 3250 / 6250
2026-10-08 07:49:25 hash fill worker 5 keys 3250 / 6250
2026-10-08 07:49:25 hash fill worker 8 keys 3250 / 6250
2026-10-08 07:49:26 hash fill worker 7 keys 3250 / 6250
2026-10-08 07:49:27 hash fill worker 3 keys 3250 / 6250
2026-10-08 07:49:27 hash fill worker 1 keys 3250 / 6250
2026-10-08 07:49:27 hash fill worker 2 keys 3250 / 6250
2026-10-08 07:49:31 hash fill worker 4 keys 3500 / 6250
2026-10-08 07:49:32 hash fill worker 6 keys 3500 / 6250
2026-10-08 07:49:32 hash fill worker 8 keys 3500 / 6250
2026-10-08 07:49:33 hash fill worker 5 keys 3500 / 6250
2026-10-08 07:49:34 hash fill worker 7 keys 3500 / 6250
2026-10-08 07:49:34 hash fill worker 3 keys 3500 / 6250
2026-10-08 07:49:35 hash fill worker 2 keys 3500 / 6250
2026-10-08 07:49:35 hash fill worker 1 keys 3500 / 6250
2026-10-08 07:49:38 hash fill worker 4 keys 3750 / 6250
2026-10-08 07:49:40 hash fill worker 6 keys 3750 / 6250
2026-10-08 07:49:40 hash fill worker 5 keys 3750 / 6250
2026-10-08 07:49:40 hash fill worker 8 keys 3750 / 6250
2026-10-08 07:49:42 hash fill worker 7 keys 3750 / 6250
2026-10-08 07:49:43 hash fill worker 3 keys 3750 / 6250
2026-10-08 07:49:43 hash fill worker 2 keys 3750 / 6250
2026-10-08 07:49:43 hash fill worker 1 keys 3750 / 6250
2026-10-08 07:49:45 hash fill worker 4 keys 4000 / 6250
2026-10-08 07:49:48 hash fill worker 6 keys 4000 / 6250
2026-10-08 07:49:48 hash fill worker 5 keys 4000 / 6250
2026-10-08 07:49:48 hash fill worker 8 keys 4000 / 6250
2026-10-08 07:49:50 hash fill worker 7 keys 4000 / 6250
2026-10-08 07:49:50 hash fill worker 2 keys 4000 / 6250
2026-10-08 07:49:51 hash fill worker 3 keys 4000 / 6250
2026-10-08 07:49:52 hash fill worker 1 keys 4000 / 6250
2026-10-08 07:49:54 hash fill worker 4 keys 4250 / 6250
2026-10-08 07:49:55 hash fill worker 6 keys 4250 / 6250
2026-10-08 07:49:56 hash fill worker 8 keys 4250 / 6250
2026-10-08 07:49:56 hash fill worker 5 keys 4250 / 6250
2026-10-08 07:49:57 hash fill worker 2 keys 4250 / 6250
2026-10-08 07:49:58 hash fill worker 7 keys 4250 / 6250
2026-10-08 07:49:59 hash fill worker 3 keys 4250 / 6250
2026-10-08 07:50:00 hash fill worker 1 keys 4250 / 6250
2026-10-08 07:50:01 hash fill worker 4 keys 4500 / 6250
2026-10-08 07:50:04 hash fill worker 6 keys 4500 / 6250
2026-10-08 07:50:04 hash fill worker 5 keys 4500 / 6250
2026-10-08 07:50:04 hash fill worker 8 keys 4500 / 6250
2026-10-08 07:50:05 hash fill worker 7 keys 4500 / 6250
2026-10-08 07:50:06 hash fill worker 2 keys 4500 / 6250
2026-10-08 07:50:07 hash fill worker 3 keys 4500 / 6250
2026-10-08 07:50:08 hash fill worker 1 keys 4500 / 6250
2026-10-08 07:50:10 hash fill worker 4 keys 4750 / 6250
2026-10-08 07:50:11 hash fill worker 6 keys 4750 / 6250
2026-10-08 07:50:12 hash fill worker 5 keys 4750 / 6250
2026-10-08 07:50:12 hash fill worker 8 keys 4750 / 6250
2026-10-08 07:50:13 hash fill worker 2 keys 4750 / 6250
2026-10-08 07:50:13 hash fill worker 7 keys 4750 / 6250
2026-10-08 07:50:14 hash fill worker 3 keys 4750 / 6250
2026-10-08 07:50:15 hash fill worker 1 keys 4750 / 6250
2026-10-08 07:50:17 hash fill worker 4 keys 5000 / 6250
2026-10-08 07:50:19 hash fill worker 5 keys 5000 / 6250
2026-10-08 07:50:19 hash fill worker 6 keys 5000 / 6250
2026-10-08 07:50:19 hash fill worker 8 keys 5000 / 6250
2026-10-08 07:50:21 hash fill worker 2 keys 5000 / 6250
2026-10-08 07:50:21 hash fill worker 7 keys 5000 / 6250
2026-10-08 07:50:22 hash fill worker 3 keys 5000 / 6250
2026-10-08 07:50:23 hash fill worker 1 keys 5000 / 6250
2026-10-08 07:50:25 hash fill worker 4 keys 5250 / 6250
2026-10-08 07:50:27 hash fill worker 5 keys 5250 / 6250
2026-10-08 07:50:27 hash fill worker 6 keys 5250 / 6250
2026-10-08 07:50:27 hash fill worker 8 keys 5250 / 6250
2026-10-08 07:50:28 hash fill worker 2 keys 5250 / 6250
2026-10-08 07:50:29 hash fill worker 7 keys 5250 / 6250
2026-10-08 07:50:29 hash fill worker 3 keys 5250 / 6250
2026-10-08 07:50:31 hash fill worker 1 keys 5250 / 6250
2026-10-08 07:50:32 hash fill worker 4 keys 5500 / 6250
2026-10-08 07:50:35 hash fill worker 6 keys 5500 / 6250
2026-10-08 07:50:35 hash fill worker 5 keys 5500 / 6250
2026-10-08 07:50:35 hash fill worker 8 keys 5500 / 6250
2026-10-08 07:50:36 hash fill worker 2 keys 5500 / 6250
2026-10-08 07:50:36 hash fill worker 3 keys 5500 / 6250
2026-10-08 07:50:37 hash fill worker 7 keys 5500 / 6250
2026-10-08 07:50:40 hash fill worker 1 keys 5500 / 6250
2026-10-08 07:50:41 hash fill worker 4 keys 5750 / 6250
2026-10-08 07:50:42 hash fill worker 6 keys 5750 / 6250
2026-10-08 07:50:43 hash fill worker 5 keys 5750 / 6250
2026-10-08 07:50:43 hash fill worker 8 keys 5750 / 6250
2026-10-08 07:50:44 hash fill worker 2 keys 5750 / 6250
2026-10-08 07:50:44 hash fill worker 3 keys 5750 / 6250
2026-10-08 07:50:45 hash fill worker 7 keys 5750 / 6250
2026-10-08 07:50:48 hash fill worker 1 keys 5750 / 6250
2026-10-08 07:50:48 hash fill worker 4 keys 6000 / 6250
2026-10-08 07:50:50 hash fill worker 6 keys 6000 / 6250
2026-10-08 07:50:50 hash fill worker 8 keys 6000 / 6250
2026-10-08 07:50:51 hash fill worker 5 keys 6000 / 6250
2026-10-08 07:50:52 hash fill worker 3 keys 6000 / 6250
2026-10-08 07:50:52 hash fill worker 2 keys 6000 / 6250
2026-10-08 07:50:53 hash fill worker 7 keys 6000 / 6250
2026-10-08 07:50:55 hash fill worker 1 keys 6000 / 6250
2026-10-08 07:50:57 hash fill worker 4 keys 6250 / 6250
2026-10-08 07:50:58 hash fill worker 6 keys 6250 / 6250
2026-10-08 07:50:58 hash fill worker 8 keys 6250 / 6250
2026-10-08 07:50:58 hash fill worker 5 keys 6250 / 6250
2026-10-08 07:50:59 hash fill worker 3 keys 6250 / 6250
2026-10-08 07:50:59 hash fill worker 2 keys 6250 / 6250
2026-10-08 07:50:59 hash fill worker 7 keys 6250 / 6250
2026-10-08 07:51:00 hash fill worker 1 keys 6250 / 6250
2026-10-08 07:51:05 lavik-mainc55e52c9-import-hash-1048576-k50000-f1024-20261008 hash-1048576-1024-hgetall-c1 68 QPS p99=17.02 ms
COMPLETE mainc55e52c9-import-hash-1048576-k50000-f1024-20261008 1791445871.1292603
