discard c08bc35101567ebd0001 /dev/nvme3n1
discard c08bc35101567ebd0002 /dev/nvme5n1
discard c08bc35101567ebd0003 /dev/nvme4n1
discard c08bc35101567ebd0004 /dev/nvme2n1
discard c08bc35101567ebd0005 /dev/nvme1n1
discard c08bc35101567ebd0006 /dev/nvme6n1
START mainc55e52c9-ordered-stream-1048576-k64-f1024-20261008 1791440833.6129615
2026-10-08 06:27:19 lavik-mainc55e52c9-ordered-stream-1048576-k64-f1024-20261008 stream-1048576-1024 fill
2026-10-08 06:27:19 stream fill worker 3 keys 1 / 8
2026-10-08 06:27:19 stream fill worker 1 keys 1 / 8
2026-10-08 06:27:19 stream fill worker 8 keys 1 / 8
2026-10-08 06:27:19 stream fill worker 2 keys 1 / 8
2026-10-08 06:27:19 stream fill worker 5 keys 1 / 8
2026-10-08 06:27:19 stream fill worker 7 keys 1 / 8
2026-10-08 06:27:19 stream fill worker 6 keys 1 / 8
2026-10-08 06:27:19 stream fill worker 4 keys 1 / 8
2026-10-08 06:27:20 stream fill worker 8 keys 2 / 8
2026-10-08 06:27:20 stream fill worker 3 keys 2 / 8
2026-10-08 06:27:20 stream fill worker 1 keys 2 / 8
2026-10-08 06:27:20 stream fill worker 5 keys 2 / 8
2026-10-08 06:27:20 stream fill worker 2 keys 2 / 8
2026-10-08 06:27:20 stream fill worker 6 keys 2 / 8
2026-10-08 06:27:20 stream fill worker 7 keys 2 / 8
2026-10-08 06:27:20 stream fill worker 4 keys 2 / 8
2026-10-08 06:27:20 stream fill worker 8 keys 3 / 8
2026-10-08 06:27:20 stream fill worker 3 keys 3 / 8
2026-10-08 06:27:20 stream fill worker 2 keys 3 / 8
2026-10-08 06:27:20 stream fill worker 5 keys 3 / 8
2026-10-08 06:27:20 stream fill worker 1 keys 3 / 8
2026-10-08 06:27:20 stream fill worker 6 keys 3 / 8
2026-10-08 06:27:20 stream fill worker 7 keys 3 / 8
2026-10-08 06:27:20 stream fill worker 4 keys 3 / 8
2026-10-08 06:27:20 stream fill worker 3 keys 4 / 8
2026-10-08 06:27:20 stream fill worker 8 keys 4 / 8
2026-10-08 06:27:21 stream fill worker 5 keys 4 / 8
2026-10-08 06:27:21 stream fill worker 2 keys 4 / 8
2026-10-08 06:27:21 stream fill worker 1 keys 4 / 8
2026-10-08 06:27:21 stream fill worker 6 keys 4 / 8
2026-10-08 06:27:21 stream fill worker 4 keys 4 / 8
2026-10-08 06:27:21 stream fill worker 7 keys 4 / 8
2026-10-08 06:27:21 stream fill worker 3 keys 5 / 8
2026-10-08 06:27:21 stream fill worker 2 keys 5 / 8
2026-10-08 06:27:21 stream fill worker 1 keys 5 / 8
2026-10-08 06:27:21 stream fill worker 5 keys 5 / 8
2026-10-08 06:27:21 stream fill worker 8 keys 5 / 8
2026-10-08 06:27:21 stream fill worker 4 keys 5 / 8
2026-10-08 06:27:21 stream fill worker 6 keys 5 / 8
2026-10-08 06:27:21 stream fill worker 7 keys 5 / 8
2026-10-08 06:27:21 stream fill worker 3 keys 6 / 8
2026-10-08 06:27:21 stream fill worker 1 keys 6 / 8
2026-10-08 06:27:21 stream fill worker 5 keys 6 / 8
2026-10-08 06:27:21 stream fill worker 2 keys 6 / 8
2026-10-08 06:27:21 stream fill worker 8 keys 6 / 8
2026-10-08 06:27:21 stream fill worker 6 keys 6 / 8
2026-10-08 06:27:21 stream fill worker 4 keys 6 / 8
2026-10-08 06:27:21 stream fill worker 7 keys 6 / 8
2026-10-08 06:27:22 stream fill worker 8 keys 7 / 8
2026-10-08 06:27:22 stream fill worker 3 keys 7 / 8
2026-10-08 06:27:22 stream fill worker 1 keys 7 / 8
2026-10-08 06:27:22 stream fill worker 2 keys 7 / 8
2026-10-08 06:27:22 stream fill worker 5 keys 7 / 8
2026-10-08 06:27:22 stream fill worker 4 keys 7 / 8
2026-10-08 06:27:22 stream fill worker 6 keys 7 / 8
2026-10-08 06:27:22 stream fill worker 7 keys 7 / 8
2026-10-08 06:27:22 stream fill worker 3 keys 8 / 8
2026-10-08 06:27:22 stream fill worker 2 keys 8 / 8
2026-10-08 06:27:22 stream fill worker 5 keys 8 / 8
2026-10-08 06:27:22 stream fill worker 7 keys 8 / 8
2026-10-08 06:27:22 stream fill worker 6 keys 8 / 8
2026-10-08 06:27:22 stream fill worker 8 keys 8 / 8
2026-10-08 06:27:22 stream fill worker 1 keys 8 / 8
2026-10-08 06:27:22 stream fill worker 4 keys 8 / 8
2026-10-08 06:27:32 lavik-mainc55e52c9-ordered-stream-1048576-k64-f1024-20261008 stream-1048576-1024-xrange_full-c16 2782 QPS p99=9.92 ms
2026-10-08 06:27:41 lavik-mainc55e52c9-ordered-stream-1048576-k64-f1024-20261008 stream-1048576-1024-xrange_full-c80 2765 QPS p99=71.68 ms
2026-10-08 06:27:51 lavik-mainc55e52c9-ordered-stream-1048576-k64-f1024-20261008 stream-1048576-1024-xrange-c80 257356 QPS p99=0.66 ms
2026-10-08 06:28:00 lavik-mainc55e52c9-ordered-stream-1048576-k64-f1024-20261008 stream-1048576-1024-xrange-c320 332783 QPS p99=2.00 ms
2026-10-08 06:28:10 lavik-mainc55e52c9-ordered-stream-1048576-k64-f1024-20261008 stream-1048576-1024-xrange-c1280 238945 QPS p99=90.62 ms
2026-10-08 06:28:21 lavik-mainc55e52c9-ordered-stream-1048576-k64-f1024-20261008 stream-1048576-1024-xrange-c2560 190254 QPS p99=240.64 ms
2026-10-08 06:28:33 lavik-mainc55e52c9-ordered-stream-1048576-k64-f1024-20261008 stream-1048576-1024-xrange-c5120 193686 QPS p99=497.66 ms
2026-10-08 06:28:42 lavik-mainc55e52c9-ordered-stream-1048576-k64-f1024-20261008 stream-1048576-1024-xadd_maxlen-c80 45488 QPS p99=13.50 ms
2026-10-08 06:28:52 lavik-mainc55e52c9-ordered-stream-1048576-k64-f1024-20261008 stream-1048576-1024-xadd_maxlen-c320 48628 QPS p99=57.85 ms
2026-10-08 06:29:02 lavik-mainc55e52c9-ordered-stream-1048576-k64-f1024-20261008 stream-1048576-1024-xadd_maxlen-c1280 46919 QPS p99=234.50 ms
2026-10-08 06:29:12 lavik-mainc55e52c9-ordered-stream-1048576-k64-f1024-20261008 stream-1048576-1024-xadd_maxlen-c2560 48936 QPS p99=477.18 ms
2026-10-08 06:29:22 lavik-mainc55e52c9-ordered-stream-1048576-k64-f1024-20261008 stream-1048576-1024-xadd_maxlen-c5120 47586 QPS p99=929.79 ms
COMPLETE mainc55e52c9-ordered-stream-1048576-k64-f1024-20261008 1791440964.809129
