discard c08bc35101567ebd0001 /dev/nvme3n1
discard c08bc35101567ebd0002 /dev/nvme5n1
discard c08bc35101567ebd0003 /dev/nvme4n1
discard c08bc35101567ebd0004 /dev/nvme2n1
discard c08bc35101567ebd0005 /dev/nvme1n1
discard c08bc35101567ebd0006 /dev/nvme6n1
START mainc55e52c9-ordered-list-65536-k64-f1024-20261008 1791439696.1613114
2026-10-08 06:08:22 lavik-mainc55e52c9-ordered-list-65536-k64-f1024-20261008 list-65536-1024 fill
2026-10-08 06:08:22 list fill worker 2 keys 1 / 8
2026-10-08 06:08:22 list fill worker 4 keys 1 / 8
2026-10-08 06:08:22 list fill worker 3 keys 1 / 8
2026-10-08 06:08:22 list fill worker 5 keys 1 / 8
2026-10-08 06:08:22 list fill worker 6 keys 1 / 8
2026-10-08 06:08:22 list fill worker 1 keys 1 / 8
2026-10-08 06:08:22 list fill worker 3 keys 2 / 8
2026-10-08 06:08:22 list fill worker 7 keys 1 / 8
2026-10-08 06:08:22 list fill worker 8 keys 1 / 8
2026-10-08 06:08:22 list fill worker 1 keys 2 / 8
2026-10-08 06:08:22 list fill worker 4 keys 2 / 8
2026-10-08 06:08:22 list fill worker 2 keys 2 / 8
2026-10-08 06:08:22 list fill worker 6 keys 2 / 8
2026-10-08 06:08:22 list fill worker 5 keys 2 / 8
2026-10-08 06:08:22 list fill worker 7 keys 2 / 8
2026-10-08 06:08:22 list fill worker 1 keys 3 / 8
2026-10-08 06:08:22 list fill worker 4 keys 3 / 8
2026-10-08 06:08:22 list fill worker 2 keys 3 / 8
2026-10-08 06:08:22 list fill worker 3 keys 3 / 8
2026-10-08 06:08:22 list fill worker 6 keys 3 / 8
2026-10-08 06:08:22 list fill worker 5 keys 3 / 8
2026-10-08 06:08:22 list fill worker 8 keys 2 / 8
2026-10-08 06:08:22 list fill worker 1 keys 4 / 8
2026-10-08 06:08:22 list fill worker 2 keys 4 / 8
2026-10-08 06:08:22 list fill worker 3 keys 4 / 8
2026-10-08 06:08:22 list fill worker 4 keys 4 / 8
2026-10-08 06:08:22 list fill worker 6 keys 4 / 8
2026-10-08 06:08:22 list fill worker 8 keys 3 / 8
2026-10-08 06:08:22 list fill worker 7 keys 3 / 8
2026-10-08 06:08:22 list fill worker 5 keys 4 / 8
2026-10-08 06:08:22 list fill worker 4 keys 5 / 8
2026-10-08 06:08:22 list fill worker 3 keys 5 / 8
2026-10-08 06:08:22 list fill worker 2 keys 5 / 8
2026-10-08 06:08:22 list fill worker 8 keys 4 / 8
2026-10-08 06:08:22 list fill worker 1 keys 5 / 8
2026-10-08 06:08:22 list fill worker 6 keys 5 / 8
2026-10-08 06:08:22 list fill worker 2 keys 6 / 8
2026-10-08 06:08:22 list fill worker 5 keys 5 / 8
2026-10-08 06:08:22 list fill worker 6 keys 6 / 8
2026-10-08 06:08:22 list fill worker 4 keys 6 / 8
2026-10-08 06:08:22 list fill worker 8 keys 5 / 8
2026-10-08 06:08:22 list fill worker 1 keys 6 / 8
2026-10-08 06:08:22 list fill worker 6 keys 7 / 8
2026-10-08 06:08:22 list fill worker 3 keys 6 / 8
2026-10-08 06:08:22 list fill worker 5 keys 6 / 8
2026-10-08 06:08:22 list fill worker 2 keys 7 / 8
2026-10-08 06:08:22 list fill worker 1 keys 7 / 8
2026-10-08 06:08:22 list fill worker 7 keys 4 / 8
2026-10-08 06:08:22 list fill worker 6 keys 8 / 8
2026-10-08 06:08:22 list fill worker 3 keys 7 / 8
2026-10-08 06:08:22 list fill worker 5 keys 7 / 8
2026-10-08 06:08:22 list fill worker 4 keys 7 / 8
2026-10-08 06:08:22 list fill worker 8 keys 6 / 8
2026-10-08 06:08:22 list fill worker 1 keys 8 / 8
2026-10-08 06:08:22 list fill worker 7 keys 5 / 8
2026-10-08 06:08:22 list fill worker 2 keys 8 / 8
2026-10-08 06:08:22 list fill worker 3 keys 8 / 8
2026-10-08 06:08:22 list fill worker 4 keys 8 / 8
2026-10-08 06:08:22 list fill worker 8 keys 7 / 8
2026-10-08 06:08:22 list fill worker 7 keys 6 / 8
2026-10-08 06:08:22 list fill worker 5 keys 8 / 8
2026-10-08 06:08:22 list fill worker 7 keys 7 / 8
2026-10-08 06:08:22 list fill worker 8 keys 8 / 8
2026-10-08 06:08:22 list fill worker 7 keys 8 / 8
2026-10-08 06:08:30 lavik-mainc55e52c9-ordered-list-65536-k64-f1024-20261008 list-65536-1024-lrange-c16 45616 QPS p99=3.01 ms
2026-10-08 06:08:40 lavik-mainc55e52c9-ordered-list-65536-k64-f1024-20261008 list-65536-1024-lrange-c80 45671 QPS p99=7.46 ms
2026-10-08 06:08:50 lavik-mainc55e52c9-ordered-list-65536-k64-f1024-20261008 list-65536-1024-lindex-c80 526492 QPS p99=0.28 ms
2026-10-08 06:08:59 lavik-mainc55e52c9-ordered-list-65536-k64-f1024-20261008 list-65536-1024-lindex-c320 771863 QPS p99=0.90 ms
2026-10-08 06:09:09 lavik-mainc55e52c9-ordered-list-65536-k64-f1024-20261008 list-65536-1024-lindex-c1280 780370 QPS p99=4.29 ms
2026-10-08 06:09:19 lavik-mainc55e52c9-ordered-list-65536-k64-f1024-20261008 list-65536-1024-lindex-c2560 643452 QPS p99=14.02 ms
2026-10-08 06:09:31 lavik-mainc55e52c9-ordered-list-65536-k64-f1024-20261008 list-65536-1024-lindex-c5120 436284 QPS p99=93.18 ms
2026-10-08 06:09:40 lavik-mainc55e52c9-ordered-list-65536-k64-f1024-20261008 list-65536-1024-lset-c80 149268 QPS p99=7.74 ms
2026-10-08 06:09:50 lavik-mainc55e52c9-ordered-list-65536-k64-f1024-20261008 list-65536-1024-lset-c320 150325 QPS p99=26.11 ms
2026-10-08 06:10:00 lavik-mainc55e52c9-ordered-list-65536-k64-f1024-20261008 list-65536-1024-lset-c1280 162751 QPS p99=59.13 ms
2026-10-08 06:10:10 lavik-mainc55e52c9-ordered-list-65536-k64-f1024-20261008 list-65536-1024-lset-c2560 157656 QPS p99=99.33 ms
2026-10-08 06:10:22 lavik-mainc55e52c9-ordered-list-65536-k64-f1024-20261008 list-65536-1024-lset-c5120 166088 QPS p99=231.42 ms
COMPLETE mainc55e52c9-ordered-list-65536-k64-f1024-20261008 1791439825.2767322
