discard c08bc35101567ebd0001 /dev/nvme3n1
discard c08bc35101567ebd0002 /dev/nvme5n1
discard c08bc35101567ebd0003 /dev/nvme4n1
discard c08bc35101567ebd0004 /dev/nvme2n1
discard c08bc35101567ebd0005 /dev/nvme1n1
discard c08bc35101567ebd0006 /dev/nvme6n1
START mainc55e52c9-ordered-list-1048576-k64-f1024-20261008 1791440535.1822336
2026-10-08 06:22:20 lavik-mainc55e52c9-ordered-list-1048576-k64-f1024-20261008 list-1048576-1024 fill
2026-10-08 06:22:20 list fill worker 2 keys 1 / 8
2026-10-08 06:22:20 list fill worker 4 keys 1 / 8
2026-10-08 06:22:20 list fill worker 1 keys 1 / 8
2026-10-08 06:22:20 list fill worker 3 keys 1 / 8
2026-10-08 06:22:20 list fill worker 7 keys 1 / 8
2026-10-08 06:22:20 list fill worker 6 keys 1 / 8
2026-10-08 06:22:20 list fill worker 5 keys 1 / 8
2026-10-08 06:22:20 list fill worker 8 keys 1 / 8
2026-10-08 06:22:20 list fill worker 2 keys 2 / 8
2026-10-08 06:22:20 list fill worker 1 keys 2 / 8
2026-10-08 06:22:20 list fill worker 3 keys 2 / 8
2026-10-08 06:22:20 list fill worker 6 keys 2 / 8
2026-10-08 06:22:20 list fill worker 4 keys 2 / 8
2026-10-08 06:22:20 list fill worker 5 keys 2 / 8
2026-10-08 06:22:20 list fill worker 7 keys 2 / 8
2026-10-08 06:22:20 list fill worker 8 keys 2 / 8
2026-10-08 06:22:21 list fill worker 2 keys 3 / 8
2026-10-08 06:22:21 list fill worker 1 keys 3 / 8
2026-10-08 06:22:21 list fill worker 7 keys 3 / 8
2026-10-08 06:22:21 list fill worker 3 keys 3 / 8
2026-10-08 06:22:21 list fill worker 4 keys 3 / 8
2026-10-08 06:22:21 list fill worker 5 keys 3 / 8
2026-10-08 06:22:21 list fill worker 6 keys 3 / 8
2026-10-08 06:22:21 list fill worker 8 keys 3 / 8
2026-10-08 06:22:21 list fill worker 1 keys 4 / 8
2026-10-08 06:22:21 list fill worker 4 keys 4 / 8
2026-10-08 06:22:21 list fill worker 2 keys 4 / 8
2026-10-08 06:22:21 list fill worker 7 keys 4 / 8
2026-10-08 06:22:21 list fill worker 5 keys 4 / 8
2026-10-08 06:22:21 list fill worker 3 keys 4 / 8
2026-10-08 06:22:21 list fill worker 6 keys 4 / 8
2026-10-08 06:22:21 list fill worker 8 keys 4 / 8
2026-10-08 06:22:21 list fill worker 4 keys 5 / 8
2026-10-08 06:22:21 list fill worker 1 keys 5 / 8
2026-10-08 06:22:21 list fill worker 7 keys 5 / 8
2026-10-08 06:22:21 list fill worker 5 keys 5 / 8
2026-10-08 06:22:21 list fill worker 2 keys 5 / 8
2026-10-08 06:22:21 list fill worker 3 keys 5 / 8
2026-10-08 06:22:21 list fill worker 8 keys 5 / 8
2026-10-08 06:22:21 list fill worker 6 keys 5 / 8
2026-10-08 06:22:21 list fill worker 4 keys 6 / 8
2026-10-08 06:22:21 list fill worker 1 keys 6 / 8
2026-10-08 06:22:21 list fill worker 7 keys 6 / 8
2026-10-08 06:22:21 list fill worker 2 keys 6 / 8
2026-10-08 06:22:21 list fill worker 3 keys 6 / 8
2026-10-08 06:22:21 list fill worker 8 keys 6 / 8
2026-10-08 06:22:21 list fill worker 6 keys 6 / 8
2026-10-08 06:22:21 list fill worker 4 keys 7 / 8
2026-10-08 06:22:21 list fill worker 1 keys 7 / 8
2026-10-08 06:22:21 list fill worker 5 keys 6 / 8
2026-10-08 06:22:21 list fill worker 2 keys 7 / 8
2026-10-08 06:22:21 list fill worker 3 keys 7 / 8
2026-10-08 06:22:21 list fill worker 8 keys 7 / 8
2026-10-08 06:22:21 list fill worker 6 keys 7 / 8
2026-10-08 06:22:21 list fill worker 7 keys 7 / 8
2026-10-08 06:22:21 list fill worker 4 keys 8 / 8
2026-10-08 06:22:21 list fill worker 1 keys 8 / 8
2026-10-08 06:22:21 list fill worker 5 keys 7 / 8
2026-10-08 06:22:21 list fill worker 2 keys 8 / 8
2026-10-08 06:22:21 list fill worker 3 keys 8 / 8
2026-10-08 06:22:21 list fill worker 8 keys 8 / 8
2026-10-08 06:22:21 list fill worker 6 keys 8 / 8
2026-10-08 06:22:21 list fill worker 7 keys 8 / 8
2026-10-08 06:22:21 list fill worker 5 keys 8 / 8
2026-10-08 06:22:30 lavik-mainc55e52c9-ordered-list-1048576-k64-f1024-20261008 list-1048576-1024-lrange-c16 2852 QPS p99=10.69 ms
2026-10-08 06:22:40 lavik-mainc55e52c9-ordered-list-1048576-k64-f1024-20261008 list-1048576-1024-lrange-c80 2846 QPS p99=70.14 ms
2026-10-08 06:22:50 lavik-mainc55e52c9-ordered-list-1048576-k64-f1024-20261008 list-1048576-1024-lindex-c80 519590 QPS p99=0.29 ms
2026-10-08 06:22:59 lavik-mainc55e52c9-ordered-list-1048576-k64-f1024-20261008 list-1048576-1024-lindex-c320 756052 QPS p99=0.95 ms
2026-10-08 06:23:09 lavik-mainc55e52c9-ordered-list-1048576-k64-f1024-20261008 list-1048576-1024-lindex-c1280 771516 QPS p99=4.22 ms
2026-10-08 06:23:19 lavik-mainc55e52c9-ordered-list-1048576-k64-f1024-20261008 list-1048576-1024-lindex-c2560 630229 QPS p99=15.10 ms
2026-10-08 06:23:30 lavik-mainc55e52c9-ordered-list-1048576-k64-f1024-20261008 list-1048576-1024-lindex-c5120 423326 QPS p99=96.25 ms
2026-10-08 06:23:40 lavik-mainc55e52c9-ordered-list-1048576-k64-f1024-20261008 list-1048576-1024-lset-c80 160991 QPS p99=7.01 ms
2026-10-08 06:23:50 lavik-mainc55e52c9-ordered-list-1048576-k64-f1024-20261008 list-1048576-1024-lset-c320 149158 QPS p99=25.34 ms
2026-10-08 06:24:00 lavik-mainc55e52c9-ordered-list-1048576-k64-f1024-20261008 list-1048576-1024-lset-c1280 164389 QPS p99=56.06 ms
2026-10-08 06:24:10 lavik-mainc55e52c9-ordered-list-1048576-k64-f1024-20261008 list-1048576-1024-lset-c2560 154279 QPS p99=114.69 ms
2026-10-08 06:24:21 lavik-mainc55e52c9-ordered-list-1048576-k64-f1024-20261008 list-1048576-1024-lset-c5120 136413 QPS p99=205.82 ms
COMPLETE mainc55e52c9-ordered-list-1048576-k64-f1024-20261008 1791440664.2840781
