discard c08bc35101567ebd0001 /dev/nvme3n1
discard c08bc35101567ebd0002 /dev/nvme5n1
discard c08bc35101567ebd0003 /dev/nvme4n1
discard c08bc35101567ebd0004 /dev/nvme2n1
discard c08bc35101567ebd0005 /dev/nvme1n1
discard c08bc35101567ebd0006 /dev/nvme6n1
START mainc55e52c9-ordered-zset-104857600-k8-f128-20261008 1791442331.5768616
2026-10-08 06:52:17 lavik-mainc55e52c9-ordered-zset-104857600-k8-f128-20261008 zset-104857600-128 fill
2026-10-08 06:55:04 zset fill worker 8 keys 1 / 1
2026-10-08 06:55:05 zset fill worker 3 keys 1 / 1
2026-10-08 06:55:06 zset fill worker 2 keys 1 / 1
2026-10-08 06:55:06 zset fill worker 1 keys 1 / 1
2026-10-08 06:55:06 zset fill worker 5 keys 1 / 1
2026-10-08 06:55:06 zset fill worker 4 keys 1 / 1
2026-10-08 06:55:06 zset fill worker 6 keys 1 / 1
2026-10-08 06:55:07 zset fill worker 7 keys 1 / 1
2026-10-08 06:55:17 lavik-mainc55e52c9-ordered-zset-104857600-k8-f128-20261008 zset-104857600-128-zrange-c1 1 QPS p99=1507.33 ms
2026-10-08 06:55:27 lavik-mainc55e52c9-ordered-zset-104857600-k8-f128-20261008 zset-104857600-128-zrange-c4 3 QPS p99=2457.60 ms
2026-10-08 06:55:37 lavik-mainc55e52c9-ordered-zset-104857600-k8-f128-20261008 zset-104857600-128-zrange-c16 9 QPS p99=2326.53 ms
2026-10-08 06:55:47 lavik-mainc55e52c9-ordered-zset-104857600-k8-f128-20261008 zset-104857600-128-zscore-c80 289556 QPS p99=0.51 ms
2026-10-08 06:55:56 lavik-mainc55e52c9-ordered-zset-104857600-k8-f128-20261008 zset-104857600-128-zscore-c320 317998 QPS p99=3.12 ms
2026-10-08 06:56:06 lavik-mainc55e52c9-ordered-zset-104857600-k8-f128-20261008 zset-104857600-128-zscore-c1280 239437 QPS p99=21.50 ms
2026-10-08 06:56:17 lavik-mainc55e52c9-ordered-zset-104857600-k8-f128-20261008 zset-104857600-128-zscore-c2560 209462 QPS p99=51.20 ms
2026-10-08 06:56:28 lavik-mainc55e52c9-ordered-zset-104857600-k8-f128-20261008 zset-104857600-128-zscore-c5120 192924 QPS p99=116.22 ms
2026-10-08 06:56:37 lavik-mainc55e52c9-ordered-zset-104857600-k8-f128-20261008 zset-104857600-128-zincrby-c80 39859 QPS p99=12.54 ms
2026-10-08 06:56:47 lavik-mainc55e52c9-ordered-zset-104857600-k8-f128-20261008 zset-104857600-128-zincrby-c320 41489 QPS p99=33.79 ms
2026-10-08 06:56:57 lavik-mainc55e52c9-ordered-zset-104857600-k8-f128-20261008 zset-104857600-128-zincrby-c1280 40860 QPS p99=112.64 ms
2026-10-08 06:57:07 lavik-mainc55e52c9-ordered-zset-104857600-k8-f128-20261008 zset-104857600-128-zincrby-c2560 40616 QPS p99=182.27 ms
2026-10-08 06:57:18 lavik-mainc55e52c9-ordered-zset-104857600-k8-f128-20261008 zset-104857600-128-zincrby-c5120 39043 QPS p99=294.91 ms
COMPLETE mainc55e52c9-ordered-zset-104857600-k8-f128-20261008 1791442640.7220142
