discard c08bc35101567ebd0001 /dev/nvme3n1
discard c08bc35101567ebd0002 /dev/nvme5n1
discard c08bc35101567ebd0003 /dev/nvme4n1
discard c08bc35101567ebd0004 /dev/nvme2n1
discard c08bc35101567ebd0005 /dev/nvme1n1
discard c08bc35101567ebd0006 /dev/nvme6n1
START mainc55e52c9-ordered-list-104857600-k8-f128-20261008 1791441255.7234108
2026-10-08 06:34:21 lavik-mainc55e52c9-ordered-list-104857600-k8-f128-20261008 list-104857600-128 fill
2026-10-08 06:34:26 list fill worker 2 keys 1 / 1
2026-10-08 06:34:26 list fill worker 3 keys 1 / 1
2026-10-08 06:34:26 list fill worker 1 keys 1 / 1
2026-10-08 06:34:26 list fill worker 5 keys 1 / 1
2026-10-08 06:34:26 list fill worker 8 keys 1 / 1
2026-10-08 06:34:26 list fill worker 7 keys 1 / 1
2026-10-08 06:34:27 list fill worker 4 keys 1 / 1
2026-10-08 06:34:27 list fill worker 6 keys 1 / 1
2026-10-08 06:34:36 lavik-mainc55e52c9-ordered-list-104857600-k8-f128-20261008 list-104857600-128-lrange-c1 3 QPS p99=438.27 ms
2026-10-08 06:34:46 lavik-mainc55e52c9-ordered-list-104857600-k8-f128-20261008 list-104857600-128-lrange-c4 11 QPS p99=651.26 ms
2026-10-08 06:34:57 lavik-mainc55e52c9-ordered-list-104857600-k8-f128-20261008 list-104857600-128-lrange-c16 21 QPS p99=1515.52 ms
2026-10-08 06:35:06 lavik-mainc55e52c9-ordered-list-104857600-k8-f128-20261008 list-104857600-128-lindex-c80 332806 QPS p99=0.59 ms
2026-10-08 06:35:16 lavik-mainc55e52c9-ordered-list-104857600-k8-f128-20261008 list-104857600-128-lindex-c320 405552 QPS p99=3.17 ms
2026-10-08 06:35:26 lavik-mainc55e52c9-ordered-list-104857600-k8-f128-20261008 list-104857600-128-lindex-c1280 311120 QPS p99=16.51 ms
2026-10-08 06:35:36 lavik-mainc55e52c9-ordered-list-104857600-k8-f128-20261008 list-104857600-128-lindex-c2560 279971 QPS p99=36.86 ms
2026-10-08 06:35:47 lavik-mainc55e52c9-ordered-list-104857600-k8-f128-20261008 list-104857600-128-lindex-c5120 251862 QPS p99=84.48 ms
2026-10-08 06:35:57 lavik-mainc55e52c9-ordered-list-104857600-k8-f128-20261008 list-104857600-128-lset-c80 43853 QPS p99=46.59 ms
2026-10-08 06:36:06 lavik-mainc55e52c9-ordered-list-104857600-k8-f128-20261008 list-104857600-128-lset-c320 47891 QPS p99=78.85 ms
2026-10-08 06:36:16 lavik-mainc55e52c9-ordered-list-104857600-k8-f128-20261008 list-104857600-128-lset-c1280 47381 QPS p99=133.12 ms
2026-10-08 06:36:26 lavik-mainc55e52c9-ordered-list-104857600-k8-f128-20261008 list-104857600-128-lset-c2560 49387 QPS p99=164.86 ms
2026-10-08 06:36:38 lavik-mainc55e52c9-ordered-list-104857600-k8-f128-20261008 list-104857600-128-lset-c5120 41207 QPS p99=509.95 ms
COMPLETE mainc55e52c9-ordered-list-104857600-k8-f128-20261008 1791441400.827545
