discard c08bc35101567ebd0001 /dev/nvme3n1
discard c08bc35101567ebd0002 /dev/nvme5n1
discard c08bc35101567ebd0003 /dev/nvme4n1
discard c08bc35101567ebd0004 /dev/nvme2n1
discard c08bc35101567ebd0005 /dev/nvme1n1
discard c08bc35101567ebd0006 /dev/nvme6n1
START mainc55e52c9-hashset-set-104857600-k500-f1024-20261008 1791445370.1618788
2026-10-08 07:42:55 lavik-seed-mainc55e52c9-hashset-set-104857600-k500-f1024-20261008 set-104857600-1024 fill
2026-10-08 07:42:58 RESTORE fill 10 / 500
2026-10-08 07:43:00 RESTORE fill 20 / 500
2026-10-08 07:43:03 RESTORE fill 30 / 500
2026-10-08 07:43:04 RESTORE fill 40 / 500
2026-10-08 07:43:07 RESTORE fill 50 / 500
2026-10-08 07:43:10 RESTORE fill 60 / 500
2026-10-08 07:43:13 RESTORE fill 70 / 500
2026-10-08 07:43:15 RESTORE fill 80 / 500
2026-10-08 07:43:17 RESTORE fill 90 / 500
2026-10-08 07:43:20 RESTORE fill 100 / 500
2026-10-08 07:43:22 RESTORE fill 110 / 500
2026-10-08 07:43:25 RESTORE fill 120 / 500
2026-10-08 07:43:27 RESTORE fill 130 / 500
2026-10-08 07:43:29 RESTORE fill 140 / 500
2026-10-08 07:43:31 RESTORE fill 150 / 500
2026-10-08 07:43:33 RESTORE fill 160 / 500
2026-10-08 07:43:35 RESTORE fill 170 / 500
2026-10-08 07:43:37 RESTORE fill 180 / 500
2026-10-08 07:43:42 RESTORE fill 190 / 500
2026-10-08 07:43:44 RESTORE fill 200 / 500
2026-10-08 07:43:47 RESTORE fill 210 / 500
2026-10-08 07:43:49 RESTORE fill 220 / 500
2026-10-08 07:43:52 RESTORE fill 230 / 500
2026-10-08 07:43:55 RESTORE fill 240 / 500
2026-10-08 07:43:58 RESTORE fill 250 / 500
2026-10-08 07:44:01 RESTORE fill 260 / 500
2026-10-08 07:44:03 RESTORE fill 270 / 500
2026-10-08 07:44:05 RESTORE fill 280 / 500
2026-10-08 07:44:08 RESTORE fill 290 / 500
2026-10-08 07:44:11 RESTORE fill 300 / 500
2026-10-08 07:44:14 RESTORE fill 310 / 500
2026-10-08 07:44:18 RESTORE fill 320 / 500
2026-10-08 07:44:20 RESTORE fill 330 / 500
2026-10-08 07:44:23 RESTORE fill 340 / 500
2026-10-08 07:44:26 RESTORE fill 350 / 500
2026-10-08 07:44:28 RESTORE fill 360 / 500
2026-10-08 07:44:30 RESTORE fill 370 / 500
2026-10-08 07:44:32 RESTORE fill 380 / 500
2026-10-08 07:44:34 RESTORE fill 390 / 500
2026-10-08 07:44:36 RESTORE fill 400 / 500
2026-10-08 07:44:40 RESTORE fill 410 / 500
2026-10-08 07:44:43 RESTORE fill 420 / 500
2026-10-08 07:44:45 RESTORE fill 430 / 500
2026-10-08 07:44:48 RESTORE fill 440 / 500
2026-10-08 07:44:51 RESTORE fill 450 / 500
2026-10-08 07:44:53 RESTORE fill 460 / 500
2026-10-08 07:44:56 RESTORE fill 470 / 500
2026-10-08 07:44:59 RESTORE fill 480 / 500
2026-10-08 07:45:03 RESTORE fill 490 / 500
2026-10-08 07:45:09 RESTORE fill 500 / 500
2026-10-08 07:45:09 RESTORE settle 217816488 backlog bytes 0 queued commits
2026-10-08 07:45:16 lavik-seed-mainc55e52c9-hashset-set-104857600-k500-f1024-20261008 set-104857600-1024-smembers-c1 1 QPS p99=1359.87 ms
2026-10-08 07:45:37 lavik-mainc55e52c9-hashset-set-104857600-k500-f1024-20261008 set-104857600-1024 fill
2026-10-08 07:45:47 lavik-mainc55e52c9-hashset-set-104857600-k500-f1024-20261008 set-104857600-1024-smembers-c1 1 QPS p99=1433.60 ms
2026-10-08 07:45:57 lavik-mainc55e52c9-hashset-set-104857600-k500-f1024-20261008 set-104857600-1024-smembers-c4 3 QPS p99=1433.60 ms
2026-10-08 07:46:08 lavik-mainc55e52c9-hashset-set-104857600-k500-f1024-20261008 set-104857600-1024-smembers-c16 11 QPS p99=1769.47 ms
2026-10-08 07:46:17 lavik-mainc55e52c9-hashset-set-104857600-k500-f1024-20261008 set-104857600-1024-sismember-c80 349614 QPS p99=0.36 ms
2026-10-08 07:46:27 lavik-mainc55e52c9-hashset-set-104857600-k500-f1024-20261008 set-104857600-1024-sismember-c320 549237 QPS p99=1.77 ms
2026-10-08 07:46:37 lavik-mainc55e52c9-hashset-set-104857600-k500-f1024-20261008 set-104857600-1024-sismember-c1280 382778 QPS p99=26.37 ms
2026-10-08 07:46:47 lavik-mainc55e52c9-hashset-set-104857600-k500-f1024-20261008 set-104857600-1024-sismember-c2560 345967 QPS p99=58.37 ms
2026-10-08 07:46:57 lavik-mainc55e52c9-hashset-set-104857600-k500-f1024-20261008 set-104857600-1024-sadd_srem-c80 310714 QPS p99=0.80 ms
2026-10-08 07:47:06 lavik-mainc55e52c9-hashset-set-104857600-k500-f1024-20261008 set-104857600-1024-sadd_srem-c320 357535 QPS p99=6.08 ms
2026-10-08 07:47:16 lavik-mainc55e52c9-hashset-set-104857600-k500-f1024-20261008 set-104857600-1024-sadd_srem-c1280 316217 QPS p99=35.84 ms
2026-10-08 07:47:26 lavik-mainc55e52c9-hashset-set-104857600-k500-f1024-20261008 set-104857600-1024-sadd_srem-c2560 290099 QPS p99=74.24 ms
COMPLETE mainc55e52c9-hashset-set-104857600-k500-f1024-20261008 1791445649.3823454
