discard c08bc35101567ebd0001 /dev/nvme3n1
discard c08bc35101567ebd0002 /dev/nvme5n1
discard c08bc35101567ebd0003 /dev/nvme4n1
discard c08bc35101567ebd0004 /dev/nvme2n1
discard c08bc35101567ebd0005 /dev/nvme1n1
discard c08bc35101567ebd0006 /dev/nvme6n1
START mainc55e52c9-ordered-zset-65536-k64-f128-20261008 1791440113.1935132
2026-10-08 06:15:19 lavik-mainc55e52c9-ordered-zset-65536-k64-f128-20261008 zset-65536-128 fill
2026-10-08 06:15:19 zset fill worker 3 keys 1 / 8
2026-10-08 06:15:19 zset fill worker 6 keys 1 / 8
2026-10-08 06:15:19 zset fill worker 4 keys 1 / 8
2026-10-08 06:15:19 zset fill worker 2 keys 1 / 8
2026-10-08 06:15:19 zset fill worker 1 keys 1 / 8
2026-10-08 06:15:19 zset fill worker 7 keys 1 / 8
2026-10-08 06:15:19 zset fill worker 5 keys 1 / 8
2026-10-08 06:15:19 zset fill worker 8 keys 1 / 8
2026-10-08 06:15:19 zset fill worker 6 keys 2 / 8
2026-10-08 06:15:19 zset fill worker 1 keys 2 / 8
2026-10-08 06:15:19 zset fill worker 7 keys 2 / 8
2026-10-08 06:15:19 zset fill worker 3 keys 2 / 8
2026-10-08 06:15:19 zset fill worker 4 keys 2 / 8
2026-10-08 06:15:19 zset fill worker 2 keys 2 / 8
2026-10-08 06:15:19 zset fill worker 8 keys 2 / 8
2026-10-08 06:15:19 zset fill worker 5 keys 2 / 8
2026-10-08 06:15:19 zset fill worker 4 keys 3 / 8
2026-10-08 06:15:19 zset fill worker 6 keys 3 / 8
2026-10-08 06:15:19 zset fill worker 3 keys 3 / 8
2026-10-08 06:15:19 zset fill worker 2 keys 3 / 8
2026-10-08 06:15:19 zset fill worker 7 keys 3 / 8
2026-10-08 06:15:19 zset fill worker 1 keys 3 / 8
2026-10-08 06:15:19 zset fill worker 8 keys 3 / 8
2026-10-08 06:15:19 zset fill worker 4 keys 4 / 8
2026-10-08 06:15:19 zset fill worker 5 keys 3 / 8
2026-10-08 06:15:19 zset fill worker 6 keys 4 / 8
2026-10-08 06:15:19 zset fill worker 1 keys 4 / 8
2026-10-08 06:15:19 zset fill worker 3 keys 4 / 8
2026-10-08 06:15:19 zset fill worker 8 keys 4 / 8
2026-10-08 06:15:19 zset fill worker 2 keys 4 / 8
2026-10-08 06:15:19 zset fill worker 7 keys 4 / 8
2026-10-08 06:15:19 zset fill worker 4 keys 5 / 8
2026-10-08 06:15:19 zset fill worker 5 keys 4 / 8
2026-10-08 06:15:19 zset fill worker 1 keys 5 / 8
2026-10-08 06:15:19 zset fill worker 6 keys 5 / 8
2026-10-08 06:15:19 zset fill worker 8 keys 5 / 8
2026-10-08 06:15:19 zset fill worker 2 keys 5 / 8
2026-10-08 06:15:19 zset fill worker 7 keys 5 / 8
2026-10-08 06:15:19 zset fill worker 3 keys 5 / 8
2026-10-08 06:15:19 zset fill worker 4 keys 6 / 8
2026-10-08 06:15:19 zset fill worker 5 keys 5 / 8
2026-10-08 06:15:19 zset fill worker 1 keys 6 / 8
2026-10-08 06:15:19 zset fill worker 2 keys 6 / 8
2026-10-08 06:15:19 zset fill worker 6 keys 6 / 8
2026-10-08 06:15:19 zset fill worker 7 keys 6 / 8
2026-10-08 06:15:19 zset fill worker 8 keys 6 / 8
2026-10-08 06:15:19 zset fill worker 5 keys 6 / 8
2026-10-08 06:15:19 zset fill worker 4 keys 7 / 8
2026-10-08 06:15:19 zset fill worker 1 keys 7 / 8
2026-10-08 06:15:19 zset fill worker 2 keys 7 / 8
2026-10-08 06:15:19 zset fill worker 3 keys 6 / 8
2026-10-08 06:15:19 zset fill worker 6 keys 7 / 8
2026-10-08 06:15:19 zset fill worker 5 keys 7 / 8
2026-10-08 06:15:19 zset fill worker 7 keys 7 / 8
2026-10-08 06:15:19 zset fill worker 8 keys 7 / 8
2026-10-08 06:15:19 zset fill worker 4 keys 8 / 8
2026-10-08 06:15:19 zset fill worker 2 keys 8 / 8
2026-10-08 06:15:19 zset fill worker 1 keys 8 / 8
2026-10-08 06:15:19 zset fill worker 6 keys 8 / 8
2026-10-08 06:15:19 zset fill worker 3 keys 7 / 8
2026-10-08 06:15:19 zset fill worker 7 keys 8 / 8
2026-10-08 06:15:19 zset fill worker 8 keys 8 / 8
2026-10-08 06:15:19 zset fill worker 5 keys 8 / 8
2026-10-08 06:15:19 zset fill worker 3 keys 8 / 8
2026-10-08 06:15:29 lavik-mainc55e52c9-ordered-zset-65536-k64-f128-20261008 zset-65536-128-zrange-c16 32024 QPS p99=0.93 ms
2026-10-08 06:15:38 lavik-mainc55e52c9-ordered-zset-65536-k64-f128-20261008 zset-65536-128-zrange-c80 40668 QPS p99=6.69 ms
2026-10-08 06:15:48 lavik-mainc55e52c9-ordered-zset-65536-k64-f128-20261008 zset-65536-128-zscore-c80 463803 QPS p99=0.31 ms
2026-10-08 06:15:57 lavik-mainc55e52c9-ordered-zset-65536-k64-f128-20261008 zset-65536-128-zscore-c320 643982 QPS p99=0.97 ms
2026-10-08 06:16:07 lavik-mainc55e52c9-ordered-zset-65536-k64-f128-20261008 zset-65536-128-zscore-c1280 634940 QPS p99=4.61 ms
2026-10-08 06:16:18 lavik-mainc55e52c9-ordered-zset-65536-k64-f128-20261008 zset-65536-128-zscore-c2560 514867 QPS p99=19.07 ms
2026-10-08 06:16:31 lavik-mainc55e52c9-ordered-zset-65536-k64-f128-20261008 zset-65536-128-zscore-c5120 465235 QPS p99=70.66 ms
2026-10-08 06:16:40 lavik-mainc55e52c9-ordered-zset-65536-k64-f128-20261008 zset-65536-128-zincrby-c80 79139 QPS p99=12.10 ms
2026-10-08 06:16:50 lavik-mainc55e52c9-ordered-zset-65536-k64-f128-20261008 zset-65536-128-zincrby-c320 84010 QPS p99=34.05 ms
2026-10-08 06:17:00 lavik-mainc55e52c9-ordered-zset-65536-k64-f128-20261008 zset-65536-128-zincrby-c1280 78117 QPS p99=132.09 ms
2026-10-08 06:17:10 lavik-mainc55e52c9-ordered-zset-65536-k64-f128-20261008 zset-65536-128-zincrby-c2560 78186 QPS p99=274.43 ms
2026-10-08 06:17:21 lavik-mainc55e52c9-ordered-zset-65536-k64-f128-20261008 zset-65536-128-zincrby-c5120 79242 QPS p99=516.10 ms
COMPLETE mainc55e52c9-ordered-zset-65536-k64-f128-20261008 1791440244.2999952
