discard c08bc35101567ebd0001 /dev/nvme3n1
discard c08bc35101567ebd0002 /dev/nvme5n1
discard c08bc35101567ebd0003 /dev/nvme4n1
discard c08bc35101567ebd0004 /dev/nvme2n1
discard c08bc35101567ebd0005 /dev/nvme1n1
discard c08bc35101567ebd0006 /dev/nvme6n1
START mainc55e52c9-lset-list-1048576-k50000-f1024-20261008 1791443358.554518
2026-10-08 07:09:24 lavik-mainc55e52c9-lset-list-1048576-k50000-f1024-20261008 list-1048576-1024 fill
2026-10-08 07:09:25 list fill worker 2 keys 62 / 1563
2026-10-08 07:09:25 list fill worker 12 keys 62 / 1563
2026-10-08 07:09:25 list fill worker 5 keys 62 / 1563
2026-10-08 07:09:25 list fill worker 9 keys 62 / 1563
2026-10-08 07:09:25 list fill worker 1 keys 62 / 1563
2026-10-08 07:09:25 list fill worker 7 keys 62 / 1563
2026-10-08 07:09:25 list fill worker 26 keys 62 / 1562
2026-10-08 07:09:25 list fill worker 10 keys 62 / 1563
2026-10-08 07:09:25 list fill worker 6 keys 62 / 1563
2026-10-08 07:09:25 list fill worker 8 keys 62 / 1563
2026-10-08 07:09:25 list fill worker 4 keys 62 / 1563
2026-10-08 07:09:25 list fill worker 11 keys 62 / 1563
2026-10-08 07:09:25 list fill worker 16 keys 62 / 1563
2026-10-08 07:09:25 list fill worker 21 keys 62 / 1562
2026-10-08 07:09:25 list fill worker 3 keys 62 / 1563
2026-10-08 07:09:25 list fill worker 20 keys 62 / 1562
2026-10-08 07:09:25 list fill worker 22 keys 62 / 1562
2026-10-08 07:09:25 list fill worker 13 keys 62 / 1563
2026-10-08 07:09:25 list fill worker 30 keys 62 / 1562
2026-10-08 07:09:25 list fill worker 23 keys 62 / 1562
2026-10-08 07:09:25 list fill worker 14 keys 62 / 1563
2026-10-08 07:09:25 list fill worker 24 keys 62 / 1562
2026-10-08 07:09:25 list fill worker 17 keys 62 / 1562
2026-10-08 07:09:25 list fill worker 25 keys 62 / 1562
2026-10-08 07:09:25 list fill worker 19 keys 62 / 1562
2026-10-08 07:09:25 list fill worker 27 keys 62 / 1562
2026-10-08 07:09:25 list fill worker 32 keys 62 / 1562
2026-10-08 07:09:25 list fill worker 31 keys 62 / 1562
2026-10-08 07:09:25 list fill worker 28 keys 62 / 1562
2026-10-08 07:09:25 list fill worker 15 keys 62 / 1563
2026-10-08 07:09:25 list fill worker 18 keys 62 / 1562
2026-10-08 07:09:26 list fill worker 29 keys 62 / 1562
2026-10-08 07:09:27 list fill worker 5 keys 124 / 1563
2026-10-08 07:09:27 list fill worker 9 keys 124 / 1563
2026-10-08 07:09:27 list fill worker 21 keys 124 / 1562
2026-10-08 07:09:27 list fill worker 26 keys 124 / 1562
2026-10-08 07:09:27 list fill worker 2 keys 124 / 1563
2026-10-08 07:09:27 list fill worker 1 keys 124 / 1563
2026-10-08 07:09:27 list fill worker 23 keys 124 / 1562
2026-10-08 07:09:27 list fill worker 8 keys 124 / 1563
2026-10-08 07:09:27 list fill worker 12 keys 124 / 1563
2026-10-08 07:09:27 list fill worker 7 keys 124 / 1563
2026-10-08 07:09:27 list fill worker 3 keys 124 / 1563
2026-10-08 07:09:27 list fill worker 22 keys 124 / 1562
2026-10-08 07:09:27 list fill worker 24 keys 124 / 1562
2026-10-08 07:09:27 list fill worker 16 keys 124 / 1563
2026-10-08 07:09:27 list fill worker 14 keys 124 / 1563
2026-10-08 07:09:27 list fill worker 20 keys 124 / 1562
2026-10-08 07:09:27 list fill worker 30 keys 124 / 1562
2026-10-08 07:09:27 list fill worker 10 keys 124 / 1563
2026-10-08 07:09:27 list fill worker 13 keys 124 / 1563
2026-10-08 07:09:27 list fill worker 4 keys 124 / 1563
2026-10-08 07:09:27 list fill worker 25 keys 124 / 1562
2026-10-08 07:09:27 list fill worker 27 keys 124 / 1562
2026-10-08 07:09:27 list fill worker 6 keys 124 / 1563
2026-10-08 07:09:27 list fill worker 18 keys 124 / 1562
2026-10-08 07:09:27 list fill worker 29 keys 124 / 1562
2026-10-08 07:09:27 list fill worker 31 keys 124 / 1562
2026-10-08 07:09:27 list fill worker 15 keys 124 / 1563
2026-10-08 07:09:27 list fill worker 32 keys 124 / 1562
2026-10-08 07:09:27 list fill worker 17 keys 124 / 1562
2026-10-08 07:09:27 list fill worker 11 keys 124 / 1563
2026-10-08 07:09:27 list fill worker 28 keys 124 / 1562
2026-10-08 07:09:27 list fill worker 19 keys 124 / 1562
2026-10-08 07:09:28 list fill worker 9 keys 186 / 1563
2026-10-08 07:09:28 list fill worker 1 keys 186 / 1563
2026-10-08 07:09:28 list fill worker 2 keys 186 / 1563
2026-10-08 07:09:28 list fill worker 26 keys 186 / 1562
2026-10-08 07:09:28 list fill worker 22 keys 186 / 1562
2026-10-08 07:09:28 list fill worker 21 keys 186 / 1562
2026-10-08 07:09:28 list fill worker 24 keys 186 / 1562
2026-10-08 07:09:28 list fill worker 12 keys 186 / 1563
2026-10-08 07:09:28 list fill worker 23 keys 186 / 1562
2026-10-08 07:09:28 list fill worker 5 keys 186 / 1563
2026-10-08 07:09:28 list fill worker 16 keys 186 / 1563
2026-10-08 07:09:28 list fill worker 18 keys 186 / 1562
2026-10-08 07:09:28 list fill worker 29 keys 186 / 1562
2026-10-08 07:09:29 list fill worker 13 keys 186 / 1563
2026-10-08 07:09:29 list fill worker 6 keys 186 / 1563
2026-10-08 07:09:29 list fill worker 3 keys 186 / 1563
2026-10-08 07:09:29 list fill worker 30 keys 186 / 1562
2026-10-08 07:09:29 list fill worker 27 keys 186 / 1562
2026-10-08 07:09:29 list fill worker 8 keys 186 / 1563
2026-10-08 07:09:29 list fill worker 20 keys 186 / 1562
2026-10-08 07:09:29 list fill worker 7 keys 186 / 1563
2026-10-08 07:09:29 list fill worker 10 keys 186 / 1563
2026-10-08 07:09:29 list fill worker 14 keys 186 / 1563
2026-10-08 07:09:29 list fill worker 4 keys 186 / 1563
2026-10-08 07:09:29 list fill worker 15 keys 186 / 1563
2026-10-08 07:09:29 list fill worker 17 keys 186 / 1562
2026-10-08 07:09:29 list fill worker 25 keys 186 / 1562
2026-10-08 07:09:29 list fill worker 32 keys 186 / 1562
2026-10-08 07:09:29 list fill worker 31 keys 186 / 1562
2026-10-08 07:09:29 list fill worker 19 keys 186 / 1562
2026-10-08 07:09:29 list fill worker 28 keys 186 / 1562
2026-10-08 07:09:29 list fill worker 11 keys 186 / 1563
2026-10-08 07:09:30 list fill worker 9 keys 248 / 1563
2026-10-08 07:09:30 list fill worker 2 keys 248 / 1563
2026-10-08 07:09:30 list fill worker 21 keys 248 / 1562
2026-10-08 07:09:30 list fill worker 23 keys 248 / 1562
2026-10-08 07:09:30 list fill worker 24 keys 248 / 1562
2026-10-08 07:09:30 list fill worker 12 keys 248 / 1563
2026-10-08 07:09:30 list fill worker 26 keys 248 / 1562
2026-10-08 07:09:30 list fill worker 22 keys 248 / 1562
2026-10-08 07:09:30 list fill worker 14 keys 248 / 1563
2026-10-08 07:09:30 list fill worker 1 keys 248 / 1563
2026-10-08 07:09:30 list fill worker 10 keys 248 / 1563
2026-10-08 07:09:30 list fill worker 8 keys 248 / 1563
2026-10-08 07:09:30 list fill worker 27 keys 248 / 1562
2026-10-08 07:09:30 list fill worker 16 keys 248 / 1563
2026-10-08 07:09:30 list fill worker 5 keys 248 / 1563
2026-10-08 07:09:30 list fill worker 15 keys 248 / 1563
2026-10-08 07:09:30 list fill worker 18 keys 248 / 1562
2026-10-08 07:09:30 list fill worker 13 keys 248 / 1563
2026-10-08 07:09:30 list fill worker 29 keys 248 / 1562
2026-10-08 07:09:30 list fill worker 30 keys 248 / 1562
2026-10-08 07:09:30 list fill worker 4 keys 248 / 1563
2026-10-08 07:09:30 list fill worker 20 keys 248 / 1562
2026-10-08 07:09:30 list fill worker 7 keys 248 / 1563
2026-10-08 07:09:30 list fill worker 3 keys 248 / 1563
2026-10-08 07:09:30 list fill worker 6 keys 248 / 1563
2026-10-08 07:09:30 list fill worker 17 keys 248 / 1562
2026-10-08 07:09:30 list fill worker 32 keys 248 / 1562
2026-10-08 07:09:30 list fill worker 19 keys 248 / 1562
2026-10-08 07:09:30 list fill worker 28 keys 248 / 1562
2026-10-08 07:09:30 list fill worker 25 keys 248 / 1562
2026-10-08 07:09:30 list fill worker 31 keys 248 / 1562
2026-10-08 07:09:31 list fill worker 11 keys 248 / 1563
2026-10-08 07:09:31 list fill worker 9 keys 310 / 1563
2026-10-08 07:09:31 list fill worker 21 keys 310 / 1562
2026-10-08 07:09:31 list fill worker 23 keys 310 / 1562
2026-10-08 07:09:31 list fill worker 2 keys 310 / 1563
2026-10-08 07:09:31 list fill worker 12 keys 310 / 1563
2026-10-08 07:09:32 list fill worker 14 keys 310 / 1563
2026-10-08 07:09:32 list fill worker 10 keys 310 / 1563
2026-10-08 07:09:32 list fill worker 26 keys 310 / 1562
2026-10-08 07:09:32 list fill worker 1 keys 310 / 1563
2026-10-08 07:09:32 list fill worker 16 keys 310 / 1563
2026-10-08 07:09:32 list fill worker 22 keys 310 / 1562
2026-10-08 07:09:32 list fill worker 5 keys 310 / 1563
2026-10-08 07:09:32 list fill worker 24 keys 310 / 1562
2026-10-08 07:09:32 list fill worker 27 keys 310 / 1562
2026-10-08 07:09:32 list fill worker 30 keys 310 / 1562
2026-10-08 07:09:32 list fill worker 8 keys 310 / 1563
2026-10-08 07:09:32 list fill worker 18 keys 310 / 1562
2026-10-08 07:09:32 list fill worker 3 keys 310 / 1563
2026-10-08 07:09:32 list fill worker 15 keys 310 / 1563
2026-10-08 07:09:32 list fill worker 4 keys 310 / 1563
2026-10-08 07:09:32 list fill worker 6 keys 310 / 1563
2026-10-08 07:09:32 list fill worker 13 keys 310 / 1563
2026-10-08 07:09:32 list fill worker 29 keys 310 / 1562
2026-10-08 07:09:32 list fill worker 7 keys 310 / 1563
2026-10-08 07:09:32 list fill worker 25 keys 310 / 1562
2026-10-08 07:09:32 list fill worker 19 keys 310 / 1562
2026-10-08 07:09:32 list fill worker 20 keys 310 / 1562
2026-10-08 07:09:32 list fill worker 32 keys 310 / 1562
2026-10-08 07:09:32 list fill worker 31 keys 310 / 1562
2026-10-08 07:09:32 list fill worker 28 keys 310 / 1562
2026-10-08 07:09:32 list fill worker 11 keys 310 / 1563
2026-10-08 07:09:32 list fill worker 17 keys 310 / 1562
2026-10-08 07:09:33 list fill worker 21 keys 372 / 1562
2026-10-08 07:09:33 list fill worker 9 keys 372 / 1563
2026-10-08 07:09:33 list fill worker 23 keys 372 / 1562
2026-10-08 07:09:33 list fill worker 2 keys 372 / 1563
2026-10-08 07:09:33 list fill worker 12 keys 372 / 1563
2026-10-08 07:09:33 list fill worker 26 keys 372 / 1562
2026-10-08 07:09:33 list fill worker 22 keys 372 / 1562
2026-10-08 07:09:33 list fill worker 3 keys 372 / 1563
2026-10-08 07:09:33 list fill worker 30 keys 372 / 1562
2026-10-08 07:09:33 list fill worker 10 keys 372 / 1563
2026-10-08 07:09:33 list fill worker 1 keys 372 / 1563
2026-10-08 07:09:33 list fill worker 16 keys 372 / 1563
2026-10-08 07:09:33 list fill worker 18 keys 372 / 1562
2026-10-08 07:09:33 list fill worker 14 keys 372 / 1563
2026-10-08 07:09:33 list fill worker 27 keys 372 / 1562
2026-10-08 07:09:33 list fill worker 8 keys 372 / 1563
2026-10-08 07:09:33 list fill worker 5 keys 372 / 1563
2026-10-08 07:09:33 list fill worker 15 keys 372 / 1563
2026-10-08 07:09:33 list fill worker 24 keys 372 / 1562
2026-10-08 07:09:33 list fill worker 6 keys 372 / 1563
2026-10-08 07:09:33 list fill worker 29 keys 372 / 1562
2026-10-08 07:09:33 list fill worker 7 keys 372 / 1563
2026-10-08 07:09:33 list fill worker 20 keys 372 / 1562
2026-10-08 07:09:34 list fill worker 4 keys 372 / 1563
2026-10-08 07:09:34 list fill worker 13 keys 372 / 1563
2026-10-08 07:09:34 list fill worker 19 keys 372 / 1562
2026-10-08 07:09:34 list fill worker 11 keys 372 / 1563
2026-10-08 07:09:34 list fill worker 32 keys 372 / 1562
2026-10-08 07:09:34 list fill worker 25 keys 372 / 1562
2026-10-08 07:09:34 list fill worker 31 keys 372 / 1562
2026-10-08 07:09:34 list fill worker 17 keys 372 / 1562
2026-10-08 07:09:34 list fill worker 28 keys 372 / 1562
2026-10-08 07:09:34 list fill worker 21 keys 434 / 1562
2026-10-08 07:09:34 list fill worker 9 keys 434 / 1563
2026-10-08 07:09:34 list fill worker 2 keys 434 / 1563
2026-10-08 07:09:34 list fill worker 23 keys 434 / 1562
2026-10-08 07:09:35 list fill worker 12 keys 434 / 1563
2026-10-08 07:09:35 list fill worker 10 keys 434 / 1563
2026-10-08 07:09:35 list fill worker 14 keys 434 / 1563
2026-10-08 07:09:35 list fill worker 22 keys 434 / 1562
2026-10-08 07:09:35 list fill worker 18 keys 434 / 1562
2026-10-08 07:09:35 list fill worker 3 keys 434 / 1563
2026-10-08 07:09:35 list fill worker 1 keys 434 / 1563
2026-10-08 07:09:35 list fill worker 30 keys 434 / 1562
2026-10-08 07:09:35 list fill worker 24 keys 434 / 1562
2026-10-08 07:09:35 list fill worker 26 keys 434 / 1562
2026-10-08 07:09:35 list fill worker 27 keys 434 / 1562
2026-10-08 07:09:35 list fill worker 15 keys 434 / 1563
2026-10-08 07:09:35 list fill worker 5 keys 434 / 1563
2026-10-08 07:09:35 list fill worker 7 keys 434 / 1563
2026-10-08 07:09:35 list fill worker 29 keys 434 / 1562
2026-10-08 07:09:35 list fill worker 8 keys 434 / 1563
2026-10-08 07:09:35 list fill worker 6 keys 434 / 1563
2026-10-08 07:09:35 list fill worker 16 keys 434 / 1563
2026-10-08 07:09:35 list fill worker 20 keys 434 / 1562
2026-10-08 07:09:35 list fill worker 11 keys 434 / 1563
2026-10-08 07:09:35 list fill worker 4 keys 434 / 1563
2026-10-08 07:09:35 list fill worker 19 keys 434 / 1562
2026-10-08 07:09:35 list fill worker 13 keys 434 / 1563
2026-10-08 07:09:35 list fill worker 17 keys 434 / 1562
2026-10-08 07:09:35 list fill worker 32 keys 434 / 1562
2026-10-08 07:09:35 list fill worker 28 keys 434 / 1562
2026-10-08 07:09:35 list fill worker 25 keys 434 / 1562
2026-10-08 07:09:36 list fill worker 31 keys 434 / 1562
2026-10-08 07:09:36 list fill worker 21 keys 496 / 1562
2026-10-08 07:09:36 list fill worker 9 keys 496 / 1563
2026-10-08 07:09:36 list fill worker 2 keys 496 / 1563
2026-10-08 07:09:36 list fill worker 23 keys 496 / 1562
2026-10-08 07:09:36 list fill worker 12 keys 496 / 1563
2026-10-08 07:09:36 list fill worker 10 keys 496 / 1563
2026-10-08 07:09:36 list fill worker 14 keys 496 / 1563
2026-10-08 07:09:36 list fill worker 22 keys 496 / 1562
2026-10-08 07:09:36 list fill worker 26 keys 496 / 1562
2026-10-08 07:09:36 list fill worker 1 keys 496 / 1563
2026-10-08 07:09:36 list fill worker 27 keys 496 / 1562
2026-10-08 07:09:36 list fill worker 15 keys 496 / 1563
2026-10-08 07:09:36 list fill worker 18 keys 496 / 1562
2026-10-08 07:09:36 list fill worker 3 keys 496 / 1563
2026-10-08 07:09:37 list fill worker 24 keys 496 / 1562
2026-10-08 07:09:37 list fill worker 16 keys 496 / 1563
2026-10-08 07:09:37 list fill worker 11 keys 496 / 1563
2026-10-08 07:09:37 list fill worker 7 keys 496 / 1563
2026-10-08 07:09:37 list fill worker 30 keys 496 / 1562
2026-10-08 07:09:37 list fill worker 6 keys 496 / 1563
2026-10-08 07:09:37 list fill worker 13 keys 496 / 1563
2026-10-08 07:09:37 list fill worker 4 keys 496 / 1563
2026-10-08 07:09:37 list fill worker 17 keys 496 / 1562
2026-10-08 07:09:37 list fill worker 8 keys 496 / 1563
2026-10-08 07:09:37 list fill worker 20 keys 496 / 1562
2026-10-08 07:09:37 list fill worker 29 keys 496 / 1562
2026-10-08 07:09:37 list fill worker 5 keys 496 / 1563
2026-10-08 07:09:37 list fill worker 19 keys 496 / 1562
2026-10-08 07:09:37 list fill worker 28 keys 496 / 1562
2026-10-08 07:09:37 list fill worker 25 keys 496 / 1562
2026-10-08 07:09:37 list fill worker 31 keys 496 / 1562
2026-10-08 07:09:37 list fill worker 21 keys 558 / 1562
2026-10-08 07:09:37 list fill worker 32 keys 496 / 1562
2026-10-08 07:09:37 list fill worker 2 keys 558 / 1563
2026-10-08 07:09:38 list fill worker 23 keys 558 / 1562
2026-10-08 07:09:38 list fill worker 9 keys 558 / 1563
2026-10-08 07:09:38 list fill worker 10 keys 558 / 1563
2026-10-08 07:09:38 list fill worker 14 keys 558 / 1563
2026-10-08 07:09:38 list fill worker 26 keys 558 / 1562
2026-10-08 07:09:38 list fill worker 1 keys 558 / 1563
2026-10-08 07:09:38 list fill worker 12 keys 558 / 1563
2026-10-08 07:09:38 list fill worker 27 keys 558 / 1562
2026-10-08 07:09:38 list fill worker 15 keys 558 / 1563
2026-10-08 07:09:38 list fill worker 22 keys 558 / 1562
2026-10-08 07:09:38 list fill worker 3 keys 558 / 1563
2026-10-08 07:09:38 list fill worker 16 keys 558 / 1563
2026-10-08 07:09:38 list fill worker 18 keys 558 / 1562
2026-10-08 07:09:38 list fill worker 20 keys 558 / 1562
2026-10-08 07:09:38 list fill worker 4 keys 558 / 1563
2026-10-08 07:09:38 list fill worker 11 keys 558 / 1563
2026-10-08 07:09:38 list fill worker 13 keys 558 / 1563
2026-10-08 07:09:38 list fill worker 7 keys 558 / 1563
2026-10-08 07:09:38 list fill worker 6 keys 558 / 1563
2026-10-08 07:09:38 list fill worker 29 keys 558 / 1562
2026-10-08 07:09:38 list fill worker 30 keys 558 / 1562
2026-10-08 07:09:38 list fill worker 5 keys 558 / 1563
2026-10-08 07:09:38 list fill worker 8 keys 558 / 1563
2026-10-08 07:09:38 list fill worker 19 keys 558 / 1562
2026-10-08 07:09:39 list fill worker 24 keys 558 / 1562
2026-10-08 07:09:39 list fill worker 17 keys 558 / 1562
2026-10-08 07:09:39 list fill worker 28 keys 558 / 1562
2026-10-08 07:09:39 list fill worker 31 keys 558 / 1562
2026-10-08 07:09:39 list fill worker 25 keys 558 / 1562
2026-10-08 07:09:39 list fill worker 32 keys 558 / 1562
2026-10-08 07:09:39 list fill worker 21 keys 620 / 1562
2026-10-08 07:09:39 list fill worker 2 keys 620 / 1563
2026-10-08 07:09:39 list fill worker 23 keys 620 / 1562
2026-10-08 07:09:39 list fill worker 9 keys 620 / 1563
2026-10-08 07:09:39 list fill worker 10 keys 620 / 1563
2026-10-08 07:09:39 list fill worker 26 keys 620 / 1562
2026-10-08 07:09:39 list fill worker 12 keys 620 / 1563
2026-10-08 07:09:39 list fill worker 15 keys 620 / 1563
2026-10-08 07:09:39 list fill worker 14 keys 620 / 1563
2026-10-08 07:09:40 list fill worker 1 keys 620 / 1563
2026-10-08 07:09:40 list fill worker 27 keys 620 / 1562
2026-10-08 07:09:40 list fill worker 22 keys 620 / 1562
2026-10-08 07:09:40 list fill worker 16 keys 620 / 1563
2026-10-08 07:09:40 list fill worker 11 keys 620 / 1563
2026-10-08 07:09:40 list fill worker 3 keys 620 / 1563
2026-10-08 07:09:40 list fill worker 18 keys 620 / 1562
2026-10-08 07:09:40 list fill worker 13 keys 620 / 1563
2026-10-08 07:09:40 list fill worker 6 keys 620 / 1563
2026-10-08 07:09:40 list fill worker 4 keys 620 / 1563
2026-10-08 07:09:40 list fill worker 30 keys 620 / 1562
2026-10-08 07:09:40 list fill worker 5 keys 620 / 1563
2026-10-08 07:09:40 list fill worker 20 keys 620 / 1562
2026-10-08 07:09:40 list fill worker 7 keys 620 / 1563
2026-10-08 07:09:40 list fill worker 29 keys 620 / 1562
2026-10-08 07:09:40 list fill worker 28 keys 620 / 1562
2026-10-08 07:09:40 list fill worker 19 keys 620 / 1562
2026-10-08 07:09:40 list fill worker 24 keys 620 / 1562
2026-10-08 07:09:40 list fill worker 31 keys 620 / 1562
2026-10-08 07:09:40 list fill worker 17 keys 620 / 1562
2026-10-08 07:09:40 list fill worker 8 keys 620 / 1563
2026-10-08 07:09:40 list fill worker 21 keys 682 / 1562
2026-10-08 07:09:40 list fill worker 2 keys 682 / 1563
2026-10-08 07:09:40 list fill worker 23 keys 682 / 1562
2026-10-08 07:09:40 list fill worker 25 keys 620 / 1562
2026-10-08 07:09:40 list fill worker 32 keys 620 / 1562
2026-10-08 07:09:41 list fill worker 9 keys 682 / 1563
2026-10-08 07:09:41 list fill worker 10 keys 682 / 1563
2026-10-08 07:09:41 list fill worker 15 keys 682 / 1563
2026-10-08 07:09:41 list fill worker 26 keys 682 / 1562
2026-10-08 07:09:41 list fill worker 12 keys 682 / 1563
2026-10-08 07:09:41 list fill worker 14 keys 682 / 1563
2026-10-08 07:09:41 list fill worker 1 keys 682 / 1563
2026-10-08 07:09:41 list fill worker 27 keys 682 / 1562
2026-10-08 07:09:41 list fill worker 22 keys 682 / 1562
2026-10-08 07:09:41 list fill worker 16 keys 682 / 1563
2026-10-08 07:09:41 list fill worker 11 keys 682 / 1563
2026-10-08 07:09:41 list fill worker 18 keys 682 / 1562
2026-10-08 07:09:41 list fill worker 3 keys 682 / 1563
2026-10-08 07:09:41 list fill worker 6 keys 682 / 1563
2026-10-08 07:09:41 list fill worker 30 keys 682 / 1562
2026-10-08 07:09:42 list fill worker 13 keys 682 / 1563
2026-10-08 07:09:42 list fill worker 5 keys 682 / 1563
2026-10-08 07:09:42 list fill worker 4 keys 682 / 1563
2026-10-08 07:09:42 list fill worker 20 keys 682 / 1562
2026-10-08 07:09:42 list fill worker 7 keys 682 / 1563
2026-10-08 07:09:42 list fill worker 23 keys 744 / 1562
2026-10-08 07:09:42 list fill worker 29 keys 682 / 1562
2026-10-08 07:09:42 list fill worker 17 keys 682 / 1562
2026-10-08 07:09:42 list fill worker 19 keys 682 / 1562
2026-10-08 07:09:42 list fill worker 24 keys 682 / 1562
2026-10-08 07:09:42 list fill worker 8 keys 682 / 1563
2026-10-08 07:09:42 list fill worker 31 keys 682 / 1562
2026-10-08 07:09:42 list fill worker 2 keys 744 / 1563
2026-10-08 07:09:42 list fill worker 21 keys 744 / 1562
2026-10-08 07:09:42 list fill worker 28 keys 682 / 1562
2026-10-08 07:09:42 list fill worker 25 keys 682 / 1562
2026-10-08 07:09:42 list fill worker 32 keys 682 / 1562
2026-10-08 07:09:42 list fill worker 15 keys 744 / 1563
2026-10-08 07:09:42 list fill worker 9 keys 744 / 1563
2026-10-08 07:09:43 list fill worker 10 keys 744 / 1563
2026-10-08 07:09:43 list fill worker 26 keys 744 / 1562
2026-10-08 07:09:43 list fill worker 12 keys 744 / 1563
2026-10-08 07:09:43 list fill worker 14 keys 744 / 1563
2026-10-08 07:09:43 list fill worker 27 keys 744 / 1562
2026-10-08 07:09:43 list fill worker 22 keys 744 / 1562
2026-10-08 07:09:43 list fill worker 16 keys 744 / 1563
2026-10-08 07:09:43 list fill worker 1 keys 744 / 1563
2026-10-08 07:09:43 list fill worker 11 keys 744 / 1563
2026-10-08 07:09:43 list fill worker 3 keys 744 / 1563
2026-10-08 07:09:43 list fill worker 18 keys 744 / 1562
2026-10-08 07:09:43 list fill worker 30 keys 744 / 1562
2026-10-08 07:09:43 list fill worker 6 keys 744 / 1563
2026-10-08 07:09:43 list fill worker 24 keys 744 / 1562
2026-10-08 07:09:43 list fill worker 5 keys 744 / 1563
2026-10-08 07:09:43 list fill worker 7 keys 744 / 1563
2026-10-08 07:09:43 list fill worker 4 keys 744 / 1563
2026-10-08 07:09:43 list fill worker 23 keys 806 / 1562
2026-10-08 07:09:43 list fill worker 13 keys 744 / 1563
2026-10-08 07:09:43 list fill worker 20 keys 744 / 1562
2026-10-08 07:09:43 list fill worker 29 keys 744 / 1562
2026-10-08 07:09:43 list fill worker 8 keys 744 / 1563
2026-10-08 07:09:43 list fill worker 19 keys 744 / 1562
2026-10-08 07:09:43 list fill worker 21 keys 806 / 1562
2026-10-08 07:09:43 list fill worker 17 keys 744 / 1562
2026-10-08 07:09:44 list fill worker 25 keys 744 / 1562
2026-10-08 07:09:44 list fill worker 31 keys 744 / 1562
2026-10-08 07:09:44 list fill worker 28 keys 744 / 1562
2026-10-08 07:09:44 list fill worker 2 keys 806 / 1563
2026-10-08 07:09:44 list fill worker 32 keys 744 / 1562
2026-10-08 07:09:44 list fill worker 15 keys 806 / 1563
2026-10-08 07:09:44 list fill worker 9 keys 806 / 1563
2026-10-08 07:09:44 list fill worker 27 keys 806 / 1562
2026-10-08 07:09:44 list fill worker 10 keys 806 / 1563
2026-10-08 07:09:44 list fill worker 12 keys 806 / 1563
2026-10-08 07:09:44 list fill worker 14 keys 806 / 1563
2026-10-08 07:09:44 list fill worker 16 keys 806 / 1563
2026-10-08 07:09:44 list fill worker 22 keys 806 / 1562
2026-10-08 07:09:44 list fill worker 1 keys 806 / 1563
2026-10-08 07:09:44 list fill worker 26 keys 806 / 1562
2026-10-08 07:09:45 list fill worker 6 keys 806 / 1563
2026-10-08 07:09:45 list fill worker 18 keys 806 / 1562
2026-10-08 07:09:45 list fill worker 30 keys 806 / 1562
2026-10-08 07:09:45 list fill worker 11 keys 806 / 1563
2026-10-08 07:09:45 list fill worker 3 keys 806 / 1563
2026-10-08 07:09:45 list fill worker 24 keys 806 / 1562
2026-10-08 07:09:45 list fill worker 7 keys 806 / 1563
2026-10-08 07:09:45 list fill worker 5 keys 806 / 1563
2026-10-08 07:09:45 list fill worker 23 keys 868 / 1562
2026-10-08 07:09:45 list fill worker 20 keys 806 / 1562
2026-10-08 07:09:45 list fill worker 8 keys 806 / 1563
2026-10-08 07:09:45 list fill worker 13 keys 806 / 1563
2026-10-08 07:09:45 list fill worker 29 keys 806 / 1562
2026-10-08 07:09:45 list fill worker 4 keys 806 / 1563
2026-10-08 07:09:45 list fill worker 21 keys 868 / 1562
2026-10-08 07:09:45 list fill worker 19 keys 806 / 1562
2026-10-08 07:09:45 list fill worker 31 keys 806 / 1562
2026-10-08 07:09:45 list fill worker 17 keys 806 / 1562
2026-10-08 07:09:45 list fill worker 28 keys 806 / 1562
2026-10-08 07:09:45 list fill worker 2 keys 868 / 1563
2026-10-08 07:09:45 list fill worker 25 keys 806 / 1562
2026-10-08 07:09:45 list fill worker 32 keys 806 / 1562
2026-10-08 07:09:46 list fill worker 9 keys 868 / 1563
2026-10-08 07:09:46 list fill worker 15 keys 868 / 1563
2026-10-08 07:09:46 list fill worker 10 keys 868 / 1563
2026-10-08 07:09:46 list fill worker 27 keys 868 / 1562
2026-10-08 07:09:46 list fill worker 14 keys 868 / 1563
2026-10-08 07:09:46 list fill worker 12 keys 868 / 1563
2026-10-08 07:09:46 list fill worker 22 keys 868 / 1562
2026-10-08 07:09:46 list fill worker 1 keys 868 / 1563
2026-10-08 07:09:46 list fill worker 16 keys 868 / 1563
2026-10-08 07:09:46 list fill worker 26 keys 868 / 1562
2026-10-08 07:09:46 list fill worker 18 keys 868 / 1562
2026-10-08 07:09:46 list fill worker 3 keys 868 / 1563
2026-10-08 07:09:46 list fill worker 23 keys 930 / 1562
2026-10-08 07:09:46 list fill worker 11 keys 868 / 1563
2026-10-08 07:09:46 list fill worker 6 keys 868 / 1563
2026-10-08 07:09:46 list fill worker 7 keys 868 / 1563
2026-10-08 07:09:46 list fill worker 24 keys 868 / 1562
2026-10-08 07:09:46 list fill worker 5 keys 868 / 1563
2026-10-08 07:09:46 list fill worker 30 keys 868 / 1562
2026-10-08 07:09:46 list fill worker 21 keys 930 / 1562
2026-10-08 07:09:46 list fill worker 20 keys 868 / 1562
2026-10-08 07:09:47 list fill worker 29 keys 868 / 1562
2026-10-08 07:09:47 list fill worker 8 keys 868 / 1563
2026-10-08 07:09:47 list fill worker 13 keys 868 / 1563
2026-10-08 07:09:47 list fill worker 19 keys 868 / 1562
2026-10-08 07:09:47 list fill worker 4 keys 868 / 1563
2026-10-08 07:09:47 list fill worker 31 keys 868 / 1562
2026-10-08 07:09:47 list fill worker 28 keys 868 / 1562
2026-10-08 07:09:47 list fill worker 17 keys 868 / 1562
2026-10-08 07:09:47 list fill worker 2 keys 930 / 1563
2026-10-08 07:09:47 list fill worker 32 keys 868 / 1562
2026-10-08 07:09:47 list fill worker 25 keys 868 / 1562
2026-10-08 07:09:47 list fill worker 15 keys 930 / 1563
2026-10-08 07:09:47 list fill worker 12 keys 930 / 1563
2026-10-08 07:09:47 list fill worker 9 keys 930 / 1563
2026-10-08 07:09:47 list fill worker 10 keys 930 / 1563
2026-10-08 07:09:47 list fill worker 14 keys 930 / 1563
2026-10-08 07:09:47 list fill worker 27 keys 930 / 1562
2026-10-08 07:09:47 list fill worker 16 keys 930 / 1563
2026-10-08 07:09:48 list fill worker 1 keys 930 / 1563
2026-10-08 07:09:48 list fill worker 3 keys 930 / 1563
2026-10-08 07:09:48 list fill worker 18 keys 930 / 1562
2026-10-08 07:09:48 list fill worker 11 keys 930 / 1563
2026-10-08 07:09:48 list fill worker 22 keys 930 / 1562
2026-10-08 07:09:48 list fill worker 26 keys 930 / 1562
2026-10-08 07:09:48 list fill worker 23 keys 992 / 1562
2026-10-08 07:09:48 list fill worker 7 keys 930 / 1563
2026-10-08 07:09:48 list fill worker 24 keys 930 / 1562
2026-10-08 07:09:48 list fill worker 21 keys 992 / 1562
2026-10-08 07:09:48 list fill worker 6 keys 930 / 1563
2026-10-08 07:09:48 list fill worker 5 keys 930 / 1563
2026-10-08 07:09:48 list fill worker 29 keys 930 / 1562
2026-10-08 07:09:48 list fill worker 20 keys 930 / 1562
2026-10-08 07:09:48 list fill worker 13 keys 930 / 1563
2026-10-08 07:09:48 list fill worker 30 keys 930 / 1562
2026-10-08 07:09:48 list fill worker 4 keys 930 / 1563
2026-10-08 07:09:48 list fill worker 8 keys 930 / 1563
2026-10-08 07:09:48 list fill worker 19 keys 930 / 1562
2026-10-08 07:09:48 list fill worker 17 keys 930 / 1562
2026-10-08 07:09:48 list fill worker 25 keys 930 / 1562
2026-10-08 07:09:48 list fill worker 2 keys 992 / 1563
2026-10-08 07:09:48 list fill worker 28 keys 930 / 1562
2026-10-08 07:09:49 list fill worker 32 keys 930 / 1562
2026-10-08 07:09:49 list fill worker 31 keys 930 / 1562
2026-10-08 07:09:49 list fill worker 12 keys 992 / 1563
2026-10-08 07:09:49 list fill worker 15 keys 992 / 1563
2026-10-08 07:09:49 list fill worker 27 keys 992 / 1562
2026-10-08 07:09:49 list fill worker 10 keys 992 / 1563
2026-10-08 07:09:49 list fill worker 9 keys 992 / 1563
2026-10-08 07:09:49 list fill worker 14 keys 992 / 1563
2026-10-08 07:09:49 list fill worker 1 keys 992 / 1563
2026-10-08 07:09:49 list fill worker 16 keys 992 / 1563
2026-10-08 07:09:49 list fill worker 3 keys 992 / 1563
2026-10-08 07:09:49 list fill worker 18 keys 992 / 1562
2026-10-08 07:09:49 list fill worker 23 keys 1054 / 1562
2026-10-08 07:09:49 list fill worker 24 keys 992 / 1562
2026-10-08 07:09:49 list fill worker 11 keys 992 / 1563
2026-10-08 07:09:49 list fill worker 22 keys 992 / 1562
2026-10-08 07:09:50 list fill worker 7 keys 992 / 1563
2026-10-08 07:09:50 list fill worker 26 keys 992 / 1562
2026-10-08 07:09:50 list fill worker 21 keys 1054 / 1562
2026-10-08 07:09:50 list fill worker 13 keys 992 / 1563
2026-10-08 07:09:50 list fill worker 4 keys 992 / 1563
2026-10-08 07:09:50 list fill worker 5 keys 992 / 1563
2026-10-08 07:09:50 list fill worker 20 keys 992 / 1562
2026-10-08 07:09:50 list fill worker 30 keys 992 / 1562
2026-10-08 07:09:50 list fill worker 8 keys 992 / 1563
2026-10-08 07:09:50 list fill worker 6 keys 992 / 1563
2026-10-08 07:09:50 list fill worker 29 keys 992 / 1562
2026-10-08 07:09:50 list fill worker 19 keys 992 / 1562
2026-10-08 07:09:50 list fill worker 25 keys 992 / 1562
2026-10-08 07:09:50 list fill worker 28 keys 992 / 1562
2026-10-08 07:09:50 list fill worker 17 keys 992 / 1562
2026-10-08 07:09:50 list fill worker 2 keys 1054 / 1563
2026-10-08 07:09:50 list fill worker 31 keys 992 / 1562
2026-10-08 07:09:50 list fill worker 32 keys 992 / 1562
2026-10-08 07:09:50 list fill worker 12 keys 1054 / 1563
2026-10-08 07:09:50 list fill worker 10 keys 1054 / 1563
2026-10-08 07:09:50 list fill worker 9 keys 1054 / 1563
2026-10-08 07:09:50 list fill worker 15 keys 1054 / 1563
2026-10-08 07:09:51 list fill worker 27 keys 1054 / 1562
2026-10-08 07:09:51 list fill worker 16 keys 1054 / 1563
2026-10-08 07:09:51 list fill worker 14 keys 1054 / 1563
2026-10-08 07:09:51 list fill worker 1 keys 1054 / 1563
2026-10-08 07:09:51 list fill worker 3 keys 1054 / 1563
2026-10-08 07:09:51 list fill worker 26 keys 1054 / 1562
2026-10-08 07:09:51 list fill worker 11 keys 1054 / 1563
2026-10-08 07:09:51 list fill worker 23 keys 1116 / 1562
2026-10-08 07:09:51 list fill worker 18 keys 1054 / 1562
2026-10-08 07:09:51 list fill worker 7 keys 1054 / 1563
2026-10-08 07:09:51 list fill worker 21 keys 1116 / 1562
2026-10-08 07:09:51 list fill worker 22 keys 1054 / 1562
2026-10-08 07:09:51 list fill worker 24 keys 1054 / 1562
2026-10-08 07:09:51 list fill worker 4 keys 1054 / 1563
2026-10-08 07:09:51 list fill worker 30 keys 1054 / 1562
2026-10-08 07:09:51 list fill worker 8 keys 1054 / 1563
2026-10-08 07:09:51 list fill worker 5 keys 1054 / 1563
2026-10-08 07:09:51 list fill worker 13 keys 1054 / 1563
2026-10-08 07:09:51 list fill worker 29 keys 1054 / 1562
2026-10-08 07:09:52 list fill worker 6 keys 1054 / 1563
2026-10-08 07:09:52 list fill worker 19 keys 1054 / 1562
2026-10-08 07:09:52 list fill worker 20 keys 1054 / 1562
2026-10-08 07:09:52 list fill worker 2 keys 1116 / 1563
2026-10-08 07:09:52 list fill worker 25 keys 1054 / 1562
2026-10-08 07:09:52 list fill worker 17 keys 1054 / 1562
2026-10-08 07:09:52 list fill worker 28 keys 1054 / 1562
2026-10-08 07:09:52 list fill worker 12 keys 1116 / 1563
2026-10-08 07:09:52 list fill worker 32 keys 1054 / 1562
2026-10-08 07:09:52 list fill worker 31 keys 1054 / 1562
2026-10-08 07:09:52 list fill worker 10 keys 1116 / 1563
2026-10-08 07:09:52 list fill worker 9 keys 1116 / 1563
2026-10-08 07:09:52 list fill worker 27 keys 1116 / 1562
2026-10-08 07:09:52 list fill worker 15 keys 1116 / 1563
2026-10-08 07:09:52 list fill worker 14 keys 1116 / 1563
2026-10-08 07:09:52 list fill worker 16 keys 1116 / 1563
2026-10-08 07:09:52 list fill worker 1 keys 1116 / 1563
2026-10-08 07:09:52 list fill worker 11 keys 1116 / 1563
2026-10-08 07:09:53 list fill worker 21 keys 1178 / 1562
2026-10-08 07:09:53 list fill worker 26 keys 1116 / 1562
2026-10-08 07:09:53 list fill worker 23 keys 1178 / 1562
2026-10-08 07:09:53 list fill worker 18 keys 1116 / 1562
2026-10-08 07:09:53 list fill worker 3 keys 1116 / 1563
2026-10-08 07:09:53 list fill worker 24 keys 1116 / 1562
2026-10-08 07:09:53 list fill worker 7 keys 1116 / 1563
2026-10-08 07:09:53 list fill worker 22 keys 1116 / 1562
2026-10-08 07:09:53 list fill worker 4 keys 1116 / 1563
2026-10-08 07:09:53 list fill worker 8 keys 1116 / 1563
2026-10-08 07:09:53 list fill worker 5 keys 1116 / 1563
2026-10-08 07:09:53 list fill worker 13 keys 1116 / 1563
2026-10-08 07:09:53 list fill worker 30 keys 1116 / 1562
2026-10-08 07:09:53 list fill worker 29 keys 1116 / 1562
2026-10-08 07:09:53 list fill worker 19 keys 1116 / 1562
2026-10-08 07:09:53 list fill worker 2 keys 1178 / 1563
2026-10-08 07:09:53 list fill worker 20 keys 1116 / 1562
2026-10-08 07:09:53 list fill worker 6 keys 1116 / 1563
2026-10-08 07:09:53 list fill worker 28 keys 1116 / 1562
2026-10-08 07:09:53 list fill worker 25 keys 1116 / 1562
2026-10-08 07:09:53 list fill worker 12 keys 1178 / 1563
2026-10-08 07:09:53 list fill worker 17 keys 1116 / 1562
2026-10-08 07:09:54 list fill worker 10 keys 1178 / 1563
2026-10-08 07:09:54 list fill worker 31 keys 1116 / 1562
2026-10-08 07:09:54 list fill worker 32 keys 1116 / 1562
2026-10-08 07:09:54 list fill worker 27 keys 1178 / 1562
2026-10-08 07:09:54 list fill worker 9 keys 1178 / 1563
2026-10-08 07:09:54 list fill worker 14 keys 1178 / 1563
2026-10-08 07:09:54 list fill worker 15 keys 1178 / 1563
2026-10-08 07:09:54 list fill worker 11 keys 1178 / 1563
2026-10-08 07:09:54 list fill worker 21 keys 1240 / 1562
2026-10-08 07:09:54 list fill worker 26 keys 1178 / 1562
2026-10-08 07:09:54 list fill worker 1 keys 1178 / 1563
2026-10-08 07:09:54 list fill worker 16 keys 1178 / 1563
2026-10-08 07:09:54 list fill worker 23 keys 1240 / 1562
2026-10-08 07:09:54 list fill worker 3 keys 1178 / 1563
2026-10-08 07:09:54 list fill worker 24 keys 1178 / 1562
2026-10-08 07:09:54 list fill worker 7 keys 1178 / 1563
2026-10-08 07:09:54 list fill worker 18 keys 1178 / 1562
2026-10-08 07:09:54 list fill worker 13 keys 1178 / 1563
2026-10-08 07:09:54 list fill worker 22 keys 1178 / 1562
2026-10-08 07:09:55 list fill worker 4 keys 1178 / 1563
2026-10-08 07:09:55 list fill worker 2 keys 1240 / 1563
2026-10-08 07:09:55 list fill worker 5 keys 1178 / 1563
2026-10-08 07:09:55 list fill worker 20 keys 1178 / 1562
2026-10-08 07:09:55 list fill worker 19 keys 1178 / 1562
2026-10-08 07:09:55 list fill worker 30 keys 1178 / 1562
2026-10-08 07:09:55 list fill worker 8 keys 1178 / 1563
2026-10-08 07:09:55 list fill worker 29 keys 1178 / 1562
2026-10-08 07:09:55 list fill worker 28 keys 1178 / 1562
2026-10-08 07:09:55 list fill worker 6 keys 1178 / 1563
2026-10-08 07:09:55 list fill worker 25 keys 1178 / 1562
2026-10-08 07:09:55 list fill worker 12 keys 1240 / 1563
2026-10-08 07:09:55 list fill worker 10 keys 1240 / 1563
2026-10-08 07:09:55 list fill worker 17 keys 1178 / 1562
2026-10-08 07:09:55 list fill worker 27 keys 1240 / 1562
2026-10-08 07:09:55 list fill worker 31 keys 1178 / 1562
2026-10-08 07:09:55 list fill worker 32 keys 1178 / 1562
2026-10-08 07:09:55 list fill worker 9 keys 1240 / 1563
2026-10-08 07:09:55 list fill worker 14 keys 1240 / 1563
2026-10-08 07:09:55 list fill worker 1 keys 1240 / 1563
2026-10-08 07:09:55 list fill worker 15 keys 1240 / 1563
2026-10-08 07:09:55 list fill worker 26 keys 1240 / 1562
2026-10-08 07:09:55 list fill worker 21 keys 1302 / 1562
2026-10-08 07:09:55 list fill worker 11 keys 1240 / 1563
2026-10-08 07:09:55 list fill worker 3 keys 1240 / 1563
2026-10-08 07:09:56 list fill worker 23 keys 1302 / 1562
2026-10-08 07:09:56 list fill worker 16 keys 1240 / 1563
2026-10-08 07:09:56 list fill worker 7 keys 1240 / 1563
2026-10-08 07:09:56 list fill worker 18 keys 1240 / 1562
2026-10-08 07:09:56 list fill worker 2 keys 1302 / 1563
2026-10-08 07:09:56 list fill worker 24 keys 1240 / 1562
2026-10-08 07:09:56 list fill worker 13 keys 1240 / 1563
2026-10-08 07:09:56 list fill worker 22 keys 1240 / 1562
2026-10-08 07:09:56 list fill worker 4 keys 1240 / 1563
2026-10-08 07:09:56 list fill worker 5 keys 1240 / 1563
2026-10-08 07:09:56 list fill worker 20 keys 1240 / 1562
2026-10-08 07:09:56 list fill worker 29 keys 1240 / 1562
2026-10-08 07:09:56 list fill worker 8 keys 1240 / 1563
2026-10-08 07:09:56 list fill worker 30 keys 1240 / 1562
2026-10-08 07:09:56 list fill worker 12 keys 1302 / 1563
2026-10-08 07:09:56 list fill worker 19 keys 1240 / 1562
2026-10-08 07:09:56 list fill worker 25 keys 1240 / 1562
2026-10-08 07:09:56 list fill worker 6 keys 1240 / 1563
2026-10-08 07:09:56 list fill worker 10 keys 1302 / 1563
2026-10-08 07:09:57 list fill worker 28 keys 1240 / 1562
2026-10-08 07:09:57 list fill worker 17 keys 1240 / 1562
2026-10-08 07:09:57 list fill worker 27 keys 1302 / 1562
2026-10-08 07:09:57 list fill worker 32 keys 1240 / 1562
2026-10-08 07:09:57 list fill worker 9 keys 1302 / 1563
2026-10-08 07:09:57 list fill worker 1 keys 1302 / 1563
2026-10-08 07:09:57 list fill worker 21 keys 1364 / 1562
2026-10-08 07:09:57 list fill worker 3 keys 1302 / 1563
2026-10-08 07:09:57 list fill worker 23 keys 1364 / 1562
2026-10-08 07:09:57 list fill worker 15 keys 1302 / 1563
2026-10-08 07:09:57 list fill worker 31 keys 1240 / 1562
2026-10-08 07:09:57 list fill worker 26 keys 1302 / 1562
2026-10-08 07:09:57 list fill worker 11 keys 1302 / 1563
2026-10-08 07:09:57 list fill worker 14 keys 1302 / 1563
2026-10-08 07:09:57 list fill worker 16 keys 1302 / 1563
2026-10-08 07:09:57 list fill worker 7 keys 1302 / 1563
2026-10-08 07:09:57 list fill worker 18 keys 1302 / 1562
2026-10-08 07:09:57 list fill worker 24 keys 1302 / 1562
2026-10-08 07:09:58 list fill worker 2 keys 1364 / 1563
2026-10-08 07:09:58 list fill worker 22 keys 1302 / 1562
2026-10-08 07:09:58 list fill worker 20 keys 1302 / 1562
2026-10-08 07:09:58 list fill worker 13 keys 1302 / 1563
2026-10-08 07:09:58 list fill worker 4 keys 1302 / 1563
2026-10-08 07:09:58 list fill worker 30 keys 1302 / 1562
2026-10-08 07:09:58 list fill worker 5 keys 1302 / 1563
2026-10-08 07:09:58 list fill worker 29 keys 1302 / 1562
2026-10-08 07:09:58 list fill worker 8 keys 1302 / 1563
2026-10-08 07:09:58 list fill worker 6 keys 1302 / 1563
2026-10-08 07:09:58 list fill worker 25 keys 1302 / 1562
2026-10-08 07:09:58 list fill worker 12 keys 1364 / 1563
2026-10-08 07:09:58 list fill worker 19 keys 1302 / 1562
2026-10-08 07:09:58 list fill worker 10 keys 1364 / 1563
2026-10-08 07:09:58 list fill worker 32 keys 1302 / 1562
2026-10-08 07:09:58 list fill worker 28 keys 1302 / 1562
2026-10-08 07:09:58 list fill worker 27 keys 1364 / 1562
2026-10-08 07:09:58 list fill worker 17 keys 1302 / 1562
2026-10-08 07:09:58 list fill worker 23 keys 1426 / 1562
2026-10-08 07:09:58 list fill worker 3 keys 1364 / 1563
2026-10-08 07:09:59 list fill worker 26 keys 1364 / 1562
2026-10-08 07:09:59 list fill worker 15 keys 1364 / 1563
2026-10-08 07:09:59 list fill worker 11 keys 1364 / 1563
2026-10-08 07:09:59 list fill worker 1 keys 1364 / 1563
2026-10-08 07:09:59 list fill worker 21 keys 1426 / 1562
2026-10-08 07:09:59 list fill worker 14 keys 1364 / 1563
2026-10-08 07:09:59 list fill worker 31 keys 1302 / 1562
2026-10-08 07:09:59 list fill worker 9 keys 1364 / 1563
2026-10-08 07:09:59 list fill worker 16 keys 1364 / 1563
2026-10-08 07:09:59 list fill worker 18 keys 1364 / 1562
2026-10-08 07:09:59 list fill worker 2 keys 1426 / 1563
2026-10-08 07:09:59 list fill worker 22 keys 1364 / 1562
2026-10-08 07:09:59 list fill worker 7 keys 1364 / 1563
2026-10-08 07:09:59 list fill worker 24 keys 1364 / 1562
2026-10-08 07:09:59 list fill worker 20 keys 1364 / 1562
2026-10-08 07:09:59 list fill worker 13 keys 1364 / 1563
2026-10-08 07:09:59 list fill worker 4 keys 1364 / 1563
2026-10-08 07:10:00 list fill worker 30 keys 1364 / 1562
2026-10-08 07:10:00 list fill worker 5 keys 1364 / 1563
2026-10-08 07:10:00 list fill worker 12 keys 1426 / 1563
2026-10-08 07:10:00 list fill worker 29 keys 1364 / 1562
2026-10-08 07:10:00 list fill worker 6 keys 1364 / 1563
2026-10-08 07:10:00 list fill worker 25 keys 1364 / 1562
2026-10-08 07:10:00 list fill worker 10 keys 1426 / 1563
2026-10-08 07:10:00 list fill worker 8 keys 1364 / 1563
2026-10-08 07:10:00 list fill worker 19 keys 1364 / 1562
2026-10-08 07:10:00 list fill worker 27 keys 1426 / 1562
2026-10-08 07:10:00 list fill worker 28 keys 1364 / 1562
2026-10-08 07:10:00 list fill worker 23 keys 1488 / 1562
2026-10-08 07:10:00 list fill worker 15 keys 1426 / 1563
2026-10-08 07:10:00 list fill worker 17 keys 1364 / 1562
2026-10-08 07:10:00 list fill worker 11 keys 1426 / 1563
2026-10-08 07:10:00 list fill worker 32 keys 1364 / 1562
2026-10-08 07:10:00 list fill worker 3 keys 1426 / 1563
2026-10-08 07:10:00 list fill worker 1 keys 1426 / 1563
2026-10-08 07:10:00 list fill worker 21 keys 1488 / 1562
2026-10-08 07:10:00 list fill worker 26 keys 1426 / 1562
2026-10-08 07:10:00 list fill worker 31 keys 1364 / 1562
2026-10-08 07:10:00 list fill worker 14 keys 1426 / 1563
2026-10-08 07:10:00 list fill worker 9 keys 1426 / 1563
2026-10-08 07:10:01 list fill worker 22 keys 1426 / 1562
2026-10-08 07:10:01 list fill worker 7 keys 1426 / 1563
2026-10-08 07:10:01 list fill worker 18 keys 1426 / 1562
2026-10-08 07:10:01 list fill worker 2 keys 1488 / 1563
2026-10-08 07:10:01 list fill worker 24 keys 1426 / 1562
2026-10-08 07:10:01 list fill worker 16 keys 1426 / 1563
2026-10-08 07:10:01 list fill worker 4 keys 1426 / 1563
2026-10-08 07:10:01 list fill worker 20 keys 1426 / 1562
2026-10-08 07:10:01 list fill worker 30 keys 1426 / 1562
2026-10-08 07:10:01 list fill worker 12 keys 1488 / 1563
2026-10-08 07:10:01 list fill worker 10 keys 1488 / 1563
2026-10-08 07:10:01 list fill worker 5 keys 1426 / 1563
2026-10-08 07:10:01 list fill worker 29 keys 1426 / 1562
2026-10-08 07:10:01 list fill worker 25 keys 1426 / 1562
2026-10-08 07:10:01 list fill worker 19 keys 1426 / 1562
2026-10-08 07:10:01 list fill worker 13 keys 1426 / 1563
2026-10-08 07:10:01 list fill worker 8 keys 1426 / 1563
2026-10-08 07:10:01 list fill worker 6 keys 1426 / 1563
2026-10-08 07:10:02 list fill worker 27 keys 1488 / 1562
2026-10-08 07:10:02 list fill worker 11 keys 1488 / 1563
2026-10-08 07:10:02 list fill worker 28 keys 1426 / 1562
2026-10-08 07:10:02 list fill worker 23 keys 1550 / 1562
2026-10-08 07:10:02 list fill worker 15 keys 1488 / 1563
2026-10-08 07:10:02 list fill worker 3 keys 1488 / 1563
2026-10-08 07:10:02 list fill worker 17 keys 1426 / 1562
2026-10-08 07:10:02 list fill worker 21 keys 1550 / 1562
2026-10-08 07:10:02 list fill worker 1 keys 1488 / 1563
2026-10-08 07:10:02 list fill worker 26 keys 1488 / 1562
2026-10-08 07:10:02 list fill worker 31 keys 1426 / 1562
2026-10-08 07:10:02 list fill worker 32 keys 1426 / 1562
2026-10-08 07:10:02 list fill worker 9 keys 1488 / 1563
2026-10-08 07:10:02 list fill worker 14 keys 1488 / 1563
2026-10-08 07:10:02 list fill worker 22 keys 1488 / 1562
2026-10-08 07:10:02 list fill worker 7 keys 1488 / 1563
2026-10-08 07:10:02 list fill worker 18 keys 1488 / 1562
2026-10-08 07:10:02 list fill worker 2 keys 1550 / 1563
2026-10-08 07:10:02 list fill worker 24 keys 1488 / 1562
2026-10-08 07:10:02 list fill worker 4 keys 1488 / 1563
2026-10-08 07:10:03 list fill worker 16 keys 1488 / 1563
2026-10-08 07:10:03 list fill worker 20 keys 1488 / 1562
2026-10-08 07:10:03 list fill worker 12 keys 1550 / 1563
2026-10-08 07:10:03 list fill worker 30 keys 1488 / 1562
2026-10-08 07:10:03 list fill worker 10 keys 1550 / 1563
2026-10-08 07:10:03 list fill worker 5 keys 1488 / 1563
2026-10-08 07:10:03 list fill worker 25 keys 1488 / 1562
2026-10-08 07:10:03 list fill worker 8 keys 1488 / 1563
2026-10-08 07:10:03 list fill worker 29 keys 1488 / 1562
2026-10-08 07:10:03 list fill worker 19 keys 1488 / 1562
2026-10-08 07:10:03 list fill worker 6 keys 1488 / 1563
2026-10-08 07:10:03 list fill worker 13 keys 1488 / 1563
2026-10-08 07:10:03 list fill worker 27 keys 1550 / 1562
2026-10-08 07:10:03 list fill worker 11 keys 1550 / 1563
2026-10-08 07:10:03 list fill worker 28 keys 1488 / 1562
2026-10-08 07:10:03 list fill worker 26 keys 1550 / 1562
2026-10-08 07:10:03 list fill worker 15 keys 1550 / 1563
2026-10-08 07:10:03 list fill worker 32 keys 1488 / 1562
2026-10-08 07:10:03 list fill worker 14 keys 1550 / 1563
2026-10-08 07:10:03 list fill worker 3 keys 1550 / 1563
2026-10-08 07:10:03 list fill worker 1 keys 1550 / 1563
2026-10-08 07:10:03 list fill worker 31 keys 1488 / 1562
2026-10-08 07:10:03 list fill worker 17 keys 1488 / 1562
2026-10-08 07:10:04 list fill worker 9 keys 1550 / 1563
2026-10-08 07:10:04 list fill worker 22 keys 1550 / 1562
2026-10-08 07:10:04 list fill worker 7 keys 1550 / 1563
2026-10-08 07:10:04 list fill worker 18 keys 1550 / 1562
2026-10-08 07:10:04 list fill worker 24 keys 1550 / 1562
2026-10-08 07:10:04 list fill worker 4 keys 1550 / 1563
2026-10-08 07:10:04 list fill worker 8 keys 1550 / 1563
2026-10-08 07:10:04 list fill worker 20 keys 1550 / 1562
2026-10-08 07:10:04 list fill worker 16 keys 1550 / 1563
2026-10-08 07:10:04 list fill worker 30 keys 1550 / 1562
2026-10-08 07:10:04 list fill worker 5 keys 1550 / 1563
2026-10-08 07:10:04 list fill worker 29 keys 1550 / 1562
2026-10-08 07:10:04 list fill worker 19 keys 1550 / 1562
2026-10-08 07:10:04 list fill worker 6 keys 1550 / 1563
2026-10-08 07:10:04 list fill worker 13 keys 1550 / 1563
2026-10-08 07:10:04 list fill worker 25 keys 1550 / 1562
2026-10-08 07:10:04 list fill worker 28 keys 1550 / 1562
2026-10-08 07:10:04 list fill worker 32 keys 1550 / 1562
2026-10-08 07:10:04 list fill worker 31 keys 1550 / 1562
2026-10-08 07:10:04 list fill worker 17 keys 1550 / 1562
2026-10-08 07:10:18 lavik-mainc55e52c9-lset-list-1048576-k50000-f1024-20261008 list-1048576-1024-lset-c80 121985 QPS p99=5.44 ms
2026-10-08 07:10:30 lavik-mainc55e52c9-lset-list-1048576-k50000-f1024-20261008 list-1048576-1024-lset-c320 140270 QPS p99=15.36 ms
2026-10-08 07:10:42 lavik-mainc55e52c9-lset-list-1048576-k50000-f1024-20261008 list-1048576-1024-lset-c1280 135567 QPS p99=43.52 ms
2026-10-08 07:10:54 lavik-mainc55e52c9-lset-list-1048576-k50000-f1024-20261008 list-1048576-1024-lset-c2560 129389 QPS p99=61.70 ms
2026-10-08 07:11:08 lavik-mainc55e52c9-lset-list-1048576-k50000-f1024-20261008 list-1048576-1024-lset-c5120 124565 QPS p99=146.43 ms
COMPLETE mainc55e52c9-lset-list-1048576-k50000-f1024-20261008 1791443473.6492524
