discard c08bc35101567ebd0001 /dev/nvme3n1
discard c08bc35101567ebd0002 /dev/nvme5n1
discard c08bc35101567ebd0003 /dev/nvme4n1
discard c08bc35101567ebd0004 /dev/nvme2n1
discard c08bc35101567ebd0005 /dev/nvme1n1
discard c08bc35101567ebd0006 /dev/nvme6n1
START mainc55e52c9-ordered-zset-65536-k64-f1024-20261008 1791440253.851676
2026-10-08 06:17:39 lavik-mainc55e52c9-ordered-zset-65536-k64-f1024-20261008 zset-65536-1024 fill
2026-10-08 06:17:39 zset fill worker 2 keys 1 / 8
2026-10-08 06:17:39 zset fill worker 1 keys 1 / 8
2026-10-08 06:17:39 zset fill worker 5 keys 1 / 8
2026-10-08 06:17:39 zset fill worker 6 keys 1 / 8
2026-10-08 06:17:39 zset fill worker 3 keys 1 / 8
2026-10-08 06:17:39 zset fill worker 4 keys 1 / 8
2026-10-08 06:17:39 zset fill worker 7 keys 1 / 8
2026-10-08 06:17:39 zset fill worker 1 keys 2 / 8
2026-10-08 06:17:39 zset fill worker 8 keys 1 / 8
2026-10-08 06:17:39 zset fill worker 3 keys 2 / 8
2026-10-08 06:17:39 zset fill worker 6 keys 2 / 8
2026-10-08 06:17:39 zset fill worker 2 keys 2 / 8
2026-10-08 06:17:39 zset fill worker 5 keys 2 / 8
2026-10-08 06:17:39 zset fill worker 7 keys 2 / 8
2026-10-08 06:17:39 zset fill worker 8 keys 2 / 8
2026-10-08 06:17:39 zset fill worker 1 keys 3 / 8
2026-10-08 06:17:39 zset fill worker 3 keys 3 / 8
2026-10-08 06:17:39 zset fill worker 4 keys 2 / 8
2026-10-08 06:17:39 zset fill worker 6 keys 3 / 8
2026-10-08 06:17:39 zset fill worker 5 keys 3 / 8
2026-10-08 06:17:39 zset fill worker 2 keys 3 / 8
2026-10-08 06:17:39 zset fill worker 7 keys 3 / 8
2026-10-08 06:17:39 zset fill worker 2 keys 4 / 8
2026-10-08 06:17:39 zset fill worker 8 keys 3 / 8
2026-10-08 06:17:39 zset fill worker 1 keys 4 / 8
2026-10-08 06:17:39 zset fill worker 3 keys 4 / 8
2026-10-08 06:17:39 zset fill worker 4 keys 3 / 8
2026-10-08 06:17:39 zset fill worker 6 keys 4 / 8
2026-10-08 06:17:39 zset fill worker 5 keys 4 / 8
2026-10-08 06:17:39 zset fill worker 8 keys 4 / 8
2026-10-08 06:17:39 zset fill worker 7 keys 4 / 8
2026-10-08 06:17:39 zset fill worker 1 keys 5 / 8
2026-10-08 06:17:39 zset fill worker 6 keys 5 / 8
2026-10-08 06:17:39 zset fill worker 4 keys 4 / 8
2026-10-08 06:17:39 zset fill worker 2 keys 5 / 8
2026-10-08 06:17:39 zset fill worker 3 keys 5 / 8
2026-10-08 06:17:39 zset fill worker 5 keys 5 / 8
2026-10-08 06:17:39 zset fill worker 8 keys 5 / 8
2026-10-08 06:17:39 zset fill worker 7 keys 5 / 8
2026-10-08 06:17:39 zset fill worker 1 keys 6 / 8
2026-10-08 06:17:39 zset fill worker 2 keys 6 / 8
2026-10-08 06:17:39 zset fill worker 6 keys 6 / 8
2026-10-08 06:17:39 zset fill worker 4 keys 5 / 8
2026-10-08 06:17:39 zset fill worker 3 keys 6 / 8
2026-10-08 06:17:39 zset fill worker 5 keys 6 / 8
2026-10-08 06:17:39 zset fill worker 1 keys 7 / 8
2026-10-08 06:17:39 zset fill worker 7 keys 6 / 8
2026-10-08 06:17:39 zset fill worker 2 keys 7 / 8
2026-10-08 06:17:39 zset fill worker 8 keys 6 / 8
2026-10-08 06:17:39 zset fill worker 3 keys 7 / 8
2026-10-08 06:17:39 zset fill worker 6 keys 7 / 8
2026-10-08 06:17:39 zset fill worker 4 keys 6 / 8
2026-10-08 06:17:39 zset fill worker 5 keys 7 / 8
2026-10-08 06:17:39 zset fill worker 1 keys 8 / 8
2026-10-08 06:17:39 zset fill worker 7 keys 7 / 8
2026-10-08 06:17:39 zset fill worker 4 keys 7 / 8
2026-10-08 06:17:39 zset fill worker 8 keys 7 / 8
2026-10-08 06:17:39 zset fill worker 3 keys 8 / 8
2026-10-08 06:17:39 zset fill worker 6 keys 8 / 8
2026-10-08 06:17:39 zset fill worker 2 keys 8 / 8
2026-10-08 06:17:39 zset fill worker 4 keys 8 / 8
2026-10-08 06:17:39 zset fill worker 5 keys 8 / 8
2026-10-08 06:17:39 zset fill worker 8 keys 8 / 8
2026-10-08 06:17:39 zset fill worker 7 keys 8 / 8
2026-10-08 06:17:49 lavik-mainc55e52c9-ordered-zset-65536-k64-f1024-20261008 zset-65536-1024-zrange-c16 45307 QPS p99=1.52 ms
2026-10-08 06:17:59 lavik-mainc55e52c9-ordered-zset-65536-k64-f1024-20261008 zset-65536-1024-zrange-c80 45282 QPS p99=7.23 ms
2026-10-08 06:18:08 lavik-mainc55e52c9-ordered-zset-65536-k64-f1024-20261008 zset-65536-1024-zscore-c80 454208 QPS p99=0.31 ms
2026-10-08 06:18:18 lavik-mainc55e52c9-ordered-zset-65536-k64-f1024-20261008 zset-65536-1024-zscore-c320 619513 QPS p99=0.98 ms
2026-10-08 06:18:28 lavik-mainc55e52c9-ordered-zset-65536-k64-f1024-20261008 zset-65536-1024-zscore-c1280 574792 QPS p99=6.30 ms
2026-10-08 06:18:38 lavik-mainc55e52c9-ordered-zset-65536-k64-f1024-20261008 zset-65536-1024-zscore-c2560 441539 QPS p99=22.14 ms
2026-10-08 06:18:50 lavik-mainc55e52c9-ordered-zset-65536-k64-f1024-20261008 zset-65536-1024-zscore-c5120 332916 QPS p99=120.32 ms
2026-10-08 06:19:00 lavik-mainc55e52c9-ordered-zset-65536-k64-f1024-20261008 zset-65536-1024-zincrby-c80 93706 QPS p99=10.62 ms
2026-10-08 06:19:09 lavik-mainc55e52c9-ordered-zset-65536-k64-f1024-20261008 zset-65536-1024-zincrby-c320 88169 QPS p99=30.34 ms
2026-10-08 06:19:19 lavik-mainc55e52c9-ordered-zset-65536-k64-f1024-20261008 zset-65536-1024-zincrby-c1280 85726 QPS p99=119.30 ms
2026-10-08 06:19:31 lavik-mainc55e52c9-ordered-zset-65536-k64-f1024-20261008 zset-65536-1024-zincrby-c2560 89347 QPS p99=233.47 ms
2026-10-08 06:19:43 lavik-mainc55e52c9-ordered-zset-65536-k64-f1024-20261008 zset-65536-1024-zincrby-c5120 88957 QPS p99=481.28 ms
COMPLETE mainc55e52c9-ordered-zset-65536-k64-f1024-20261008 1791440385.955055
