discard c08bc35101567ebd0001 /dev/nvme3n1
discard c08bc35101567ebd0002 /dev/nvme5n1
discard c08bc35101567ebd0003 /dev/nvme4n1
discard c08bc35101567ebd0004 /dev/nvme2n1
discard c08bc35101567ebd0005 /dev/nvme1n1
discard c08bc35101567ebd0006 /dev/nvme6n1
START mainc55e52c9-ordered-list-1048576-k64-f128-20261008 1791440395.5296497
2026-10-08 06:20:01 lavik-mainc55e52c9-ordered-list-1048576-k64-f128-20261008 list-1048576-128 fill
2026-10-08 06:20:01 list fill worker 3 keys 1 / 8
2026-10-08 06:20:01 list fill worker 2 keys 1 / 8
2026-10-08 06:20:01 list fill worker 1 keys 1 / 8
2026-10-08 06:20:01 list fill worker 6 keys 1 / 8
2026-10-08 06:20:01 list fill worker 8 keys 1 / 8
2026-10-08 06:20:01 list fill worker 5 keys 1 / 8
2026-10-08 06:20:01 list fill worker 7 keys 1 / 8
2026-10-08 06:20:01 list fill worker 4 keys 1 / 8
2026-10-08 06:20:01 list fill worker 1 keys 2 / 8
2026-10-08 06:20:01 list fill worker 8 keys 2 / 8
2026-10-08 06:20:01 list fill worker 3 keys 2 / 8
2026-10-08 06:20:01 list fill worker 6 keys 2 / 8
2026-10-08 06:20:01 list fill worker 7 keys 2 / 8
2026-10-08 06:20:01 list fill worker 5 keys 2 / 8
2026-10-08 06:20:01 list fill worker 2 keys 2 / 8
2026-10-08 06:20:01 list fill worker 4 keys 2 / 8
2026-10-08 06:20:01 list fill worker 1 keys 3 / 8
2026-10-08 06:20:01 list fill worker 3 keys 3 / 8
2026-10-08 06:20:01 list fill worker 5 keys 3 / 8
2026-10-08 06:20:01 list fill worker 6 keys 3 / 8
2026-10-08 06:20:01 list fill worker 8 keys 3 / 8
2026-10-08 06:20:01 list fill worker 2 keys 3 / 8
2026-10-08 06:20:01 list fill worker 7 keys 3 / 8
2026-10-08 06:20:01 list fill worker 4 keys 3 / 8
2026-10-08 06:20:01 list fill worker 1 keys 4 / 8
2026-10-08 06:20:01 list fill worker 3 keys 4 / 8
2026-10-08 06:20:01 list fill worker 8 keys 4 / 8
2026-10-08 06:20:01 list fill worker 7 keys 4 / 8
2026-10-08 06:20:01 list fill worker 5 keys 4 / 8
2026-10-08 06:20:01 list fill worker 2 keys 4 / 8
2026-10-08 06:20:01 list fill worker 6 keys 4 / 8
2026-10-08 06:20:01 list fill worker 4 keys 4 / 8
2026-10-08 06:20:01 list fill worker 1 keys 5 / 8
2026-10-08 06:20:01 list fill worker 3 keys 5 / 8
2026-10-08 06:20:01 list fill worker 7 keys 5 / 8
2026-10-08 06:20:01 list fill worker 5 keys 5 / 8
2026-10-08 06:20:01 list fill worker 2 keys 5 / 8
2026-10-08 06:20:01 list fill worker 4 keys 5 / 8
2026-10-08 06:20:01 list fill worker 6 keys 5 / 8
2026-10-08 06:20:01 list fill worker 8 keys 5 / 8
2026-10-08 06:20:01 list fill worker 1 keys 6 / 8
2026-10-08 06:20:01 list fill worker 7 keys 6 / 8
2026-10-08 06:20:01 list fill worker 2 keys 6 / 8
2026-10-08 06:20:01 list fill worker 5 keys 6 / 8
2026-10-08 06:20:01 list fill worker 4 keys 6 / 8
2026-10-08 06:20:01 list fill worker 6 keys 6 / 8
2026-10-08 06:20:01 list fill worker 3 keys 6 / 8
2026-10-08 06:20:01 list fill worker 8 keys 6 / 8
2026-10-08 06:20:01 list fill worker 1 keys 7 / 8
2026-10-08 06:20:01 list fill worker 5 keys 7 / 8
2026-10-08 06:20:01 list fill worker 6 keys 7 / 8
2026-10-08 06:20:01 list fill worker 4 keys 7 / 8
2026-10-08 06:20:01 list fill worker 2 keys 7 / 8
2026-10-08 06:20:01 list fill worker 3 keys 7 / 8
2026-10-08 06:20:01 list fill worker 8 keys 7 / 8
2026-10-08 06:20:01 list fill worker 7 keys 7 / 8
2026-10-08 06:20:01 list fill worker 1 keys 8 / 8
2026-10-08 06:20:01 list fill worker 5 keys 8 / 8
2026-10-08 06:20:01 list fill worker 3 keys 8 / 8
2026-10-08 06:20:01 list fill worker 2 keys 8 / 8
2026-10-08 06:20:01 list fill worker 6 keys 8 / 8
2026-10-08 06:20:01 list fill worker 8 keys 8 / 8
2026-10-08 06:20:01 list fill worker 4 keys 8 / 8
2026-10-08 06:20:01 list fill worker 7 keys 8 / 8
2026-10-08 06:20:11 lavik-mainc55e52c9-ordered-list-1048576-k64-f128-20261008 list-1048576-128-lrange-c16 2705 QPS p99=10.81 ms
2026-10-08 06:20:21 lavik-mainc55e52c9-ordered-list-1048576-k64-f128-20261008 list-1048576-128-lrange-c80 2700 QPS p99=72.70 ms
2026-10-08 06:20:30 lavik-mainc55e52c9-ordered-list-1048576-k64-f128-20261008 list-1048576-128-lindex-c80 523771 QPS p99=0.28 ms
2026-10-08 06:20:40 lavik-mainc55e52c9-ordered-list-1048576-k64-f128-20261008 list-1048576-128-lindex-c320 729223 QPS p99=0.94 ms
2026-10-08 06:20:50 lavik-mainc55e52c9-ordered-list-1048576-k64-f128-20261008 list-1048576-128-lindex-c1280 766012 QPS p99=4.29 ms
2026-10-08 06:21:00 lavik-mainc55e52c9-ordered-list-1048576-k64-f128-20261008 list-1048576-128-lindex-c2560 620570 QPS p99=14.85 ms
2026-10-08 06:21:12 lavik-mainc55e52c9-ordered-list-1048576-k64-f128-20261008 list-1048576-128-lindex-c5120 419064 QPS p99=97.79 ms
2026-10-08 06:21:22 lavik-mainc55e52c9-ordered-list-1048576-k64-f128-20261008 list-1048576-128-lset-c80 156948 QPS p99=7.62 ms
2026-10-08 06:21:31 lavik-mainc55e52c9-ordered-list-1048576-k64-f128-20261008 list-1048576-128-lset-c320 152698 QPS p99=24.45 ms
2026-10-08 06:21:41 lavik-mainc55e52c9-ordered-list-1048576-k64-f128-20261008 list-1048576-128-lset-c1280 161272 QPS p99=53.76 ms
2026-10-08 06:21:52 lavik-mainc55e52c9-ordered-list-1048576-k64-f128-20261008 list-1048576-128-lset-c2560 154327 QPS p99=119.81 ms
2026-10-08 06:22:03 lavik-mainc55e52c9-ordered-list-1048576-k64-f128-20261008 list-1048576-128-lset-c5120 147800 QPS p99=246.78 ms
COMPLETE mainc55e52c9-ordered-list-1048576-k64-f128-20261008 1791440525.6308267
