discard c08bc35101567ebd0001 /dev/nvme3n1
discard c08bc35101567ebd0002 /dev/nvme5n1
discard c08bc35101567ebd0003 /dev/nvme4n1
discard c08bc35101567ebd0004 /dev/nvme2n1
discard c08bc35101567ebd0005 /dev/nvme1n1
discard c08bc35101567ebd0006 /dev/nvme6n1
START mainc55e52c9-ordered-zset-1048576-k64-f1024-20261008 1791441114.04446
2026-10-08 06:31:59 lavik-mainc55e52c9-ordered-zset-1048576-k64-f1024-20261008 zset-1048576-1024 fill
2026-10-08 06:32:00 zset fill worker 6 keys 1 / 8
2026-10-08 06:32:00 zset fill worker 5 keys 1 / 8
2026-10-08 06:32:00 zset fill worker 1 keys 1 / 8
2026-10-08 06:32:00 zset fill worker 2 keys 1 / 8
2026-10-08 06:32:00 zset fill worker 3 keys 1 / 8
2026-10-08 06:32:00 zset fill worker 8 keys 1 / 8
2026-10-08 06:32:00 zset fill worker 7 keys 1 / 8
2026-10-08 06:32:00 zset fill worker 4 keys 1 / 8
2026-10-08 06:32:00 zset fill worker 2 keys 2 / 8
2026-10-08 06:32:00 zset fill worker 5 keys 2 / 8
2026-10-08 06:32:00 zset fill worker 3 keys 2 / 8
2026-10-08 06:32:00 zset fill worker 1 keys 2 / 8
2026-10-08 06:32:00 zset fill worker 4 keys 2 / 8
2026-10-08 06:32:00 zset fill worker 8 keys 2 / 8
2026-10-08 06:32:00 zset fill worker 7 keys 2 / 8
2026-10-08 06:32:00 zset fill worker 6 keys 2 / 8
2026-10-08 06:32:00 zset fill worker 5 keys 3 / 8
2026-10-08 06:32:00 zset fill worker 2 keys 3 / 8
2026-10-08 06:32:00 zset fill worker 8 keys 3 / 8
2026-10-08 06:32:00 zset fill worker 7 keys 3 / 8
2026-10-08 06:32:00 zset fill worker 1 keys 3 / 8
2026-10-08 06:32:00 zset fill worker 3 keys 3 / 8
2026-10-08 06:32:00 zset fill worker 2 keys 4 / 8
2026-10-08 06:32:00 zset fill worker 5 keys 4 / 8
2026-10-08 06:32:00 zset fill worker 6 keys 3 / 8
2026-10-08 06:32:00 zset fill worker 8 keys 4 / 8
2026-10-08 06:32:00 zset fill worker 4 keys 3 / 8
2026-10-08 06:32:00 zset fill worker 5 keys 5 / 8
2026-10-08 06:32:00 zset fill worker 6 keys 4 / 8
2026-10-08 06:32:00 zset fill worker 1 keys 4 / 8
2026-10-08 06:32:00 zset fill worker 2 keys 5 / 8
2026-10-08 06:32:00 zset fill worker 8 keys 5 / 8
2026-10-08 06:32:00 zset fill worker 7 keys 4 / 8
2026-10-08 06:32:00 zset fill worker 4 keys 4 / 8
2026-10-08 06:32:00 zset fill worker 2 keys 6 / 8
2026-10-08 06:32:00 zset fill worker 6 keys 5 / 8
2026-10-08 06:32:00 zset fill worker 3 keys 4 / 8
2026-10-08 06:32:00 zset fill worker 5 keys 6 / 8
2026-10-08 06:32:00 zset fill worker 2 keys 7 / 8
2026-10-08 06:32:00 zset fill worker 1 keys 5 / 8
2026-10-08 06:32:00 zset fill worker 7 keys 5 / 8
2026-10-08 06:32:00 zset fill worker 2 keys 8 / 8
2026-10-08 06:32:00 zset fill worker 4 keys 5 / 8
2026-10-08 06:32:00 zset fill worker 8 keys 6 / 8
2026-10-08 06:32:00 zset fill worker 1 keys 6 / 8
2026-10-08 06:32:00 zset fill worker 7 keys 6 / 8
2026-10-08 06:32:00 zset fill worker 6 keys 6 / 8
2026-10-08 06:32:00 zset fill worker 3 keys 5 / 8
2026-10-08 06:32:00 zset fill worker 5 keys 7 / 8
2026-10-08 06:32:00 zset fill worker 1 keys 7 / 8
2026-10-08 06:32:00 zset fill worker 8 keys 7 / 8
2026-10-08 06:32:00 zset fill worker 6 keys 7 / 8
2026-10-08 06:32:00 zset fill worker 7 keys 7 / 8
2026-10-08 06:32:00 zset fill worker 3 keys 6 / 8
2026-10-08 06:32:00 zset fill worker 5 keys 8 / 8
2026-10-08 06:32:00 zset fill worker 8 keys 8 / 8
2026-10-08 06:32:00 zset fill worker 7 keys 8 / 8
2026-10-08 06:32:00 zset fill worker 3 keys 7 / 8
2026-10-08 06:32:00 zset fill worker 1 keys 8 / 8
2026-10-08 06:32:00 zset fill worker 4 keys 6 / 8
2026-10-08 06:32:00 zset fill worker 6 keys 8 / 8
2026-10-08 06:32:00 zset fill worker 3 keys 8 / 8
2026-10-08 06:32:00 zset fill worker 4 keys 7 / 8
2026-10-08 06:32:00 zset fill worker 4 keys 8 / 8
2026-10-08 06:32:10 lavik-mainc55e52c9-ordered-zset-1048576-k64-f1024-20261008 zset-1048576-1024-zrange-c16 2082 QPS p99=15.04 ms
2026-10-08 06:32:19 lavik-mainc55e52c9-ordered-zset-1048576-k64-f1024-20261008 zset-1048576-1024-zrange-c80 2821 QPS p99=62.72 ms
2026-10-08 06:32:29 lavik-mainc55e52c9-ordered-zset-1048576-k64-f1024-20261008 zset-1048576-1024-zscore-c80 412545 QPS p99=0.37 ms
2026-10-08 06:32:39 lavik-mainc55e52c9-ordered-zset-1048576-k64-f1024-20261008 zset-1048576-1024-zscore-c320 576935 QPS p99=1.14 ms
2026-10-08 06:32:49 lavik-mainc55e52c9-ordered-zset-1048576-k64-f1024-20261008 zset-1048576-1024-zscore-c1280 389726 QPS p99=26.11 ms
2026-10-08 06:32:59 lavik-mainc55e52c9-ordered-zset-1048576-k64-f1024-20261008 zset-1048576-1024-zscore-c2560 351224 QPS p99=59.13 ms
2026-10-08 06:33:11 lavik-mainc55e52c9-ordered-zset-1048576-k64-f1024-20261008 zset-1048576-1024-zscore-c5120 338665 QPS p99=122.88 ms
2026-10-08 06:33:21 lavik-mainc55e52c9-ordered-zset-1048576-k64-f1024-20261008 zset-1048576-1024-zincrby-c80 78028 QPS p99=13.12 ms
2026-10-08 06:33:30 lavik-mainc55e52c9-ordered-zset-1048576-k64-f1024-20261008 zset-1048576-1024-zincrby-c320 85747 QPS p99=31.74 ms
2026-10-08 06:33:40 lavik-mainc55e52c9-ordered-zset-1048576-k64-f1024-20261008 zset-1048576-1024-zincrby-c1280 81836 QPS p99=123.90 ms
2026-10-08 06:33:51 lavik-mainc55e52c9-ordered-zset-1048576-k64-f1024-20261008 zset-1048576-1024-zincrby-c2560 83665 QPS p99=250.88 ms
2026-10-08 06:34:03 lavik-mainc55e52c9-ordered-zset-1048576-k64-f1024-20261008 zset-1048576-1024-zincrby-c5120 84871 QPS p99=520.19 ms
COMPLETE mainc55e52c9-ordered-zset-1048576-k64-f1024-20261008 1791441246.146748
