discard c08bc35101567ebd0001 /dev/nvme3n1
discard c08bc35101567ebd0002 /dev/nvme5n1
discard c08bc35101567ebd0003 /dev/nvme4n1
discard c08bc35101567ebd0004 /dev/nvme2n1
discard c08bc35101567ebd0005 /dev/nvme1n1
discard c08bc35101567ebd0006 /dev/nvme6n1
START mainc55e52c9-hashset-hash-104857600-k500-f128-20261008 1791444009.9672709
2026-10-08 07:20:15 lavik-seed-mainc55e52c9-hashset-hash-104857600-k500-f128-20261008 hash-104857600-128 fill
2026-10-08 07:20:22 RESTORE fill 10 / 500
2026-10-08 07:20:26 RESTORE fill 20 / 500
2026-10-08 07:20:35 RESTORE fill 30 / 500
2026-10-08 07:20:39 RESTORE fill 40 / 500
2026-10-08 07:20:42 RESTORE fill 50 / 500
2026-10-08 07:20:46 RESTORE fill 60 / 500
2026-10-08 07:20:51 RESTORE fill 70 / 500
2026-10-08 07:20:55 RESTORE fill 80 / 500
2026-10-08 07:20:58 RESTORE fill 90 / 500
2026-10-08 07:21:03 RESTORE fill 100 / 500
2026-10-08 07:21:09 RESTORE fill 110 / 500
2026-10-08 07:21:13 RESTORE fill 120 / 500
2026-10-08 07:21:19 RESTORE fill 130 / 500
2026-10-08 07:21:25 RESTORE fill 140 / 500
2026-10-08 07:21:28 RESTORE fill 150 / 500
2026-10-08 07:21:34 RESTORE fill 160 / 500
2026-10-08 07:21:38 RESTORE fill 170 / 500
2026-10-08 07:21:42 RESTORE fill 180 / 500
2026-10-08 07:21:50 RESTORE fill 190 / 500
2026-10-08 07:21:56 RESTORE fill 200 / 500
2026-10-08 07:22:00 RESTORE fill 210 / 500
2026-10-08 07:22:05 RESTORE fill 220 / 500
2026-10-08 07:22:11 RESTORE fill 230 / 500
2026-10-08 07:22:20 RESTORE fill 240 / 500
2026-10-08 07:22:26 RESTORE fill 250 / 500
2026-10-08 07:22:31 RESTORE fill 260 / 500
2026-10-08 07:22:35 RESTORE fill 270 / 500
2026-10-08 07:22:42 RESTORE fill 280 / 500
2026-10-08 07:22:47 RESTORE fill 290 / 500
2026-10-08 07:22:53 RESTORE fill 300 / 500
2026-10-08 07:22:56 RESTORE fill 310 / 500
2026-10-08 07:23:00 RESTORE fill 320 / 500
2026-10-08 07:23:05 RESTORE fill 330 / 500
2026-10-08 07:23:11 RESTORE fill 340 / 500
2026-10-08 07:23:16 RESTORE fill 350 / 500
2026-10-08 07:23:24 RESTORE fill 360 / 500
2026-10-08 07:23:28 RESTORE fill 370 / 500
2026-10-08 07:23:37 RESTORE fill 380 / 500
2026-10-08 07:23:42 RESTORE fill 390 / 500
2026-10-08 07:23:46 RESTORE fill 400 / 500
2026-10-08 07:23:53 RESTORE fill 410 / 500
2026-10-08 07:23:58 RESTORE fill 420 / 500
2026-10-08 07:24:04 RESTORE fill 430 / 500
2026-10-08 07:24:08 RESTORE fill 440 / 500
2026-10-08 07:24:12 RESTORE fill 450 / 500
2026-10-08 07:24:18 RESTORE fill 460 / 500
2026-10-08 07:24:24 RESTORE fill 470 / 500
2026-10-08 07:24:32 RESTORE fill 480 / 500
2026-10-08 07:24:38 RESTORE fill 490 / 500
2026-10-08 07:24:52 RESTORE fill 500 / 500
2026-10-08 07:24:52 RESTORE settle 117288744 backlog bytes 0 queued commits
2026-10-08 07:25:19 lavik-seed-mainc55e52c9-hashset-hash-104857600-k500-f128-20261008 hash-104857600-128-hgetall-c1 1 QPS p99=1482.75 ms
2026-10-08 07:25:41 lavik-mainc55e52c9-hashset-hash-104857600-k500-f128-20261008 hash-104857600-128 fill
2026-10-08 07:25:50 lavik-mainc55e52c9-hashset-hash-104857600-k500-f128-20261008 hash-104857600-128-hgetall-c1 1 QPS p99=1507.33 ms
2026-10-08 07:26:00 lavik-mainc55e52c9-hashset-hash-104857600-k500-f128-20261008 hash-104857600-128-hgetall-c4 3 QPS p99=2375.68 ms
2026-10-08 07:26:11 lavik-mainc55e52c9-hashset-hash-104857600-k500-f128-20261008 hash-104857600-128-hgetall-c16 9 QPS p99=2211.84 ms
2026-10-08 07:26:20 lavik-mainc55e52c9-hashset-hash-104857600-k500-f128-20261008 hash-104857600-128-hget-c80 354439 QPS p99=0.35 ms
2026-10-08 07:26:30 lavik-mainc55e52c9-hashset-hash-104857600-k500-f128-20261008 hash-104857600-128-hget-c320 557288 QPS p99=2.13 ms
2026-10-08 07:26:40 lavik-mainc55e52c9-hashset-hash-104857600-k500-f128-20261008 hash-104857600-128-hget-c1280 405670 QPS p99=25.47 ms
2026-10-08 07:26:50 lavik-mainc55e52c9-hashset-hash-104857600-k500-f128-20261008 hash-104857600-128-hget-c2560 358095 QPS p99=57.09 ms
2026-10-08 07:27:01 lavik-mainc55e52c9-hashset-hash-104857600-k500-f128-20261008 hash-104857600-128-hget-c5120 339786 QPS p99=115.20 ms
2026-10-08 07:27:11 lavik-mainc55e52c9-hashset-hash-104857600-k500-f128-20261008 hash-104857600-128-hset-c80 163723 QPS p99=4.67 ms
2026-10-08 07:27:20 lavik-mainc55e52c9-hashset-hash-104857600-k500-f128-20261008 hash-104857600-128-hset-c320 188709 QPS p99=28.03 ms
2026-10-08 07:27:30 lavik-mainc55e52c9-hashset-hash-104857600-k500-f128-20261008 hash-104857600-128-hset-c1280 136791 QPS p99=90.62 ms
2026-10-08 07:27:41 lavik-mainc55e52c9-hashset-hash-104857600-k500-f128-20261008 hash-104857600-128-hset-c2560 130422 QPS p99=184.32 ms
2026-10-08 07:27:53 lavik-mainc55e52c9-hashset-hash-104857600-k500-f128-20261008 hash-104857600-128-hset-c5120 127187 QPS p99=358.40 ms
COMPLETE mainc55e52c9-hashset-hash-104857600-k500-f128-20261008 1791444476.2295058
