discard c08bc35101567ebd0001 /dev/nvme3n1
discard c08bc35101567ebd0002 /dev/nvme5n1
discard c08bc35101567ebd0003 /dev/nvme4n1
discard c08bc35101567ebd0004 /dev/nvme2n1
discard c08bc35101567ebd0005 /dev/nvme1n1
discard c08bc35101567ebd0006 /dev/nvme6n1
START mainc55e52c9-ordered-stream-65536-k64-f128-20261008 1791439834.8291664
2026-10-08 06:10:40 lavik-mainc55e52c9-ordered-stream-65536-k64-f128-20261008 stream-65536-128 fill
2026-10-08 06:10:40 stream fill worker 4 keys 1 / 8
2026-10-08 06:10:40 stream fill worker 8 keys 1 / 8
2026-10-08 06:10:40 stream fill worker 2 keys 1 / 8
2026-10-08 06:10:40 stream fill worker 6 keys 1 / 8
2026-10-08 06:10:40 stream fill worker 1 keys 1 / 8
2026-10-08 06:10:40 stream fill worker 7 keys 1 / 8
2026-10-08 06:10:40 stream fill worker 5 keys 1 / 8
2026-10-08 06:10:40 stream fill worker 3 keys 1 / 8
2026-10-08 06:10:40 stream fill worker 8 keys 2 / 8
2026-10-08 06:10:40 stream fill worker 4 keys 2 / 8
2026-10-08 06:10:40 stream fill worker 2 keys 2 / 8
2026-10-08 06:10:40 stream fill worker 6 keys 2 / 8
2026-10-08 06:10:40 stream fill worker 7 keys 2 / 8
2026-10-08 06:10:40 stream fill worker 3 keys 2 / 8
2026-10-08 06:10:40 stream fill worker 1 keys 2 / 8
2026-10-08 06:10:40 stream fill worker 5 keys 2 / 8
2026-10-08 06:10:41 stream fill worker 8 keys 3 / 8
2026-10-08 06:10:41 stream fill worker 4 keys 3 / 8
2026-10-08 06:10:41 stream fill worker 2 keys 3 / 8
2026-10-08 06:10:41 stream fill worker 3 keys 3 / 8
2026-10-08 06:10:41 stream fill worker 6 keys 3 / 8
2026-10-08 06:10:41 stream fill worker 5 keys 3 / 8
2026-10-08 06:10:41 stream fill worker 7 keys 3 / 8
2026-10-08 06:10:41 stream fill worker 1 keys 3 / 8
2026-10-08 06:10:41 stream fill worker 8 keys 4 / 8
2026-10-08 06:10:41 stream fill worker 4 keys 4 / 8
2026-10-08 06:10:41 stream fill worker 2 keys 4 / 8
2026-10-08 06:10:41 stream fill worker 6 keys 4 / 8
2026-10-08 06:10:41 stream fill worker 3 keys 4 / 8
2026-10-08 06:10:41 stream fill worker 7 keys 4 / 8
2026-10-08 06:10:41 stream fill worker 1 keys 4 / 8
2026-10-08 06:10:41 stream fill worker 5 keys 4 / 8
2026-10-08 06:10:41 stream fill worker 8 keys 5 / 8
2026-10-08 06:10:41 stream fill worker 4 keys 5 / 8
2026-10-08 06:10:41 stream fill worker 2 keys 5 / 8
2026-10-08 06:10:41 stream fill worker 7 keys 5 / 8
2026-10-08 06:10:41 stream fill worker 5 keys 5 / 8
2026-10-08 06:10:41 stream fill worker 1 keys 5 / 8
2026-10-08 06:10:41 stream fill worker 6 keys 5 / 8
2026-10-08 06:10:41 stream fill worker 3 keys 5 / 8
2026-10-08 06:10:41 stream fill worker 8 keys 6 / 8
2026-10-08 06:10:41 stream fill worker 4 keys 6 / 8
2026-10-08 06:10:41 stream fill worker 2 keys 6 / 8
2026-10-08 06:10:41 stream fill worker 1 keys 6 / 8
2026-10-08 06:10:41 stream fill worker 7 keys 6 / 8
2026-10-08 06:10:41 stream fill worker 6 keys 6 / 8
2026-10-08 06:10:41 stream fill worker 5 keys 6 / 8
2026-10-08 06:10:41 stream fill worker 3 keys 6 / 8
2026-10-08 06:10:41 stream fill worker 4 keys 7 / 8
2026-10-08 06:10:41 stream fill worker 8 keys 7 / 8
2026-10-08 06:10:41 stream fill worker 2 keys 7 / 8
2026-10-08 06:10:41 stream fill worker 1 keys 7 / 8
2026-10-08 06:10:41 stream fill worker 7 keys 7 / 8
2026-10-08 06:10:41 stream fill worker 5 keys 7 / 8
2026-10-08 06:10:41 stream fill worker 3 keys 7 / 8
2026-10-08 06:10:41 stream fill worker 6 keys 7 / 8
2026-10-08 06:10:41 stream fill worker 8 keys 8 / 8
2026-10-08 06:10:41 stream fill worker 4 keys 8 / 8
2026-10-08 06:10:41 stream fill worker 2 keys 8 / 8
2026-10-08 06:10:41 stream fill worker 7 keys 8 / 8
2026-10-08 06:10:41 stream fill worker 3 keys 8 / 8
2026-10-08 06:10:41 stream fill worker 6 keys 8 / 8
2026-10-08 06:10:41 stream fill worker 1 keys 8 / 8
2026-10-08 06:10:41 stream fill worker 5 keys 8 / 8
2026-10-08 06:10:51 lavik-mainc55e52c9-ordered-stream-65536-k64-f128-20261008 stream-65536-128-xrange_full-c16 20641 QPS p99=1.22 ms
2026-10-08 06:11:01 lavik-mainc55e52c9-ordered-stream-65536-k64-f128-20261008 stream-65536-128-xrange_full-c80 32227 QPS p99=4.25 ms
2026-10-08 06:11:10 lavik-mainc55e52c9-ordered-stream-65536-k64-f128-20261008 stream-65536-128-xrange-c80 265174 QPS p99=0.54 ms
2026-10-08 06:11:20 lavik-mainc55e52c9-ordered-stream-65536-k64-f128-20261008 stream-65536-128-xrange-c320 323090 QPS p99=1.75 ms
2026-10-08 06:11:30 lavik-mainc55e52c9-ordered-stream-65536-k64-f128-20261008 stream-65536-128-xrange-c1280 218835 QPS p99=13.50 ms
2026-10-08 06:11:40 lavik-mainc55e52c9-ordered-stream-65536-k64-f128-20261008 stream-65536-128-xrange-c2560 198340 QPS p99=36.61 ms
2026-10-08 06:11:52 lavik-mainc55e52c9-ordered-stream-65536-k64-f128-20261008 stream-65536-128-xrange-c5120 188293 QPS p99=51.97 ms
2026-10-08 06:12:02 lavik-mainc55e52c9-ordered-stream-65536-k64-f128-20261008 stream-65536-128-xadd_maxlen-c80 57916 QPS p99=14.46 ms
2026-10-08 06:12:11 lavik-mainc55e52c9-ordered-stream-65536-k64-f128-20261008 stream-65536-128-xadd_maxlen-c320 50960 QPS p99=55.81 ms
2026-10-08 06:12:21 lavik-mainc55e52c9-ordered-stream-65536-k64-f128-20261008 stream-65536-128-xadd_maxlen-c1280 49067 QPS p99=225.28 ms
2026-10-08 06:12:31 lavik-mainc55e52c9-ordered-stream-65536-k64-f128-20261008 stream-65536-128-xadd_maxlen-c2560 47853 QPS p99=536.58 ms
2026-10-08 06:12:41 lavik-mainc55e52c9-ordered-stream-65536-k64-f128-20261008 stream-65536-128-xadd_maxlen-c5120 49929 QPS p99=835.58 ms
COMPLETE mainc55e52c9-ordered-stream-65536-k64-f128-20261008 1791439964.9333792
