RETAIN_COMPLETE_MIXED_MEASUREMENTS_AND_VERIFIED_CLEANUP 1791439552.1911924
WAIT_FOR_HOST_LOCK main-c55e52c9-complete-legacy-report-refresh 1509011 1791439552.191322
HOST_LOCK_ACQUIRED main-c55e52c9-complete-legacy-report-refresh 1509011 1791439552.191333
START main-grid-list-65536-128-64-ordered 1791439552.4424434
COMPLETE main-grid-list-65536-128-64-ordered 1791439692.062451
START main-grid-list-65536-1024-64-ordered 1791439692.0626364
COMPLETE main-grid-list-65536-1024-64-ordered 1791439830.7429814
START main-grid-stream-65536-128-64-ordered 1791439830.743204
COMPLETE main-grid-stream-65536-128-64-ordered 1791439970.391474
START main-grid-stream-65536-1024-64-ordered 1791439970.3916876
COMPLETE main-grid-stream-65536-1024-64-ordered 1791440109.1039426
START main-grid-zset-65536-128-64-ordered 1791440109.1042037
COMPLETE main-grid-zset-65536-128-64-ordered 1791440249.7535362
START main-grid-zset-65536-1024-64-ordered 1791440249.753775
COMPLETE main-grid-zset-65536-1024-64-ordered 1791440391.429944
START main-grid-list-1048576-128-64-ordered 1791440391.430191
COMPLETE main-grid-list-1048576-128-64-ordered 1791440531.0988672
START main-grid-list-1048576-1024-64-ordered 1791440531.099209
COMPLETE main-grid-list-1048576-1024-64-ordered 1791440669.7669153
START main-grid-stream-1048576-128-64-ordered 1791440669.7671916
COMPLETE main-grid-stream-1048576-128-64-ordered 1791440829.5046406
START main-grid-stream-1048576-1024-64-ordered 1791440829.5048842
COMPLETE main-grid-stream-1048576-1024-64-ordered 1791440970.2554958
START main-grid-zset-1048576-128-64-ordered 1791440970.255753
COMPLETE main-grid-zset-1048576-128-64-ordered 1791441109.9488802
START main-grid-zset-1048576-1024-64-ordered 1791441109.949153
COMPLETE main-grid-zset-1048576-1024-64-ordered 1791441251.6245015
START main-grid-list-104857600-128-8-ordered 1791441251.6247547
COMPLETE main-grid-list-104857600-128-8-ordered 1791441406.253584
START main-grid-list-104857600-1024-8-ordered 1791441406.2538383
COMPLETE main-grid-list-104857600-1024-8-ordered 1791441561.9947588
START main-grid-stream-104857600-128-8-ordered 1791441561.9950392
COMPLETE main-grid-stream-104857600-128-8-ordered 1791442128.7298229
START main-grid-stream-104857600-1024-8-ordered 1791442128.730098
COMPLETE main-grid-stream-104857600-1024-8-ordered 1791442327.4828975
START main-grid-zset-104857600-128-8-ordered 1791442327.4831853
COMPLETE main-grid-zset-104857600-128-8-ordered 1791442646.1934927
START main-grid-zset-104857600-1024-8-ordered 1791442646.1937733
COMPLETE main-grid-zset-104857600-1024-8-ordered 1791442822.8343172
START main-grid-hash-1048576-128-50000-hashset 1791442822.8345962
COMPLETE main-grid-hash-1048576-128-50000-hashset 1791443123.6210392
START main-grid-hash-1048576-1024-50000-hashset 1791443123.621319
COMPLETE main-grid-hash-1048576-1024-50000-hashset 1791443354.4627059
START main-grid-list-1048576-1024-50000-lset 1791443354.4630158
COMPLETE main-grid-list-1048576-1024-50000-lset 1791443479.1305463
START main-grid-set-1048576-128-50000-hashset 1791443479.13084
COMPLETE main-grid-set-1048576-128-50000-hashset 1791443769.9499283
START main-grid-set-1048576-1024-50000-hashset 1791443769.9502404
COMPLETE main-grid-set-1048576-1024-50000-hashset 1791444005.8579705
START main-grid-hash-104857600-128-500-hashset 1791444005.8582776
COMPLETE main-grid-hash-104857600-128-500-hashset 1791444481.7071047
START main-grid-hash-104857600-1024-500-hashset 1791444481.7074075
COMPLETE main-grid-hash-104857600-1024-500-hashset 1791444773.4997509
START main-grid-list-104857600-1024-500-lset 1791444773.5000656
COMPLETE main-grid-list-104857600-1024-500-lset 1791444921.2085323
START main-grid-set-104857600-128-500-hashset 1791444921.208826
COMPLETE main-grid-set-104857600-128-500-hashset 1791445366.0670972
START main-grid-set-104857600-1024-500-hashset 1791445366.067396
COMPLETE main-grid-set-104857600-1024-500-hashset 1791445654.8905103
START main-import-hash-1024 1791445654.8908436
COMPLETE main-import-hash-1024 1791445876.6375694
START main-import-hash-128 1791445876.6376436
COMPLETE main-import-hash-128 1791446851.505487
START main-import-set-1024 1791446851.5055676
COMPLETE main-import-set-1024 1791447083.1715944
START main-import-set-128 1791447083.171666
COMPLETE main-import-set-128 1791448024.9633389
ALL_MAIN_GRIDS_AND_IMPORTS_COMPLETE 1791448024.9721289
