discard c08bc35101567ebd0001 /dev/nvme3n1
discard c08bc35101567ebd0002 /dev/nvme5n1
discard c08bc35101567ebd0003 /dev/nvme4n1
discard c08bc35101567ebd0004 /dev/nvme2n1
discard c08bc35101567ebd0005 /dev/nvme1n1
discard c08bc35101567ebd0006 /dev/nvme6n1
START mainc55e52c9-hashset-set-104857600-k500-f128-20261008 1791444925.3261533
2026-10-08 07:35:31 lavik-seed-mainc55e52c9-hashset-set-104857600-k500-f128-20261008 set-104857600-128 fill
2026-10-08 07:35:36 RESTORE fill 10 / 500
2026-10-08 07:35:41 RESTORE fill 20 / 500
2026-10-08 07:35:45 RESTORE fill 30 / 500
2026-10-08 07:35:49 RESTORE fill 40 / 500
2026-10-08 07:35:53 RESTORE fill 50 / 500
2026-10-08 07:35:59 RESTORE fill 60 / 500
2026-10-08 07:36:03 RESTORE fill 70 / 500
2026-10-08 07:36:07 RESTORE fill 80 / 500
2026-10-08 07:36:13 RESTORE fill 90 / 500
2026-10-08 07:36:19 RESTORE fill 100 / 500
2026-10-08 07:36:23 RESTORE fill 110 / 500
2026-10-08 07:36:28 RESTORE fill 120 / 500
2026-10-08 07:36:31 RESTORE fill 130 / 500
2026-10-08 07:36:37 RESTORE fill 140 / 500
2026-10-08 07:36:43 RESTORE fill 150 / 500
2026-10-08 07:36:48 RESTORE fill 160 / 500
2026-10-08 07:36:52 RESTORE fill 170 / 500
2026-10-08 07:36:57 RESTORE fill 180 / 500
2026-10-08 07:37:04 RESTORE fill 190 / 500
2026-10-08 07:37:10 RESTORE fill 200 / 500
2026-10-08 07:37:14 RESTORE fill 210 / 500
2026-10-08 07:37:19 RESTORE fill 220 / 500
2026-10-08 07:37:26 RESTORE fill 230 / 500
2026-10-08 07:37:34 RESTORE fill 240 / 500
2026-10-08 07:37:40 RESTORE fill 250 / 500
2026-10-08 07:37:46 RESTORE fill 260 / 500
2026-10-08 07:37:50 RESTORE fill 270 / 500
2026-10-08 07:37:54 RESTORE fill 280 / 500
2026-10-08 07:37:58 RESTORE fill 290 / 500
2026-10-08 07:38:04 RESTORE fill 300 / 500
2026-10-08 07:38:10 RESTORE fill 310 / 500
2026-10-08 07:38:18 RESTORE fill 320 / 500
2026-10-08 07:38:22 RESTORE fill 330 / 500
2026-10-08 07:38:28 RESTORE fill 340 / 500
2026-10-08 07:38:32 RESTORE fill 350 / 500
2026-10-08 07:38:35 RESTORE fill 360 / 500
2026-10-08 07:38:41 RESTORE fill 370 / 500
2026-10-08 07:38:48 RESTORE fill 380 / 500
2026-10-08 07:38:52 RESTORE fill 390 / 500
2026-10-08 07:38:56 RESTORE fill 400 / 500
2026-10-08 07:39:02 RESTORE fill 410 / 500
2026-10-08 07:39:07 RESTORE fill 420 / 500
2026-10-08 07:39:12 RESTORE fill 430 / 500
2026-10-08 07:39:16 RESTORE fill 440 / 500
2026-10-08 07:39:20 RESTORE fill 450 / 500
2026-10-08 07:39:25 RESTORE fill 460 / 500
2026-10-08 07:39:33 RESTORE fill 470 / 500
2026-10-08 07:39:37 RESTORE fill 480 / 500
2026-10-08 07:39:43 RESTORE fill 490 / 500
2026-10-08 07:39:52 RESTORE fill 500 / 500
2026-10-08 07:39:52 RESTORE settle 1022019648 backlog bytes 0 queued commits
2026-10-08 07:40:27 lavik-seed-mainc55e52c9-hashset-set-104857600-k500-f128-20261008 set-104857600-128-smembers-c1 1 QPS p99=1376.26 ms
2026-10-08 07:40:48 lavik-mainc55e52c9-hashset-set-104857600-k500-f128-20261008 set-104857600-128 fill
2026-10-08 07:40:57 lavik-mainc55e52c9-hashset-set-104857600-k500-f128-20261008 set-104857600-128-smembers-c1 1 QPS p99=1384.45 ms
2026-10-08 07:41:08 lavik-mainc55e52c9-hashset-set-104857600-k500-f128-20261008 set-104857600-128-smembers-c4 3 QPS p99=1499.13 ms
2026-10-08 07:41:18 lavik-mainc55e52c9-hashset-set-104857600-k500-f128-20261008 set-104857600-128-smembers-c16 10 QPS p99=2056.19 ms
2026-10-08 07:41:28 lavik-mainc55e52c9-hashset-set-104857600-k500-f128-20261008 set-104857600-128-sismember-c80 357787 QPS p99=0.35 ms
2026-10-08 07:41:38 lavik-mainc55e52c9-hashset-set-104857600-k500-f128-20261008 set-104857600-128-sismember-c320 563130 QPS p99=1.97 ms
2026-10-08 07:41:47 lavik-mainc55e52c9-hashset-set-104857600-k500-f128-20261008 set-104857600-128-sismember-c1280 399147 QPS p99=25.34 ms
2026-10-08 07:41:58 lavik-mainc55e52c9-hashset-set-104857600-k500-f128-20261008 set-104857600-128-sismember-c2560 360928 QPS p99=56.06 ms
2026-10-08 07:42:07 lavik-mainc55e52c9-hashset-set-104857600-k500-f128-20261008 set-104857600-128-sadd_srem-c80 288027 QPS p99=0.76 ms
2026-10-08 07:42:17 lavik-mainc55e52c9-hashset-set-104857600-k500-f128-20261008 set-104857600-128-sadd_srem-c320 320521 QPS p99=7.39 ms
2026-10-08 07:42:27 lavik-mainc55e52c9-hashset-set-104857600-k500-f128-20261008 set-104857600-128-sadd_srem-c1280 296548 QPS p99=36.09 ms
2026-10-08 07:42:37 lavik-mainc55e52c9-hashset-set-104857600-k500-f128-20261008 set-104857600-128-sadd_srem-c2560 265567 QPS p99=66.05 ms
COMPLETE mainc55e52c9-hashset-set-104857600-k500-f128-20261008 1791445360.5789986
