discard c08bc35101567ebd0001 /dev/nvme3n1
discard c08bc35101567ebd0002 /dev/nvme5n1
discard c08bc35101567ebd0003 /dev/nvme4n1
discard c08bc35101567ebd0004 /dev/nvme2n1
discard c08bc35101567ebd0005 /dev/nvme1n1
discard c08bc35101567ebd0006 /dev/nvme6n1
START mainc55e52c9-ordered-stream-65536-k64-f1024-20261008 1791439974.4825583
2026-10-08 06:13:00 lavik-mainc55e52c9-ordered-stream-65536-k64-f1024-20261008 stream-65536-1024 fill
2026-10-08 06:13:00 stream fill worker 1 keys 1 / 8
2026-10-08 06:13:00 stream fill worker 3 keys 1 / 8
2026-10-08 06:13:00 stream fill worker 5 keys 1 / 8
2026-10-08 06:13:00 stream fill worker 6 keys 1 / 8
2026-10-08 06:13:00 stream fill worker 7 keys 1 / 8
2026-10-08 06:13:00 stream fill worker 4 keys 1 / 8
2026-10-08 06:13:00 stream fill worker 2 keys 1 / 8
2026-10-08 06:13:00 stream fill worker 8 keys 1 / 8
2026-10-08 06:13:00 stream fill worker 1 keys 2 / 8
2026-10-08 06:13:00 stream fill worker 6 keys 2 / 8
2026-10-08 06:13:00 stream fill worker 3 keys 2 / 8
2026-10-08 06:13:00 stream fill worker 2 keys 2 / 8
2026-10-08 06:13:00 stream fill worker 7 keys 2 / 8
2026-10-08 06:13:00 stream fill worker 5 keys 2 / 8
2026-10-08 06:13:00 stream fill worker 4 keys 2 / 8
2026-10-08 06:13:00 stream fill worker 8 keys 2 / 8
2026-10-08 06:13:00 stream fill worker 6 keys 3 / 8
2026-10-08 06:13:00 stream fill worker 1 keys 3 / 8
2026-10-08 06:13:00 stream fill worker 5 keys 3 / 8
2026-10-08 06:13:00 stream fill worker 2 keys 3 / 8
2026-10-08 06:13:00 stream fill worker 3 keys 3 / 8
2026-10-08 06:13:00 stream fill worker 7 keys 3 / 8
2026-10-08 06:13:00 stream fill worker 4 keys 3 / 8
2026-10-08 06:13:00 stream fill worker 8 keys 3 / 8
2026-10-08 06:13:00 stream fill worker 6 keys 4 / 8
2026-10-08 06:13:00 stream fill worker 7 keys 4 / 8
2026-10-08 06:13:00 stream fill worker 3 keys 4 / 8
2026-10-08 06:13:00 stream fill worker 1 keys 4 / 8
2026-10-08 06:13:00 stream fill worker 5 keys 4 / 8
2026-10-08 06:13:00 stream fill worker 2 keys 4 / 8
2026-10-08 06:13:00 stream fill worker 4 keys 4 / 8
2026-10-08 06:13:00 stream fill worker 8 keys 4 / 8
2026-10-08 06:13:00 stream fill worker 6 keys 5 / 8
2026-10-08 06:13:00 stream fill worker 3 keys 5 / 8
2026-10-08 06:13:00 stream fill worker 1 keys 5 / 8
2026-10-08 06:13:00 stream fill worker 2 keys 5 / 8
2026-10-08 06:13:00 stream fill worker 4 keys 5 / 8
2026-10-08 06:13:00 stream fill worker 7 keys 5 / 8
2026-10-08 06:13:00 stream fill worker 5 keys 5 / 8
2026-10-08 06:13:00 stream fill worker 8 keys 5 / 8
2026-10-08 06:13:00 stream fill worker 6 keys 6 / 8
2026-10-08 06:13:00 stream fill worker 3 keys 6 / 8
2026-10-08 06:13:00 stream fill worker 2 keys 6 / 8
2026-10-08 06:13:00 stream fill worker 4 keys 6 / 8
2026-10-08 06:13:00 stream fill worker 7 keys 6 / 8
2026-10-08 06:13:00 stream fill worker 1 keys 6 / 8
2026-10-08 06:13:00 stream fill worker 5 keys 6 / 8
2026-10-08 06:13:00 stream fill worker 8 keys 6 / 8
2026-10-08 06:13:00 stream fill worker 4 keys 7 / 8
2026-10-08 06:13:00 stream fill worker 2 keys 7 / 8
2026-10-08 06:13:00 stream fill worker 7 keys 7 / 8
2026-10-08 06:13:00 stream fill worker 3 keys 7 / 8
2026-10-08 06:13:00 stream fill worker 6 keys 7 / 8
2026-10-08 06:13:00 stream fill worker 1 keys 7 / 8
2026-10-08 06:13:00 stream fill worker 5 keys 7 / 8
2026-10-08 06:13:00 stream fill worker 8 keys 7 / 8
2026-10-08 06:13:00 stream fill worker 3 keys 8 / 8
2026-10-08 06:13:00 stream fill worker 2 keys 8 / 8
2026-10-08 06:13:00 stream fill worker 4 keys 8 / 8
2026-10-08 06:13:00 stream fill worker 6 keys 8 / 8
2026-10-08 06:13:00 stream fill worker 7 keys 8 / 8
2026-10-08 06:13:00 stream fill worker 1 keys 8 / 8
2026-10-08 06:13:00 stream fill worker 5 keys 8 / 8
2026-10-08 06:13:00 stream fill worker 8 keys 8 / 8
2026-10-08 06:13:10 lavik-mainc55e52c9-ordered-stream-65536-k64-f1024-20261008 stream-65536-1024-xrange_full-c16 39925 QPS p99=0.61 ms
2026-10-08 06:13:19 lavik-mainc55e52c9-ordered-stream-65536-k64-f1024-20261008 stream-65536-1024-xrange_full-c80 44498 QPS p99=6.37 ms
2026-10-08 06:13:29 lavik-mainc55e52c9-ordered-stream-65536-k64-f1024-20261008 stream-65536-1024-xrange-c80 288191 QPS p99=0.48 ms
2026-10-08 06:13:39 lavik-mainc55e52c9-ordered-stream-65536-k64-f1024-20261008 stream-65536-1024-xrange-c320 351178 QPS p99=1.55 ms
2026-10-08 06:13:49 lavik-mainc55e52c9-ordered-stream-65536-k64-f1024-20261008 stream-65536-1024-xrange-c1280 234991 QPS p99=24.19 ms
2026-10-08 06:14:00 lavik-mainc55e52c9-ordered-stream-65536-k64-f1024-20261008 stream-65536-1024-xrange-c2560 214182 QPS p99=41.73 ms
2026-10-08 06:14:11 lavik-mainc55e52c9-ordered-stream-65536-k64-f1024-20261008 stream-65536-1024-xrange-c5120 206624 QPS p99=83.97 ms
2026-10-08 06:14:21 lavik-mainc55e52c9-ordered-stream-65536-k64-f1024-20261008 stream-65536-1024-xadd_maxlen-c80 51758 QPS p99=13.82 ms
2026-10-08 06:14:30 lavik-mainc55e52c9-ordered-stream-65536-k64-f1024-20261008 stream-65536-1024-xadd_maxlen-c320 59963 QPS p99=48.90 ms
2026-10-08 06:14:40 lavik-mainc55e52c9-ordered-stream-65536-k64-f1024-20261008 stream-65536-1024-xadd_maxlen-c1280 63291 QPS p99=194.56 ms
2026-10-08 06:14:50 lavik-mainc55e52c9-ordered-stream-65536-k64-f1024-20261008 stream-65536-1024-xadd_maxlen-c2560 63904 QPS p99=311.30 ms
2026-10-08 06:15:00 lavik-mainc55e52c9-ordered-stream-65536-k64-f1024-20261008 stream-65536-1024-xadd_maxlen-c5120 55841 QPS p99=473.09 ms
COMPLETE mainc55e52c9-ordered-stream-65536-k64-f1024-20261008 1791440103.6050894
