discard c08bc35101567ebd0001 /dev/nvme3n1
discard c08bc35101567ebd0002 /dev/nvme5n1
discard c08bc35101567ebd0003 /dev/nvme4n1
discard c08bc35101567ebd0004 /dev/nvme2n1
discard c08bc35101567ebd0005 /dev/nvme1n1
discard c08bc35101567ebd0006 /dev/nvme6n1
START mainc55e52c9-ordered-list-104857600-k8-f1024-20261008 1791441410.3401804
2026-10-08 06:36:56 lavik-mainc55e52c9-ordered-list-104857600-k8-f1024-20261008 list-104857600-1024 fill
2026-10-08 06:36:59 list fill worker 2 keys 1 / 1
2026-10-08 06:36:59 list fill worker 7 keys 1 / 1
2026-10-08 06:36:59 list fill worker 5 keys 1 / 1
2026-10-08 06:37:00 list fill worker 1 keys 1 / 1
2026-10-08 06:37:00 list fill worker 4 keys 1 / 1
2026-10-08 06:37:00 list fill worker 8 keys 1 / 1
2026-10-08 06:37:00 list fill worker 3 keys 1 / 1
2026-10-08 06:37:00 list fill worker 6 keys 1 / 1
2026-10-08 06:37:10 lavik-mainc55e52c9-ordered-list-104857600-k8-f1024-20261008 list-104857600-1024-lrange-c1 4 QPS p99=354.30 ms
2026-10-08 06:37:20 lavik-mainc55e52c9-ordered-list-104857600-k8-f1024-20261008 list-104857600-1024-lrange-c4 14 QPS p99=421.89 ms
2026-10-08 06:37:29 lavik-mainc55e52c9-ordered-list-104857600-k8-f1024-20261008 list-104857600-1024-lrange-c16 27 QPS p99=1073.15 ms
2026-10-08 06:37:39 lavik-mainc55e52c9-ordered-list-104857600-k8-f1024-20261008 list-104857600-1024-lindex-c80 356110 QPS p99=0.47 ms
2026-10-08 06:37:48 lavik-mainc55e52c9-ordered-list-104857600-k8-f1024-20261008 list-104857600-1024-lindex-c320 438358 QPS p99=2.21 ms
2026-10-08 06:37:59 lavik-mainc55e52c9-ordered-list-104857600-k8-f1024-20261008 list-104857600-1024-lindex-c1280 324309 QPS p99=16.51 ms
2026-10-08 06:38:10 lavik-mainc55e52c9-ordered-list-104857600-k8-f1024-20261008 list-104857600-1024-lindex-c2560 288129 QPS p99=36.35 ms
2026-10-08 06:38:22 lavik-mainc55e52c9-ordered-list-104857600-k8-f1024-20261008 list-104857600-1024-lindex-c5120 271888 QPS p99=87.55 ms
2026-10-08 06:38:31 lavik-mainc55e52c9-ordered-list-104857600-k8-f1024-20261008 list-104857600-1024-lset-c80 48046 QPS p99=38.66 ms
2026-10-08 06:38:41 lavik-mainc55e52c9-ordered-list-104857600-k8-f1024-20261008 list-104857600-1024-lset-c320 50656 QPS p99=76.80 ms
2026-10-08 06:38:51 lavik-mainc55e52c9-ordered-list-104857600-k8-f1024-20261008 list-104857600-1024-lset-c1280 47825 QPS p99=139.26 ms
2026-10-08 06:39:01 lavik-mainc55e52c9-ordered-list-104857600-k8-f1024-20261008 list-104857600-1024-lset-c2560 47010 QPS p99=290.81 ms
2026-10-08 06:39:13 lavik-mainc55e52c9-ordered-list-104857600-k8-f1024-20261008 list-104857600-1024-lset-c5120 51737 QPS p99=348.16 ms
COMPLETE mainc55e52c9-ordered-list-104857600-k8-f1024-20261008 1791441556.5468647
