discard c08bc35101567ebd0001 /dev/nvme3n1
discard c08bc35101567ebd0002 /dev/nvme5n1
discard c08bc35101567ebd0003 /dev/nvme4n1
discard c08bc35101567ebd0004 /dev/nvme2n1
discard c08bc35101567ebd0005 /dev/nvme1n1
discard c08bc35101567ebd0006 /dev/nvme6n1
START mainc55e52c9-ordered-list-65536-k64-f128-20261008 1791439556.527685
2026-10-08 06:06:02 lavik-mainc55e52c9-ordered-list-65536-k64-f128-20261008 list-65536-128 fill
2026-10-08 06:06:02 list fill worker 2 keys 1 / 8
2026-10-08 06:06:02 list fill worker 3 keys 1 / 8
2026-10-08 06:06:02 list fill worker 1 keys 1 / 8
2026-10-08 06:06:02 list fill worker 4 keys 1 / 8
2026-10-08 06:06:02 list fill worker 7 keys 1 / 8
2026-10-08 06:06:02 list fill worker 8 keys 1 / 8
2026-10-08 06:06:02 list fill worker 6 keys 1 / 8
2026-10-08 06:06:02 list fill worker 1 keys 2 / 8
2026-10-08 06:06:02 list fill worker 5 keys 1 / 8
2026-10-08 06:06:02 list fill worker 3 keys 2 / 8
2026-10-08 06:06:02 list fill worker 8 keys 2 / 8
2026-10-08 06:06:02 list fill worker 4 keys 2 / 8
2026-10-08 06:06:02 list fill worker 1 keys 3 / 8
2026-10-08 06:06:02 list fill worker 2 keys 2 / 8
2026-10-08 06:06:02 list fill worker 7 keys 2 / 8
2026-10-08 06:06:02 list fill worker 5 keys 2 / 8
2026-10-08 06:06:02 list fill worker 8 keys 3 / 8
2026-10-08 06:06:02 list fill worker 3 keys 3 / 8
2026-10-08 06:06:02 list fill worker 6 keys 2 / 8
2026-10-08 06:06:02 list fill worker 4 keys 3 / 8
2026-10-08 06:06:02 list fill worker 1 keys 4 / 8
2026-10-08 06:06:02 list fill worker 2 keys 3 / 8
2026-10-08 06:06:02 list fill worker 7 keys 3 / 8
2026-10-08 06:06:02 list fill worker 8 keys 4 / 8
2026-10-08 06:06:02 list fill worker 3 keys 4 / 8
2026-10-08 06:06:02 list fill worker 4 keys 4 / 8
2026-10-08 06:06:02 list fill worker 1 keys 5 / 8
2026-10-08 06:06:02 list fill worker 5 keys 3 / 8
2026-10-08 06:06:02 list fill worker 7 keys 4 / 8
2026-10-08 06:06:02 list fill worker 6 keys 3 / 8
2026-10-08 06:06:02 list fill worker 2 keys 4 / 8
2026-10-08 06:06:02 list fill worker 3 keys 5 / 8
2026-10-08 06:06:02 list fill worker 4 keys 5 / 8
2026-10-08 06:06:02 list fill worker 8 keys 5 / 8
2026-10-08 06:06:02 list fill worker 7 keys 5 / 8
2026-10-08 06:06:02 list fill worker 1 keys 6 / 8
2026-10-08 06:06:02 list fill worker 5 keys 4 / 8
2026-10-08 06:06:02 list fill worker 3 keys 6 / 8
2026-10-08 06:06:02 list fill worker 6 keys 4 / 8
2026-10-08 06:06:02 list fill worker 4 keys 6 / 8
2026-10-08 06:06:02 list fill worker 8 keys 6 / 8
2026-10-08 06:06:02 list fill worker 2 keys 5 / 8
2026-10-08 06:06:02 list fill worker 1 keys 7 / 8
2026-10-08 06:06:02 list fill worker 7 keys 6 / 8
2026-10-08 06:06:02 list fill worker 5 keys 5 / 8
2026-10-08 06:06:02 list fill worker 4 keys 7 / 8
2026-10-08 06:06:02 list fill worker 8 keys 7 / 8
2026-10-08 06:06:02 list fill worker 3 keys 7 / 8
2026-10-08 06:06:02 list fill worker 6 keys 5 / 8
2026-10-08 06:06:02 list fill worker 2 keys 6 / 8
2026-10-08 06:06:02 list fill worker 1 keys 8 / 8
2026-10-08 06:06:02 list fill worker 7 keys 7 / 8
2026-10-08 06:06:02 list fill worker 4 keys 8 / 8
2026-10-08 06:06:02 list fill worker 3 keys 8 / 8
2026-10-08 06:06:02 list fill worker 6 keys 6 / 8
2026-10-08 06:06:02 list fill worker 5 keys 6 / 8
2026-10-08 06:06:02 list fill worker 8 keys 8 / 8
2026-10-08 06:06:02 list fill worker 2 keys 7 / 8
2026-10-08 06:06:02 list fill worker 7 keys 8 / 8
2026-10-08 06:06:02 list fill worker 6 keys 7 / 8
2026-10-08 06:06:02 list fill worker 2 keys 8 / 8
2026-10-08 06:06:02 list fill worker 5 keys 7 / 8
2026-10-08 06:06:02 list fill worker 6 keys 8 / 8
2026-10-08 06:06:02 list fill worker 5 keys 8 / 8
2026-10-08 06:06:12 lavik-mainc55e52c9-ordered-list-65536-k64-f128-20261008 list-65536-128-lrange-c16 43324 QPS p99=1.09 ms
2026-10-08 06:06:21 lavik-mainc55e52c9-ordered-list-65536-k64-f128-20261008 list-65536-128-lrange-c80 43326 QPS p99=6.85 ms
2026-10-08 06:06:31 lavik-mainc55e52c9-ordered-list-65536-k64-f128-20261008 list-65536-128-lindex-c80 521146 QPS p99=0.29 ms
2026-10-08 06:06:41 lavik-mainc55e52c9-ordered-list-65536-k64-f128-20261008 list-65536-128-lindex-c320 744415 QPS p99=0.90 ms
2026-10-08 06:06:50 lavik-mainc55e52c9-ordered-list-65536-k64-f128-20261008 list-65536-128-lindex-c1280 772484 QPS p99=4.19 ms
2026-10-08 06:07:01 lavik-mainc55e52c9-ordered-list-65536-k64-f128-20261008 list-65536-128-lindex-c2560 642247 QPS p99=15.29 ms
2026-10-08 06:07:12 lavik-mainc55e52c9-ordered-list-65536-k64-f128-20261008 list-65536-128-lindex-c5120 410826 QPS p99=96.25 ms
2026-10-08 06:07:21 lavik-mainc55e52c9-ordered-list-65536-k64-f128-20261008 list-65536-128-lset-c80 156129 QPS p99=7.93 ms
2026-10-08 06:07:31 lavik-mainc55e52c9-ordered-list-65536-k64-f128-20261008 list-65536-128-lset-c320 159536 QPS p99=23.17 ms
2026-10-08 06:07:41 lavik-mainc55e52c9-ordered-list-65536-k64-f128-20261008 list-65536-128-lset-c1280 160293 QPS p99=52.73 ms
2026-10-08 06:07:51 lavik-mainc55e52c9-ordered-list-65536-k64-f128-20261008 list-65536-128-lset-c2560 153758 QPS p99=132.09 ms
2026-10-08 06:08:03 lavik-mainc55e52c9-ordered-list-65536-k64-f128-20261008 list-65536-128-lset-c5120 151474 QPS p99=258.05 ms
COMPLETE mainc55e52c9-ordered-list-65536-k64-f128-20261008 1791439686.6294062
