discard c08bc35101567ebd0001 /dev/nvme3n1
discard c08bc35101567ebd0002 /dev/nvme5n1
discard c08bc35101567ebd0003 /dev/nvme4n1
discard c08bc35101567ebd0004 /dev/nvme2n1
discard c08bc35101567ebd0005 /dev/nvme1n1
discard c08bc35101567ebd0006 /dev/nvme6n1
START mainc55e52c9-ordered-stream-1048576-k64-f128-20261008 1791440673.876189
2026-10-08 06:24:39 lavik-mainc55e52c9-ordered-stream-1048576-k64-f128-20261008 stream-1048576-128 fill
2026-10-08 06:24:42 stream fill worker 2 keys 1 / 8
2026-10-08 06:24:42 stream fill worker 1 keys 1 / 8
2026-10-08 06:24:42 stream fill worker 7 keys 1 / 8
2026-10-08 06:24:42 stream fill worker 3 keys 1 / 8
2026-10-08 06:24:42 stream fill worker 8 keys 1 / 8
2026-10-08 06:24:42 stream fill worker 5 keys 1 / 8
2026-10-08 06:24:42 stream fill worker 4 keys 1 / 8
2026-10-08 06:24:42 stream fill worker 6 keys 1 / 8
2026-10-08 06:24:45 stream fill worker 3 keys 2 / 8
2026-10-08 06:24:45 stream fill worker 2 keys 2 / 8
2026-10-08 06:24:45 stream fill worker 1 keys 2 / 8
2026-10-08 06:24:45 stream fill worker 7 keys 2 / 8
2026-10-08 06:24:45 stream fill worker 8 keys 2 / 8
2026-10-08 06:24:45 stream fill worker 4 keys 2 / 8
2026-10-08 06:24:45 stream fill worker 6 keys 2 / 8
2026-10-08 06:24:45 stream fill worker 5 keys 2 / 8
2026-10-08 06:24:48 stream fill worker 2 keys 3 / 8
2026-10-08 06:24:48 stream fill worker 3 keys 3 / 8
2026-10-08 06:24:48 stream fill worker 5 keys 3 / 8
2026-10-08 06:24:48 stream fill worker 6 keys 3 / 8
2026-10-08 06:24:48 stream fill worker 7 keys 3 / 8
2026-10-08 06:24:48 stream fill worker 1 keys 3 / 8
2026-10-08 06:24:48 stream fill worker 8 keys 3 / 8
2026-10-08 06:24:48 stream fill worker 4 keys 3 / 8
2026-10-08 06:24:50 stream fill worker 2 keys 4 / 8
2026-10-08 06:24:50 stream fill worker 7 keys 4 / 8
2026-10-08 06:24:50 stream fill worker 1 keys 4 / 8
2026-10-08 06:24:51 stream fill worker 5 keys 4 / 8
2026-10-08 06:24:51 stream fill worker 4 keys 4 / 8
2026-10-08 06:24:51 stream fill worker 3 keys 4 / 8
2026-10-08 06:24:51 stream fill worker 8 keys 4 / 8
2026-10-08 06:24:51 stream fill worker 6 keys 4 / 8
2026-10-08 06:24:53 stream fill worker 4 keys 5 / 8
2026-10-08 06:24:53 stream fill worker 1 keys 5 / 8
2026-10-08 06:24:53 stream fill worker 5 keys 5 / 8
2026-10-08 06:24:53 stream fill worker 2 keys 5 / 8
2026-10-08 06:24:53 stream fill worker 8 keys 5 / 8
2026-10-08 06:24:53 stream fill worker 7 keys 5 / 8
2026-10-08 06:24:53 stream fill worker 6 keys 5 / 8
2026-10-08 06:24:54 stream fill worker 3 keys 5 / 8
2026-10-08 06:24:55 stream fill worker 4 keys 6 / 8
2026-10-08 06:24:55 stream fill worker 5 keys 6 / 8
2026-10-08 06:24:56 stream fill worker 2 keys 6 / 8
2026-10-08 06:24:56 stream fill worker 1 keys 6 / 8
2026-10-08 06:24:56 stream fill worker 8 keys 6 / 8
2026-10-08 06:24:56 stream fill worker 7 keys 6 / 8
2026-10-08 06:24:56 stream fill worker 6 keys 6 / 8
2026-10-08 06:24:56 stream fill worker 3 keys 6 / 8
2026-10-08 06:24:58 stream fill worker 5 keys 7 / 8
2026-10-08 06:24:58 stream fill worker 4 keys 7 / 8
2026-10-08 06:24:58 stream fill worker 2 keys 7 / 8
2026-10-08 06:24:58 stream fill worker 1 keys 7 / 8
2026-10-08 06:24:58 stream fill worker 8 keys 7 / 8
2026-10-08 06:24:59 stream fill worker 7 keys 7 / 8
2026-10-08 06:24:59 stream fill worker 6 keys 7 / 8
2026-10-08 06:24:59 stream fill worker 3 keys 7 / 8
2026-10-08 06:25:01 stream fill worker 4 keys 8 / 8
2026-10-08 06:25:01 stream fill worker 8 keys 8 / 8
2026-10-08 06:25:01 stream fill worker 5 keys 8 / 8
2026-10-08 06:25:01 stream fill worker 3 keys 8 / 8
2026-10-08 06:25:01 stream fill worker 1 keys 8 / 8
2026-10-08 06:25:01 stream fill worker 6 keys 8 / 8
2026-10-08 06:25:01 stream fill worker 2 keys 8 / 8
2026-10-08 06:25:01 stream fill worker 7 keys 8 / 8
2026-10-08 06:25:11 lavik-mainc55e52c9-ordered-stream-1048576-k64-f128-20261008 stream-1048576-128-xrange_full-c16 1744 QPS p99=15.36 ms
2026-10-08 06:25:21 lavik-mainc55e52c9-ordered-stream-1048576-k64-f128-20261008 stream-1048576-128-xrange_full-c80 2110 QPS p99=137.22 ms
2026-10-08 06:25:30 lavik-mainc55e52c9-ordered-stream-1048576-k64-f128-20261008 stream-1048576-128-xrange-c80 242709 QPS p99=0.58 ms
2026-10-08 06:25:40 lavik-mainc55e52c9-ordered-stream-1048576-k64-f128-20261008 stream-1048576-128-xrange-c320 309997 QPS p99=2.17 ms
2026-10-08 06:25:50 lavik-mainc55e52c9-ordered-stream-1048576-k64-f128-20261008 stream-1048576-128-xrange-c1280 230563 QPS p99=40.70 ms
2026-10-08 06:26:00 lavik-mainc55e52c9-ordered-stream-1048576-k64-f128-20261008 stream-1048576-128-xrange-c2560 187425 QPS p99=103.94 ms
2026-10-08 06:26:12 lavik-mainc55e52c9-ordered-stream-1048576-k64-f128-20261008 stream-1048576-128-xrange-c5120 201954 QPS p99=204.80 ms
2026-10-08 06:26:22 lavik-mainc55e52c9-ordered-stream-1048576-k64-f128-20261008 stream-1048576-128-xadd_maxlen-c80 39037 QPS p99=16.25 ms
2026-10-08 06:26:31 lavik-mainc55e52c9-ordered-stream-1048576-k64-f128-20261008 stream-1048576-128-xadd_maxlen-c320 38592 QPS p99=68.09 ms
2026-10-08 06:26:41 lavik-mainc55e52c9-ordered-stream-1048576-k64-f128-20261008 stream-1048576-128-xadd_maxlen-c1280 39288 QPS p99=274.43 ms
2026-10-08 06:26:51 lavik-mainc55e52c9-ordered-stream-1048576-k64-f128-20261008 stream-1048576-128-xadd_maxlen-c2560 39646 QPS p99=688.13 ms
2026-10-08 06:27:01 lavik-mainc55e52c9-ordered-stream-1048576-k64-f128-20261008 stream-1048576-128-xadd_maxlen-c5120 43080 QPS p99=991.23 ms
COMPLETE mainc55e52c9-ordered-stream-1048576-k64-f128-20261008 1791440824.0317552
