discard c08bc35101567ebd0001 /dev/nvme3n1
discard c08bc35101567ebd0002 /dev/nvme5n1
discard c08bc35101567ebd0003 /dev/nvme4n1
discard c08bc35101567ebd0004 /dev/nvme2n1
discard c08bc35101567ebd0005 /dev/nvme1n1
discard c08bc35101567ebd0006 /dev/nvme6n1
START mainc55e52c9-import-hash-1048576-k50000-f128-20261008 1791445880.7314456
2026-10-08 07:51:26 lavik-mainc55e52c9-import-hash-1048576-k50000-f128-20261008 hash-1048576-128 fill
2026-10-08 07:52:02 hash fill worker 7 keys 250 / 6250
2026-10-08 07:52:02 hash fill worker 1 keys 250 / 6250
2026-10-08 07:52:03 hash fill worker 3 keys 250 / 6250
2026-10-08 07:52:03 hash fill worker 2 keys 250 / 6250
2026-10-08 07:52:04 hash fill worker 5 keys 250 / 6250
2026-10-08 07:52:05 hash fill worker 6 keys 250 / 6250
2026-10-08 07:52:05 hash fill worker 8 keys 250 / 6250
2026-10-08 07:52:05 hash fill worker 4 keys 250 / 6250
2026-10-08 07:52:39 hash fill worker 7 keys 500 / 6250
2026-10-08 07:52:40 hash fill worker 1 keys 500 / 6250
2026-10-08 07:52:41 hash fill worker 3 keys 500 / 6250
2026-10-08 07:52:41 hash fill worker 2 keys 500 / 6250
2026-10-08 07:52:43 hash fill worker 8 keys 500 / 6250
2026-10-08 07:52:44 hash fill worker 6 keys 500 / 6250
2026-10-08 07:52:44 hash fill worker 4 keys 500 / 6250
2026-10-08 07:52:44 hash fill worker 5 keys 500 / 6250
2026-10-08 07:53:16 hash fill worker 1 keys 750 / 6250
2026-10-08 07:53:18 hash fill worker 3 keys 750 / 6250
2026-10-08 07:53:18 hash fill worker 7 keys 750 / 6250
2026-10-08 07:53:19 hash fill worker 2 keys 750 / 6250
2026-10-08 07:53:19 hash fill worker 8 keys 750 / 6250
2026-10-08 07:53:21 hash fill worker 4 keys 750 / 6250
2026-10-08 07:53:21 hash fill worker 5 keys 750 / 6250
2026-10-08 07:53:21 hash fill worker 6 keys 750 / 6250
2026-10-08 07:53:54 hash fill worker 1 keys 1000 / 6250
2026-10-08 07:53:57 hash fill worker 7 keys 1000 / 6250
2026-10-08 07:53:57 hash fill worker 2 keys 1000 / 6250
2026-10-08 07:53:57 hash fill worker 6 keys 1000 / 6250
2026-10-08 07:53:57 hash fill worker 3 keys 1000 / 6250
2026-10-08 07:53:58 hash fill worker 8 keys 1000 / 6250
2026-10-08 07:53:59 hash fill worker 4 keys 1000 / 6250
2026-10-08 07:54:01 hash fill worker 5 keys 1000 / 6250
2026-10-08 07:54:32 hash fill worker 1 keys 1250 / 6250
2026-10-08 07:54:33 hash fill worker 6 keys 1250 / 6250
2026-10-08 07:54:34 hash fill worker 7 keys 1250 / 6250
2026-10-08 07:54:35 hash fill worker 2 keys 1250 / 6250
2026-10-08 07:54:35 hash fill worker 3 keys 1250 / 6250
2026-10-08 07:54:37 hash fill worker 8 keys 1250 / 6250
2026-10-08 07:54:38 hash fill worker 5 keys 1250 / 6250
2026-10-08 07:54:38 hash fill worker 4 keys 1250 / 6250
2026-10-08 07:55:10 hash fill worker 1 keys 1500 / 6250
2026-10-08 07:55:10 hash fill worker 2 keys 1500 / 6250
2026-10-08 07:55:11 hash fill worker 3 keys 1500 / 6250
2026-10-08 07:55:12 hash fill worker 6 keys 1500 / 6250
2026-10-08 07:55:14 hash fill worker 7 keys 1500 / 6250
2026-10-08 07:55:14 hash fill worker 5 keys 1500 / 6250
2026-10-08 07:55:16 hash fill worker 4 keys 1500 / 6250
2026-10-08 07:55:16 hash fill worker 8 keys 1500 / 6250
2026-10-08 07:55:46 hash fill worker 3 keys 1750 / 6250
2026-10-08 07:55:48 hash fill worker 2 keys 1750 / 6250
2026-10-08 07:55:49 hash fill worker 6 keys 1750 / 6250
2026-10-08 07:55:49 hash fill worker 1 keys 1750 / 6250
2026-10-08 07:55:51 hash fill worker 7 keys 1750 / 6250
2026-10-08 07:55:53 hash fill worker 5 keys 1750 / 6250
2026-10-08 07:55:55 hash fill worker 8 keys 1750 / 6250
2026-10-08 07:55:56 hash fill worker 4 keys 1750 / 6250
2026-10-08 07:56:24 hash fill worker 3 keys 2000 / 6250
2026-10-08 07:56:24 hash fill worker 2 keys 2000 / 6250
2026-10-08 07:56:26 hash fill worker 6 keys 2000 / 6250
2026-10-08 07:56:29 hash fill worker 1 keys 2000 / 6250
2026-10-08 07:56:31 hash fill worker 7 keys 2000 / 6250
2026-10-08 07:56:31 hash fill worker 5 keys 2000 / 6250
2026-10-08 07:56:31 hash fill worker 8 keys 2000 / 6250
2026-10-08 07:56:34 hash fill worker 4 keys 2000 / 6250
2026-10-08 07:57:01 hash fill worker 3 keys 2250 / 6250
2026-10-08 07:57:02 hash fill worker 2 keys 2250 / 6250
2026-10-08 07:57:05 hash fill worker 6 keys 2250 / 6250
2026-10-08 07:57:06 hash fill worker 7 keys 2250 / 6250
2026-10-08 07:57:09 hash fill worker 8 keys 2250 / 6250
2026-10-08 07:57:09 hash fill worker 1 keys 2250 / 6250
2026-10-08 07:57:10 hash fill worker 5 keys 2250 / 6250
2026-10-08 07:57:12 hash fill worker 4 keys 2250 / 6250
2026-10-08 07:57:39 hash fill worker 3 keys 2500 / 6250
2026-10-08 07:57:40 hash fill worker 2 keys 2500 / 6250
2026-10-08 07:57:42 hash fill worker 6 keys 2500 / 6250
2026-10-08 07:57:44 hash fill worker 7 keys 2500 / 6250
2026-10-08 07:57:46 hash fill worker 8 keys 2500 / 6250
2026-10-08 07:57:46 hash fill worker 1 keys 2500 / 6250
2026-10-08 07:57:47 hash fill worker 5 keys 2500 / 6250
2026-10-08 07:57:51 hash fill worker 4 keys 2500 / 6250
2026-10-08 07:58:17 hash fill worker 3 keys 2750 / 6250
2026-10-08 07:58:18 hash fill worker 2 keys 2750 / 6250
2026-10-08 07:58:20 hash fill worker 7 keys 2750 / 6250
2026-10-08 07:58:21 hash fill worker 6 keys 2750 / 6250
2026-10-08 07:58:23 hash fill worker 8 keys 2750 / 6250
2026-10-08 07:58:23 hash fill worker 1 keys 2750 / 6250
2026-10-08 07:58:25 hash fill worker 5 keys 2750 / 6250
2026-10-08 07:58:29 hash fill worker 4 keys 2750 / 6250
2026-10-08 07:58:54 hash fill worker 3 keys 3000 / 6250
2026-10-08 07:58:57 hash fill worker 2 keys 3000 / 6250
2026-10-08 07:58:59 hash fill worker 8 keys 3000 / 6250
2026-10-08 07:58:59 hash fill worker 7 keys 3000 / 6250
2026-10-08 07:58:59 hash fill worker 6 keys 3000 / 6250
2026-10-08 07:59:01 hash fill worker 1 keys 3000 / 6250
2026-10-08 07:59:02 hash fill worker 5 keys 3000 / 6250
2026-10-08 07:59:08 hash fill worker 4 keys 3000 / 6250
2026-10-08 07:59:32 hash fill worker 3 keys 3250 / 6250
2026-10-08 07:59:34 hash fill worker 2 keys 3250 / 6250
2026-10-08 07:59:36 hash fill worker 7 keys 3250 / 6250
2026-10-08 07:59:36 hash fill worker 8 keys 3250 / 6250
2026-10-08 07:59:38 hash fill worker 6 keys 3250 / 6250
2026-10-08 07:59:42 hash fill worker 1 keys 3250 / 6250
2026-10-08 07:59:42 hash fill worker 5 keys 3250 / 6250
2026-10-08 07:59:46 hash fill worker 4 keys 3250 / 6250
2026-10-08 08:00:10 hash fill worker 3 keys 3500 / 6250
2026-10-08 08:00:11 hash fill worker 2 keys 3500 / 6250
2026-10-08 08:00:13 hash fill worker 7 keys 3500 / 6250
2026-10-08 08:00:15 hash fill worker 6 keys 3500 / 6250
2026-10-08 08:00:15 hash fill worker 8 keys 3500 / 6250
2026-10-08 08:00:21 hash fill worker 5 keys 3500 / 6250
2026-10-08 08:00:22 hash fill worker 1 keys 3500 / 6250
2026-10-08 08:00:24 hash fill worker 4 keys 3500 / 6250
2026-10-08 08:00:45 hash fill worker 3 keys 3750 / 6250
2026-10-08 08:00:50 hash fill worker 2 keys 3750 / 6250
2026-10-08 08:00:51 hash fill worker 7 keys 3750 / 6250
2026-10-08 08:00:52 hash fill worker 8 keys 3750 / 6250
2026-10-08 08:00:55 hash fill worker 6 keys 3750 / 6250
2026-10-08 08:00:59 hash fill worker 5 keys 3750 / 6250
2026-10-08 08:00:59 hash fill worker 1 keys 3750 / 6250
2026-10-08 08:01:01 hash fill worker 4 keys 3750 / 6250
2026-10-08 08:01:23 hash fill worker 3 keys 4000 / 6250
2026-10-08 08:01:27 hash fill worker 2 keys 4000 / 6250
2026-10-08 08:01:29 hash fill worker 7 keys 4000 / 6250
2026-10-08 08:01:30 hash fill worker 6 keys 4000 / 6250
2026-10-08 08:01:30 hash fill worker 8 keys 4000 / 6250
2026-10-08 08:01:38 hash fill worker 4 keys 4000 / 6250
2026-10-08 08:01:39 hash fill worker 1 keys 4000 / 6250
2026-10-08 08:01:39 hash fill worker 5 keys 4000 / 6250
2026-10-08 08:02:02 hash fill worker 3 keys 4250 / 6250
2026-10-08 08:02:05 hash fill worker 7 keys 4250 / 6250
2026-10-08 08:02:06 hash fill worker 6 keys 4250 / 6250
2026-10-08 08:02:07 hash fill worker 2 keys 4250 / 6250
2026-10-08 08:02:10 hash fill worker 8 keys 4250 / 6250
2026-10-08 08:02:17 hash fill worker 5 keys 4250 / 6250
2026-10-08 08:02:17 hash fill worker 4 keys 4250 / 6250
2026-10-08 08:02:18 hash fill worker 1 keys 4250 / 6250
2026-10-08 08:02:40 hash fill worker 3 keys 4500 / 6250
2026-10-08 08:02:42 hash fill worker 6 keys 4500 / 6250
2026-10-08 08:02:45 hash fill worker 2 keys 4500 / 6250
2026-10-08 08:02:45 hash fill worker 7 keys 4500 / 6250
2026-10-08 08:02:46 hash fill worker 8 keys 4500 / 6250
2026-10-08 08:02:53 hash fill worker 4 keys 4500 / 6250
2026-10-08 08:02:56 hash fill worker 1 keys 4500 / 6250
2026-10-08 08:02:57 hash fill worker 5 keys 4500 / 6250
2026-10-08 08:03:17 hash fill worker 3 keys 4750 / 6250
2026-10-08 08:03:19 hash fill worker 6 keys 4750 / 6250
2026-10-08 08:03:22 hash fill worker 2 keys 4750 / 6250
2026-10-08 08:03:23 hash fill worker 7 keys 4750 / 6250
2026-10-08 08:03:24 hash fill worker 8 keys 4750 / 6250
2026-10-08 08:03:33 hash fill worker 4 keys 4750 / 6250
2026-10-08 08:03:34 hash fill worker 1 keys 4750 / 6250
2026-10-08 08:03:35 hash fill worker 5 keys 4750 / 6250
2026-10-08 08:03:55 hash fill worker 3 keys 5000 / 6250
2026-10-08 08:03:56 hash fill worker 6 keys 5000 / 6250
2026-10-08 08:03:59 hash fill worker 7 keys 5000 / 6250
2026-10-08 08:03:59 hash fill worker 8 keys 5000 / 6250
2026-10-08 08:04:01 hash fill worker 2 keys 5000 / 6250
2026-10-08 08:04:11 hash fill worker 4 keys 5000 / 6250
2026-10-08 08:04:12 hash fill worker 1 keys 5000 / 6250
2026-10-08 08:04:12 hash fill worker 5 keys 5000 / 6250
2026-10-08 08:04:31 hash fill worker 3 keys 5250 / 6250
2026-10-08 08:04:33 hash fill worker 6 keys 5250 / 6250
2026-10-08 08:04:36 hash fill worker 7 keys 5250 / 6250
2026-10-08 08:04:37 hash fill worker 2 keys 5250 / 6250
2026-10-08 08:04:37 hash fill worker 8 keys 5250 / 6250
2026-10-08 08:04:47 hash fill worker 5 keys 5250 / 6250
2026-10-08 08:04:50 hash fill worker 4 keys 5250 / 6250
2026-10-08 08:04:51 hash fill worker 1 keys 5250 / 6250
2026-10-08 08:05:10 hash fill worker 3 keys 5500 / 6250
2026-10-08 08:05:11 hash fill worker 6 keys 5500 / 6250
2026-10-08 08:05:14 hash fill worker 7 keys 5500 / 6250
2026-10-08 08:05:15 hash fill worker 8 keys 5500 / 6250
2026-10-08 08:05:15 hash fill worker 2 keys 5500 / 6250
2026-10-08 08:05:25 hash fill worker 5 keys 5500 / 6250
2026-10-08 08:05:28 hash fill worker 1 keys 5500 / 6250
2026-10-08 08:05:28 hash fill worker 4 keys 5500 / 6250
2026-10-08 08:05:47 hash fill worker 3 keys 5750 / 6250
2026-10-08 08:05:50 hash fill worker 6 keys 5750 / 6250
2026-10-08 08:05:50 hash fill worker 2 keys 5750 / 6250
2026-10-08 08:05:53 hash fill worker 8 keys 5750 / 6250
2026-10-08 08:05:53 hash fill worker 7 keys 5750 / 6250
2026-10-08 08:06:02 hash fill worker 5 keys 5750 / 6250
2026-10-08 08:06:04 hash fill worker 1 keys 5750 / 6250
2026-10-08 08:06:05 hash fill worker 4 keys 5750 / 6250
2026-10-08 08:06:26 hash fill worker 3 keys 6000 / 6250
2026-10-08 08:06:28 hash fill worker 2 keys 6000 / 6250
2026-10-08 08:06:29 hash fill worker 6 keys 6000 / 6250
2026-10-08 08:06:29 hash fill worker 8 keys 6000 / 6250
2026-10-08 08:06:32 hash fill worker 7 keys 6000 / 6250
2026-10-08 08:06:41 hash fill worker 1 keys 6000 / 6250
2026-10-08 08:06:41 hash fill worker 5 keys 6000 / 6250
2026-10-08 08:06:44 hash fill worker 4 keys 6000 / 6250
2026-10-08 08:07:06 hash fill worker 3 keys 6250 / 6250
2026-10-08 08:07:06 hash fill worker 8 keys 6250 / 6250
2026-10-08 08:07:06 hash fill worker 2 keys 6250 / 6250
2026-10-08 08:07:06 hash fill worker 6 keys 6250 / 6250
2026-10-08 08:07:08 hash fill worker 7 keys 6250 / 6250
2026-10-08 08:07:14 hash fill worker 1 keys 6250 / 6250
2026-10-08 08:07:14 hash fill worker 5 keys 6250 / 6250
2026-10-08 08:07:15 hash fill worker 4 keys 6250 / 6250
2026-10-08 08:07:20 lavik-mainc55e52c9-import-hash-1048576-k50000-f128-20261008 hash-1048576-128-hgetall-c1 68 QPS p99=16.32 ms
COMPLETE mainc55e52c9-import-hash-1048576-k50000-f128-20261008 1791446846.0354004
