discard c08bc35101567ebd0001 /dev/nvme3n1
discard c08bc35101567ebd0002 /dev/nvme5n1
discard c08bc35101567ebd0003 /dev/nvme4n1
discard c08bc35101567ebd0004 /dev/nvme2n1
discard c08bc35101567ebd0005 /dev/nvme1n1
discard c08bc35101567ebd0006 /dev/nvme6n1
START mainc55e52c9-import-set-1048576-k50000-f1024-20261008 1791446855.6006062
2026-10-08 08:07:41 lavik-mainc55e52c9-import-set-1048576-k50000-f1024-20261008 set-1048576-1024 fill
2026-10-08 08:07:49 set fill worker 4 keys 250 / 6250
2026-10-08 08:07:49 set fill worker 3 keys 250 / 6250
2026-10-08 08:07:49 set fill worker 2 keys 250 / 6250
2026-10-08 08:07:49 set fill worker 6 keys 250 / 6250
2026-10-08 08:07:49 set fill worker 1 keys 250 / 6250
2026-10-08 08:07:49 set fill worker 8 keys 250 / 6250
2026-10-08 08:07:50 set fill worker 7 keys 250 / 6250
2026-10-08 08:07:50 set fill worker 5 keys 250 / 6250
2026-10-08 08:07:57 set fill worker 4 keys 500 / 6250
2026-10-08 08:07:57 set fill worker 6 keys 500 / 6250
2026-10-08 08:07:57 set fill worker 3 keys 500 / 6250
2026-10-08 08:07:57 set fill worker 2 keys 500 / 6250
2026-10-08 08:07:57 set fill worker 1 keys 500 / 6250
2026-10-08 08:07:58 set fill worker 7 keys 500 / 6250
2026-10-08 08:07:58 set fill worker 8 keys 500 / 6250
2026-10-08 08:07:58 set fill worker 5 keys 500 / 6250
2026-10-08 08:08:05 set fill worker 6 keys 750 / 6250
2026-10-08 08:08:05 set fill worker 3 keys 750 / 6250
2026-10-08 08:08:05 set fill worker 2 keys 750 / 6250
2026-10-08 08:08:05 set fill worker 4 keys 750 / 6250
2026-10-08 08:08:06 set fill worker 1 keys 750 / 6250
2026-10-08 08:08:06 set fill worker 8 keys 750 / 6250
2026-10-08 08:08:06 set fill worker 5 keys 750 / 6250
2026-10-08 08:08:06 set fill worker 7 keys 750 / 6250
2026-10-08 08:08:13 set fill worker 3 keys 1000 / 6250
2026-10-08 08:08:13 set fill worker 4 keys 1000 / 6250
2026-10-08 08:08:14 set fill worker 2 keys 1000 / 6250
2026-10-08 08:08:14 set fill worker 6 keys 1000 / 6250
2026-10-08 08:08:14 set fill worker 1 keys 1000 / 6250
2026-10-08 08:08:14 set fill worker 7 keys 1000 / 6250
2026-10-08 08:08:14 set fill worker 5 keys 1000 / 6250
2026-10-08 08:08:14 set fill worker 8 keys 1000 / 6250
2026-10-08 08:08:21 set fill worker 4 keys 1250 / 6250
2026-10-08 08:08:22 set fill worker 6 keys 1250 / 6250
2026-10-08 08:08:22 set fill worker 3 keys 1250 / 6250
2026-10-08 08:08:22 set fill worker 2 keys 1250 / 6250
2026-10-08 08:08:22 set fill worker 7 keys 1250 / 6250
2026-10-08 08:08:22 set fill worker 1 keys 1250 / 6250
2026-10-08 08:08:22 set fill worker 5 keys 1250 / 6250
2026-10-08 08:08:23 set fill worker 8 keys 1250 / 6250
2026-10-08 08:08:29 set fill worker 6 keys 1500 / 6250
2026-10-08 08:08:30 set fill worker 4 keys 1500 / 6250
2026-10-08 08:08:30 set fill worker 7 keys 1500 / 6250
2026-10-08 08:08:30 set fill worker 3 keys 1500 / 6250
2026-10-08 08:08:30 set fill worker 2 keys 1500 / 6250
2026-10-08 08:08:31 set fill worker 1 keys 1500 / 6250
2026-10-08 08:08:31 set fill worker 5 keys 1500 / 6250
2026-10-08 08:08:31 set fill worker 8 keys 1500 / 6250
2026-10-08 08:08:37 set fill worker 6 keys 1750 / 6250
2026-10-08 08:08:38 set fill worker 2 keys 1750 / 6250
2026-10-08 08:08:38 set fill worker 3 keys 1750 / 6250
2026-10-08 08:08:39 set fill worker 4 keys 1750 / 6250
2026-10-08 08:08:39 set fill worker 7 keys 1750 / 6250
2026-10-08 08:08:39 set fill worker 1 keys 1750 / 6250
2026-10-08 08:08:39 set fill worker 8 keys 1750 / 6250
2026-10-08 08:08:39 set fill worker 5 keys 1750 / 6250
2026-10-08 08:08:45 set fill worker 6 keys 2000 / 6250
2026-10-08 08:08:46 set fill worker 3 keys 2000 / 6250
2026-10-08 08:08:46 set fill worker 2 keys 2000 / 6250
2026-10-08 08:08:47 set fill worker 7 keys 2000 / 6250
2026-10-08 08:08:47 set fill worker 4 keys 2000 / 6250
2026-10-08 08:08:47 set fill worker 1 keys 2000 / 6250
2026-10-08 08:08:48 set fill worker 8 keys 2000 / 6250
2026-10-08 08:08:48 set fill worker 5 keys 2000 / 6250
2026-10-08 08:08:53 set fill worker 6 keys 2250 / 6250
2026-10-08 08:08:55 set fill worker 2 keys 2250 / 6250
2026-10-08 08:08:55 set fill worker 7 keys 2250 / 6250
2026-10-08 08:08:55 set fill worker 3 keys 2250 / 6250
2026-10-08 08:08:55 set fill worker 4 keys 2250 / 6250
2026-10-08 08:08:56 set fill worker 1 keys 2250 / 6250
2026-10-08 08:08:56 set fill worker 8 keys 2250 / 6250
2026-10-08 08:08:57 set fill worker 5 keys 2250 / 6250
2026-10-08 08:09:02 set fill worker 6 keys 2500 / 6250
2026-10-08 08:09:02 set fill worker 2 keys 2500 / 6250
2026-10-08 08:09:03 set fill worker 7 keys 2500 / 6250
2026-10-08 08:09:03 set fill worker 3 keys 2500 / 6250
2026-10-08 08:09:03 set fill worker 4 keys 2500 / 6250
2026-10-08 08:09:03 set fill worker 1 keys 2500 / 6250
2026-10-08 08:09:04 set fill worker 8 keys 2500 / 6250
2026-10-08 08:09:04 set fill worker 5 keys 2500 / 6250
2026-10-08 08:09:11 set fill worker 2 keys 2750 / 6250
2026-10-08 08:09:11 set fill worker 6 keys 2750 / 6250
2026-10-08 08:09:11 set fill worker 3 keys 2750 / 6250
2026-10-08 08:09:12 set fill worker 4 keys 2750 / 6250
2026-10-08 08:09:12 set fill worker 1 keys 2750 / 6250
2026-10-08 08:09:12 set fill worker 7 keys 2750 / 6250
2026-10-08 08:09:12 set fill worker 8 keys 2750 / 6250
2026-10-08 08:09:12 set fill worker 5 keys 2750 / 6250
2026-10-08 08:09:19 set fill worker 6 keys 3000 / 6250
2026-10-08 08:09:19 set fill worker 2 keys 3000 / 6250
2026-10-08 08:09:19 set fill worker 3 keys 3000 / 6250
2026-10-08 08:09:19 set fill worker 4 keys 3000 / 6250
2026-10-08 08:09:20 set fill worker 7 keys 3000 / 6250
2026-10-08 08:09:20 set fill worker 1 keys 3000 / 6250
2026-10-08 08:09:20 set fill worker 8 keys 3000 / 6250
2026-10-08 08:09:20 set fill worker 5 keys 3000 / 6250
2026-10-08 08:09:27 set fill worker 6 keys 3250 / 6250
2026-10-08 08:09:27 set fill worker 4 keys 3250 / 6250
2026-10-08 08:09:28 set fill worker 2 keys 3250 / 6250
2026-10-08 08:09:28 set fill worker 3 keys 3250 / 6250
2026-10-08 08:09:28 set fill worker 7 keys 3250 / 6250
2026-10-08 08:09:28 set fill worker 8 keys 3250 / 6250
2026-10-08 08:09:28 set fill worker 5 keys 3250 / 6250
2026-10-08 08:09:29 set fill worker 1 keys 3250 / 6250
2026-10-08 08:09:35 set fill worker 4 keys 3500 / 6250
2026-10-08 08:09:36 set fill worker 6 keys 3500 / 6250
2026-10-08 08:09:36 set fill worker 3 keys 3500 / 6250
2026-10-08 08:09:36 set fill worker 7 keys 3500 / 6250
2026-10-08 08:09:36 set fill worker 2 keys 3500 / 6250
2026-10-08 08:09:36 set fill worker 8 keys 3500 / 6250
2026-10-08 08:09:36 set fill worker 5 keys 3500 / 6250
2026-10-08 08:09:37 set fill worker 1 keys 3500 / 6250
2026-10-08 08:09:43 set fill worker 7 keys 3750 / 6250
2026-10-08 08:09:44 set fill worker 3 keys 3750 / 6250
2026-10-08 08:09:44 set fill worker 6 keys 3750 / 6250
2026-10-08 08:09:44 set fill worker 4 keys 3750 / 6250
2026-10-08 08:09:44 set fill worker 2 keys 3750 / 6250
2026-10-08 08:09:45 set fill worker 8 keys 3750 / 6250
2026-10-08 08:09:45 set fill worker 5 keys 3750 / 6250
2026-10-08 08:09:45 set fill worker 1 keys 3750 / 6250
2026-10-08 08:09:52 set fill worker 6 keys 4000 / 6250
2026-10-08 08:09:52 set fill worker 3 keys 4000 / 6250
2026-10-08 08:09:52 set fill worker 7 keys 4000 / 6250
2026-10-08 08:09:52 set fill worker 4 keys 4000 / 6250
2026-10-08 08:09:52 set fill worker 2 keys 4000 / 6250
2026-10-08 08:09:53 set fill worker 8 keys 4000 / 6250
2026-10-08 08:09:53 set fill worker 5 keys 4000 / 6250
2026-10-08 08:09:54 set fill worker 1 keys 4000 / 6250
2026-10-08 08:10:00 set fill worker 3 keys 4250 / 6250
2026-10-08 08:10:00 set fill worker 6 keys 4250 / 6250
2026-10-08 08:10:00 set fill worker 4 keys 4250 / 6250
2026-10-08 08:10:00 set fill worker 2 keys 4250 / 6250
2026-10-08 08:10:00 set fill worker 7 keys 4250 / 6250
2026-10-08 08:10:01 set fill worker 8 keys 4250 / 6250
2026-10-08 08:10:01 set fill worker 5 keys 4250 / 6250
2026-10-08 08:10:02 set fill worker 1 keys 4250 / 6250
2026-10-08 08:10:08 set fill worker 4 keys 4500 / 6250
2026-10-08 08:10:08 set fill worker 3 keys 4500 / 6250
2026-10-08 08:10:08 set fill worker 6 keys 4500 / 6250
2026-10-08 08:10:08 set fill worker 2 keys 4500 / 6250
2026-10-08 08:10:09 set fill worker 7 keys 4500 / 6250
2026-10-08 08:10:10 set fill worker 5 keys 4500 / 6250
2026-10-08 08:10:10 set fill worker 8 keys 4500 / 6250
2026-10-08 08:10:10 set fill worker 1 keys 4500 / 6250
2026-10-08 08:10:16 set fill worker 4 keys 4750 / 6250
2026-10-08 08:10:16 set fill worker 2 keys 4750 / 6250
2026-10-08 08:10:16 set fill worker 3 keys 4750 / 6250
2026-10-08 08:10:16 set fill worker 6 keys 4750 / 6250
2026-10-08 08:10:17 set fill worker 7 keys 4750 / 6250
2026-10-08 08:10:17 set fill worker 5 keys 4750 / 6250
2026-10-08 08:10:18 set fill worker 8 keys 4750 / 6250
2026-10-08 08:10:19 set fill worker 1 keys 4750 / 6250
2026-10-08 08:10:24 set fill worker 4 keys 5000 / 6250
2026-10-08 08:10:25 set fill worker 3 keys 5000 / 6250
2026-10-08 08:10:25 set fill worker 2 keys 5000 / 6250
2026-10-08 08:10:25 set fill worker 6 keys 5000 / 6250
2026-10-08 08:10:25 set fill worker 7 keys 5000 / 6250
2026-10-08 08:10:25 set fill worker 5 keys 5000 / 6250
2026-10-08 08:10:26 set fill worker 8 keys 5000 / 6250
2026-10-08 08:10:27 set fill worker 1 keys 5000 / 6250
2026-10-08 08:10:32 set fill worker 4 keys 5250 / 6250
2026-10-08 08:10:33 set fill worker 6 keys 5250 / 6250
2026-10-08 08:10:33 set fill worker 3 keys 5250 / 6250
2026-10-08 08:10:33 set fill worker 2 keys 5250 / 6250
2026-10-08 08:10:33 set fill worker 5 keys 5250 / 6250
2026-10-08 08:10:34 set fill worker 7 keys 5250 / 6250
2026-10-08 08:10:35 set fill worker 8 keys 5250 / 6250
2026-10-08 08:10:35 set fill worker 1 keys 5250 / 6250
2026-10-08 08:10:40 set fill worker 4 keys 5500 / 6250
2026-10-08 08:10:41 set fill worker 2 keys 5500 / 6250
2026-10-08 08:10:41 set fill worker 3 keys 5500 / 6250
2026-10-08 08:10:41 set fill worker 6 keys 5500 / 6250
2026-10-08 08:10:42 set fill worker 7 keys 5500 / 6250
2026-10-08 08:10:42 set fill worker 5 keys 5500 / 6250
2026-10-08 08:10:43 set fill worker 8 keys 5500 / 6250
2026-10-08 08:10:44 set fill worker 1 keys 5500 / 6250
2026-10-08 08:10:48 set fill worker 4 keys 5750 / 6250
2026-10-08 08:10:49 set fill worker 3 keys 5750 / 6250
2026-10-08 08:10:49 set fill worker 2 keys 5750 / 6250
2026-10-08 08:10:49 set fill worker 6 keys 5750 / 6250
2026-10-08 08:10:50 set fill worker 5 keys 5750 / 6250
2026-10-08 08:10:50 set fill worker 7 keys 5750 / 6250
2026-10-08 08:10:51 set fill worker 8 keys 5750 / 6250
2026-10-08 08:10:52 set fill worker 1 keys 5750 / 6250
2026-10-08 08:10:56 set fill worker 4 keys 6000 / 6250
2026-10-08 08:10:57 set fill worker 3 keys 6000 / 6250
2026-10-08 08:10:58 set fill worker 2 keys 6000 / 6250
2026-10-08 08:10:58 set fill worker 6 keys 6000 / 6250
2026-10-08 08:10:58 set fill worker 5 keys 6000 / 6250
2026-10-08 08:10:58 set fill worker 7 keys 6000 / 6250
2026-10-08 08:10:59 set fill worker 8 keys 6000 / 6250
2026-10-08 08:11:01 set fill worker 1 keys 6000 / 6250
2026-10-08 08:11:04 set fill worker 4 keys 6250 / 6250
2026-10-08 08:11:05 set fill worker 3 keys 6250 / 6250
2026-10-08 08:11:06 set fill worker 6 keys 6250 / 6250
2026-10-08 08:11:06 set fill worker 2 keys 6250 / 6250
2026-10-08 08:11:06 set fill worker 5 keys 6250 / 6250
2026-10-08 08:11:06 set fill worker 7 keys 6250 / 6250
2026-10-08 08:11:07 set fill worker 8 keys 6250 / 6250
2026-10-08 08:11:07 set fill worker 1 keys 6250 / 6250
2026-10-08 08:11:12 lavik-mainc55e52c9-import-set-1048576-k50000-f1024-20261008 set-1048576-1024-smembers-c1 69 QPS p99=16.13 ms
COMPLETE mainc55e52c9-import-set-1048576-k50000-f1024-20261008 1791447077.7175362
