discard c08bc35101567ebd0001 /dev/nvme3n1
discard c08bc35101567ebd0002 /dev/nvme5n1
discard c08bc35101567ebd0003 /dev/nvme4n1
discard c08bc35101567ebd0004 /dev/nvme2n1
discard c08bc35101567ebd0005 /dev/nvme1n1
discard c08bc35101567ebd0006 /dev/nvme6n1
START mainc55e52c9-ordered-zset-104857600-k8-f1024-20261008 1791442650.2896097
2026-10-08 06:57:36 lavik-mainc55e52c9-ordered-zset-104857600-k8-f1024-20261008 zset-104857600-1024 fill
2026-10-08 06:57:58 zset fill worker 2 keys 1 / 1
2026-10-08 06:57:58 zset fill worker 1 keys 1 / 1
2026-10-08 06:57:59 zset fill worker 3 keys 1 / 1
2026-10-08 06:57:59 zset fill worker 8 keys 1 / 1
2026-10-08 06:57:59 zset fill worker 7 keys 1 / 1
2026-10-08 06:57:59 zset fill worker 5 keys 1 / 1
2026-10-08 06:57:59 zset fill worker 6 keys 1 / 1
2026-10-08 06:57:59 zset fill worker 4 keys 1 / 1
2026-10-08 06:58:09 lavik-mainc55e52c9-ordered-zset-104857600-k8-f1024-20261008 zset-104857600-1024-zrange-c1 1 QPS p99=1343.49 ms
2026-10-08 06:58:20 lavik-mainc55e52c9-ordered-zset-104857600-k8-f1024-20261008 zset-104857600-1024-zrange-c4 4 QPS p99=1433.60 ms
2026-10-08 06:58:30 lavik-mainc55e52c9-ordered-zset-104857600-k8-f1024-20261008 zset-104857600-1024-zrange-c16 11 QPS p99=1785.86 ms
2026-10-08 06:58:40 lavik-mainc55e52c9-ordered-zset-104857600-k8-f1024-20261008 zset-104857600-1024-zscore-c80 294127 QPS p99=0.49 ms
2026-10-08 06:58:49 lavik-mainc55e52c9-ordered-zset-104857600-k8-f1024-20261008 zset-104857600-1024-zscore-c320 319944 QPS p99=3.10 ms
2026-10-08 06:58:59 lavik-mainc55e52c9-ordered-zset-104857600-k8-f1024-20261008 zset-104857600-1024-zscore-c1280 230256 QPS p99=22.53 ms
2026-10-08 06:59:11 lavik-mainc55e52c9-ordered-zset-104857600-k8-f1024-20261008 zset-104857600-1024-zscore-c2560 208882 QPS p99=51.45 ms
2026-10-08 06:59:23 lavik-mainc55e52c9-ordered-zset-104857600-k8-f1024-20261008 zset-104857600-1024-zscore-c5120 198184 QPS p99=98.30 ms
2026-10-08 06:59:32 lavik-mainc55e52c9-ordered-zset-104857600-k8-f1024-20261008 zset-104857600-1024-zincrby-c80 37399 QPS p99=12.61 ms
2026-10-08 06:59:42 lavik-mainc55e52c9-ordered-zset-104857600-k8-f1024-20261008 zset-104857600-1024-zincrby-c320 40997 QPS p99=32.51 ms
2026-10-08 06:59:52 lavik-mainc55e52c9-ordered-zset-104857600-k8-f1024-20261008 zset-104857600-1024-zincrby-c1280 39653 QPS p99=90.62 ms
2026-10-08 07:00:02 lavik-mainc55e52c9-ordered-zset-104857600-k8-f1024-20261008 zset-104857600-1024-zincrby-c2560 40916 QPS p99=169.98 ms
2026-10-08 07:00:14 lavik-mainc55e52c9-ordered-zset-104857600-k8-f1024-20261008 zset-104857600-1024-zincrby-c5120 44729 QPS p99=256.00 ms
COMPLETE mainc55e52c9-ordered-zset-104857600-k8-f1024-20261008 1791442817.3968654
