WAIT_FOR_HOST_LOCK main-c55e52c9-four-system-mixed-writes 1463512 1791429428.0426476
HOST_LOCK_ACQUIRED main-c55e52c9-four-system-mixed-writes 1463512 1791429428.0426824
START lavik smoke-mainc55e52c9-mixed-list-8388608-lpush_rpop-c16-20261008 1791429429.0097141
discard c08bc35101567ebd0001 /dev/nvme3n1
discard c08bc35101567ebd0002 /dev/nvme5n1
discard c08bc35101567ebd0003 /dev/nvme4n1
discard c08bc35101567ebd0004 /dev/nvme2n1
discard c08bc35101567ebd0005 /dev/nvme1n1
discard c08bc35101567ebd0006 /dev/nvme6n1
COMPLETE lavik LPUSH_RPOP 8388608 16 POINTS 1 1791429451.3162622
START lavik smoke-mainc55e52c9-mixed-list-8388608-rpush_lpop-c16-20261008 1791429451.3163567
discard c08bc35101567ebd0001 /dev/nvme3n1
discard c08bc35101567ebd0002 /dev/nvme5n1
discard c08bc35101567ebd0003 /dev/nvme4n1
discard c08bc35101567ebd0004 /dev/nvme2n1
discard c08bc35101567ebd0005 /dev/nvme1n1
discard c08bc35101567ebd0006 /dev/nvme6n1
COMPLETE lavik RPUSH_LPOP 8388608 16 POINTS 2 1791429472.9796426
START lavik smoke-mainc55e52c9-mixed-zset-8388608-zadd_head_zpopmax-c16-20261008 1791429472.9797401
discard c08bc35101567ebd0001 /dev/nvme3n1
discard c08bc35101567ebd0002 /dev/nvme5n1
discard c08bc35101567ebd0003 /dev/nvme4n1
discard c08bc35101567ebd0004 /dev/nvme2n1
discard c08bc35101567ebd0005 /dev/nvme1n1
discard c08bc35101567ebd0006 /dev/nvme6n1
COMPLETE lavik ZADD_HEAD_ZPOPMAX 8388608 16 POINTS 3 1791429493.6339006
START lavik smoke-mainc55e52c9-mixed-zset-8388608-zadd_random_zpopmin-c16-20261008 1791429493.6340234
discard c08bc35101567ebd0001 /dev/nvme3n1
discard c08bc35101567ebd0002 /dev/nvme5n1
discard c08bc35101567ebd0003 /dev/nvme4n1
discard c08bc35101567ebd0004 /dev/nvme2n1
discard c08bc35101567ebd0005 /dev/nvme1n1
discard c08bc35101567ebd0006 /dev/nvme6n1
COMPLETE lavik ZADD_RANDOM_ZPOPMIN 8388608 16 POINTS 4 1791429516.2748146
START lavik smoke-mainc55e52c9-mixed-zset-8388608-zadd_tail_zpopmin-c16-20261008 1791429516.2749135
discard c08bc35101567ebd0001 /dev/nvme3n1
discard c08bc35101567ebd0002 /dev/nvme5n1
discard c08bc35101567ebd0003 /dev/nvme4n1
discard c08bc35101567ebd0004 /dev/nvme2n1
discard c08bc35101567ebd0005 /dev/nvme1n1
discard c08bc35101567ebd0006 /dev/nvme6n1
COMPLETE lavik ZADD_TAIL_ZPOPMIN 8388608 16 POINTS 5 1791429536.864691
START redis smoke-mainc55e52c9-mixed-list-8388608-lpush_rpop-c16-20261008 1791429536.8647869
COMPLETE redis LPUSH_RPOP 8388608 16 POINTS 6 1791429541.9577837
START redis smoke-mainc55e52c9-mixed-list-8388608-rpush_lpop-c16-20261008 1791429541.9578595
COMPLETE redis RPUSH_LPOP 8388608 16 POINTS 7 1791429546.0457962
START redis smoke-mainc55e52c9-mixed-zset-8388608-zadd_head_zpopmax-c16-20261008 1791429546.0458763
COMPLETE redis ZADD_HEAD_ZPOPMAX 8388608 16 POINTS 8 1791429550.134388
START redis smoke-mainc55e52c9-mixed-zset-8388608-zadd_random_zpopmin-c16-20261008 1791429550.1344643
COMPLETE redis ZADD_RANDOM_ZPOPMIN 8388608 16 POINTS 9 1791429554.2261932
START redis smoke-mainc55e52c9-mixed-zset-8388608-zadd_tail_zpopmin-c16-20261008 1791429554.226288
COMPLETE redis ZADD_TAIL_ZPOPMIN 8388608 16 POINTS 10 1791429558.3192008
START valkey smoke-mainc55e52c9-mixed-list-8388608-lpush_rpop-c16-20261008 1791429558.3192785
COMPLETE valkey LPUSH_RPOP 8388608 16 POINTS 11 1791429562.4081924
START valkey smoke-mainc55e52c9-mixed-list-8388608-rpush_lpop-c16-20261008 1791429562.408273
COMPLETE valkey RPUSH_LPOP 8388608 16 POINTS 12 1791429566.4988623
START valkey smoke-mainc55e52c9-mixed-zset-8388608-zadd_head_zpopmax-c16-20261008 1791429566.4989402
COMPLETE valkey ZADD_HEAD_ZPOPMAX 8388608 16 POINTS 13 1791429571.5874913
START valkey smoke-mainc55e52c9-mixed-zset-8388608-zadd_random_zpopmin-c16-20261008 1791429571.5875785
COMPLETE valkey ZADD_RANDOM_ZPOPMIN 8388608 16 POINTS 14 1791429575.678147
START valkey smoke-mainc55e52c9-mixed-zset-8388608-zadd_tail_zpopmin-c16-20261008 1791429575.6782236
COMPLETE valkey ZADD_TAIL_ZPOPMIN 8388608 16 POINTS 15 1791429579.7777207
START kvrocks smoke-mainc55e52c9-mixed-list-8388608-lpush_rpop-c16-20261008 1791429581.716458
COMPLETE kvrocks LPUSH_RPOP 8388608 16 POINTS 16 1791429590.123316
START kvrocks smoke-mainc55e52c9-mixed-list-8388608-rpush_lpop-c16-20261008 1791429590.1234078
COMPLETE kvrocks RPUSH_LPOP 8388608 16 POINTS 17 1791429595.529221
START kvrocks smoke-mainc55e52c9-mixed-zset-8388608-zadd_head_zpopmax-c16-20261008 1791429595.529309
COMPLETE kvrocks ZADD_HEAD_ZPOPMAX 8388608 16 POINTS 18 1791429600.9478374
START kvrocks smoke-mainc55e52c9-mixed-zset-8388608-zadd_random_zpopmin-c16-20261008 1791429600.947924
COMPLETE kvrocks ZADD_RANDOM_ZPOPMIN 8388608 16 POINTS 19 1791429606.354076
START kvrocks smoke-mainc55e52c9-mixed-zset-8388608-zadd_tail_zpopmin-c16-20261008 1791429606.3541665
COMPLETE kvrocks ZADD_TAIL_ZPOPMIN 8388608 16 POINTS 20 1791429611.765755
ALL_MIXED_SMOKES_PASS
START lavik mainc55e52c9-mixed-list-8388608-lpush_rpop-c80-20261008 1791429612.0399415
Traceback (most recent call last):
  File "/mnt/dev/lavik-main-c55e52c9-20261008/host.py", line 7, in <module>
    if sys.argv[1]=='prepare':spdk_host.prepare(discard=True)
                              ^^^^^^^^^^^^^^^^^^^^^^^^^^^^^^^
  File "/mnt/dev/lavik-complex-refresh-20261004/perf_reports/lavik-complex-structures-2026-09-26/spdk_host.py", line 86, in prepare
    devices = checked_kernel_devices()
              ^^^^^^^^^^^^^^^^^^^^^^^^
  File "/mnt/dev/lavik-complex-refresh-20261004/perf_reports/lavik-complex-structures-2026-09-26/spdk_host.py", line 52, in checked_kernel_devices
    assert subprocess.run(["fuser", str(device)],
           ^^^^^^^^^^^^^^^^^^^^^^^^^^^^^^^^^^^^^^
AssertionError: /dev/nvme2n1
Traceback (most recent call last):
  File "/mnt/dev/lavik-main-c55e52c9-20261008/run-mixed-suite.py", line 141, in <module>
    one(product, kind, op, size, connections)
  File "/mnt/dev/lavik-main-c55e52c9-20261008/run-mixed-suite.py", line 85, in one
    host(product, 'prepare')
  File "/mnt/dev/lavik-main-c55e52c9-20261008/run-mixed-suite.py", line 56, in host
    execute(['sudo', '-n', 'python3', str(W / 'host.py'), action])
  File "/mnt/dev/lavik-main-c55e52c9-20261008/process_helpers.py", line 8, in execute
    if code:raise subprocess.CalledProcessError(code,argv)
            ^^^^^^^^^^^^^^^^^^^^^^^^^^^^^^^^^^^^^^^^^^^^^^
subprocess.CalledProcessError: Command '['sudo', '-n', 'python3', '/mnt/dev/lavik-main-c55e52c9-20261008/host.py', 'prepare']' returned non-zero exit status 1.
