WAIT_FOR_HOST_LOCK main-c55e52c9-four-system-mixed-writes 1467511 1791429780.839057
HOST_LOCK_ACQUIRED main-c55e52c9-four-system-mixed-writes 1467511 1791429780.8390982
ALL_MIXED_SMOKES_PASS
START lavik mainc55e52c9-mixed-list-8388608-lpush_rpop-c80-20261008 1791429781.788719
discard c08bc35101567ebd0001 /dev/nvme3n1
discard c08bc35101567ebd0002 /dev/nvme5n1
discard c08bc35101567ebd0003 /dev/nvme4n1
discard c08bc35101567ebd0004 /dev/nvme2n1
discard c08bc35101567ebd0005 /dev/nvme1n1
discard c08bc35101567ebd0006 /dev/nvme6n1
COMPLETE lavik LPUSH_RPOP 8388608 80 POINTS 1 1791429834.6579642
START lavik mainc55e52c9-mixed-list-8388608-lpush_rpop-c320-20261008 1791429834.6580846
discard c08bc35101567ebd0001 /dev/nvme3n1
discard c08bc35101567ebd0002 /dev/nvme5n1
discard c08bc35101567ebd0003 /dev/nvme4n1
discard c08bc35101567ebd0004 /dev/nvme2n1
discard c08bc35101567ebd0005 /dev/nvme1n1
discard c08bc35101567ebd0006 /dev/nvme6n1
COMPLETE lavik LPUSH_RPOP 8388608 320 POINTS 2 1791429888.505675
START lavik mainc55e52c9-mixed-list-8388608-lpush_rpop-c1280-20261008 1791429888.5057757
discard c08bc35101567ebd0001 /dev/nvme3n1
discard c08bc35101567ebd0002 /dev/nvme5n1
discard c08bc35101567ebd0003 /dev/nvme4n1
discard c08bc35101567ebd0004 /dev/nvme2n1
discard c08bc35101567ebd0005 /dev/nvme1n1
discard c08bc35101567ebd0006 /dev/nvme6n1
COMPLETE lavik LPUSH_RPOP 8388608 1280 POINTS 3 1791429944.3340209
START lavik mainc55e52c9-mixed-list-8388608-lpush_rpop-c2560-20261008 1791429944.334125
discard c08bc35101567ebd0001 /dev/nvme3n1
discard c08bc35101567ebd0002 /dev/nvme5n1
discard c08bc35101567ebd0003 /dev/nvme4n1
discard c08bc35101567ebd0004 /dev/nvme2n1
discard c08bc35101567ebd0005 /dev/nvme1n1
discard c08bc35101567ebd0006 /dev/nvme6n1
COMPLETE lavik LPUSH_RPOP 8388608 2560 POINTS 4 1791430002.1698358
START lavik mainc55e52c9-mixed-list-8388608-lpush_rpop-c5120-20261008 1791430002.1699343
discard c08bc35101567ebd0001 /dev/nvme3n1
discard c08bc35101567ebd0002 /dev/nvme5n1
discard c08bc35101567ebd0003 /dev/nvme4n1
discard c08bc35101567ebd0004 /dev/nvme2n1
discard c08bc35101567ebd0005 /dev/nvme1n1
discard c08bc35101567ebd0006 /dev/nvme6n1
COMPLETE lavik LPUSH_RPOP 8388608 5120 POINTS 5 1791430067.0556936
START lavik mainc55e52c9-mixed-list-8388608-rpush_lpop-c80-20261008 1791430067.0557907
discard c08bc35101567ebd0001 /dev/nvme3n1
discard c08bc35101567ebd0002 /dev/nvme5n1
discard c08bc35101567ebd0003 /dev/nvme4n1
discard c08bc35101567ebd0004 /dev/nvme2n1
discard c08bc35101567ebd0005 /dev/nvme1n1
discard c08bc35101567ebd0006 /dev/nvme6n1
COMPLETE lavik RPUSH_LPOP 8388608 80 POINTS 6 1791430118.9637287
START lavik mainc55e52c9-mixed-list-8388608-rpush_lpop-c320-20261008 1791430118.9638271
discard c08bc35101567ebd0001 /dev/nvme3n1
discard c08bc35101567ebd0002 /dev/nvme5n1
discard c08bc35101567ebd0003 /dev/nvme4n1
discard c08bc35101567ebd0004 /dev/nvme2n1
discard c08bc35101567ebd0005 /dev/nvme1n1
discard c08bc35101567ebd0006 /dev/nvme6n1
COMPLETE lavik RPUSH_LPOP 8388608 320 POINTS 7 1791430172.8101945
START lavik mainc55e52c9-mixed-list-8388608-rpush_lpop-c1280-20261008 1791430172.8102934
discard c08bc35101567ebd0001 /dev/nvme3n1
discard c08bc35101567ebd0002 /dev/nvme5n1
discard c08bc35101567ebd0003 /dev/nvme4n1
discard c08bc35101567ebd0004 /dev/nvme2n1
discard c08bc35101567ebd0005 /dev/nvme1n1
discard c08bc35101567ebd0006 /dev/nvme6n1
COMPLETE lavik RPUSH_LPOP 8388608 1280 POINTS 8 1791430229.8470182
START lavik mainc55e52c9-mixed-list-8388608-rpush_lpop-c2560-20261008 1791430229.847117
discard c08bc35101567ebd0001 /dev/nvme3n1
discard c08bc35101567ebd0002 /dev/nvme5n1
discard c08bc35101567ebd0003 /dev/nvme4n1
discard c08bc35101567ebd0004 /dev/nvme2n1
discard c08bc35101567ebd0005 /dev/nvme1n1
discard c08bc35101567ebd0006 /dev/nvme6n1
COMPLETE lavik RPUSH_LPOP 8388608 2560 POINTS 9 1791430288.6902926
START lavik mainc55e52c9-mixed-list-8388608-rpush_lpop-c5120-20261008 1791430288.6903934
discard c08bc35101567ebd0001 /dev/nvme3n1
discard c08bc35101567ebd0002 /dev/nvme5n1
discard c08bc35101567ebd0003 /dev/nvme4n1
discard c08bc35101567ebd0004 /dev/nvme2n1
discard c08bc35101567ebd0005 /dev/nvme1n1
discard c08bc35101567ebd0006 /dev/nvme6n1
COMPLETE lavik RPUSH_LPOP 8388608 5120 POINTS 10 1791430353.5507402
START lavik mainc55e52c9-mixed-zset-8388608-zadd_head_zpopmax-c80-20261008 1791430353.5508459
discard c08bc35101567ebd0001 /dev/nvme3n1
discard c08bc35101567ebd0002 /dev/nvme5n1
discard c08bc35101567ebd0003 /dev/nvme4n1
discard c08bc35101567ebd0004 /dev/nvme2n1
discard c08bc35101567ebd0005 /dev/nvme1n1
discard c08bc35101567ebd0006 /dev/nvme6n1
COMPLETE lavik ZADD_HEAD_ZPOPMAX 8388608 80 POINTS 11 1791430465.4150548
START lavik mainc55e52c9-mixed-zset-8388608-zadd_head_zpopmax-c320-20261008 1791430465.4151595
discard c08bc35101567ebd0001 /dev/nvme3n1
discard c08bc35101567ebd0002 /dev/nvme5n1
discard c08bc35101567ebd0003 /dev/nvme4n1
discard c08bc35101567ebd0004 /dev/nvme2n1
discard c08bc35101567ebd0005 /dev/nvme1n1
discard c08bc35101567ebd0006 /dev/nvme6n1
COMPLETE lavik ZADD_HEAD_ZPOPMAX 8388608 320 POINTS 12 1791430518.2575018
START lavik mainc55e52c9-mixed-zset-8388608-zadd_head_zpopmax-c1280-20261008 1791430518.257604
discard c08bc35101567ebd0001 /dev/nvme3n1
discard c08bc35101567ebd0002 /dev/nvme5n1
discard c08bc35101567ebd0003 /dev/nvme4n1
discard c08bc35101567ebd0004 /dev/nvme2n1
discard c08bc35101567ebd0005 /dev/nvme1n1
discard c08bc35101567ebd0006 /dev/nvme6n1
COMPLETE lavik ZADD_HEAD_ZPOPMAX 8388608 1280 POINTS 13 1791430573.0812647
START lavik mainc55e52c9-mixed-zset-8388608-zadd_head_zpopmax-c2560-20261008 1791430573.0813658
discard c08bc35101567ebd0001 /dev/nvme3n1
discard c08bc35101567ebd0002 /dev/nvme5n1
discard c08bc35101567ebd0003 /dev/nvme4n1
discard c08bc35101567ebd0004 /dev/nvme2n1
discard c08bc35101567ebd0005 /dev/nvme1n1
discard c08bc35101567ebd0006 /dev/nvme6n1
COMPLETE lavik ZADD_HEAD_ZPOPMAX 8388608 2560 POINTS 14 1791430633.9060907
START lavik mainc55e52c9-mixed-zset-8388608-zadd_head_zpopmax-c5120-20261008 1791430633.9061933
discard c08bc35101567ebd0001 /dev/nvme3n1
discard c08bc35101567ebd0002 /dev/nvme5n1
discard c08bc35101567ebd0003 /dev/nvme4n1
discard c08bc35101567ebd0004 /dev/nvme2n1
discard c08bc35101567ebd0005 /dev/nvme1n1
discard c08bc35101567ebd0006 /dev/nvme6n1
COMPLETE lavik ZADD_HEAD_ZPOPMAX 8388608 5120 POINTS 15 1791430697.7157457
START lavik mainc55e52c9-mixed-zset-8388608-zadd_random_zpopmin-c80-20261008 1791430697.715847
discard c08bc35101567ebd0001 /dev/nvme3n1
discard c08bc35101567ebd0002 /dev/nvme5n1
discard c08bc35101567ebd0003 /dev/nvme4n1
discard c08bc35101567ebd0004 /dev/nvme2n1
discard c08bc35101567ebd0005 /dev/nvme1n1
discard c08bc35101567ebd0006 /dev/nvme6n1
COMPLETE lavik ZADD_RANDOM_ZPOPMIN 8388608 80 POINTS 16 1791430750.5581837
START lavik mainc55e52c9-mixed-zset-8388608-zadd_random_zpopmin-c320-20261008 1791430750.5582864
discard c08bc35101567ebd0001 /dev/nvme3n1
discard c08bc35101567ebd0002 /dev/nvme5n1
discard c08bc35101567ebd0003 /dev/nvme4n1
discard c08bc35101567ebd0004 /dev/nvme2n1
discard c08bc35101567ebd0005 /dev/nvme1n1
discard c08bc35101567ebd0006 /dev/nvme6n1
COMPLETE lavik ZADD_RANDOM_ZPOPMIN 8388608 320 POINTS 17 1791430803.3533852
START lavik mainc55e52c9-mixed-zset-8388608-zadd_random_zpopmin-c1280-20261008 1791430803.353493
discard c08bc35101567ebd0001 /dev/nvme3n1
discard c08bc35101567ebd0002 /dev/nvme5n1
discard c08bc35101567ebd0003 /dev/nvme4n1
discard c08bc35101567ebd0004 /dev/nvme2n1
discard c08bc35101567ebd0005 /dev/nvme1n1
discard c08bc35101567ebd0006 /dev/nvme6n1
COMPLETE lavik ZADD_RANDOM_ZPOPMIN 8388608 1280 POINTS 18 1791430918.2633088
START lavik mainc55e52c9-mixed-zset-8388608-zadd_random_zpopmin-c2560-20261008 1791430918.2634134
discard c08bc35101567ebd0001 /dev/nvme3n1
discard c08bc35101567ebd0002 /dev/nvme5n1
discard c08bc35101567ebd0003 /dev/nvme4n1
discard c08bc35101567ebd0004 /dev/nvme2n1
discard c08bc35101567ebd0005 /dev/nvme1n1
discard c08bc35101567ebd0006 /dev/nvme6n1
COMPLETE lavik ZADD_RANDOM_ZPOPMIN 8388608 2560 POINTS 19 1791430976.136144
START lavik mainc55e52c9-mixed-zset-8388608-zadd_random_zpopmin-c5120-20261008 1791430976.136249
discard c08bc35101567ebd0001 /dev/nvme3n1
discard c08bc35101567ebd0002 /dev/nvme5n1
discard c08bc35101567ebd0003 /dev/nvme4n1
discard c08bc35101567ebd0004 /dev/nvme2n1
discard c08bc35101567ebd0005 /dev/nvme1n1
discard c08bc35101567ebd0006 /dev/nvme6n1
COMPLETE lavik ZADD_RANDOM_ZPOPMIN 8388608 5120 POINTS 20 1791431038.9903698
START lavik mainc55e52c9-mixed-zset-8388608-zadd_tail_zpopmin-c80-20261008 1791431038.9904776
discard c08bc35101567ebd0001 /dev/nvme3n1
discard c08bc35101567ebd0002 /dev/nvme5n1
discard c08bc35101567ebd0003 /dev/nvme4n1
discard c08bc35101567ebd0004 /dev/nvme2n1
discard c08bc35101567ebd0005 /dev/nvme1n1
discard c08bc35101567ebd0006 /dev/nvme6n1
COMPLETE lavik ZADD_TAIL_ZPOPMIN 8388608 80 POINTS 21 1791431091.8347387
START lavik mainc55e52c9-mixed-zset-8388608-zadd_tail_zpopmin-c320-20261008 1791431091.8348458
discard c08bc35101567ebd0001 /dev/nvme3n1
discard c08bc35101567ebd0002 /dev/nvme5n1
discard c08bc35101567ebd0003 /dev/nvme4n1
discard c08bc35101567ebd0004 /dev/nvme2n1
discard c08bc35101567ebd0005 /dev/nvme1n1
discard c08bc35101567ebd0006 /dev/nvme6n1
COMPLETE lavik ZADD_TAIL_ZPOPMIN 8388608 320 POINTS 22 1791431144.6887572
START lavik mainc55e52c9-mixed-zset-8388608-zadd_tail_zpopmin-c1280-20261008 1791431144.6888628
discard c08bc35101567ebd0001 /dev/nvme3n1
discard c08bc35101567ebd0002 /dev/nvme5n1
discard c08bc35101567ebd0003 /dev/nvme4n1
discard c08bc35101567ebd0004 /dev/nvme2n1
discard c08bc35101567ebd0005 /dev/nvme1n1
discard c08bc35101567ebd0006 /dev/nvme6n1
COMPLETE lavik ZADD_TAIL_ZPOPMIN 8388608 1280 POINTS 23 1791431199.5603302
START lavik mainc55e52c9-mixed-zset-8388608-zadd_tail_zpopmin-c2560-20261008 1791431199.5604393
discard c08bc35101567ebd0001 /dev/nvme3n1
discard c08bc35101567ebd0002 /dev/nvme5n1
discard c08bc35101567ebd0003 /dev/nvme4n1
discard c08bc35101567ebd0004 /dev/nvme2n1
discard c08bc35101567ebd0005 /dev/nvme1n1
discard c08bc35101567ebd0006 /dev/nvme6n1
COMPLETE lavik ZADD_TAIL_ZPOPMIN 8388608 2560 POINTS 24 1791431257.4577413
START lavik mainc55e52c9-mixed-zset-8388608-zadd_tail_zpopmin-c5120-20261008 1791431257.4578478
discard c08bc35101567ebd0001 /dev/nvme3n1
discard c08bc35101567ebd0002 /dev/nvme5n1
discard c08bc35101567ebd0003 /dev/nvme4n1
discard c08bc35101567ebd0004 /dev/nvme2n1
discard c08bc35101567ebd0005 /dev/nvme1n1
discard c08bc35101567ebd0006 /dev/nvme6n1
COMPLETE lavik ZADD_TAIL_ZPOPMIN 8388608 5120 POINTS 25 1791431321.3333757
START lavik mainc55e52c9-mixed-list-104857600-lpush_rpop-c80-20261008 1791431321.3334818
discard c08bc35101567ebd0001 /dev/nvme3n1
discard c08bc35101567ebd0002 /dev/nvme5n1
discard c08bc35101567ebd0003 /dev/nvme4n1
discard c08bc35101567ebd0004 /dev/nvme2n1
discard c08bc35101567ebd0005 /dev/nvme1n1
discard c08bc35101567ebd0006 /dev/nvme6n1
COMPLETE lavik LPUSH_RPOP 104857600 80 POINTS 26 1791431377.2398562
START lavik mainc55e52c9-mixed-list-104857600-lpush_rpop-c320-20261008 1791431377.2399616
discard c08bc35101567ebd0001 /dev/nvme3n1
discard c08bc35101567ebd0002 /dev/nvme5n1
discard c08bc35101567ebd0003 /dev/nvme4n1
discard c08bc35101567ebd0004 /dev/nvme2n1
discard c08bc35101567ebd0005 /dev/nvme1n1
discard c08bc35101567ebd0006 /dev/nvme6n1
COMPLETE lavik LPUSH_RPOP 104857600 320 POINTS 27 1791431433.1064675
START lavik mainc55e52c9-mixed-list-104857600-lpush_rpop-c1280-20261008 1791431433.1065748
discard c08bc35101567ebd0001 /dev/nvme3n1
discard c08bc35101567ebd0002 /dev/nvme5n1
discard c08bc35101567ebd0003 /dev/nvme4n1
discard c08bc35101567ebd0004 /dev/nvme2n1
discard c08bc35101567ebd0005 /dev/nvme1n1
discard c08bc35101567ebd0006 /dev/nvme6n1
COMPLETE lavik LPUSH_RPOP 104857600 1280 POINTS 28 1791431492.068817
START lavik mainc55e52c9-mixed-list-104857600-lpush_rpop-c2560-20261008 1791431492.0689204
discard c08bc35101567ebd0001 /dev/nvme3n1
discard c08bc35101567ebd0002 /dev/nvme5n1
discard c08bc35101567ebd0003 /dev/nvme4n1
discard c08bc35101567ebd0004 /dev/nvme2n1
discard c08bc35101567ebd0005 /dev/nvme1n1
discard c08bc35101567ebd0006 /dev/nvme6n1
COMPLETE lavik LPUSH_RPOP 104857600 2560 POINTS 29 1791431554.0061872
START lavik mainc55e52c9-mixed-list-104857600-lpush_rpop-c5120-20261008 1791431554.0062969
discard c08bc35101567ebd0001 /dev/nvme3n1
discard c08bc35101567ebd0002 /dev/nvme5n1
discard c08bc35101567ebd0003 /dev/nvme4n1
discard c08bc35101567ebd0004 /dev/nvme2n1
discard c08bc35101567ebd0005 /dev/nvme1n1
discard c08bc35101567ebd0006 /dev/nvme6n1
COMPLETE lavik LPUSH_RPOP 104857600 5120 POINTS 30 1791431621.9210682
START lavik mainc55e52c9-mixed-list-104857600-rpush_lpop-c80-20261008 1791431621.9211814
discard c08bc35101567ebd0001 /dev/nvme3n1
discard c08bc35101567ebd0002 /dev/nvme5n1
discard c08bc35101567ebd0003 /dev/nvme4n1
discard c08bc35101567ebd0004 /dev/nvme2n1
discard c08bc35101567ebd0005 /dev/nvme1n1
discard c08bc35101567ebd0006 /dev/nvme6n1
COMPLETE lavik RPUSH_LPOP 104857600 80 POINTS 31 1791431677.8216364
START lavik mainc55e52c9-mixed-list-104857600-rpush_lpop-c320-20261008 1791431677.8217444
discard c08bc35101567ebd0001 /dev/nvme3n1
discard c08bc35101567ebd0002 /dev/nvme5n1
discard c08bc35101567ebd0003 /dev/nvme4n1
discard c08bc35101567ebd0004 /dev/nvme2n1
discard c08bc35101567ebd0005 /dev/nvme1n1
discard c08bc35101567ebd0006 /dev/nvme6n1
COMPLETE lavik RPUSH_LPOP 104857600 320 POINTS 32 1791431733.6985404
START lavik mainc55e52c9-mixed-list-104857600-rpush_lpop-c1280-20261008 1791431733.6986506
discard c08bc35101567ebd0001 /dev/nvme3n1
discard c08bc35101567ebd0002 /dev/nvme5n1
discard c08bc35101567ebd0003 /dev/nvme4n1
discard c08bc35101567ebd0004 /dev/nvme2n1
discard c08bc35101567ebd0005 /dev/nvme1n1
discard c08bc35101567ebd0006 /dev/nvme6n1
COMPLETE lavik RPUSH_LPOP 104857600 1280 POINTS 33 1791431792.5205562
START lavik mainc55e52c9-mixed-list-104857600-rpush_lpop-c2560-20261008 1791431792.5206652
discard c08bc35101567ebd0001 /dev/nvme3n1
discard c08bc35101567ebd0002 /dev/nvme5n1
discard c08bc35101567ebd0003 /dev/nvme4n1
discard c08bc35101567ebd0004 /dev/nvme2n1
discard c08bc35101567ebd0005 /dev/nvme1n1
discard c08bc35101567ebd0006 /dev/nvme6n1
COMPLETE lavik RPUSH_LPOP 104857600 2560 POINTS 34 1791431854.5775208
START lavik mainc55e52c9-mixed-list-104857600-rpush_lpop-c5120-20261008 1791431854.577635
discard c08bc35101567ebd0001 /dev/nvme3n1
discard c08bc35101567ebd0002 /dev/nvme5n1
discard c08bc35101567ebd0003 /dev/nvme4n1
discard c08bc35101567ebd0004 /dev/nvme2n1
discard c08bc35101567ebd0005 /dev/nvme1n1
discard c08bc35101567ebd0006 /dev/nvme6n1
COMPLETE lavik RPUSH_LPOP 104857600 5120 POINTS 35 1791431921.4137049
START lavik mainc55e52c9-mixed-zset-104857600-zadd_head_zpopmax-c80-20261008 1791431921.4138212
discard c08bc35101567ebd0001 /dev/nvme3n1
discard c08bc35101567ebd0002 /dev/nvme5n1
discard c08bc35101567ebd0003 /dev/nvme4n1
discard c08bc35101567ebd0004 /dev/nvme2n1
discard c08bc35101567ebd0005 /dev/nvme1n1
discard c08bc35101567ebd0006 /dev/nvme6n1
COMPLETE lavik ZADD_HEAD_ZPOPMAX 104857600 80 POINTS 36 1791431996.301254
START lavik mainc55e52c9-mixed-zset-104857600-zadd_head_zpopmax-c320-20261008 1791431996.3013628
discard c08bc35101567ebd0001 /dev/nvme3n1
discard c08bc35101567ebd0002 /dev/nvme5n1
discard c08bc35101567ebd0003 /dev/nvme4n1
discard c08bc35101567ebd0004 /dev/nvme2n1
discard c08bc35101567ebd0005 /dev/nvme1n1
discard c08bc35101567ebd0006 /dev/nvme6n1
COMPLETE lavik ZADD_HEAD_ZPOPMAX 104857600 320 POINTS 37 1791432072.169092
START lavik mainc55e52c9-mixed-zset-104857600-zadd_head_zpopmax-c1280-20261008 1791432072.1692047
discard c08bc35101567ebd0001 /dev/nvme3n1
discard c08bc35101567ebd0002 /dev/nvme5n1
discard c08bc35101567ebd0003 /dev/nvme4n1
discard c08bc35101567ebd0004 /dev/nvme2n1
discard c08bc35101567ebd0005 /dev/nvme1n1
discard c08bc35101567ebd0006 /dev/nvme6n1
COMPLETE lavik ZADD_HEAD_ZPOPMAX 104857600 1280 POINTS 38 1791432150.0436928
START lavik mainc55e52c9-mixed-zset-104857600-zadd_head_zpopmax-c2560-20261008 1791432150.0438068
discard c08bc35101567ebd0001 /dev/nvme3n1
discard c08bc35101567ebd0002 /dev/nvme5n1
discard c08bc35101567ebd0003 /dev/nvme4n1
discard c08bc35101567ebd0004 /dev/nvme2n1
discard c08bc35101567ebd0005 /dev/nvme1n1
discard c08bc35101567ebd0006 /dev/nvme6n1
COMPLETE lavik ZADD_HEAD_ZPOPMAX 104857600 2560 POINTS 39 1791432231.0782647
START lavik mainc55e52c9-mixed-zset-104857600-zadd_head_zpopmax-c5120-20261008 1791432231.0783818
discard c08bc35101567ebd0001 /dev/nvme3n1
discard c08bc35101567ebd0002 /dev/nvme5n1
discard c08bc35101567ebd0003 /dev/nvme4n1
discard c08bc35101567ebd0004 /dev/nvme2n1
discard c08bc35101567ebd0005 /dev/nvme1n1
discard c08bc35101567ebd0006 /dev/nvme6n1
COMPLETE lavik ZADD_HEAD_ZPOPMAX 104857600 5120 POINTS 40 1791432317.9369235
START lavik mainc55e52c9-mixed-zset-104857600-zadd_random_zpopmin-c80-20261008 1791432317.9370584
discard c08bc35101567ebd0001 /dev/nvme3n1
discard c08bc35101567ebd0002 /dev/nvme5n1
discard c08bc35101567ebd0003 /dev/nvme4n1
discard c08bc35101567ebd0004 /dev/nvme2n1
discard c08bc35101567ebd0005 /dev/nvme1n1
discard c08bc35101567ebd0006 /dev/nvme6n1
COMPLETE lavik ZADD_RANDOM_ZPOPMIN 104857600 80 POINTS 41 1791432392.840744
START lavik mainc55e52c9-mixed-zset-104857600-zadd_random_zpopmin-c320-20261008 1791432392.8408551
discard c08bc35101567ebd0001 /dev/nvme3n1
discard c08bc35101567ebd0002 /dev/nvme5n1
discard c08bc35101567ebd0003 /dev/nvme4n1
discard c08bc35101567ebd0004 /dev/nvme2n1
discard c08bc35101567ebd0005 /dev/nvme1n1
discard c08bc35101567ebd0006 /dev/nvme6n1
COMPLETE lavik ZADD_RANDOM_ZPOPMIN 104857600 320 POINTS 42 1791432467.89216
START lavik mainc55e52c9-mixed-zset-104857600-zadd_random_zpopmin-c1280-20261008 1791432467.8922737
discard c08bc35101567ebd0001 /dev/nvme3n1
discard c08bc35101567ebd0002 /dev/nvme5n1
discard c08bc35101567ebd0003 /dev/nvme4n1
discard c08bc35101567ebd0004 /dev/nvme2n1
discard c08bc35101567ebd0005 /dev/nvme1n1
discard c08bc35101567ebd0006 /dev/nvme6n1
COMPLETE lavik ZADD_RANDOM_ZPOPMIN 104857600 1280 POINTS 43 1791432545.7409234
START lavik mainc55e52c9-mixed-zset-104857600-zadd_random_zpopmin-c2560-20261008 1791432545.741054
discard c08bc35101567ebd0001 /dev/nvme3n1
discard c08bc35101567ebd0002 /dev/nvme5n1
discard c08bc35101567ebd0003 /dev/nvme4n1
discard c08bc35101567ebd0004 /dev/nvme2n1
discard c08bc35101567ebd0005 /dev/nvme1n1
discard c08bc35101567ebd0006 /dev/nvme6n1
COMPLETE lavik ZADD_RANDOM_ZPOPMIN 104857600 2560 POINTS 44 1791432626.6028523
START lavik mainc55e52c9-mixed-zset-104857600-zadd_random_zpopmin-c5120-20261008 1791432626.6029668
discard c08bc35101567ebd0001 /dev/nvme3n1
discard c08bc35101567ebd0002 /dev/nvme5n1
discard c08bc35101567ebd0003 /dev/nvme4n1
discard c08bc35101567ebd0004 /dev/nvme2n1
discard c08bc35101567ebd0005 /dev/nvme1n1
discard c08bc35101567ebd0006 /dev/nvme6n1
COMPLETE lavik ZADD_RANDOM_ZPOPMIN 104857600 5120 POINTS 45 1791432713.4717486
START lavik mainc55e52c9-mixed-zset-104857600-zadd_tail_zpopmin-c80-20261008 1791432713.4718637
discard c08bc35101567ebd0001 /dev/nvme3n1
discard c08bc35101567ebd0002 /dev/nvme5n1
discard c08bc35101567ebd0003 /dev/nvme4n1
discard c08bc35101567ebd0004 /dev/nvme2n1
discard c08bc35101567ebd0005 /dev/nvme1n1
discard c08bc35101567ebd0006 /dev/nvme6n1
COMPLETE lavik ZADD_TAIL_ZPOPMIN 104857600 80 POINTS 46 1791432788.3074708
START lavik mainc55e52c9-mixed-zset-104857600-zadd_tail_zpopmin-c320-20261008 1791432788.307585
discard c08bc35101567ebd0001 /dev/nvme3n1
discard c08bc35101567ebd0002 /dev/nvme5n1
discard c08bc35101567ebd0003 /dev/nvme4n1
discard c08bc35101567ebd0004 /dev/nvme2n1
discard c08bc35101567ebd0005 /dev/nvme1n1
discard c08bc35101567ebd0006 /dev/nvme6n1
COMPLETE lavik ZADD_TAIL_ZPOPMIN 104857600 320 POINTS 47 1791432863.1585107
START lavik mainc55e52c9-mixed-zset-104857600-zadd_tail_zpopmin-c1280-20261008 1791432863.1586199
discard c08bc35101567ebd0001 /dev/nvme3n1
discard c08bc35101567ebd0002 /dev/nvme5n1
discard c08bc35101567ebd0003 /dev/nvme4n1
discard c08bc35101567ebd0004 /dev/nvme2n1
discard c08bc35101567ebd0005 /dev/nvme1n1
discard c08bc35101567ebd0006 /dev/nvme6n1
COMPLETE lavik ZADD_TAIL_ZPOPMIN 104857600 1280 POINTS 48 1791432941.0271816
START lavik mainc55e52c9-mixed-zset-104857600-zadd_tail_zpopmin-c2560-20261008 1791432941.0272975
discard c08bc35101567ebd0001 /dev/nvme3n1
discard c08bc35101567ebd0002 /dev/nvme5n1
discard c08bc35101567ebd0003 /dev/nvme4n1
discard c08bc35101567ebd0004 /dev/nvme2n1
discard c08bc35101567ebd0005 /dev/nvme1n1
discard c08bc35101567ebd0006 /dev/nvme6n1
COMPLETE lavik ZADD_TAIL_ZPOPMIN 104857600 2560 POINTS 49 1791433020.8872967
START lavik mainc55e52c9-mixed-zset-104857600-zadd_tail_zpopmin-c5120-20261008 1791433020.8874135
discard c08bc35101567ebd0001 /dev/nvme3n1
discard c08bc35101567ebd0002 /dev/nvme5n1
discard c08bc35101567ebd0003 /dev/nvme4n1
discard c08bc35101567ebd0004 /dev/nvme2n1
discard c08bc35101567ebd0005 /dev/nvme1n1
discard c08bc35101567ebd0006 /dev/nvme6n1
COMPLETE lavik ZADD_TAIL_ZPOPMIN 104857600 5120 POINTS 50 1791433106.770616
START redis mainc55e52c9-mixed-list-8388608-lpush_rpop-c80-20261008 1791433106.7707098
COMPLETE redis LPUSH_RPOP 8388608 80 POINTS 51 1791433141.8770945
START redis mainc55e52c9-mixed-list-8388608-lpush_rpop-c320-20261008 1791433141.8771806
COMPLETE redis LPUSH_RPOP 8388608 320 POINTS 52 1791433177.9937716
START redis mainc55e52c9-mixed-list-8388608-lpush_rpop-c1280-20261008 1791433177.9938529
COMPLETE redis LPUSH_RPOP 8388608 1280 POINTS 53 1791433217.1013937
START redis mainc55e52c9-mixed-list-8388608-lpush_rpop-c2560-20261008 1791433217.1014779
COMPLETE redis LPUSH_RPOP 8388608 2560 POINTS 54 1791433259.2133355
START redis mainc55e52c9-mixed-list-8388608-lpush_rpop-c5120-20261008 1791433259.2134233
COMPLETE redis LPUSH_RPOP 8388608 5120 POINTS 55 1791433305.3227477
START redis mainc55e52c9-mixed-list-8388608-rpush_lpop-c80-20261008 1791433305.3228357
COMPLETE redis RPUSH_LPOP 8388608 80 POINTS 56 1791433340.4437222
START redis mainc55e52c9-mixed-list-8388608-rpush_lpop-c320-20261008 1791433340.4438071
COMPLETE redis RPUSH_LPOP 8388608 320 POINTS 57 1791433376.5508816
START redis mainc55e52c9-mixed-list-8388608-rpush_lpop-c1280-20261008 1791433376.5509667
COMPLETE redis RPUSH_LPOP 8388608 1280 POINTS 58 1791433415.661893
START redis mainc55e52c9-mixed-list-8388608-rpush_lpop-c2560-20261008 1791433415.6620011
COMPLETE redis RPUSH_LPOP 8388608 2560 POINTS 59 1791433456.7705123
START redis mainc55e52c9-mixed-list-8388608-rpush_lpop-c5120-20261008 1791433456.7705996
COMPLETE redis RPUSH_LPOP 8388608 5120 POINTS 60 1791433502.8802748
START redis mainc55e52c9-mixed-zset-8388608-zadd_head_zpopmax-c80-20261008 1791433502.8803608
COMPLETE redis ZADD_HEAD_ZPOPMAX 8388608 80 POINTS 61 1791433537.9889324
START redis mainc55e52c9-mixed-zset-8388608-zadd_head_zpopmax-c320-20261008 1791433537.989048
COMPLETE redis ZADD_HEAD_ZPOPMAX 8388608 320 POINTS 62 1791433574.0940905
START redis mainc55e52c9-mixed-zset-8388608-zadd_head_zpopmax-c1280-20261008 1791433574.0941846
COMPLETE redis ZADD_HEAD_ZPOPMAX 8388608 1280 POINTS 63 1791433612.2013395
START redis mainc55e52c9-mixed-zset-8388608-zadd_head_zpopmax-c2560-20261008 1791433612.2014282
COMPLETE redis ZADD_HEAD_ZPOPMAX 8388608 2560 POINTS 64 1791433652.3102686
START redis mainc55e52c9-mixed-zset-8388608-zadd_head_zpopmax-c5120-20261008 1791433652.3103578
COMPLETE redis ZADD_HEAD_ZPOPMAX 8388608 5120 POINTS 65 1791433698.4196918
START redis mainc55e52c9-mixed-zset-8388608-zadd_random_zpopmin-c80-20261008 1791433698.4197798
COMPLETE redis ZADD_RANDOM_ZPOPMIN 8388608 80 POINTS 66 1791433733.5373428
START redis mainc55e52c9-mixed-zset-8388608-zadd_random_zpopmin-c320-20261008 1791433733.5374339
COMPLETE redis ZADD_RANDOM_ZPOPMIN 8388608 320 POINTS 67 1791433769.6443598
START redis mainc55e52c9-mixed-zset-8388608-zadd_random_zpopmin-c1280-20261008 1791433769.6444514
COMPLETE redis ZADD_RANDOM_ZPOPMIN 8388608 1280 POINTS 68 1791433807.7650306
START redis mainc55e52c9-mixed-zset-8388608-zadd_random_zpopmin-c2560-20261008 1791433807.7651212
COMPLETE redis ZADD_RANDOM_ZPOPMIN 8388608 2560 POINTS 69 1791433848.8787584
START redis mainc55e52c9-mixed-zset-8388608-zadd_random_zpopmin-c5120-20261008 1791433848.8788526
COMPLETE redis ZADD_RANDOM_ZPOPMIN 8388608 5120 POINTS 70 1791433894.9912553
START redis mainc55e52c9-mixed-zset-8388608-zadd_tail_zpopmin-c80-20261008 1791433894.9913483
COMPLETE redis ZADD_TAIL_ZPOPMIN 8388608 80 POINTS 71 1791433930.0984786
START redis mainc55e52c9-mixed-zset-8388608-zadd_tail_zpopmin-c320-20261008 1791433930.0985692
COMPLETE redis ZADD_TAIL_ZPOPMIN 8388608 320 POINTS 72 1791433966.2118459
START redis mainc55e52c9-mixed-zset-8388608-zadd_tail_zpopmin-c1280-20261008 1791433966.2119398
COMPLETE redis ZADD_TAIL_ZPOPMIN 8388608 1280 POINTS 73 1791434004.3212686
START redis mainc55e52c9-mixed-zset-8388608-zadd_tail_zpopmin-c2560-20261008 1791434004.3213623
COMPLETE redis ZADD_TAIL_ZPOPMIN 8388608 2560 POINTS 74 1791434045.4297671
START redis mainc55e52c9-mixed-zset-8388608-zadd_tail_zpopmin-c5120-20261008 1791434045.4298606
COMPLETE redis ZADD_TAIL_ZPOPMIN 8388608 5120 POINTS 75 1791434091.5417366
START redis mainc55e52c9-mixed-list-104857600-lpush_rpop-c80-20261008 1791434091.5418296
COMPLETE redis LPUSH_RPOP 104857600 80 POINTS 76 1791434128.6501825
START redis mainc55e52c9-mixed-list-104857600-lpush_rpop-c320-20261008 1791434128.6502779
COMPLETE redis LPUSH_RPOP 104857600 320 POINTS 77 1791434166.7605867
START redis mainc55e52c9-mixed-list-104857600-lpush_rpop-c1280-20261008 1791434166.7606812
COMPLETE redis LPUSH_RPOP 104857600 1280 POINTS 78 1791434207.872553
START redis mainc55e52c9-mixed-list-104857600-lpush_rpop-c2560-20261008 1791434207.8726516
COMPLETE redis LPUSH_RPOP 104857600 2560 POINTS 79 1791434250.991219
START redis mainc55e52c9-mixed-list-104857600-lpush_rpop-c5120-20261008 1791434250.9913175
COMPLETE redis LPUSH_RPOP 104857600 5120 POINTS 80 1791434300.1047168
START redis mainc55e52c9-mixed-list-104857600-rpush_lpop-c80-20261008 1791434300.1048102
COMPLETE redis RPUSH_LPOP 104857600 80 POINTS 81 1791434337.2136858
START redis mainc55e52c9-mixed-list-104857600-rpush_lpop-c320-20261008 1791434337.213782
COMPLETE redis RPUSH_LPOP 104857600 320 POINTS 82 1791434376.3247666
START redis mainc55e52c9-mixed-list-104857600-rpush_lpop-c1280-20261008 1791434376.324866
COMPLETE redis RPUSH_LPOP 104857600 1280 POINTS 83 1791434417.43369
START redis mainc55e52c9-mixed-list-104857600-rpush_lpop-c2560-20261008 1791434417.4338233
COMPLETE redis RPUSH_LPOP 104857600 2560 POINTS 84 1791434460.544323
START redis mainc55e52c9-mixed-list-104857600-rpush_lpop-c5120-20261008 1791434460.5444226
COMPLETE redis RPUSH_LPOP 104857600 5120 POINTS 85 1791434509.6583152
START redis mainc55e52c9-mixed-zset-104857600-zadd_head_zpopmax-c80-20261008 1791434509.6584208
COMPLETE redis ZADD_HEAD_ZPOPMAX 104857600 80 POINTS 86 1791434546.7686677
START redis mainc55e52c9-mixed-zset-104857600-zadd_head_zpopmax-c320-20261008 1791434546.768769
COMPLETE redis ZADD_HEAD_ZPOPMAX 104857600 320 POINTS 87 1791434584.8956275
START redis mainc55e52c9-mixed-zset-104857600-zadd_head_zpopmax-c1280-20261008 1791434584.8957272
COMPLETE redis ZADD_HEAD_ZPOPMAX 104857600 1280 POINTS 88 1791434625.007186
START redis mainc55e52c9-mixed-zset-104857600-zadd_head_zpopmax-c2560-20261008 1791434625.007288
COMPLETE redis ZADD_HEAD_ZPOPMAX 104857600 2560 POINTS 89 1791434668.1246393
START redis mainc55e52c9-mixed-zset-104857600-zadd_head_zpopmax-c5120-20261008 1791434668.1247368
COMPLETE redis ZADD_HEAD_ZPOPMAX 104857600 5120 POINTS 90 1791434716.2471535
START redis mainc55e52c9-mixed-zset-104857600-zadd_random_zpopmin-c80-20261008 1791434716.2472563
COMPLETE redis ZADD_RANDOM_ZPOPMIN 104857600 80 POINTS 91 1791434753.3570478
START redis mainc55e52c9-mixed-zset-104857600-zadd_random_zpopmin-c320-20261008 1791434753.3571522
COMPLETE redis ZADD_RANDOM_ZPOPMIN 104857600 320 POINTS 92 1791434791.474883
START redis mainc55e52c9-mixed-zset-104857600-zadd_random_zpopmin-c1280-20261008 1791434791.4750102
COMPLETE redis ZADD_RANDOM_ZPOPMIN 104857600 1280 POINTS 93 1791434831.58858
START redis mainc55e52c9-mixed-zset-104857600-zadd_random_zpopmin-c2560-20261008 1791434831.5886858
COMPLETE redis ZADD_RANDOM_ZPOPMIN 104857600 2560 POINTS 94 1791434874.7080514
START redis mainc55e52c9-mixed-zset-104857600-zadd_random_zpopmin-c5120-20261008 1791434874.7081573
COMPLETE redis ZADD_RANDOM_ZPOPMIN 104857600 5120 POINTS 95 1791434922.8242192
START redis mainc55e52c9-mixed-zset-104857600-zadd_tail_zpopmin-c80-20261008 1791434922.8243244
COMPLETE redis ZADD_TAIL_ZPOPMIN 104857600 80 POINTS 96 1791434959.9422202
START redis mainc55e52c9-mixed-zset-104857600-zadd_tail_zpopmin-c320-20261008 1791434959.9423242
COMPLETE redis ZADD_TAIL_ZPOPMIN 104857600 320 POINTS 97 1791434998.0574334
START redis mainc55e52c9-mixed-zset-104857600-zadd_tail_zpopmin-c1280-20261008 1791434998.0575364
COMPLETE redis ZADD_TAIL_ZPOPMIN 104857600 1280 POINTS 98 1791435038.1864033
START redis mainc55e52c9-mixed-zset-104857600-zadd_tail_zpopmin-c2560-20261008 1791435038.1865063
COMPLETE redis ZADD_TAIL_ZPOPMIN 104857600 2560 POINTS 99 1791435081.3061204
START redis mainc55e52c9-mixed-zset-104857600-zadd_tail_zpopmin-c5120-20261008 1791435081.3062267
COMPLETE redis ZADD_TAIL_ZPOPMIN 104857600 5120 POINTS 100 1791435129.4223967
START valkey mainc55e52c9-mixed-list-8388608-lpush_rpop-c80-20261008 1791435129.4224868
COMPLETE valkey LPUSH_RPOP 8388608 80 POINTS 101 1791435164.535178
START valkey mainc55e52c9-mixed-list-8388608-lpush_rpop-c320-20261008 1791435164.5352736
COMPLETE valkey LPUSH_RPOP 8388608 320 POINTS 102 1791435200.6445487
START valkey mainc55e52c9-mixed-list-8388608-lpush_rpop-c1280-20261008 1791435200.6446376
COMPLETE valkey LPUSH_RPOP 8388608 1280 POINTS 103 1791435239.7544296
START valkey mainc55e52c9-mixed-list-8388608-lpush_rpop-c2560-20261008 1791435239.7545173
COMPLETE valkey LPUSH_RPOP 8388608 2560 POINTS 104 1791435280.8682053
START valkey mainc55e52c9-mixed-list-8388608-lpush_rpop-c5120-20261008 1791435280.868296
COMPLETE valkey LPUSH_RPOP 8388608 5120 POINTS 105 1791435326.981252
START valkey mainc55e52c9-mixed-list-8388608-rpush_lpop-c80-20261008 1791435326.9813428
COMPLETE valkey RPUSH_LPOP 8388608 80 POINTS 106 1791435362.0938334
START valkey mainc55e52c9-mixed-list-8388608-rpush_lpop-c320-20261008 1791435362.0939252
COMPLETE valkey RPUSH_LPOP 8388608 320 POINTS 107 1791435398.205809
START valkey mainc55e52c9-mixed-list-8388608-rpush_lpop-c1280-20261008 1791435398.2059004
COMPLETE valkey RPUSH_LPOP 8388608 1280 POINTS 108 1791435436.3196194
START valkey mainc55e52c9-mixed-list-8388608-rpush_lpop-c2560-20261008 1791435436.3197155
COMPLETE valkey RPUSH_LPOP 8388608 2560 POINTS 109 1791435477.436273
START valkey mainc55e52c9-mixed-list-8388608-rpush_lpop-c5120-20261008 1791435477.4363651
COMPLETE valkey RPUSH_LPOP 8388608 5120 POINTS 110 1791435523.552429
START valkey mainc55e52c9-mixed-zset-8388608-zadd_head_zpopmax-c80-20261008 1791435523.552524
COMPLETE valkey ZADD_HEAD_ZPOPMAX 8388608 80 POINTS 111 1791435558.6618507
START valkey mainc55e52c9-mixed-zset-8388608-zadd_head_zpopmax-c320-20261008 1791435558.661942
COMPLETE valkey ZADD_HEAD_ZPOPMAX 8388608 320 POINTS 112 1791435594.773786
START valkey mainc55e52c9-mixed-zset-8388608-zadd_head_zpopmax-c1280-20261008 1791435594.7738788
COMPLETE valkey ZADD_HEAD_ZPOPMAX 8388608 1280 POINTS 113 1791435632.8901203
START valkey mainc55e52c9-mixed-zset-8388608-zadd_head_zpopmax-c2560-20261008 1791435632.890218
COMPLETE valkey ZADD_HEAD_ZPOPMAX 8388608 2560 POINTS 114 1791435674.0036786
START valkey mainc55e52c9-mixed-zset-8388608-zadd_head_zpopmax-c5120-20261008 1791435674.0037708
COMPLETE valkey ZADD_HEAD_ZPOPMAX 8388608 5120 POINTS 115 1791435720.1178324
START valkey mainc55e52c9-mixed-zset-8388608-zadd_random_zpopmin-c80-20261008 1791435720.1179268
COMPLETE valkey ZADD_RANDOM_ZPOPMIN 8388608 80 POINTS 116 1791435755.2368066
START valkey mainc55e52c9-mixed-zset-8388608-zadd_random_zpopmin-c320-20261008 1791435755.236903
Traceback (most recent call last):
  File "/mnt/dev/lavik-main-c55e52c9-20261008/run-mixed-suite.py", line 149, in <module>
    one(product, kind, op, size, connections)
  File "/mnt/dev/lavik-main-c55e52c9-20261008/run-mixed-suite.py", line 95, in one
    execute(guard, log)
  File "/mnt/dev/lavik-main-c55e52c9-20261008/process_helpers.py", line 8, in execute
    if code:raise subprocess.CalledProcessError(code,argv)
            ^^^^^^^^^^^^^^^^^^^^^^^^^^^^^^^^^^^^^^^^^^^^^^
subprocess.CalledProcessError: Command '['sudo', '-n', 'env', 'LAVIK_BENCH_ROOT=/mnt/dev/lavik-complex-refresh-20261004/perf_reports/lavik-complex-structures-2026-09-26', 'BENCH_CLIENT_SEED=42', 'unshare', '--mount', '--propagation', 'private', 'python3', '/mnt/dev/lavik-main-c55e52c9-20261008/private-tmp-exec.py', '/mnt/dev/lavik-main-c55e52c9-20261008/benchmark-tmp', '0', '0', 'python3', '/mnt/dev/lavik-complex-refresh-20261004/perf_reports/lavik-complex-structures-2026-09-26/run_with_memory_guard.py', '--minimum-available-gib=20', '--', 'python3', '/mnt/dev/lavik-main-c55e52c9-20261008/run-random.py', 'valkey', '--types=zset', '--sizes=8388608', '--fields=1024', '--keys=8', '--mode=point', '--levels=320', '--seconds=30', '--tag=mainc55e52c9-mixed-zset-8388608-zadd_random_zpopmin-c320-20261008', '--writes-only', '--only-op', 'ZADD_RANDOM_ZPOPMIN']' returned non-zero exit status 1.
