WAIT_FOR_HOST_LOCK main-c55e52c9-four-system-mixed-writes 1496436 1791435929.7102067
HOST_LOCK_ACQUIRED main-c55e52c9-four-system-mixed-writes 1496436 1791435929.710237
ALL_MIXED_SMOKES_PASS
RETAIN_COMPLETED lavik list LPUSH_RPOP 8388608 80
RETAIN_COMPLETED lavik list LPUSH_RPOP 8388608 320
RETAIN_COMPLETED lavik list LPUSH_RPOP 8388608 1280
RETAIN_COMPLETED lavik list LPUSH_RPOP 8388608 2560
RETAIN_COMPLETED lavik list LPUSH_RPOP 8388608 5120
RETAIN_COMPLETED lavik list RPUSH_LPOP 8388608 80
RETAIN_COMPLETED lavik list RPUSH_LPOP 8388608 320
RETAIN_COMPLETED lavik list RPUSH_LPOP 8388608 1280
RETAIN_COMPLETED lavik list RPUSH_LPOP 8388608 2560
RETAIN_COMPLETED lavik list RPUSH_LPOP 8388608 5120
RETAIN_COMPLETED lavik zset ZADD_HEAD_ZPOPMAX 8388608 80
RETAIN_COMPLETED lavik zset ZADD_HEAD_ZPOPMAX 8388608 320
RETAIN_COMPLETED lavik zset ZADD_HEAD_ZPOPMAX 8388608 1280
RETAIN_COMPLETED lavik zset ZADD_HEAD_ZPOPMAX 8388608 2560
RETAIN_COMPLETED lavik zset ZADD_HEAD_ZPOPMAX 8388608 5120
RETAIN_COMPLETED lavik zset ZADD_RANDOM_ZPOPMIN 8388608 80
RETAIN_COMPLETED lavik zset ZADD_RANDOM_ZPOPMIN 8388608 320
RETAIN_COMPLETED lavik zset ZADD_RANDOM_ZPOPMIN 8388608 1280
RETAIN_COMPLETED lavik zset ZADD_RANDOM_ZPOPMIN 8388608 2560
RETAIN_COMPLETED lavik zset ZADD_RANDOM_ZPOPMIN 8388608 5120
RETAIN_COMPLETED lavik zset ZADD_TAIL_ZPOPMIN 8388608 80
RETAIN_COMPLETED lavik zset ZADD_TAIL_ZPOPMIN 8388608 320
RETAIN_COMPLETED lavik zset ZADD_TAIL_ZPOPMIN 8388608 1280
RETAIN_COMPLETED lavik zset ZADD_TAIL_ZPOPMIN 8388608 2560
RETAIN_COMPLETED lavik zset ZADD_TAIL_ZPOPMIN 8388608 5120
RETAIN_COMPLETED lavik list LPUSH_RPOP 104857600 80
RETAIN_COMPLETED lavik list LPUSH_RPOP 104857600 320
RETAIN_COMPLETED lavik list LPUSH_RPOP 104857600 1280
RETAIN_COMPLETED lavik list LPUSH_RPOP 104857600 2560
RETAIN_COMPLETED lavik list LPUSH_RPOP 104857600 5120
RETAIN_COMPLETED lavik list RPUSH_LPOP 104857600 80
RETAIN_COMPLETED lavik list RPUSH_LPOP 104857600 320
RETAIN_COMPLETED lavik list RPUSH_LPOP 104857600 1280
RETAIN_COMPLETED lavik list RPUSH_LPOP 104857600 2560
RETAIN_COMPLETED lavik list RPUSH_LPOP 104857600 5120
RETAIN_COMPLETED lavik zset ZADD_HEAD_ZPOPMAX 104857600 80
RETAIN_COMPLETED lavik zset ZADD_HEAD_ZPOPMAX 104857600 320
RETAIN_COMPLETED lavik zset ZADD_HEAD_ZPOPMAX 104857600 1280
RETAIN_COMPLETED lavik zset ZADD_HEAD_ZPOPMAX 104857600 2560
RETAIN_COMPLETED lavik zset ZADD_HEAD_ZPOPMAX 104857600 5120
RETAIN_COMPLETED lavik zset ZADD_RANDOM_ZPOPMIN 104857600 80
RETAIN_COMPLETED lavik zset ZADD_RANDOM_ZPOPMIN 104857600 320
RETAIN_COMPLETED lavik zset ZADD_RANDOM_ZPOPMIN 104857600 1280
RETAIN_COMPLETED lavik zset ZADD_RANDOM_ZPOPMIN 104857600 2560
RETAIN_COMPLETED lavik zset ZADD_RANDOM_ZPOPMIN 104857600 5120
RETAIN_COMPLETED lavik zset ZADD_TAIL_ZPOPMIN 104857600 80
RETAIN_COMPLETED lavik zset ZADD_TAIL_ZPOPMIN 104857600 320
RETAIN_COMPLETED lavik zset ZADD_TAIL_ZPOPMIN 104857600 1280
RETAIN_COMPLETED lavik zset ZADD_TAIL_ZPOPMIN 104857600 2560
RETAIN_COMPLETED lavik zset ZADD_TAIL_ZPOPMIN 104857600 5120
RETAIN_COMPLETED redis list LPUSH_RPOP 8388608 80
RETAIN_COMPLETED redis list LPUSH_RPOP 8388608 320
RETAIN_COMPLETED redis list LPUSH_RPOP 8388608 1280
RETAIN_COMPLETED redis list LPUSH_RPOP 8388608 2560
RETAIN_COMPLETED redis list LPUSH_RPOP 8388608 5120
RETAIN_COMPLETED redis list RPUSH_LPOP 8388608 80
RETAIN_COMPLETED redis list RPUSH_LPOP 8388608 320
RETAIN_COMPLETED redis list RPUSH_LPOP 8388608 1280
RETAIN_COMPLETED redis list RPUSH_LPOP 8388608 2560
RETAIN_COMPLETED redis list RPUSH_LPOP 8388608 5120
RETAIN_COMPLETED redis zset ZADD_HEAD_ZPOPMAX 8388608 80
RETAIN_COMPLETED redis zset ZADD_HEAD_ZPOPMAX 8388608 320
RETAIN_COMPLETED redis zset ZADD_HEAD_ZPOPMAX 8388608 1280
RETAIN_COMPLETED redis zset ZADD_HEAD_ZPOPMAX 8388608 2560
RETAIN_COMPLETED redis zset ZADD_HEAD_ZPOPMAX 8388608 5120
RETAIN_COMPLETED redis zset ZADD_RANDOM_ZPOPMIN 8388608 80
RETAIN_COMPLETED redis zset ZADD_RANDOM_ZPOPMIN 8388608 320
RETAIN_COMPLETED redis zset ZADD_RANDOM_ZPOPMIN 8388608 1280
RETAIN_COMPLETED redis zset ZADD_RANDOM_ZPOPMIN 8388608 2560
RETAIN_COMPLETED redis zset ZADD_RANDOM_ZPOPMIN 8388608 5120
RETAIN_COMPLETED redis zset ZADD_TAIL_ZPOPMIN 8388608 80
RETAIN_COMPLETED redis zset ZADD_TAIL_ZPOPMIN 8388608 320
RETAIN_COMPLETED redis zset ZADD_TAIL_ZPOPMIN 8388608 1280
RETAIN_COMPLETED redis zset ZADD_TAIL_ZPOPMIN 8388608 2560
RETAIN_COMPLETED redis zset ZADD_TAIL_ZPOPMIN 8388608 5120
RETAIN_COMPLETED redis list LPUSH_RPOP 104857600 80
RETAIN_COMPLETED redis list LPUSH_RPOP 104857600 320
RETAIN_COMPLETED redis list LPUSH_RPOP 104857600 1280
RETAIN_COMPLETED redis list LPUSH_RPOP 104857600 2560
RETAIN_COMPLETED redis list LPUSH_RPOP 104857600 5120
RETAIN_COMPLETED redis list RPUSH_LPOP 104857600 80
RETAIN_COMPLETED redis list RPUSH_LPOP 104857600 320
RETAIN_COMPLETED redis list RPUSH_LPOP 104857600 1280
RETAIN_COMPLETED redis list RPUSH_LPOP 104857600 2560
RETAIN_COMPLETED redis list RPUSH_LPOP 104857600 5120
RETAIN_COMPLETED redis zset ZADD_HEAD_ZPOPMAX 104857600 80
RETAIN_COMPLETED redis zset ZADD_HEAD_ZPOPMAX 104857600 320
RETAIN_COMPLETED redis zset ZADD_HEAD_ZPOPMAX 104857600 1280
RETAIN_COMPLETED redis zset ZADD_HEAD_ZPOPMAX 104857600 2560
RETAIN_COMPLETED redis zset ZADD_HEAD_ZPOPMAX 104857600 5120
RETAIN_COMPLETED redis zset ZADD_RANDOM_ZPOPMIN 104857600 80
RETAIN_COMPLETED redis zset ZADD_RANDOM_ZPOPMIN 104857600 320
RETAIN_COMPLETED redis zset ZADD_RANDOM_ZPOPMIN 104857600 1280
RETAIN_COMPLETED redis zset ZADD_RANDOM_ZPOPMIN 104857600 2560
RETAIN_COMPLETED redis zset ZADD_RANDOM_ZPOPMIN 104857600 5120
RETAIN_COMPLETED redis zset ZADD_TAIL_ZPOPMIN 104857600 80
RETAIN_COMPLETED redis zset ZADD_TAIL_ZPOPMIN 104857600 320
RETAIN_COMPLETED redis zset ZADD_TAIL_ZPOPMIN 104857600 1280
RETAIN_COMPLETED redis zset ZADD_TAIL_ZPOPMIN 104857600 2560
RETAIN_COMPLETED redis zset ZADD_TAIL_ZPOPMIN 104857600 5120
RETAIN_COMPLETED valkey list LPUSH_RPOP 8388608 80
RETAIN_COMPLETED valkey list LPUSH_RPOP 8388608 320
RETAIN_COMPLETED valkey list LPUSH_RPOP 8388608 1280
RETAIN_COMPLETED valkey list LPUSH_RPOP 8388608 2560
RETAIN_COMPLETED valkey list LPUSH_RPOP 8388608 5120
RETAIN_COMPLETED valkey list RPUSH_LPOP 8388608 80
RETAIN_COMPLETED valkey list RPUSH_LPOP 8388608 320
RETAIN_COMPLETED valkey list RPUSH_LPOP 8388608 1280
RETAIN_COMPLETED valkey list RPUSH_LPOP 8388608 2560
RETAIN_COMPLETED valkey list RPUSH_LPOP 8388608 5120
RETAIN_COMPLETED valkey zset ZADD_HEAD_ZPOPMAX 8388608 80
RETAIN_COMPLETED valkey zset ZADD_HEAD_ZPOPMAX 8388608 320
RETAIN_COMPLETED valkey zset ZADD_HEAD_ZPOPMAX 8388608 1280
RETAIN_COMPLETED valkey zset ZADD_HEAD_ZPOPMAX 8388608 2560
RETAIN_COMPLETED valkey zset ZADD_HEAD_ZPOPMAX 8388608 5120
RETAIN_COMPLETED valkey zset ZADD_RANDOM_ZPOPMIN 8388608 80
RETAINED_GUARD_FAILURE valkey ZADD_RANDOM_ZPOPMIN 8388608 320 POINTS 117 1791435930.7233145
START valkey mainc55e52c9-mixed-zset-8388608-zadd_random_zpopmin-c1280-20261008 1791435930.7234023
COMPLETE valkey ZADD_RANDOM_ZPOPMIN 8388608 1280 POINTS 118 1791435968.8349671
START valkey mainc55e52c9-mixed-zset-8388608-zadd_random_zpopmin-c2560-20261008 1791435968.8350792
COMPLETE valkey ZADD_RANDOM_ZPOPMIN 8388608 2560 POINTS 119 1791436009.956136
START valkey mainc55e52c9-mixed-zset-8388608-zadd_random_zpopmin-c5120-20261008 1791436009.9562325
COMPLETE valkey ZADD_RANDOM_ZPOPMIN 8388608 5120 POINTS 120 1791436056.0756364
START valkey mainc55e52c9-mixed-zset-8388608-zadd_tail_zpopmin-c80-20261008 1791436056.0757337
COMPLETE valkey ZADD_TAIL_ZPOPMIN 8388608 80 POINTS 121 1791436091.1866598
START valkey mainc55e52c9-mixed-zset-8388608-zadd_tail_zpopmin-c320-20261008 1791436091.1867595
COMPLETE valkey ZADD_TAIL_ZPOPMIN 8388608 320 POINTS 122 1791436127.3162756
START valkey mainc55e52c9-mixed-zset-8388608-zadd_tail_zpopmin-c1280-20261008 1791436127.3163767
COMPLETE valkey ZADD_TAIL_ZPOPMIN 8388608 1280 POINTS 123 1791436165.4290738
START valkey mainc55e52c9-mixed-zset-8388608-zadd_tail_zpopmin-c2560-20261008 1791436165.4291756
COMPLETE valkey ZADD_TAIL_ZPOPMIN 8388608 2560 POINTS 124 1791436206.5433044
START valkey mainc55e52c9-mixed-zset-8388608-zadd_tail_zpopmin-c5120-20261008 1791436206.5434046
COMPLETE valkey ZADD_TAIL_ZPOPMIN 8388608 5120 POINTS 125 1791436252.659036
START valkey mainc55e52c9-mixed-list-104857600-lpush_rpop-c80-20261008 1791436252.6591425
COMPLETE valkey LPUSH_RPOP 104857600 80 POINTS 126 1791436289.7735898
START valkey mainc55e52c9-mixed-list-104857600-lpush_rpop-c320-20261008 1791436289.773689
COMPLETE valkey LPUSH_RPOP 104857600 320 POINTS 127 1791436327.884441
START valkey mainc55e52c9-mixed-list-104857600-lpush_rpop-c1280-20261008 1791436327.884542
COMPLETE valkey LPUSH_RPOP 104857600 1280 POINTS 128 1791436368.9994373
START valkey mainc55e52c9-mixed-list-104857600-lpush_rpop-c2560-20261008 1791436368.9995372
COMPLETE valkey LPUSH_RPOP 104857600 2560 POINTS 129 1791436412.1167855
START valkey mainc55e52c9-mixed-list-104857600-lpush_rpop-c5120-20261008 1791436412.1168864
COMPLETE valkey LPUSH_RPOP 104857600 5120 POINTS 130 1791436460.230611
START valkey mainc55e52c9-mixed-list-104857600-rpush_lpop-c80-20261008 1791436460.230713
COMPLETE valkey RPUSH_LPOP 104857600 80 POINTS 131 1791436497.3432693
START valkey mainc55e52c9-mixed-list-104857600-rpush_lpop-c320-20261008 1791436497.3433702
COMPLETE valkey RPUSH_LPOP 104857600 320 POINTS 132 1791436535.4664674
START valkey mainc55e52c9-mixed-list-104857600-rpush_lpop-c1280-20261008 1791436535.4665723
COMPLETE valkey RPUSH_LPOP 104857600 1280 POINTS 133 1791436575.5804844
START valkey mainc55e52c9-mixed-list-104857600-rpush_lpop-c2560-20261008 1791436575.5805857
COMPLETE valkey RPUSH_LPOP 104857600 2560 POINTS 134 1791436618.7002096
START valkey mainc55e52c9-mixed-list-104857600-rpush_lpop-c5120-20261008 1791436618.7003136
COMPLETE valkey RPUSH_LPOP 104857600 5120 POINTS 135 1791436665.81751
START valkey mainc55e52c9-mixed-zset-104857600-zadd_head_zpopmax-c80-20261008 1791436665.817616
COMPLETE valkey ZADD_HEAD_ZPOPMAX 104857600 80 POINTS 136 1791436703.9312665
START valkey mainc55e52c9-mixed-zset-104857600-zadd_head_zpopmax-c320-20261008 1791436703.9313684
COMPLETE valkey ZADD_HEAD_ZPOPMAX 104857600 320 POINTS 137 1791436742.0483236
START valkey mainc55e52c9-mixed-zset-104857600-zadd_head_zpopmax-c1280-20261008 1791436742.048428
COMPLETE valkey ZADD_HEAD_ZPOPMAX 104857600 1280 POINTS 138 1791436783.1598556
START valkey mainc55e52c9-mixed-zset-104857600-zadd_head_zpopmax-c2560-20261008 1791436783.1599581
COMPLETE valkey ZADD_HEAD_ZPOPMAX 104857600 2560 POINTS 139 1791436826.2770355
START valkey mainc55e52c9-mixed-zset-104857600-zadd_head_zpopmax-c5120-20261008 1791436826.277149
COMPLETE valkey ZADD_HEAD_ZPOPMAX 104857600 5120 POINTS 140 1791436874.3923535
START valkey mainc55e52c9-mixed-zset-104857600-zadd_random_zpopmin-c80-20261008 1791436874.3924606
COMPLETE valkey ZADD_RANDOM_ZPOPMIN 104857600 80 POINTS 141 1791436911.5079129
START valkey mainc55e52c9-mixed-zset-104857600-zadd_random_zpopmin-c320-20261008 1791436911.5080318
COMPLETE valkey ZADD_RANDOM_ZPOPMIN 104857600 320 POINTS 142 1791436949.623841
START valkey mainc55e52c9-mixed-zset-104857600-zadd_random_zpopmin-c1280-20261008 1791436949.6239479
COMPLETE valkey ZADD_RANDOM_ZPOPMIN 104857600 1280 POINTS 143 1791436989.7354977
START valkey mainc55e52c9-mixed-zset-104857600-zadd_random_zpopmin-c2560-20261008 1791436989.7356048
COMPLETE valkey ZADD_RANDOM_ZPOPMIN 104857600 2560 POINTS 144 1791437032.8504765
START valkey mainc55e52c9-mixed-zset-104857600-zadd_random_zpopmin-c5120-20261008 1791437032.8505845
COMPLETE valkey ZADD_RANDOM_ZPOPMIN 104857600 5120 POINTS 145 1791437080.9654496
START valkey mainc55e52c9-mixed-zset-104857600-zadd_tail_zpopmin-c80-20261008 1791437080.96556
COMPLETE valkey ZADD_TAIL_ZPOPMIN 104857600 80 POINTS 146 1791437119.0805721
START valkey mainc55e52c9-mixed-zset-104857600-zadd_tail_zpopmin-c320-20261008 1791437119.080684
COMPLETE valkey ZADD_TAIL_ZPOPMIN 104857600 320 POINTS 147 1791437157.1952713
START valkey mainc55e52c9-mixed-zset-104857600-zadd_tail_zpopmin-c1280-20261008 1791437157.1953835
COMPLETE valkey ZADD_TAIL_ZPOPMIN 104857600 1280 POINTS 148 1791437197.31117
START valkey mainc55e52c9-mixed-zset-104857600-zadd_tail_zpopmin-c2560-20261008 1791437197.3112812
COMPLETE valkey ZADD_TAIL_ZPOPMIN 104857600 2560 POINTS 149 1791437240.4281244
START valkey mainc55e52c9-mixed-zset-104857600-zadd_tail_zpopmin-c5120-20261008 1791437240.428242
COMPLETE valkey ZADD_TAIL_ZPOPMIN 104857600 5120 POINTS 150 1791437288.5459569
START kvrocks mainc55e52c9-mixed-list-8388608-lpush_rpop-c80-20261008 1791437290.2255218
COMPLETE kvrocks LPUSH_RPOP 8388608 80 POINTS 151 1791437326.6555758
START kvrocks mainc55e52c9-mixed-list-8388608-lpush_rpop-c320-20261008 1791437326.6556823
COMPLETE kvrocks LPUSH_RPOP 8388608 320 POINTS 152 1791437364.0945241
START kvrocks mainc55e52c9-mixed-list-8388608-lpush_rpop-c1280-20261008 1791437364.0946257
COMPLETE kvrocks LPUSH_RPOP 8388608 1280 POINTS 153 1791437404.5246065
START kvrocks mainc55e52c9-mixed-list-8388608-lpush_rpop-c2560-20261008 1791437404.5247092
COMPLETE kvrocks LPUSH_RPOP 8388608 2560 POINTS 154 1791437446.9609685
START kvrocks mainc55e52c9-mixed-list-8388608-lpush_rpop-c5120-20261008 1791437446.9610891
COMPLETE kvrocks LPUSH_RPOP 8388608 5120 POINTS 155 1791437494.3968081
START kvrocks mainc55e52c9-mixed-list-8388608-rpush_lpop-c80-20261008 1791437494.3969114
COMPLETE kvrocks RPUSH_LPOP 8388608 80 POINTS 156 1791437531.835514
START kvrocks mainc55e52c9-mixed-list-8388608-rpush_lpop-c320-20261008 1791437531.8356178
COMPLETE kvrocks RPUSH_LPOP 8388608 320 POINTS 157 1791437569.2669213
START kvrocks mainc55e52c9-mixed-list-8388608-rpush_lpop-c1280-20261008 1791437569.2670484
COMPLETE kvrocks RPUSH_LPOP 8388608 1280 POINTS 158 1791437609.6999533
START kvrocks mainc55e52c9-mixed-list-8388608-rpush_lpop-c2560-20261008 1791437609.700078
COMPLETE kvrocks RPUSH_LPOP 8388608 2560 POINTS 159 1791437652.1310093
START kvrocks mainc55e52c9-mixed-list-8388608-rpush_lpop-c5120-20261008 1791437652.1311219
COMPLETE kvrocks RPUSH_LPOP 8388608 5120 POINTS 160 1791437700.578844
START kvrocks mainc55e52c9-mixed-zset-8388608-zadd_head_zpopmax-c80-20261008 1791437700.5789466
COMPLETE kvrocks ZADD_HEAD_ZPOPMAX 8388608 80 POINTS 161 1791437736.0076632
START kvrocks mainc55e52c9-mixed-zset-8388608-zadd_head_zpopmax-c320-20261008 1791437736.007767
COMPLETE kvrocks ZADD_HEAD_ZPOPMAX 8388608 320 POINTS 162 1791437771.4360898
START kvrocks mainc55e52c9-mixed-zset-8388608-zadd_head_zpopmax-c1280-20261008 1791437771.4361968
COMPLETE kvrocks ZADD_HEAD_ZPOPMAX 8388608 1280 POINTS 163 1791437808.8685904
START kvrocks mainc55e52c9-mixed-zset-8388608-zadd_head_zpopmax-c2560-20261008 1791437808.868695
COMPLETE kvrocks ZADD_HEAD_ZPOPMAX 8388608 2560 POINTS 164 1791437850.2994437
START kvrocks mainc55e52c9-mixed-zset-8388608-zadd_head_zpopmax-c5120-20261008 1791437850.2995522
COMPLETE kvrocks ZADD_HEAD_ZPOPMAX 8388608 5120 POINTS 165 1791437897.7370245
START kvrocks mainc55e52c9-mixed-zset-8388608-zadd_random_zpopmin-c80-20261008 1791437897.7371356
COMPLETE kvrocks ZADD_RANDOM_ZPOPMIN 8388608 80 POINTS 166 1791437933.1666157
START kvrocks mainc55e52c9-mixed-zset-8388608-zadd_random_zpopmin-c320-20261008 1791437933.1667218
COMPLETE kvrocks ZADD_RANDOM_ZPOPMIN 8388608 320 POINTS 167 1791437968.596426
START kvrocks mainc55e52c9-mixed-zset-8388608-zadd_random_zpopmin-c1280-20261008 1791437968.5965326
COMPLETE kvrocks ZADD_RANDOM_ZPOPMIN 8388608 1280 POINTS 168 1791438007.0264246
START kvrocks mainc55e52c9-mixed-zset-8388608-zadd_random_zpopmin-c2560-20261008 1791438007.0265336
COMPLETE kvrocks ZADD_RANDOM_ZPOPMIN 8388608 2560 POINTS 169 1791438047.4618747
START kvrocks mainc55e52c9-mixed-zset-8388608-zadd_random_zpopmin-c5120-20261008 1791438047.462007
COMPLETE kvrocks ZADD_RANDOM_ZPOPMIN 8388608 5120 POINTS 170 1791438094.8986104
START kvrocks mainc55e52c9-mixed-zset-8388608-zadd_tail_zpopmin-c80-20261008 1791438094.898719
COMPLETE kvrocks ZADD_TAIL_ZPOPMIN 8388608 80 POINTS 171 1791438130.329051
START kvrocks mainc55e52c9-mixed-zset-8388608-zadd_tail_zpopmin-c320-20261008 1791438130.3291664
COMPLETE kvrocks ZADD_TAIL_ZPOPMIN 8388608 320 POINTS 172 1791438165.7594256
START kvrocks mainc55e52c9-mixed-zset-8388608-zadd_tail_zpopmin-c1280-20261008 1791438165.7595353
COMPLETE kvrocks ZADD_TAIL_ZPOPMIN 8388608 1280 POINTS 173 1791438203.1932247
START kvrocks mainc55e52c9-mixed-zset-8388608-zadd_tail_zpopmin-c2560-20261008 1791438203.1933413
COMPLETE kvrocks ZADD_TAIL_ZPOPMIN 8388608 2560 POINTS 174 1791438244.6350951
START kvrocks mainc55e52c9-mixed-zset-8388608-zadd_tail_zpopmin-c5120-20261008 1791438244.6352098
COMPLETE kvrocks ZADD_TAIL_ZPOPMIN 8388608 5120 POINTS 175 1791438292.0681992
START kvrocks mainc55e52c9-mixed-list-104857600-lpush_rpop-c80-20261008 1791438292.068313
COMPLETE kvrocks LPUSH_RPOP 104857600 80 POINTS 176 1791438331.503422
START kvrocks mainc55e52c9-mixed-list-104857600-lpush_rpop-c320-20261008 1791438331.503529
COMPLETE kvrocks LPUSH_RPOP 104857600 320 POINTS 177 1791438371.9566517
START kvrocks mainc55e52c9-mixed-list-104857600-lpush_rpop-c1280-20261008 1791438371.9567628
COMPLETE kvrocks LPUSH_RPOP 104857600 1280 POINTS 178 1791438415.4260147
START kvrocks mainc55e52c9-mixed-list-104857600-lpush_rpop-c2560-20261008 1791438415.4261334
COMPLETE kvrocks LPUSH_RPOP 104857600 2560 POINTS 179 1791438461.8679392
START kvrocks mainc55e52c9-mixed-list-104857600-lpush_rpop-c5120-20261008 1791438461.8680706
COMPLETE kvrocks LPUSH_RPOP 104857600 5120 POINTS 180 1791438514.309365
START kvrocks mainc55e52c9-mixed-list-104857600-rpush_lpop-c80-20261008 1791438514.309476
COMPLETE kvrocks RPUSH_LPOP 104857600 80 POINTS 181 1791438553.7558606
START kvrocks mainc55e52c9-mixed-list-104857600-rpush_lpop-c320-20261008 1791438553.755995
COMPLETE kvrocks RPUSH_LPOP 104857600 320 POINTS 182 1791438594.19275
START kvrocks mainc55e52c9-mixed-list-104857600-rpush_lpop-c1280-20261008 1791438594.192863
COMPLETE kvrocks RPUSH_LPOP 104857600 1280 POINTS 183 1791438637.6444235
START kvrocks mainc55e52c9-mixed-list-104857600-rpush_lpop-c2560-20261008 1791438637.644534
COMPLETE kvrocks RPUSH_LPOP 104857600 2560 POINTS 184 1791438684.085046
START kvrocks mainc55e52c9-mixed-list-104857600-rpush_lpop-c5120-20261008 1791438684.0851667
COMPLETE kvrocks RPUSH_LPOP 104857600 5120 POINTS 185 1791438735.5341568
START kvrocks mainc55e52c9-mixed-zset-104857600-zadd_head_zpopmax-c80-20261008 1791438735.534277
COMPLETE kvrocks ZADD_HEAD_ZPOPMAX 104857600 80 POINTS 186 1791438774.9742653
START kvrocks mainc55e52c9-mixed-zset-104857600-zadd_head_zpopmax-c320-20261008 1791438774.9743838
COMPLETE kvrocks ZADD_HEAD_ZPOPMAX 104857600 320 POINTS 187 1791438815.4136128
START kvrocks mainc55e52c9-mixed-zset-104857600-zadd_head_zpopmax-c1280-20261008 1791438815.413725
COMPLETE kvrocks ZADD_HEAD_ZPOPMAX 104857600 1280 POINTS 188 1791438858.855411
START kvrocks mainc55e52c9-mixed-zset-104857600-zadd_head_zpopmax-c2560-20261008 1791438858.8555312
COMPLETE kvrocks ZADD_HEAD_ZPOPMAX 104857600 2560 POINTS 189 1791438905.2907228
START kvrocks mainc55e52c9-mixed-zset-104857600-zadd_head_zpopmax-c5120-20261008 1791438905.2908425
COMPLETE kvrocks ZADD_HEAD_ZPOPMAX 104857600 5120 POINTS 190 1791438959.7352223
START kvrocks mainc55e52c9-mixed-zset-104857600-zadd_random_zpopmin-c80-20261008 1791438959.7353349
COMPLETE kvrocks ZADD_RANDOM_ZPOPMIN 104857600 80 POINTS 191 1791438999.1761932
START kvrocks mainc55e52c9-mixed-zset-104857600-zadd_random_zpopmin-c320-20261008 1791438999.17631
COMPLETE kvrocks ZADD_RANDOM_ZPOPMIN 104857600 320 POINTS 192 1791439039.6085966
START kvrocks mainc55e52c9-mixed-zset-104857600-zadd_random_zpopmin-c1280-20261008 1791439039.6087162
COMPLETE kvrocks ZADD_RANDOM_ZPOPMIN 104857600 1280 POINTS 193 1791439083.0501888
START kvrocks mainc55e52c9-mixed-zset-104857600-zadd_random_zpopmin-c2560-20261008 1791439083.0503793
COMPLETE kvrocks ZADD_RANDOM_ZPOPMIN 104857600 2560 POINTS 194 1791439129.4956684
START kvrocks mainc55e52c9-mixed-zset-104857600-zadd_random_zpopmin-c5120-20261008 1791439129.4957867
COMPLETE kvrocks ZADD_RANDOM_ZPOPMIN 104857600 5120 POINTS 195 1791439182.9375966
START kvrocks mainc55e52c9-mixed-zset-104857600-zadd_tail_zpopmin-c80-20261008 1791439182.9377177
COMPLETE kvrocks ZADD_TAIL_ZPOPMIN 104857600 80 POINTS 196 1791439223.36989
START kvrocks mainc55e52c9-mixed-zset-104857600-zadd_tail_zpopmin-c320-20261008 1791439223.3700256
COMPLETE kvrocks ZADD_TAIL_ZPOPMIN 104857600 320 POINTS 197 1791439263.8096044
START kvrocks mainc55e52c9-mixed-zset-104857600-zadd_tail_zpopmin-c1280-20261008 1791439263.8097913
COMPLETE kvrocks ZADD_TAIL_ZPOPMIN 104857600 1280 POINTS 198 1791439307.254603
START kvrocks mainc55e52c9-mixed-zset-104857600-zadd_tail_zpopmin-c2560-20261008 1791439307.2547927
COMPLETE kvrocks ZADD_TAIL_ZPOPMIN 104857600 2560 POINTS 199 1791439353.701902
START kvrocks mainc55e52c9-mixed-zset-104857600-zadd_tail_zpopmin-c5120-20261008 1791439353.7020426
COMPLETE kvrocks ZADD_TAIL_ZPOPMIN 104857600 5120 POINTS 200 1791439406.1366305
Traceback (most recent call last):
  File "/mnt/dev/lavik-complex-refresh-20261004/perf_reports/lavik-complex-structures-2026-09-26/kvrocks_host.py", line 106, in <module>
    restore()
  File "/mnt/dev/lavik-complex-refresh-20261004/perf_reports/lavik-complex-structures-2026-09-26/kvrocks_host.py", line 90, in restore
    assert set(prepared["members"]) == set(spdk_host.checked_kernel_devices().values())
                                           ^^^^^^^^^^^^^^^^^^^^^^^^^^^^^^^^^^
  File "/mnt/dev/lavik-complex-refresh-20261004/perf_reports/lavik-complex-structures-2026-09-26/spdk_host.py", line 52, in checked_kernel_devices
    assert subprocess.run(["fuser", str(device)],
           ^^^^^^^^^^^^^^^^^^^^^^^^^^^^^^^^^^^^^^
AssertionError: /dev/nvme5n1
Traceback (most recent call last):
  File "/mnt/dev/lavik-main-c55e52c9-20261008/run-mixed-suite.py", line 164, in <module>
    host(product, 'restore')
  File "/mnt/dev/lavik-main-c55e52c9-20261008/run-mixed-suite.py", line 61, in host
    execute(['sudo', '-n', 'python3', str(R / 'kvrocks_host.py'), action,
  File "/mnt/dev/lavik-main-c55e52c9-20261008/process_helpers.py", line 8, in execute
    if code:raise subprocess.CalledProcessError(code,argv)
            ^^^^^^^^^^^^^^^^^^^^^^^^^^^^^^^^^^^^^^^^^^^^^^
subprocess.CalledProcessError: Command '['sudo', '-n', 'python3', '/mnt/dev/lavik-complex-refresh-20261004/perf_reports/lavik-complex-structures-2026-09-26/kvrocks_host.py', 'restore']' returned non-zero exit status 1.
RAID_CLEANUP_RETRY_VERIFIED 1791439535.460742 mixed-cleanup-retry.json
ALL_FOUR_SYSTEM_MIXED_WRITES_COMPLETE 1791439535.461163
