WAIT_FOR_HOST_LOCK pr289-rank-list-performance-pairs 1573494 1791452585.0651612
HOST_LOCK_ACQUIRED pr289-rank-list-performance-pairs 1573494 1791452585.0651977
START perf-mainc55e52c9-pr289-list-8388608-rpush_lpop-r3-20261008 1791452585.5654032
discard c08bc35101567ebd0001 /dev/nvme3n1
discard c08bc35101567ebd0002 /dev/nvme5n1
discard c08bc35101567ebd0003 /dev/nvme4n1
discard c08bc35101567ebd0004 /dev/nvme2n1
discard c08bc35101567ebd0005 /dev/nvme1n1
discard c08bc35101567ebd0006 /dev/nvme6n1
COMPLETE perf-mainc55e52c9-pr289-list-8388608-rpush_lpop-r3-20261008 53701.17 22.265 1791452669.2960913
START perf-pr289c8f128dc-pr289-list-8388608-rpush_lpop-r3-20261008 1791452669.79486
discard c08bc35101567ebd0001 /dev/nvme3n1
discard c08bc35101567ebd0002 /dev/nvme5n1
discard c08bc35101567ebd0003 /dev/nvme4n1
discard c08bc35101567ebd0004 /dev/nvme2n1
discard c08bc35101567ebd0005 /dev/nvme1n1
discard c08bc35101567ebd0006 /dev/nvme6n1
COMPLETE perf-pr289c8f128dc-pr289-list-8388608-rpush_lpop-r3-20261008 50562.12 35.557 1791452750.5173826
SMALL_LIST_PROFILES_COMPLETE
WAIT_FOR_HOST_LOCK pr289-post-measurement-analysis 1564745 1791452750.5257154
HOST_LOCK_ACQUIRED pr289-post-measurement-analysis 1564745 1791452750.5257397
START_ANALYSIS analyze.py 1791452751.8780537
8 LPUSH_RPOP 3 pairs 11980.6 -> 45907.2 QPS (3.832x), p99 -74.80%
8 RPUSH_LPOP 3 pairs 54419.0 -> 45874.4 QPS (0.847x), p99 +163.27%
100 LPUSH_RPOP 3 pairs 5540.3 -> 49175.7 QPS (8.833x), p99 -84.80%
100 RPUSH_LPOP 3 pairs 23336.1 -> 52442.6 QPS (2.247x), p99 -45.48%
8 ZRANK 3 pairs 1233.7 -> 241374.9 QPS (194.867x), p99 -99.62%
8 ZREVRANK 3 pairs 1367.3 -> 247321.1 QPS (180.878x), p99 -99.74%
100 ZRANK 3 pairs 94.1 -> 222097.3 QPS (2351.161x), p99 -99.95%
100 ZREVRANK 3 pairs 92.3 -> 221534.1 QPS (2400.220x), p99 -99.95%
ALL_48_PR289_POINTS_AUDITED
PASS_ANALYSIS analyze.py 1791452751.9301112
START_ANALYSIS summarize-perf.py 1791452751.930127
list LPUSH_RPOP main samples 10490 inclusive {'release': 0.35271687321258344, 'allocate': 7.6549094375595805, 'cow_array': 31.696854146806483, 'copy': 0.42897998093422307, 'directory_apply': 0.028598665395614873} self {'allocate': 5.224022878932317, 'cow_array': 2.688274547187798, 'copy': 0.4099142040038132, 'directory_apply': 0.028598665395614873, 'release': 0.03813155386081983}
list LPUSH_RPOP pr289 samples 14133 inclusive {'release': 0.9127573763532159, 'allocate': 3.6793320597183894, 'copy': 1.4292789924290668, 'cow_array': 1.556640486803934, 'directory_apply': 4.372744640203778, 'directory_build': 0.4457652303120357, 'rank_lookup': 0.10613457864572277} self {'allocate': 2.23590179013656, 'copy': 1.365598245241633, 'cow_array': 0.5660510861105215, 'directory_apply': 0.12028585579848582, 'rank_lookup': 0.03537819288190759, 'release': 0.014151277152763037}
list RPUSH_LPOP main samples 12194 inclusive {'cow_array': 14.45793012957192, 'allocate': 5.289486632770215, 'copy': 1.3449237329834345, 'release': 0.42643923240938164, 'directory_apply': 0.0574052812858783} self {'cow_array': 1.8615712645563391, 'copy': 1.2875184516975562, 'allocate': 3.5673281941938657, 'release': 0.024602263408233557, 'directory_apply': 0.0574052812858783}
list RPUSH_LPOP pr289 samples 15041 inclusive {'allocate': 3.3175985639252707, 'copy': 1.6754205172528422, 'directory_apply': 2.612858187620504, 'release': 0.6847948939565188, 'cow_array': 1.3429958114487068, 'rank_lookup': 0.05983644704474436} self {'allocate': 1.8948208230835715, 'copy': 1.6089355760920152, 'cow_array': 0.5983644704474437, 'release': 0.039890964696496244, 'directory_apply': 0.0930789176251579, 'rank_lookup': 0.019945482348248122}
zset ZRANK main samples 9855 inclusive {'cow_array': 0.4972095383054287, 'allocate': 0.5885337392186707, 'release': 0.121765601217656, 'copy': 0.26382546930492135, 'ordered_page_read': 0.15220700152207} self {'cow_array': 0.4972095383054287, 'allocate': 0.35514967021816335, 'copy': 0.26382546930492135, 'ordered_page_read': 0.010147133434804667}
zset ZRANK pr289 samples 21905 inclusive {'allocate': 1.8671536178954578, 'copy': 0.8582515407441224, 'release': 0.3469527505135814, 'cow_array': 0.520429125770372, 'member_lookup': 1.5110705318420452, 'rank_lookup': 0.17804154302670624, 'ordered_page_read': 0.06391234877881762} self {'copy': 0.7989043597352202, 'allocate': 0.6436886555580917, 'member_lookup': 0.360648253823328, 'rank_lookup': 0.08673818762839534, 'cow_array': 0.1232595297877197, 'ordered_page_read': 0.00913033553983109}
list RPUSH_LPOP main samples 14769 inclusive {'release': 0.6026135825038933, 'allocate': 3.0807773038120385, 'copy': 1.7875279301239082, 'cow_array': 2.8031687995124925, 'directory_apply': 0.07448033042182951} self {'copy': 1.6791929040557925, 'allocate': 1.9432595300968245, 'cow_array': 0.507820434694292, 'directory_apply': 0.06093845216331505, 'release': 0.020312817387771683}
list RPUSH_LPOP pr289 samples 13816 inclusive {'allocate': 3.0833815865663, 'copy': 1.563404748118124, 'directory_apply': 2.3089171974522293, 'cow_array': 1.0784597568037058, 'release': 0.7889403590040532, 'rank_lookup': 0.02895193977996526} self {'copy': 1.5127388535031847, 'allocate': 1.7226404169079328, 'cow_array': 0.3980891719745223, 'directory_apply': 0.18094962362478287, 'release': 0.007237984944991315, 'rank_lookup': 0.02895193977996526}
PASS_ANALYSIS summarize-perf.py 1791452781.4336703
START_ANALYSIS plot.py 1791452781.433694
PR289_PLOTS_COMPLETE
PASS_ANALYSIS plot.py 1791452782.2381868
START_ANALYSIS write-report.py 1791452782.2382233
PR289_REPORT_WRITTEN
PASS_ANALYSIS write-report.py 1791452782.2625177
ALL_PR289_ANALYSIS_COMPLETE 1791452782.2625332
