WAIT_FOR_HOST_LOCK pr289-rank-list-performance-pairs 1545233 1791449154.4699183
HOST_LOCK_ACQUIRED pr289-rank-list-performance-pairs 1545233 1791449154.4699419
START mainc55e52c9-pr289-list-8388608-lpush_rpop-r1-20261008 1791449154.969393
discard c08bc35101567ebd0001 /dev/nvme3n1
discard c08bc35101567ebd0002 /dev/nvme5n1
discard c08bc35101567ebd0003 /dev/nvme4n1
discard c08bc35101567ebd0004 /dev/nvme2n1
discard c08bc35101567ebd0005 /dev/nvme1n1
discard c08bc35101567ebd0006 /dev/nvme6n1
COMPLETE mainc55e52c9-pr289-list-8388608-lpush_rpop-r1-20261008 11900.81 117.404 1791449208.5734043
CLEAN_PROGRESS 1 /48
START pr289c8f128dc-pr289-list-8388608-lpush_rpop-r1-20261008 1791449209.0787272
discard c08bc35101567ebd0001 /dev/nvme3n1
discard c08bc35101567ebd0002 /dev/nvme5n1
discard c08bc35101567ebd0003 /dev/nvme4n1
discard c08bc35101567ebd0004 /dev/nvme2n1
discard c08bc35101567ebd0005 /dev/nvme1n1
discard c08bc35101567ebd0006 /dev/nvme6n1
COMPLETE pr289c8f128dc-pr289-list-8388608-lpush_rpop-r1-20261008 45602.92 32.439 1791449260.7336307
CLEAN_PROGRESS 2 /48
START mainc55e52c9-pr289-list-8388608-rpush_lpop-r1-20261008 1791449261.2383773
discard c08bc35101567ebd0001 /dev/nvme3n1
discard c08bc35101567ebd0002 /dev/nvme5n1
discard c08bc35101567ebd0003 /dev/nvme4n1
discard c08bc35101567ebd0004 /dev/nvme2n1
discard c08bc35101567ebd0005 /dev/nvme1n1
discard c08bc35101567ebd0006 /dev/nvme6n1
COMPLETE mainc55e52c9-pr289-list-8388608-rpush_lpop-r1-20261008 54186.34 22.582 1791449314.8449702
CLEAN_PROGRESS 3 /48
START pr289c8f128dc-pr289-list-8388608-rpush_lpop-r1-20261008 1791449315.3494818
discard c08bc35101567ebd0001 /dev/nvme3n1
discard c08bc35101567ebd0002 /dev/nvme5n1
discard c08bc35101567ebd0003 /dev/nvme4n1
discard c08bc35101567ebd0004 /dev/nvme2n1
discard c08bc35101567ebd0005 /dev/nvme1n1
discard c08bc35101567ebd0006 /dev/nvme6n1
COMPLETE pr289c8f128dc-pr289-list-8388608-rpush_lpop-r1-20261008 45874.44 59.45 1791449368.9269323
CLEAN_PROGRESS 4 /48
START mainc55e52c9-pr289-zset-8388608-zrank-r1-20261008 1791449369.4320176
discard c08bc35101567ebd0001 /dev/nvme3n1
discard c08bc35101567ebd0002 /dev/nvme5n1
discard c08bc35101567ebd0003 /dev/nvme4n1
discard c08bc35101567ebd0004 /dev/nvme2n1
discard c08bc35101567ebd0005 /dev/nvme1n1
discard c08bc35101567ebd0006 /dev/nvme6n1
COMPLETE mainc55e52c9-pr289-zset-8388608-zrank-r1-20261008 1250.61 960.747 1791449421.9894838
CLEAN_PROGRESS 5 /48
START pr289c8f128dc-pr289-zset-8388608-zrank-r1-20261008 1791449422.49446
discard c08bc35101567ebd0001 /dev/nvme3n1
discard c08bc35101567ebd0002 /dev/nvme5n1
discard c08bc35101567ebd0003 /dev/nvme4n1
discard c08bc35101567ebd0004 /dev/nvme2n1
discard c08bc35101567ebd0005 /dev/nvme1n1
discard c08bc35101567ebd0006 /dev/nvme6n1
COMPLETE pr289c8f128dc-pr289-zset-8388608-zrank-r1-20261008 242853.57 4.238 1791449475.1119196
CLEAN_PROGRESS 6 /48
START mainc55e52c9-pr289-zset-8388608-zrevrank-r1-20261008 1791449475.6175733
discard c08bc35101567ebd0001 /dev/nvme3n1
discard c08bc35101567ebd0002 /dev/nvme5n1
discard c08bc35101567ebd0003 /dev/nvme4n1
discard c08bc35101567ebd0004 /dev/nvme2n1
discard c08bc35101567ebd0005 /dev/nvme1n1
discard c08bc35101567ebd0006 /dev/nvme6n1
COMPLETE mainc55e52c9-pr289-zset-8388608-zrevrank-r1-20261008 1367.33 1545.495 1791449528.3338966
CLEAN_PROGRESS 7 /48
START pr289c8f128dc-pr289-zset-8388608-zrevrank-r1-20261008 1791449528.8393419
discard c08bc35101567ebd0001 /dev/nvme3n1
discard c08bc35101567ebd0002 /dev/nvme5n1
discard c08bc35101567ebd0003 /dev/nvme4n1
discard c08bc35101567ebd0004 /dev/nvme2n1
discard c08bc35101567ebd0005 /dev/nvme1n1
discard c08bc35101567ebd0006 /dev/nvme6n1
COMPLETE pr289c8f128dc-pr289-zset-8388608-zrevrank-r1-20261008 247321.12 4.076 1791449582.4895997
CLEAN_PROGRESS 8 /48
START mainc55e52c9-pr289-list-104857600-lpush_rpop-r1-20261008 1791449582.9949079
discard c08bc35101567ebd0001 /dev/nvme3n1
discard c08bc35101567ebd0002 /dev/nvme5n1
discard c08bc35101567ebd0003 /dev/nvme4n1
discard c08bc35101567ebd0004 /dev/nvme2n1
discard c08bc35101567ebd0005 /dev/nvme1n1
discard c08bc35101567ebd0006 /dev/nvme6n1
COMPLETE mainc55e52c9-pr289-list-104857600-lpush_rpop-r1-20261008 5533.15 217.428 1791449638.5851567
CLEAN_PROGRESS 9 /48
START pr289c8f128dc-pr289-list-104857600-lpush_rpop-r1-20261008 1791449639.0906243
discard c08bc35101567ebd0001 /dev/nvme3n1
discard c08bc35101567ebd0002 /dev/nvme5n1
discard c08bc35101567ebd0003 /dev/nvme4n1
discard c08bc35101567ebd0004 /dev/nvme2n1
discard c08bc35101567ebd0005 /dev/nvme1n1
discard c08bc35101567ebd0006 /dev/nvme6n1
COMPLETE pr289c8f128dc-pr289-list-104857600-lpush_rpop-r1-20261008 49257.61 27.43 1791449692.6805787
CLEAN_PROGRESS 10 /48
START mainc55e52c9-pr289-list-104857600-rpush_lpop-r1-20261008 1791449693.186056
discard c08bc35101567ebd0001 /dev/nvme3n1
discard c08bc35101567ebd0002 /dev/nvme5n1
discard c08bc35101567ebd0003 /dev/nvme4n1
discard c08bc35101567ebd0004 /dev/nvme2n1
discard c08bc35101567ebd0005 /dev/nvme1n1
discard c08bc35101567ebd0006 /dev/nvme6n1
COMPLETE mainc55e52c9-pr289-list-104857600-rpush_lpop-r1-20261008 23304.16 48.945 1791449748.8599954
CLEAN_PROGRESS 11 /48
START pr289c8f128dc-pr289-list-104857600-rpush_lpop-r1-20261008 1791449749.3660157
discard c08bc35101567ebd0001 /dev/nvme3n1
discard c08bc35101567ebd0002 /dev/nvme5n1
discard c08bc35101567ebd0003 /dev/nvme4n1
discard c08bc35101567ebd0004 /dev/nvme2n1
discard c08bc35101567ebd0005 /dev/nvme1n1
discard c08bc35101567ebd0006 /dev/nvme6n1
COMPLETE pr289c8f128dc-pr289-list-104857600-rpush_lpop-r1-20261008 57408.8 21.006 1791449804.971297
CLEAN_PROGRESS 12 /48
START mainc55e52c9-pr289-zset-104857600-zrank-r1-20261008 1791449805.4774094
discard c08bc35101567ebd0001 /dev/nvme3n1
discard c08bc35101567ebd0002 /dev/nvme5n1
discard c08bc35101567ebd0003 /dev/nvme4n1
discard c08bc35101567ebd0004 /dev/nvme2n1
discard c08bc35101567ebd0005 /dev/nvme1n1
discard c08bc35101567ebd0006 /dev/nvme6n1
COMPLETE mainc55e52c9-pr289-zset-104857600-zrank-r1-20261008 86.99 14271.037 1791449886.0631614
CLEAN_PROGRESS 13 /48
START pr289c8f128dc-pr289-zset-104857600-zrank-r1-20261008 1791449886.5694664
discard c08bc35101567ebd0001 /dev/nvme3n1
discard c08bc35101567ebd0002 /dev/nvme5n1
discard c08bc35101567ebd0003 /dev/nvme4n1
discard c08bc35101567ebd0004 /dev/nvme2n1
discard c08bc35101567ebd0005 /dev/nvme1n1
discard c08bc35101567ebd0006 /dev/nvme6n1
COMPLETE pr289c8f128dc-pr289-zset-104857600-zrank-r1-20261008 222383.41 4.784 1791449962.1343048
CLEAN_PROGRESS 14 /48
START mainc55e52c9-pr289-zset-104857600-zrevrank-r1-20261008 1791449962.6408768
discard c08bc35101567ebd0001 /dev/nvme3n1
discard c08bc35101567ebd0002 /dev/nvme5n1
discard c08bc35101567ebd0003 /dev/nvme4n1
discard c08bc35101567ebd0004 /dev/nvme2n1
discard c08bc35101567ebd0005 /dev/nvme1n1
discard c08bc35101567ebd0006 /dev/nvme6n1
COMPLETE mainc55e52c9-pr289-zset-104857600-zrevrank-r1-20261008 92.3 9499.713 1791450041.2967055
CLEAN_PROGRESS 15 /48
START pr289c8f128dc-pr289-zset-104857600-zrevrank-r1-20261008 1791450041.8035786
discard c08bc35101567ebd0001 /dev/nvme3n1
discard c08bc35101567ebd0002 /dev/nvme5n1
discard c08bc35101567ebd0003 /dev/nvme4n1
discard c08bc35101567ebd0004 /dev/nvme2n1
discard c08bc35101567ebd0005 /dev/nvme1n1
discard c08bc35101567ebd0006 /dev/nvme6n1
COMPLETE pr289c8f128dc-pr289-zset-104857600-zrevrank-r1-20261008 221534.06 4.824 1791450117.3782349
CLEAN_PROGRESS 16 /48
START pr289c8f128dc-pr289-list-8388608-lpush_rpop-r2-20261008 1791450117.8843808
discard c08bc35101567ebd0001 /dev/nvme3n1
discard c08bc35101567ebd0002 /dev/nvme5n1
discard c08bc35101567ebd0003 /dev/nvme4n1
discard c08bc35101567ebd0004 /dev/nvme2n1
discard c08bc35101567ebd0005 /dev/nvme1n1
discard c08bc35101567ebd0006 /dev/nvme6n1
COMPLETE pr289c8f128dc-pr289-list-8388608-lpush_rpop-r2-20261008 45958.58 30.499 1791450169.5056024
CLEAN_PROGRESS 17 /48
START mainc55e52c9-pr289-list-8388608-lpush_rpop-r2-20261008 1791450170.0116775
discard c08bc35101567ebd0001 /dev/nvme3n1
discard c08bc35101567ebd0002 /dev/nvme5n1
discard c08bc35101567ebd0003 /dev/nvme4n1
discard c08bc35101567ebd0004 /dev/nvme2n1
discard c08bc35101567ebd0005 /dev/nvme1n1
discard c08bc35101567ebd0006 /dev/nvme6n1
COMPLETE mainc55e52c9-pr289-list-8388608-lpush_rpop-r2-20261008 11980.57 121.305 1791450221.5995226
CLEAN_PROGRESS 18 /48
START pr289c8f128dc-pr289-list-8388608-rpush_lpop-r2-20261008 1791450222.105828
discard c08bc35101567ebd0001 /dev/nvme3n1
discard c08bc35101567ebd0002 /dev/nvme5n1
discard c08bc35101567ebd0003 /dev/nvme4n1
discard c08bc35101567ebd0004 /dev/nvme2n1
discard c08bc35101567ebd0005 /dev/nvme1n1
discard c08bc35101567ebd0006 /dev/nvme6n1
COMPLETE pr289c8f128dc-pr289-list-8388608-rpush_lpop-r2-20261008 56833.88 20.858 1791450275.6629496
CLEAN_PROGRESS 19 /48
START mainc55e52c9-pr289-list-8388608-rpush_lpop-r2-20261008 1791450276.1691582
discard c08bc35101567ebd0001 /dev/nvme3n1
discard c08bc35101567ebd0002 /dev/nvme5n1
discard c08bc35101567ebd0003 /dev/nvme4n1
discard c08bc35101567ebd0004 /dev/nvme2n1
discard c08bc35101567ebd0005 /dev/nvme1n1
discard c08bc35101567ebd0006 /dev/nvme6n1
COMPLETE mainc55e52c9-pr289-list-8388608-rpush_lpop-r2-20261008 54550.23 22.848 1791450329.7395399
CLEAN_PROGRESS 20 /48
START pr289c8f128dc-pr289-zset-8388608-zrank-r2-20261008 1791450330.24582
discard c08bc35101567ebd0001 /dev/nvme3n1
discard c08bc35101567ebd0002 /dev/nvme5n1
discard c08bc35101567ebd0003 /dev/nvme4n1
discard c08bc35101567ebd0004 /dev/nvme2n1
discard c08bc35101567ebd0005 /dev/nvme1n1
discard c08bc35101567ebd0006 /dev/nvme6n1
COMPLETE pr289c8f128dc-pr289-zset-8388608-zrank-r2-20261008 240409.17 4.543 1791450382.82259
CLEAN_PROGRESS 21 /48
START mainc55e52c9-pr289-zset-8388608-zrank-r2-20261008 1791450383.3286235
discard c08bc35101567ebd0001 /dev/nvme3n1
discard c08bc35101567ebd0002 /dev/nvme5n1
discard c08bc35101567ebd0003 /dev/nvme4n1
discard c08bc35101567ebd0004 /dev/nvme2n1
discard c08bc35101567ebd0005 /dev/nvme1n1
discard c08bc35101567ebd0006 /dev/nvme6n1
COMPLETE mainc55e52c9-pr289-zset-8388608-zrank-r2-20261008 1233.71 1207.312 1791450435.8981628
CLEAN_PROGRESS 22 /48
START pr289c8f128dc-pr289-zset-8388608-zrevrank-r2-20261008 1791450436.4045074
discard c08bc35101567ebd0001 /dev/nvme3n1
discard c08bc35101567ebd0002 /dev/nvme5n1
discard c08bc35101567ebd0003 /dev/nvme4n1
discard c08bc35101567ebd0004 /dev/nvme2n1
discard c08bc35101567ebd0005 /dev/nvme1n1
discard c08bc35101567ebd0006 /dev/nvme6n1
COMPLETE pr289c8f128dc-pr289-zset-8388608-zrevrank-r2-20261008 236713.08 4.609 1791450488.9481215
CLEAN_PROGRESS 23 /48
START mainc55e52c9-pr289-zset-8388608-zrevrank-r2-20261008 1791450489.4543176
discard c08bc35101567ebd0001 /dev/nvme3n1
discard c08bc35101567ebd0002 /dev/nvme5n1
discard c08bc35101567ebd0003 /dev/nvme4n1
discard c08bc35101567ebd0004 /dev/nvme2n1
discard c08bc35101567ebd0005 /dev/nvme1n1
discard c08bc35101567ebd0006 /dev/nvme6n1
COMPLETE mainc55e52c9-pr289-zset-8388608-zrevrank-r2-20261008 1402.45 1216.424 1791450542.0434258
CLEAN_PROGRESS 24 /48
START pr289c8f128dc-pr289-list-104857600-lpush_rpop-r2-20261008 1791450542.5501847
discard c08bc35101567ebd0001 /dev/nvme3n1
discard c08bc35101567ebd0002 /dev/nvme5n1
discard c08bc35101567ebd0003 /dev/nvme4n1
discard c08bc35101567ebd0004 /dev/nvme2n1
discard c08bc35101567ebd0005 /dev/nvme1n1
discard c08bc35101567ebd0006 /dev/nvme6n1
COMPLETE pr289c8f128dc-pr289-list-104857600-lpush_rpop-r2-20261008 49175.74 26.982 1791450596.0872476
CLEAN_PROGRESS 25 /48
START mainc55e52c9-pr289-list-104857600-lpush_rpop-r2-20261008 1791450596.5939486
discard c08bc35101567ebd0001 /dev/nvme3n1
discard c08bc35101567ebd0002 /dev/nvme5n1
discard c08bc35101567ebd0003 /dev/nvme4n1
discard c08bc35101567ebd0004 /dev/nvme2n1
discard c08bc35101567ebd0005 /dev/nvme1n1
discard c08bc35101567ebd0006 /dev/nvme6n1
COMPLETE mainc55e52c9-pr289-list-104857600-lpush_rpop-r2-20261008 5567.18 177.032 1791450653.19494
CLEAN_PROGRESS 26 /48
START pr289c8f128dc-pr289-list-104857600-rpush_lpop-r2-20261008 1791450653.7019622
discard c08bc35101567ebd0001 /dev/nvme3n1
discard c08bc35101567ebd0002 /dev/nvme5n1
discard c08bc35101567ebd0003 /dev/nvme4n1
discard c08bc35101567ebd0004 /dev/nvme2n1
discard c08bc35101567ebd0005 /dev/nvme1n1
discard c08bc35101567ebd0006 /dev/nvme6n1
COMPLETE pr289c8f128dc-pr289-list-104857600-rpush_lpop-r2-20261008 48671.71 54.431 1791450707.274479
CLEAN_PROGRESS 27 /48
START mainc55e52c9-pr289-list-104857600-rpush_lpop-r2-20261008 1791450707.7814589
discard c08bc35101567ebd0001 /dev/nvme3n1
discard c08bc35101567ebd0002 /dev/nvme5n1
discard c08bc35101567ebd0003 /dev/nvme4n1
discard c08bc35101567ebd0004 /dev/nvme2n1
discard c08bc35101567ebd0005 /dev/nvme1n1
discard c08bc35101567ebd0006 /dev/nvme6n1
COMPLETE mainc55e52c9-pr289-list-104857600-rpush_lpop-r2-20261008 23338.95 47.837 1791450763.3766875
CLEAN_PROGRESS 28 /48
START pr289c8f128dc-pr289-zset-104857600-zrank-r2-20261008 1791450763.8836172
discard c08bc35101567ebd0001 /dev/nvme3n1
discard c08bc35101567ebd0002 /dev/nvme5n1
discard c08bc35101567ebd0003 /dev/nvme4n1
discard c08bc35101567ebd0004 /dev/nvme2n1
discard c08bc35101567ebd0005 /dev/nvme1n1
discard c08bc35101567ebd0006 /dev/nvme6n1
COMPLETE pr289c8f128dc-pr289-zset-104857600-zrank-r2-20261008 222097.29 4.773 1791450839.4625416
CLEAN_PROGRESS 29 /48
START mainc55e52c9-pr289-zset-104857600-zrank-r2-20261008 1791450839.969609
discard c08bc35101567ebd0001 /dev/nvme3n1
discard c08bc35101567ebd0002 /dev/nvme5n1
discard c08bc35101567ebd0003 /dev/nvme4n1
discard c08bc35101567ebd0004 /dev/nvme2n1
discard c08bc35101567ebd0005 /dev/nvme1n1
discard c08bc35101567ebd0006 /dev/nvme6n1
COMPLETE mainc55e52c9-pr289-zset-104857600-zrank-r2-20261008 94.46 9479.731 1791450918.6046202
CLEAN_PROGRESS 30 /48
START pr289c8f128dc-pr289-zset-104857600-zrevrank-r2-20261008 1791450919.1117032
discard c08bc35101567ebd0001 /dev/nvme3n1
discard c08bc35101567ebd0002 /dev/nvme5n1
discard c08bc35101567ebd0003 /dev/nvme4n1
discard c08bc35101567ebd0004 /dev/nvme2n1
discard c08bc35101567ebd0005 /dev/nvme1n1
discard c08bc35101567ebd0006 /dev/nvme6n1
COMPLETE pr289c8f128dc-pr289-zset-104857600-zrevrank-r2-20261008 224978.37 4.601 1791450994.6990676
CLEAN_PROGRESS 31 /48
START mainc55e52c9-pr289-zset-104857600-zrevrank-r2-20261008 1791450995.205848
discard c08bc35101567ebd0001 /dev/nvme3n1
discard c08bc35101567ebd0002 /dev/nvme5n1
discard c08bc35101567ebd0003 /dev/nvme4n1
discard c08bc35101567ebd0004 /dev/nvme2n1
discard c08bc35101567ebd0005 /dev/nvme1n1
discard c08bc35101567ebd0006 /dev/nvme6n1
COMPLETE mainc55e52c9-pr289-zset-104857600-zrevrank-r2-20261008 90.77 8797.801 1791451074.830259
CLEAN_PROGRESS 32 /48
START mainc55e52c9-pr289-list-8388608-lpush_rpop-r3-20261008 1791451075.337265
discard c08bc35101567ebd0001 /dev/nvme3n1
discard c08bc35101567ebd0002 /dev/nvme5n1
discard c08bc35101567ebd0003 /dev/nvme4n1
discard c08bc35101567ebd0004 /dev/nvme2n1
discard c08bc35101567ebd0005 /dev/nvme1n1
discard c08bc35101567ebd0006 /dev/nvme6n1
COMPLETE mainc55e52c9-pr289-list-8388608-lpush_rpop-r3-20261008 12301.66 122.718 1791451128.9265435
CLEAN_PROGRESS 33 /48
START pr289c8f128dc-pr289-list-8388608-lpush_rpop-r3-20261008 1791451129.4338305
discard c08bc35101567ebd0001 /dev/nvme3n1
discard c08bc35101567ebd0002 /dev/nvme5n1
discard c08bc35101567ebd0003 /dev/nvme4n1
discard c08bc35101567ebd0004 /dev/nvme2n1
discard c08bc35101567ebd0005 /dev/nvme1n1
discard c08bc35101567ebd0006 /dev/nvme6n1
COMPLETE pr289c8f128dc-pr289-list-8388608-lpush_rpop-r3-20261008 45907.2 30.922 1791451182.9838767
CLEAN_PROGRESS 34 /48
START mainc55e52c9-pr289-list-8388608-rpush_lpop-r3-20261008 1791451183.4913719
discard c08bc35101567ebd0001 /dev/nvme3n1
discard c08bc35101567ebd0002 /dev/nvme5n1
discard c08bc35101567ebd0003 /dev/nvme4n1
discard c08bc35101567ebd0004 /dev/nvme2n1
discard c08bc35101567ebd0005 /dev/nvme1n1
discard c08bc35101567ebd0006 /dev/nvme6n1
COMPLETE mainc55e52c9-pr289-list-8388608-rpush_lpop-r3-20261008 54419.05 21.578 1791451237.0562341
CLEAN_PROGRESS 35 /48
START pr289c8f128dc-pr289-list-8388608-rpush_lpop-r3-20261008 1791451237.5633688
discard c08bc35101567ebd0001 /dev/nvme3n1
discard c08bc35101567ebd0002 /dev/nvme5n1
discard c08bc35101567ebd0003 /dev/nvme4n1
discard c08bc35101567ebd0004 /dev/nvme2n1
discard c08bc35101567ebd0005 /dev/nvme1n1
discard c08bc35101567ebd0006 /dev/nvme6n1
COMPLETE pr289c8f128dc-pr289-list-8388608-rpush_lpop-r3-20261008 26849.48 101.148 1791451291.1294723
CLEAN_PROGRESS 36 /48
START mainc55e52c9-pr289-zset-8388608-zrank-r3-20261008 1791451291.6371353
discard c08bc35101567ebd0001 /dev/nvme3n1
discard c08bc35101567ebd0002 /dev/nvme5n1
discard c08bc35101567ebd0003 /dev/nvme4n1
discard c08bc35101567ebd0004 /dev/nvme2n1
discard c08bc35101567ebd0005 /dev/nvme1n1
discard c08bc35101567ebd0006 /dev/nvme6n1
COMPLETE mainc55e52c9-pr289-zset-8388608-zrank-r3-20261008 1230.26 1112.771 1791451344.2322085
CLEAN_PROGRESS 37 /48
START pr289c8f128dc-pr289-zset-8388608-zrank-r3-20261008 1791451344.7395787
discard c08bc35101567ebd0001 /dev/nvme3n1
discard c08bc35101567ebd0002 /dev/nvme5n1
discard c08bc35101567ebd0003 /dev/nvme4n1
discard c08bc35101567ebd0004 /dev/nvme2n1
discard c08bc35101567ebd0005 /dev/nvme1n1
discard c08bc35101567ebd0006 /dev/nvme6n1
COMPLETE pr289c8f128dc-pr289-zset-8388608-zrank-r3-20261008 241374.87 4.26 1791451398.3615782
CLEAN_PROGRESS 38 /48
START mainc55e52c9-pr289-zset-8388608-zrevrank-r3-20261008 1791451398.8690264
discard c08bc35101567ebd0001 /dev/nvme3n1
discard c08bc35101567ebd0002 /dev/nvme5n1
discard c08bc35101567ebd0003 /dev/nvme4n1
discard c08bc35101567ebd0004 /dev/nvme2n1
discard c08bc35101567ebd0005 /dev/nvme1n1
discard c08bc35101567ebd0006 /dev/nvme6n1
COMPLETE mainc55e52c9-pr289-zset-8388608-zrevrank-r3-20261008 1333.03 1640.029 1791451451.496888
CLEAN_PROGRESS 39 /48
START pr289c8f128dc-pr289-zset-8388608-zrevrank-r3-20261008 1791451452.004711
discard c08bc35101567ebd0001 /dev/nvme3n1
discard c08bc35101567ebd0002 /dev/nvme5n1
discard c08bc35101567ebd0003 /dev/nvme4n1
discard c08bc35101567ebd0004 /dev/nvme2n1
discard c08bc35101567ebd0005 /dev/nvme1n1
discard c08bc35101567ebd0006 /dev/nvme6n1
COMPLETE pr289c8f128dc-pr289-zset-8388608-zrevrank-r3-20261008 248987.78 4.063 1791451505.6044006
CLEAN_PROGRESS 40 /48
START mainc55e52c9-pr289-list-104857600-lpush_rpop-r3-20261008 1791451506.1124585
discard c08bc35101567ebd0001 /dev/nvme3n1
discard c08bc35101567ebd0002 /dev/nvme5n1
discard c08bc35101567ebd0003 /dev/nvme4n1
discard c08bc35101567ebd0004 /dev/nvme2n1
discard c08bc35101567ebd0005 /dev/nvme1n1
discard c08bc35101567ebd0006 /dev/nvme6n1
COMPLETE mainc55e52c9-pr289-list-104857600-lpush_rpop-r3-20261008 5540.27 183.897 1791451561.7475326
CLEAN_PROGRESS 41 /48
START pr289c8f128dc-pr289-list-104857600-lpush_rpop-r3-20261008 1791451562.2552912
discard c08bc35101567ebd0001 /dev/nvme3n1
discard c08bc35101567ebd0002 /dev/nvme5n1
discard c08bc35101567ebd0003 /dev/nvme4n1
discard c08bc35101567ebd0004 /dev/nvme2n1
discard c08bc35101567ebd0005 /dev/nvme1n1
discard c08bc35101567ebd0006 /dev/nvme6n1
COMPLETE pr289c8f128dc-pr289-list-104857600-lpush_rpop-r3-20261008 48024.46 27.945 1791451616.8547459
CLEAN_PROGRESS 42 /48
START mainc55e52c9-pr289-list-104857600-rpush_lpop-r3-20261008 1791451617.362785
discard c08bc35101567ebd0001 /dev/nvme3n1
discard c08bc35101567ebd0002 /dev/nvme5n1
discard c08bc35101567ebd0003 /dev/nvme4n1
discard c08bc35101567ebd0004 /dev/nvme2n1
discard c08bc35101567ebd0005 /dev/nvme1n1
discard c08bc35101567ebd0006 /dev/nvme6n1
COMPLETE mainc55e52c9-pr289-list-104857600-rpush_lpop-r3-20261008 23336.07 48.084 1791451673.9685764
CLEAN_PROGRESS 43 /48
START pr289c8f128dc-pr289-list-104857600-rpush_lpop-r3-20261008 1791451674.4766736
discard c08bc35101567ebd0001 /dev/nvme3n1
discard c08bc35101567ebd0002 /dev/nvme5n1
discard c08bc35101567ebd0003 /dev/nvme4n1
discard c08bc35101567ebd0004 /dev/nvme2n1
discard c08bc35101567ebd0005 /dev/nvme1n1
discard c08bc35101567ebd0006 /dev/nvme6n1
COMPLETE pr289c8f128dc-pr289-list-104857600-rpush_lpop-r3-20261008 52442.57 26.217 1791451728.08845
CLEAN_PROGRESS 44 /48
START mainc55e52c9-pr289-zset-104857600-zrank-r3-20261008 1791451728.5963857
discard c08bc35101567ebd0001 /dev/nvme3n1
discard c08bc35101567ebd0002 /dev/nvme5n1
discard c08bc35101567ebd0003 /dev/nvme4n1
discard c08bc35101567ebd0004 /dev/nvme2n1
discard c08bc35101567ebd0005 /dev/nvme1n1
discard c08bc35101567ebd0006 /dev/nvme6n1
COMPLETE mainc55e52c9-pr289-zset-104857600-zrank-r3-20261008 94.06 8966.453 1791451808.1848607
CLEAN_PROGRESS 45 /48
START pr289c8f128dc-pr289-zset-104857600-zrank-r3-20261008 1791451808.6930668
discard c08bc35101567ebd0001 /dev/nvme3n1
discard c08bc35101567ebd0002 /dev/nvme5n1
discard c08bc35101567ebd0003 /dev/nvme4n1
discard c08bc35101567ebd0004 /dev/nvme2n1
discard c08bc35101567ebd0005 /dev/nvme1n1
discard c08bc35101567ebd0006 /dev/nvme6n1
COMPLETE pr289c8f128dc-pr289-zset-104857600-zrank-r3-20261008 221063.06 4.805 1791451884.2509604
CLEAN_PROGRESS 46 /48
START mainc55e52c9-pr289-zset-104857600-zrevrank-r3-20261008 1791451884.7591083
discard c08bc35101567ebd0001 /dev/nvme3n1
discard c08bc35101567ebd0002 /dev/nvme5n1
discard c08bc35101567ebd0003 /dev/nvme4n1
discard c08bc35101567ebd0004 /dev/nvme2n1
discard c08bc35101567ebd0005 /dev/nvme1n1
discard c08bc35101567ebd0006 /dev/nvme6n1
COMPLETE mainc55e52c9-pr289-zset-104857600-zrevrank-r3-20261008 95.26 8495.622 1791451962.4040794
CLEAN_PROGRESS 47 /48
START pr289c8f128dc-pr289-zset-104857600-zrevrank-r3-20261008 1791451962.9129372
discard c08bc35101567ebd0001 /dev/nvme3n1
discard c08bc35101567ebd0002 /dev/nvme5n1
discard c08bc35101567ebd0003 /dev/nvme4n1
discard c08bc35101567ebd0004 /dev/nvme2n1
discard c08bc35101567ebd0005 /dev/nvme1n1
discard c08bc35101567ebd0006 /dev/nvme6n1
COMPLETE pr289c8f128dc-pr289-zset-104857600-zrevrank-r3-20261008 219210.11 4.766 1791452038.4765456
CLEAN_PROGRESS 48 /48
ALL_PR289_CLEAN_PAIRS_COMPLETE 1791452038.4857361
START perf-mainc55e52c9-pr289-list-104857600-lpush_rpop-r1-20261008 1791452038.9815753
discard c08bc35101567ebd0001 /dev/nvme3n1
discard c08bc35101567ebd0002 /dev/nvme5n1
discard c08bc35101567ebd0003 /dev/nvme4n1
discard c08bc35101567ebd0004 /dev/nvme2n1
discard c08bc35101567ebd0005 /dev/nvme1n1
discard c08bc35101567ebd0006 /dev/nvme6n1
COMPLETE perf-mainc55e52c9-pr289-list-104857600-lpush_rpop-r1-20261008 5534.06 199.235 1791452119.5970972
START perf-pr289c8f128dc-pr289-list-104857600-lpush_rpop-r1-20261008 1791452120.096957
discard c08bc35101567ebd0001 /dev/nvme3n1
discard c08bc35101567ebd0002 /dev/nvme5n1
discard c08bc35101567ebd0003 /dev/nvme4n1
discard c08bc35101567ebd0004 /dev/nvme2n1
discard c08bc35101567ebd0005 /dev/nvme1n1
discard c08bc35101567ebd0006 /dev/nvme6n1
COMPLETE perf-pr289c8f128dc-pr289-list-104857600-lpush_rpop-r1-20261008 48326.75 28.572 1791452203.6980326
START perf-mainc55e52c9-pr289-list-104857600-rpush_lpop-r1-20261008 1791452204.1981664
discard c08bc35101567ebd0001 /dev/nvme3n1
discard c08bc35101567ebd0002 /dev/nvme5n1
discard c08bc35101567ebd0003 /dev/nvme4n1
discard c08bc35101567ebd0004 /dev/nvme2n1
discard c08bc35101567ebd0005 /dev/nvme1n1
discard c08bc35101567ebd0006 /dev/nvme6n1
COMPLETE perf-mainc55e52c9-pr289-list-104857600-rpush_lpop-r1-20261008 23217.21 45.14 1791452287.800472
START perf-pr289c8f128dc-pr289-list-104857600-rpush_lpop-r1-20261008 1791452288.2982128
discard c08bc35101567ebd0001 /dev/nvme3n1
discard c08bc35101567ebd0002 /dev/nvme5n1
discard c08bc35101567ebd0003 /dev/nvme4n1
discard c08bc35101567ebd0004 /dev/nvme2n1
discard c08bc35101567ebd0005 /dev/nvme1n1
discard c08bc35101567ebd0006 /dev/nvme6n1
COMPLETE perf-pr289c8f128dc-pr289-list-104857600-rpush_lpop-r1-20261008 54742.63 23.57 1791452371.991174
START perf-mainc55e52c9-pr289-zset-104857600-zrank-r1-20261008 1791452372.4908042
discard c08bc35101567ebd0001 /dev/nvme3n1
discard c08bc35101567ebd0002 /dev/nvme5n1
discard c08bc35101567ebd0003 /dev/nvme4n1
discard c08bc35101567ebd0004 /dev/nvme2n1
discard c08bc35101567ebd0005 /dev/nvme1n1
discard c08bc35101567ebd0006 /dev/nvme6n1
COMPLETE perf-mainc55e52c9-pr289-zset-104857600-zrank-r1-20261008 86.94 14378.784 1791452474.09726
START perf-pr289c8f128dc-pr289-zset-104857600-zrank-r1-20261008 1791452474.5971403
discard c08bc35101567ebd0001 /dev/nvme3n1
discard c08bc35101567ebd0002 /dev/nvme5n1
discard c08bc35101567ebd0003 /dev/nvme4n1
discard c08bc35101567ebd0004 /dev/nvme2n1
discard c08bc35101567ebd0005 /dev/nvme1n1
discard c08bc35101567ebd0006 /dev/nvme6n1
COMPLETE perf-pr289c8f128dc-pr289-zset-104857600-zrank-r1-20261008 217535.19 4.906 1791452579.258723
ALL_PR289_MEASUREMENTS_COMPLETE 1791452579.4135003
