WAIT_FOR_HOST_LOCK pr289-client-validation 1545132 1791449146.871036
HOST_LOCK_ACQUIRED pr289-client-validation 1545132 1791449146.8710694
2026-10-08 08:45:49 list fill worker 1 keys 1 / 2
2026-10-08 08:45:49 list fill worker 2 keys 1 / 2
2026-10-08 08:45:49 list fill worker 3 keys 1 / 2
2026-10-08 08:45:49 list fill worker 4 keys 1 / 2
2026-10-08 08:45:49 list fill worker 2 keys 2 / 2
2026-10-08 08:45:49 list fill worker 1 keys 2 / 2
2026-10-08 08:45:49 list fill worker 3 keys 2 / 2
2026-10-08 08:45:49 list fill worker 4 keys 2 / 2
2026-10-08 08:45:50 list fill worker 3 keys 1 / 2
2026-10-08 08:45:50 list fill worker 1 keys 1 / 2
2026-10-08 08:45:50 list fill worker 2 keys 1 / 2
2026-10-08 08:45:50 list fill worker 4 keys 1 / 2
2026-10-08 08:45:50 list fill worker 3 keys 2 / 2
2026-10-08 08:45:50 list fill worker 1 keys 2 / 2
2026-10-08 08:45:50 list fill worker 2 keys 2 / 2
2026-10-08 08:45:50 list fill worker 4 keys 2 / 2
2026-10-08 08:45:51 zset fill worker 4 keys 1 / 2
2026-10-08 08:45:51 zset fill worker 2 keys 1 / 2
2026-10-08 08:45:51 zset fill worker 3 keys 1 / 2
2026-10-08 08:45:51 zset fill worker 1 keys 1 / 2
2026-10-08 08:45:51 zset fill worker 1 keys 2 / 2
2026-10-08 08:45:51 zset fill worker 4 keys 2 / 2
2026-10-08 08:45:51 zset fill worker 3 keys 2 / 2
2026-10-08 08:45:51 zset fill worker 2 keys 2 / 2
2026-10-08 08:45:52 zset fill worker 2 keys 1 / 2
2026-10-08 08:45:52 zset fill worker 3 keys 1 / 2
2026-10-08 08:45:52 zset fill worker 1 keys 1 / 2
2026-10-08 08:45:52 zset fill worker 4 keys 1 / 2
2026-10-08 08:45:52 zset fill worker 3 keys 2 / 2
2026-10-08 08:45:52 zset fill worker 2 keys 2 / 2
2026-10-08 08:45:52 zset fill worker 1 keys 2 / 2
2026-10-08 08:45:52 zset fill worker 4 keys 2 / 2
ALL_4_RANDOM_CLIENT_SMOKE_TESTS_PASS
ALL_PR289_CLIENT_CHECKS_PASS
